Component: ARM Compiler 5.06 update 4 (build 422) Tool: armlink [4d35d2]

==============================================================================

Section Cross References

    startup_rvmdk.o(RESET) refers to startup_rvmdk.o(STACK) for StackMem
    startup_rvmdk.o(RESET) refers to entry.o(.ARM.Collect$$$$00000000) for __main
    uartstdio.o(i.UARTStdioConfig) refers to uartstdio.o(.constdata) for g_ui32UARTPeriph
    uartstdio.o(i.UARTStdioConfig) refers to uartstdio.o(.data) for g_ui32Base
    uartstdio.o(i.UARTgetc) refers to uartstdio.o(.data) for g_ui32Base
    uartstdio.o(i.UARTgets) refers to uartstdio.o(i.UARTwrite) for UARTwrite
    uartstdio.o(i.UARTgets) refers to uartstdio.o(.data) for g_ui32Base
    uartstdio.o(i.UARTprintf) refers to uartstdio.o(i.UARTvprintf) for UARTvprintf
    uartstdio.o(i.UARTvprintf) refers to uartstdio.o(i.UARTwrite) for UARTwrite
    uartstdio.o(i.UARTvprintf) refers to uartstdio.o(.constdata) for g_pcHex
    uartstdio.o(i.UARTwrite) refers to uartstdio.o(.data) for g_ui32Base
    uartstdio.o(.constdata) refers to uartstdio.o(.conststring) for .conststring
    ustdlib.o(i.ulocaltime) refers to ustdlib.o(.constdata) for g_psDaysToMonth
    ustdlib.o(i.umktime) refers to ustdlib.o(i.ulocaltime) for ulocaltime
    ustdlib.o(i.umktime) refers to ustdlib.o(i.ucmptime) for ucmptime
    ustdlib.o(i.urand) refers to ustdlib.o(.data) for g_iRandomSeed
    ustdlib.o(i.usnprintf) refers to ustdlib.o(i.uvsnprintf) for uvsnprintf
    ustdlib.o(i.usprintf) refers to ustdlib.o(i.uvsnprintf) for uvsnprintf
    ustdlib.o(i.usrand) refers to ustdlib.o(.data) for g_iRandomSeed
    ustdlib.o(i.ustrcasecmp) refers to ustdlib.o(i.ustrncasecmp) for ustrncasecmp
    ustdlib.o(i.ustrcmp) refers to ustdlib.o(i.ustrncmp) for ustrncmp
    ustdlib.o(i.ustrstr) refers to ustdlib.o(i.ustrlen) for ustrlen
    ustdlib.o(i.ustrstr) refers to ustdlib.o(i.ustrncmp) for ustrncmp
    ustdlib.o(i.ustrtof) refers to ustdlib.o(.constdata) for g_pfExponents
    ustdlib.o(i.uvsnprintf) refers to ustdlib.o(i.ustrncpy) for ustrncpy
    ustdlib.o(i.uvsnprintf) refers to ustdlib.o(.constdata) for g_pcHex
    ustdlib.o(.constdata) refers to ustdlib.o(.conststring) for .conststring
    cpu_usage.o(i.CPUUsageInit) refers to cpu_usage.o(.data) for g_ui32CPUUsageTimer
    cpu_usage.o(i.CPUUsageTick) refers to cpu_usage.o(.data) for g_pui32CPUUsageTimerBase
    test.o(i.main) refers to uart0.o(i.uart0_Init) for uart0_Init
    test.o(i.main) refers to rgb.o(i.RGB_Init) for RGB_Init
    test.o(i.main) refers to motor.o(i.Motor_Init) for Motor_Init
    uart2.o(i.uart2_Init) refers to gpio.o(i.GPIOPinConfigure) for GPIOPinConfigure
    uart2.o(i.uart2_Init) refers to uart.o(i.UARTFIFOEnable) for UARTFIFOEnable
    uart2.o(i.uart2_Init) refers to uart.o(i.UARTIntRegister) for UARTIntRegister
    uart2.o(i.uart2_Init) refers to interrupt.o(i.IntPrioritySet) for IntPrioritySet
    uart2.o(i.uart2_Init) refers to uart.o(i.UARTClockSourceSet) for UARTClockSourceSet
    uart2.o(i.uart2_Init) refers to uartstdio.o(i.UARTStdioConfig) for UARTStdioConfig
    uart2.o(i.uart2_Init) refers to uart2.o(i.USART2_IRQHandler) for USART2_IRQHandler
    gpio.o(i.GPIOIntRegister) refers to gpio.o(i._GPIOIntNumberGet) for _GPIOIntNumberGet
    gpio.o(i.GPIOIntRegister) refers to interrupt.o(i.IntRegister) for IntRegister
    gpio.o(i.GPIOIntRegister) refers to interrupt.o(i.IntEnable) for IntEnable
    gpio.o(i.GPIOIntRegisterPin) refers to gpio.o(i._GPIOIntNumberGet) for _GPIOIntNumberGet
    gpio.o(i.GPIOIntRegisterPin) refers to interrupt.o(i.IntRegister) for IntRegister
    gpio.o(i.GPIOIntRegisterPin) refers to interrupt.o(i.IntEnable) for IntEnable
    gpio.o(i.GPIOIntUnregister) refers to gpio.o(i._GPIOIntNumberGet) for _GPIOIntNumberGet
    gpio.o(i.GPIOIntUnregister) refers to interrupt.o(i.IntDisable) for IntDisable
    gpio.o(i.GPIOIntUnregister) refers to interrupt.o(i.IntUnregister) for IntUnregister
    gpio.o(i.GPIOIntUnregisterPin) refers to gpio.o(i._GPIOIntNumberGet) for _GPIOIntNumberGet
    gpio.o(i.GPIOIntUnregisterPin) refers to interrupt.o(i.IntDisable) for IntDisable
    gpio.o(i.GPIOIntUnregisterPin) refers to interrupt.o(i.IntUnregister) for IntUnregister
    gpio.o(i.GPIOPinConfigure) refers to gpio.o(.constdata) for g_pui32GPIOBaseAddrs
    gpio.o(i.GPIOPinTypeADC) refers to gpio.o(i.GPIODirModeSet) for GPIODirModeSet
    gpio.o(i.GPIOPinTypeADC) refers to gpio.o(i.GPIOPadConfigSet) for GPIOPadConfigSet
    gpio.o(i.GPIOPinTypeCAN) refers to gpio.o(i.GPIODirModeSet) for GPIODirModeSet
    gpio.o(i.GPIOPinTypeCAN) refers to gpio.o(i.GPIOPadConfigSet) for GPIOPadConfigSet
    gpio.o(i.GPIOPinTypeComparator) refers to gpio.o(i.GPIODirModeSet) for GPIODirModeSet
    gpio.o(i.GPIOPinTypeComparator) refers to gpio.o(i.GPIOPadConfigSet) for GPIOPadConfigSet
    gpio.o(i.GPIOPinTypeComparatorOutput) refers to gpio.o(i.GPIODirModeSet) for GPIODirModeSet
[...]
    car_control.o(i.Specific_Action_Execute) refers to car_control.o(i.Go_Straight) for Go_Straight
    car_control.o(i.Specific_Action_Execute) refers to car_control.o(i.Left_turn) for Left_turn
    car_control.o(i.Specific_Action_Execute) refers to car_control.o(i.Right_turn) for Right_turn
    car_control.o(i.Specific_Action_Execute) refers to car_control.o(i.Turn_About) for Turn_About
    car_control.o(i.Specific_Action_Execute) refers to car_control.o(i.Car_Park) for Car_Park
    car_control.o(i.Specific_Action_Execute) refers to car_control.o(i.Car_Special1) for Car_Special1
    car_control.o(i.Specific_Action_Execute) refers to car_control.o(i.Car_Special2) for Car_Special2
    car_control.o(i.Specific_Action_Execute) refers to car_control.o(.data) for Automobile_Data_Recorder
    car_control.o(i.Turn_About) refers to encoder.o(i.Get_QEI_Count) for Get_QEI_Count
    car_control.o(i.Turn_About) refers to pid.o(.bss) for Position_position_Pid
    oled.o(i.IO_Reversal) refers to gpio.o(i.GPIOPinWrite) for GPIOPinWrite
    oled.o(i.IO_Reversal) refers to oled.o(.data) for OLED_SCLK
    oled.o(i.OLED_Clear) refers to oled.o(i.OLED_Refresh_Gram) for OLED_Refresh_Gram
    oled.o(i.OLED_Clear) refers to oled.o(.bss) for OLED_GRAM
    oled.o(i.OLED_Display_Off) refers to oled.o(i.OLED_WR_Byte) for OLED_WR_Byte
    oled.o(i.OLED_Display_On) refers to oled.o(i.OLED_WR_Byte) for OLED_WR_Byte
    oled.o(i.OLED_DrawPoint) refers to oled.o(.bss) for OLED_GRAM
    oled.o(i.OLED_Fill) refers to oled.o(i.OLED_DrawPoint) for OLED_DrawPoint
    oled.o(i.OLED_Fill) refers to oled.o(i.OLED_Refresh_Gram) for OLED_Refresh_Gram
    oled.o(i.OLED_Init) refers to oled.o(i.IO_Reversal) for IO_Reversal
    oled.o(i.OLED_Init) refers to sysctl.o(i.SysCtlClockGet) for SysCtlClockGet
    oled.o(i.OLED_Init) refers to sysctl.o(.emb_text) for SysCtlDelay
    oled.o(i.OLED_Init) refers to oled.o(i.OLED_WR_Byte) for OLED_WR_Byte
    oled.o(i.OLED_Init) refers to oled.o(i.OLED_Clear) for OLED_Clear
    oled.o(i.OLED_Init) refers to oled.o(.data) for OLED_SDIN
    oled.o(i.OLED_Refresh_Gram) refers to oled.o(i.OLED_WR_Byte) for OLED_WR_Byte
    oled.o(i.OLED_Refresh_Gram) refers to oled.o(.bss) for OLED_GRAM
    oled.o(i.OLED_ShowChar) refers to oled.o(i.OLED_DrawPoint) for OLED_DrawPoint
    oled.o(i.OLED_ShowChar) refers to oled.o(.constdata) for asc2_1206
    oled.o(i.OLED_ShowGBK) refers to oled.o(i.OLED_DrawPoint) for OLED_DrawPoint
    oled.o(i.OLED_ShowGBK) refers to oled.o(.constdata) for gbk_1616
    oled.o(i.OLED_ShowNum) refers to oled.o(i.mypow) for mypow
    oled.o(i.OLED_ShowNum) refers to oled.o(i.OLED_ShowChar) for OLED_ShowChar
    oled.o(i.OLED_ShowString) refers to oled.o(i.OLED_Clear) for OLED_Clear
    oled.o(i.OLED_ShowString) refers to oled.o(i.OLED_ShowChar) for OLED_ShowChar
    oled.o(i.OLED_WR_Byte) refers to oled.o(i.IO_Reversal) for IO_Reversal
    oled.o(i.OLED_WR_Byte) refers to oled.o(.data) for OLED_RS
    uart1.o(i.UART1IntHandler) refers to uart1.o(.data) for g_ui32RxBufACount
    uart1.o(i.UART1IntHandler) refers to uart1.o(.bss) for g_ui8RxBufA
    uart1.o(i.USART1_IRQHandler) refers to rgb.o(i.Blue_Light_Control) for Blue_Light_Control
    uart1.o(i.USART1_IRQHandler) refers to uart.o(i.UARTCharGetNonBlocking) for UARTCharGetNonBlocking
    uart1.o(i.USART1_IRQHandler) refers to uart1.o(i.processSliderData) for processSliderData
    uart1.o(i.USART1_IRQHandler) refers to uart1.o(.data) for USART_RX_STA
    uart1.o(i.USART1_IRQHandler) refers to uart1.o(.bss) for USART_RX_BUF
    uart1.o(i.processSliderData) refers to printf1.o(i.__0printf$1) for __2printf
    uart1.o(i.processSliderData) refers to track.o(.data) for UWB_Current_Angle
    uart1.o(i.uart1_Init) refers to gpio.o(i.GPIOPinConfigure) for GPIOPinConfigure
    uart1.o(i.uart1_Init) refers to uart.o(i.UARTFIFOEnable) for UARTFIFOEnable
    uart1.o(i.uart1_Init) refers to uart.o(i.UARTIntRegister) for UARTIntRegister
    uart1.o(i.uart1_Init) refers to interrupt.o(i.IntPrioritySet) for IntPrioritySet
    uart1.o(i.uart1_Init) refers to uart.o(i.UARTClockSourceSet) for UARTClockSourceSet
    uart1.o(i.uart1_Init) refers to uartstdio.o(i.UARTStdioConfig) for UARTStdioConfig
    uart1.o(i.uart1_Init) refers to uart1.o(i.USART1_IRQHandler) for USART1_IRQHandler
    state_machine.o(i.Closed_Check) refers to sysctl.o(i.SysCtlClockGet) for SysCtlClockGet
    state_machine.o(i.Closed_Check) refers to sysctl.o(.emb_text) for SysCtlDelay
    state_machine.o(i.Closed_Check) refers to gpio.o(i.GPIOPinRead) for GPIOPinRead
    state_machine.o(i.Closed_Check) refers to track.o(.data) for Grayscale_Data
    state_machine.o(i.Final_Check) refers to sysctl.o(i.SysCtlClockGet) for SysCtlClockGet
    state_machine.o(i.Final_Check) refers to sysctl.o(.emb_text) for SysCtlDelay
    state_machine.o(i.Final_Check) refers to gpio.o(i.GPIOPinRead) for GPIOPinRead
    state_machine.o(i.Final_Check) refers to track.o(.data) for Grayscale_Data
    state_machine.o(i.Fork_Check) refers to track.o(.data) for Grayscale_Data
    state_machine.o(i.Line_Check) refers to sysctl.o(i.SysCtlClockGet) for SysCtlClockGet
    state_machine.o(i.Line_Check) refers to sysctl.o(.emb_text) for SysCtlDelay
    state_machine.o(i.Line_Check) refers to gpio.o(i.GPIOPinRead) for GPIOPinRead
    state_machine.o(i.Line_Check) refers to track.o(.data) for Grayscale_Data
    state_machine.o(i.State_Machine_Main) refers to distance.o(i.Track_Direction_Distance_Control) for Track_Direction_Distance_Control
    state_machine.o(i.State_Machine_Main) refers to pid.o(i.Pid_Init) for Pid_Init
    state_machine.o(i.State_Machine_Main) refers to track.o(i.Track_Direction_Control) for Track_Direction_Control
    state_machine.o(i.State_Machine_Main) refers to state_machine.o(i.Final_Check) for Final_Check
    state_machine.o(i.State_Machine_Main) refers to state_machine.o(i.Line_Check) for Line_Check
    state_machine.o(i.State_Machine_Main) refers to state_machine.o(.data) for step
    state_machine.o(i.State_Machine_Main) refers to pid.o(.bss) for Speed_Pid
    state_machine.o(i.State_Machine_Main) refers to my_timer.o(.data) for cheat
    state_machine.o(i.State_Machine_Main) refers to track.o(.data) for sensor_weights
    state_machine.o(i.State_Machine_Main) refers to pid.o(.data) for PID_Value_Speed
    track.o(i.Get_Angle_Offset) refers to track.o(.bss) for UWB_Angle_Pid
    track.o(i.Get_Angle_Offset) refers to track.o(.data) for UWB_Current_Angle
    track.o(i.Get_Distance_Offset) refers to track.o(.bss) for UWB_Distance_Pid
    track.o(i.Get_Distance_Offset) refers to track.o(.data) for UWB_Current_Distance
    track.o(i.Get_Grayscale_Offset) refers to gpio.o(i.GPIOPinRead) for GPIOPinRead
    track.o(i.Get_Grayscale_Offset) refers to track.o(.data) for Grayscale_Data
    track.o(i.Line7_Init) refers to sysctl.o(i.SysCtlPeripheralEnable) for SysCtlPeripheralEnable
    track.o(i.Line7_Init) refers to gpio.o(i.GPIODirModeSet) for GPIODirModeSet
    track.o(i.Line7_Init) refers to gpio.o(i.GPIOPadConfigSet) for GPIOPadConfigSet
    track.o(i.Track_Angle_Distance_Control) refers to track.o(i.Get_Angle_Offset) for Get_Angle_Offset
    track.o(i.Track_Angle_Distance_Control) refers to track.o(i.Get_Distance_Offset) for Get_Distance_Offset
    track.o(i.Track_Angle_Distance_Control) refers to pid.o(i.Pid_control) for Pid_control
    track.o(i.Track_Angle_Distance_Control) refers to pid.o(i.Pid_OutLimit) for Pid_OutLimit
    track.o(i.Track_Angle_Distance_Control) refers to track.o(.data) for UWB_Current_Angle
    track.o(i.Track_Angle_Distance_Control) refers to track.o(.bss) for UWB_Angle_Pid
    track.o(i.Track_Direction_Control) refers to track.o(i.Get_Grayscale_Offset) for Get_Grayscale_Offset
    track.o(i.Track_Direction_Control) refers to pid.o(i.Pid_control) for Pid_control
    track.o(i.Track_Direction_Control) refers to pid.o(i.Pid_OutLimit) for Pid_OutLimit
    track.o(i.Track_Direction_Control) refers to track.o(.data) for Grayscale_Data
    track.o(i.Track_Direction_Control) refers to track.o(.bss) for Grayscale_Direction_Pid
    track.o(i.Track_Direction_Control) refers to pid.o(.bss) for Speed_Pid
    uart7.o(i.USART7_IRQHandler) refers to uart.o(i.UARTCharGetNonBlocking) for UARTCharGetNonBlocking
    uart7.o(i.USART7_IRQHandler) refers to uart7.o(i.data_test) for data_test
    uart7.o(i.USART7_IRQHandler) refers to uart7.o(.data) for i
    uart7.o(i.USART7_IRQHandler) refers to uart7.o(.bss) for USART7_RX_BUF
    uart7.o(i.uart7_Init) refers to gpio.o(i.GPIOPinConfigure) for GPIOPinConfigure
    uart7.o(i.uart7_Init) refers to uart.o(i.UARTFIFOEnable) for UARTFIFOEnable
    uart7.o(i.uart7_Init) refers to uart.o(i.UARTIntRegister) for UARTIntRegister
    uart7.o(i.uart7_Init) refers to interrupt.o(i.IntPrioritySet) for IntPrioritySet
    uart7.o(i.uart7_Init) refers to uart.o(i.UARTClockSourceSet) for UARTClockSourceSet
    uart7.o(i.uart7_Init) refers to uart.o(i.UARTConfigSetExpClk) for UARTConfigSetExpClk
    uart7.o(i.uart7_Init) refers to uart7.o(i.USART7_IRQHandler) for USART7_IRQHandler
    distance.o(i.Ger_Distance_Offset) refers to distance.o(i.Get_Distance) for Get_Distance
    distance.o(i.Ger_Distance_Offset) refers to distance.o(.data) for Distance_Data
    distance.o(i.Get_Distance) refers to uart7.o(.data) for Distance
    distance.o(i.Track_Direction_Distance_Control) refers to track.o(i.Get_Grayscale_Offset) for Get_Grayscale_Offset
    distance.o(i.Track_Direction_Distance_Control) refers to pid.o(i.Pid_control) for Pid_control
    distance.o(i.Track_Direction_Distance_Control) refers to pid.o(i.Pid_OutLimit) for Pid_OutLimit
    distance.o(i.Track_Direction_Distance_Control) refers to distance.o(i.Ger_Distance_Offset) for Ger_Distance_Offset
    distance.o(i.Track_Direction_Distance_Control) refers to track.o(.data) for Grayscale_Data
    distance.o(i.Track_Direction_Distance_Control) refers to track.o(.bss) for Grayscale_Direction_Pid
    distance.o(i.Track_Direction_Distance_Control) refers to distance.o(.data) for Distance_Data
    distance.o(i.Track_Direction_Distance_Control) refers to distance.o(.bss) for Distance_Pid
    distance.o(i.Track_Direction_Distance_Control) refers to pid.o(.bss) for Speed_Pid
    entry.o(.ARM.Collect$$$$00000000) refers (Special) to entry10a.o(.ARM.Collect$$$$0000000D) for __rt_final_cpp
    entry.o(.ARM.Collect$$$$00000000) refers (Special) to entry11a.o(.ARM.Collect$$$$0000000F) for __rt_final_exit
    entry.o(.ARM.Collect$$$$00000000) refers (Special) to entry7b.o(.ARM.Collect$$$$00000008) for _main_clock
    entry.o(.ARM.Collect$$$$00000000) refers (Special) to entry8b.o(.ARM.Collect$$$$0000000A) for _main_cpp_init
    entry.o(.ARM.Collect$$$$00000000) refers (Special) to entry9a.o(.ARM.Collect$$$$0000000B) for _main_init
    entry.o(.ARM.Collect$$$$00000000) refers (Special) to entry5.o(.ARM.Collect$$$$00000004) for _main_scatterload
    entry.o(.ARM.Collect$$$$00000000) refers (Special) to entry2.o(.ARM.Collect$$$$00000001) for _main_stk
    printfb.o(i.__0fprintf$bare) refers to printfb.o(i._printf_core) for _printf_core
    printfb.o(i.__0fprintf$bare) refers to uart0.o(i.fputc) for fputc
    printfb.o(i.__0printf$bare) refers to printfb.o(i._printf_core) for _printf_core
    printfb.o(i.__0printf$bare) refers to uart0.o(i.fputc) for fputc
    printfb.o(i.__0printf$bare) refers to uart0.o(.data) for __stdout
    printfb.o(i.__0snprintf$bare) refers to printfb.o(i._printf_core) for _printf_core
    printfb.o(i.__0snprintf$bare) refers to printfb.o(i._snputc) for _snputc
    printfb.o(i.__0sprintf$bare) refers to printfb.o(i._printf_core) for _printf_core
    printfb.o(i.__0sprintf$bare) refers to printfb.o(i._sputc) for _sputc
    printfb.o(i.__0vfprintf$bare) refers to printfb.o(i._printf_core) for _printf_core
    printfb.o(i.__0vfprintf$bare) refers to uart0.o(i.fputc) for fputc
    printfb.o(i.__0vprintf$bare) refers to printfb.o(i._printf_core) for _printf_core
    printfb.o(i.__0vprintf$bare) refers to uart0.o(i.fputc) for fputc
    printfb.o(i.__0vprintf$bare) refers to uart0.o(.data) for __stdout
    printfb.o(i.__0vsnprintf$bare) refers to printfb.o(i._printf_core) for _printf_core
    printfb.o(i.__0vsnprintf$bare) refers to printfb.o(i._snputc) for _snputc
    printfb.o(i.__0vsprintf$bare) refers to printfb.o(i._printf_core) for _printf_core
    printfb.o(i.__0vsprintf$bare) refers to printfb.o(i._sputc) for _sputc
    printf0.o(i.__0fprintf$0) refers to printf0.o(i._printf_core) for _printf_core
    printf0.o(i.__0fprintf$0) refers to uart0.o(i.fputc) for fputc
    printf0.o(i.__0printf$0) refers to printf0.o(i._printf_core) for _printf_core
    printf0.o(i.__0printf$0) refers to uart0.o(i.fputc) for fputc
    printf0.o(i.__0printf$0) refers to uart0.o(.data) for __stdout
    printf0.o(i.__0snprintf$0) refers to printf0.o(i._printf_core) for _printf_core
    printf0.o(i.__0snprintf$0) refers to printf0.o(i._snputc) for _snputc
    printf0.o(i.__0sprintf$0) refers to printf0.o(i._printf_core) for _printf_core
    printf0.o(i.__0sprintf$0) refers to printf0.o(i._sputc) for _sputc
    printf0.o(i.__0vfprintf$0) refers to printf0.o(i._printf_core) for _printf_core
    printf0.o(i.__0vfprintf$0) refers to uart0.o(i.fputc) for fputc
    printf0.o(i.__0vprintf$0) refers to printf0.o(i._printf_core) for _printf_core
    printf0.o(i.__0vprintf$0) refers to uart0.o(i.fputc) for fputc
    printf0.o(i.__0vprintf$0) refers to uart0.o(.data) for __stdout
    printf0.o(i.__0vsnprintf$0) refers to printf0.o(i._printf_core) for _printf_core
    printf0.o(i.__0vsnprintf$0) refers to printf0.o(i._snputc) for _snputc
    printf0.o(i.__0vsprintf$0) refers to printf0.o(i._printf_core) for _printf_core
    printf0.o(i.__0vsprintf$0) refers to printf0.o(i._sputc) for _sputc
    printf1.o(i.__0fprintf$1) refers to printf1.o(i._printf_core) for _printf_core
    printf1.o(i.__0fprintf$1) refers to uart0.o(i.fputc) for fputc
    printf1.o(i.__0printf$1) refers to printf1.o(i._printf_core) for _printf_core
    printf1.o(i.__0printf$1) refers to uart0.o(i.fputc) for fputc
    printf1.o(i.__0printf$1) refers to uart0.o(.data) for __stdout
    printf1.o(i.__0snprintf$1) refers to printf1.o(i._printf_core) for _printf_core
    printf1.o(i.__0snprintf$1) refers to printf1.o(i._snputc) for _snputc
    printf1.o(i.__0sprintf$1) refers to printf1.o(i._printf_core) for _printf_core
    printf1.o(i.__0sprintf$1) refers to printf1.o(i._sputc) for _sputc
    printf1.o(i.__0vfprintf$1) refers to printf1.o(i._printf_core) for _printf_core
    printf1.o(i.__0vfprintf$1) refers to uart0.o(i.fputc) for fputc
    printf1.o(i.__0vprintf$1) refers to printf1.o(i._printf_core) for _printf_core
    printf1.o(i.__0vprintf$1) refers to uart0.o(i.fputc) for fputc
    printf1.o(i.__0vprintf$1) refers to uart0.o(.data) for __stdout
    printf1.o(i.__0vsnprintf$1) refers to printf1.o(i._printf_core) for _printf_core
    printf1.o(i.__0vsnprintf$1) refers to printf1.o(i._snputc) for _snputc
    printf1.o(i.__0vsprintf$1) refers to printf1.o(i._printf_core) for _printf_core
    printf1.o(i.__0vsprintf$1) refers to printf1.o(i._sputc) for _sputc
    printf1.o(i._printf_core) refers to uidiv.o(.text) for __aeabi_uidivmod
    printf2.o(i.__0fprintf$2) refers to printf2.o(i._printf_core) for _printf_core
    printf2.o(i.__0fprintf$2) refers to uart0.o(i.fputc) for fputc
    printf2.o(i.__0printf$2) refers to printf2.o(i._printf_core) for _printf_core
    printf2.o(i.__0printf$2) refers to uart0.o(i.fputc) for fputc
    printf2.o(i.__0printf$2) refers to uart0.o(.data) for __stdout
    printf2.o(i.__0snprintf$2) refers to printf2.o(i._printf_core) for _printf_core
    printf2.o(i.__0snprintf$2) refers to printf2.o(i._snputc) for _snputc
    printf2.o(i.__0sprintf$2) refers to printf2.o(i._printf_core) for _printf_core
    printf2.o(i.__0sprintf$2) refers to printf2.o(i._sputc) for _sputc
    printf2.o(i.__0vfprintf$2) refers to printf2.o(i._printf_core) for _printf_core
    printf2.o(i.__0vfprintf$2) refers to uart0.o(i.fputc) for fputc
    printf2.o(i.__0vprintf$2) refers to printf2.o(i._printf_core) for _printf_core
    printf2.o(i.__0vprintf$2) refers to uart0.o(i.fputc) for fputc
    printf2.o(i.__0vprintf$2) refers to uart0.o(.data) for __stdout
    printf2.o(i.__0vsnprintf$2) refers to printf2.o(i._printf_core) for _printf_core
    printf2.o(i.__0vsnprintf$2) refers to printf2.o(i._snputc) for _snputc
    printf2.o(i.__0vsprintf$2) refers to printf2.o(i._printf_core) for _printf_core
    printf2.o(i.__0vsprintf$2) refers to printf2.o(i._sputc) for _sputc
    printf3.o(i.__0fprintf$3) refers to printf3.o(i._printf_core) for _printf_core
    printf3.o(i.__0fprintf$3) refers to uart0.o(i.fputc) for fputc
    printf3.o(i.__0printf$3) refers to printf3.o(i._printf_core) for _printf_core
    printf3.o(i.__0printf$3) refers to uart0.o(i.fputc) for fputc
    printf3.o(i.__0printf$3) refers to uart0.o(.data) for __stdout
    printf3.o(i.__0snprintf$3) refers to printf3.o(i._printf_core) for _printf_core
    printf3.o(i.__0snprintf$3) refers to printf3.o(i._snputc) for _snputc
    printf3.o(i.__0sprintf$3) refers to printf3.o(i._printf_core) for _printf_core
    printf3.o(i.__0sprintf$3) refers to printf3.o(i._sputc) for _sputc
    printf3.o(i.__0vfprintf$3) refers to printf3.o(i._printf_core) for _printf_core
    printf3.o(i.__0vfprintf$3) refers to uart0.o(i.fputc) for fputc
    printf3.o(i.__0vprintf$3) refers to printf3.o(i._printf_core) for _printf_core
    printf3.o(i.__0vprintf$3) refers to uart0.o(i.fputc) for fputc
    printf3.o(i.__0vprintf$3) refers to uart0.o(.data) for __stdout
    printf3.o(i.__0vsnprintf$3) refers to printf3.o(i._printf_core) for _printf_core
    printf3.o(i.__0vsnprintf$3) refers to printf3.o(i._snputc) for _snputc
    printf3.o(i.__0vsprintf$3) refers to printf3.o(i._printf_core) for _printf_core
    printf3.o(i.__0vsprintf$3) refers to printf3.o(i._sputc) for _sputc
    printf3.o(i._printf_core) refers to uidiv.o(.text) for __aeabi_uidivmod
    printf4.o(i.__0fprintf$4) refers to printf4.o(i._printf_core) for _printf_core
    printf4.o(i.__0fprintf$4) refers to uart0.o(i.fputc) for fputc
    printf4.o(i.__0printf$4) refers to printf4.o(i._printf_core) for _printf_core
    printf4.o(i.__0printf$4) refers to uart0.o(i.fputc) for fputc
    printf4.o(i.__0printf$4) refers to uart0.o(.data) for __stdout
    printf4.o(i.__0snprintf$4) refers to printf4.o(i._printf_core) for _printf_core
    printf4.o(i.__0snprintf$4) refers to printf4.o(i._snputc) for _snputc
    printf4.o(i.__0sprintf$4) refers to printf4.o(i._printf_core) for _printf_core
    printf4.o(i.__0sprintf$4) refers to printf4.o(i._sputc) for _sputc
    printf4.o(i.__0vfprintf$4) refers to printf4.o(i._printf_core) for _printf_core
    printf4.o(i.__0vfprintf$4) refers to uart0.o(i.fputc) for fputc
    printf4.o(i.__0vprintf$4) refers to printf4.o(i._printf_core) for _printf_core
    printf4.o(i.__0vprintf$4) refers to uart0.o(i.fputc) for fputc
    printf4.o(i.__0vprintf$4) refers to uart0.o(.data) for __stdout
    printf4.o(i.__0vsnprintf$4) refers to printf4.o(i._printf_core) for _printf_core
    printf4.o(i.__0vsnprintf$4) refers to printf4.o(i._snputc) for _snputc
    printf4.o(i.__0vsprintf$4) refers to printf4.o(i._printf_core) for _printf_core
    printf4.o(i.__0vsprintf$4) refers to printf4.o(i._sputc) for _sputc
    printf4.o(i._printf_core) refers to uldiv.o(.text) for __aeabi_uldivmod
    printf5.o(i.__0fprintf$5) refers to printf5.o(i._printf_core) for _printf_core
    printf5.o(i.__0fprintf$5) refers to uart0.o(i.fputc) for fputc
    printf5.o(i.__0printf$5) refers to printf5.o(i._printf_core) for _printf_core
    printf5.o(i.__0printf$5) refers to uart0.o(i.fputc) for fputc
    printf5.o(i.__0printf$5) refers to uart0.o(.data) for __stdout
    printf5.o(i.__0snprintf$5) refers to printf5.o(i._printf_core) for _printf_core
    printf5.o(i.__0snprintf$5) refers to printf5.o(i._snputc) for _snputc
    printf5.o(i.__0sprintf$5) refers to printf5.o(i._printf_core) for _printf_core
    printf5.o(i.__0sprintf$5) refers to printf5.o(i._sputc) for _sputc
    printf5.o(i.__0vfprintf$5) refers to printf5.o(i._printf_core) for _printf_core
    printf5.o(i.__0vfprintf$5) refers to uart0.o(i.fputc) for fputc
    printf5.o(i.__0vprintf$5) refers to printf5.o(i._printf_core) for _printf_core
    printf5.o(i.__0vprintf$5) refers to uart0.o(i.fputc) for fputc
    printf5.o(i.__0vprintf$5) refers to uart0.o(.data) for __stdout
    printf5.o(i.__0vsnprintf$5) refers to printf5.o(i._printf_core) for _printf_core
    printf5.o(i.__0vsnprintf$5) refers to printf5.o(i._snputc) for _snputc
    printf5.o(i.__0vsprintf$5) refers to printf5.o(i._printf_core) for _printf_core
    printf5.o(i.__0vsprintf$5) refers to printf5.o(i._sputc) for _sputc
    printf5.o(i._printf_core) refers to uldiv.o(.text) for __aeabi_uldivmod
    printf6.o(i.__0fprintf$6) refers to printf6.o(i._printf_core) for _printf_core
    printf6.o(i.__0fprintf$6) refers to uart0.o(i.fputc) for fputc
    printf6.o(i.__0printf$6) refers to printf6.o(i._printf_core) for _printf_core
    printf6.o(i.__0printf$6) refers to uart0.o(i.fputc) for fputc
    printf6.o(i.__0printf$6) refers to uart0.o(.data) for __stdout
    printf6.o(i.__0snprintf$6) refers to printf6.o(i._printf_core) for _printf_core
    printf6.o(i.__0snprintf$6) refers to printf6.o(i._snputc) for _snputc
    printf6.o(i.__0sprintf$6) refers to printf6.o(i._printf_core) for _printf_core
    printf6.o(i.__0sprintf$6) refers to printf6.o(i._sputc) for _sputc
    printf6.o(i.__0vfprintf$6) refers to printf6.o(i._printf_core) for _printf_core
    printf6.o(i.__0vfprintf$6) refers to uart0.o(i.fputc) for fputc
    printf6.o(i.__0vprintf$6) refers to printf6.o(i._printf_core) for _printf_core
    printf6.o(i.__0vprintf$6) refers to uart0.o(i.fputc) for fputc
    printf6.o(i.__0vprintf$6) refers to uart0.o(.data) for __stdout
    printf6.o(i.__0vsnprintf$6) refers to printf6.o(i._printf_core) for _printf_core
    printf6.o(i.__0vsnprintf$6) refers to printf6.o(i._snputc) for _snputc
    printf6.o(i.__0vsprintf$6) refers to printf6.o(i._printf_core) for _printf_core
    printf6.o(i.__0vsprintf$6) refers to printf6.o(i._sputc) for _sputc
    printf6.o(i._printf_core) refers to printf6.o(i._printf_pre_padding) for _printf_pre_padding
    printf6.o(i._printf_core) refers to uidiv.o(.text) for __aeabi_uidivmod
    printf6.o(i._printf_core) refers to printf6.o(i._printf_post_padding) for _printf_post_padding
    printf7.o(i.__0fprintf$7) refers to printf7.o(i._printf_core) for _printf_core
    printf7.o(i.__0fprintf$7) refers to uart0.o(i.fputc) for fputc
    printf7.o(i.__0printf$7) refers to printf7.o(i._printf_core) for _printf_core
    printf7.o(i.__0printf$7) refers to uart0.o(i.fputc) for fputc
    printf7.o(i.__0printf$7) refers to uart0.o(.data) for __stdout
    printf7.o(i.__0snprintf$7) refers to printf7.o(i._printf_core) for _printf_core
    printf7.o(i.__0snprintf$7) refers to printf7.o(i._snputc) for _snputc
    printf7.o(i.__0sprintf$7) refers to printf7.o(i._printf_core) for _printf_core
    printf7.o(i.__0sprintf$7) refers to printf7.o(i._sputc) for _sputc
    printf7.o(i.__0vfprintf$7) refers to printf7.o(i._printf_core) for _printf_core
    printf7.o(i.__0vfprintf$7) refers to uart0.o(i.fputc) for fputc
    printf7.o(i.__0vprintf$7) refers to printf7.o(i._printf_core) for _printf_core
    printf7.o(i.__0vprintf$7) refers to uart0.o(i.fputc) for fputc
    printf7.o(i.__0vprintf$7) refers to uart0.o(.data) for __stdout
    printf7.o(i.__0vsnprintf$7) refers to printf7.o(i._printf_core) for _printf_core
    printf7.o(i.__0vsnprintf$7) refers to printf7.o(i._snputc) for _snputc
    printf7.o(i.__0vsprintf$7) refers to printf7.o(i._printf_core) for _printf_core
    printf7.o(i.__0vsprintf$7) refers to printf7.o(i._sputc) for _sputc
    printf7.o(i._printf_core) refers to printf7.o(i._printf_pre_padding) for _printf_pre_padding
    printf7.o(i._printf_core) refers to uldiv.o(.text) for __aeabi_uldivmod
    printf7.o(i._printf_core) refers to printf7.o(i._printf_post_padding) for _printf_post_padding
    printf8.o(i.__0fprintf$8) refers to printf8.o(i._printf_core) for _printf_core
    printf8.o(i.__0fprintf$8) refers to uart0.o(i.fputc) for fputc
    printf8.o(i.__0printf$8) refers to printf8.o(i._printf_core) for _printf_core
    printf8.o(i.__0printf$8) refers to uart0.o(i.fputc) for fputc
    printf8.o(i.__0printf$8) refers to uart0.o(.data) for __stdout
    printf8.o(i.__0snprintf$8) refers to printf8.o(i._printf_core) for _printf_core
    printf8.o(i.__0snprintf$8) refers to printf8.o(i._snputc) for _snputc
    printf8.o(i.__0sprintf$8) refers to printf8.o(i._printf_core) for _printf_core
    printf8.o(i.__0sprintf$8) refers to printf8.o(i._sputc) for _sputc
    printf8.o(i.__0vfprintf$8) refers to printf8.o(i._printf_core) for _printf_core
    printf8.o(i.__0vfprintf$8) refers to uart0.o(i.fputc) for fputc
    printf8.o(i.__0vprintf$8) refers to printf8.o(i._printf_core) for _printf_core
    printf8.o(i.__0vprintf$8) refers to uart0.o(i.fputc) for fputc
    printf8.o(i.__0vprintf$8) refers to uart0.o(.data) for __stdout
    printf8.o(i.__0vsnprintf$8) refers to printf8.o(i._printf_core) for _printf_core
    printf8.o(i.__0vsnprintf$8) refers to printf8.o(i._snputc) for _snputc
    printf8.o(i.__0vsprintf$8) refers to printf8.o(i._printf_core) for _printf_core
    printf8.o(i.__0vsprintf$8) refers to printf8.o(i._sputc) for _sputc
    printf8.o(i._printf_core) refers to printf8.o(i._printf_pre_padding) for _printf_pre_padding
    printf8.o(i._printf_core) refers to uldiv.o(.text) for __aeabi_uldivmod
    printf8.o(i._printf_core) refers to printf8.o(i._printf_post_padding) for _printf_post_padding
    printfa.o(i.__0fprintf) refers (Special) to iusefp.o(.text) for __I$use$fp
    printfa.o(i.__0fprintf) refers to printfa.o(i._printf_core) for _printf_core
    printfa.o(i.__0fprintf) refers to uart0.o(i.fputc) for fputc
    printfa.o(i.__0printf) refers (Special) to iusefp.o(.text) for __I$use$fp
    printfa.o(i.__0printf) refers to printfa.o(i._printf_core) for _printf_core
    printfa.o(i.__0printf) refers to uart0.o(i.fputc) for fputc
    printfa.o(i.__0printf) refers to uart0.o(.data) for __stdout
    printfa.o(i.__0snprintf) refers (Special) to iusefp.o(.text) for __I$use$fp
    printfa.o(i.__0snprintf) refers to printfa.o(i._printf_core) for _printf_core
    printfa.o(i.__0snprintf) refers to printfa.o(i._snputc) for _snputc
    printfa.o(i.__0sprintf) refers (Special) to iusefp.o(.text) for __I$use$fp
    printfa.o(i.__0sprintf) refers to printfa.o(i._printf_core) for _printf_core
    printfa.o(i.__0sprintf) refers to printfa.o(i._sputc) for _sputc
    printfa.o(i.__0vfprintf) refers (Special) to iusefp.o(.text) for __I$use$fp
    printfa.o(i.__0vfprintf) refers to printfa.o(i._printf_core) for _printf_core
    printfa.o(i.__0vfprintf) refers to uart0.o(i.fputc) for fputc
    printfa.o(i.__0vprintf) refers (Special) to iusefp.o(.text) for __I$use$fp
    printfa.o(i.__0vprintf) refers to printfa.o(i._printf_core) for _printf_core
    printfa.o(i.__0vprintf) refers to uart0.o(i.fputc) for fputc
    printfa.o(i.__0vprintf) refers to uart0.o(.data) for __stdout
    printfa.o(i.__0vsnprintf) refers (Special) to iusefp.o(.text) for __I$use$fp
    printfa.o(i.__0vsnprintf) refers to printfa.o(i._printf_core) for _printf_core
    printfa.o(i.__0vsnprintf) refers to printfa.o(i._snputc) for _snputc
    printfa.o(i.__0vsprintf) refers (Special) to iusefp.o(.text) for __I$use$fp
    printfa.o(i.__0vsprintf) refers to printfa.o(i._printf_core) for _printf_core
    printfa.o(i.__0vsprintf) refers to printfa.o(i._sputc) for _sputc
    printfa.o(i._fp_digits) refers (Special) to iusefp.o(.text) for __I$use$fp
    printfa.o(i._fp_digits) refers to dmul.o(.text) for __aeabi_dmul
    printfa.o(i._fp_digits) refers to ddiv.o(.text) for __aeabi_ddiv
    printfa.o(i._fp_digits) refers to cdrcmple.o(.text) for __aeabi_cdrcmple
    printfa.o(i._fp_digits) refers to dadd.o(.text) for __aeabi_dadd
    printfa.o(i._fp_digits) refers to dfixul.o(.text) for __aeabi_d2ulz
    printfa.o(i._fp_digits) refers to uldiv.o(.text) for __aeabi_uldivmod
    printfa.o(i._printf_core) refers (Special) to iusefp.o(.text) for __I$use$fp
    printfa.o(i._printf_core) refers to printfa.o(i._printf_pre_padding) for _printf_pre_padding
    printfa.o(i._printf_core) refers to uldiv.o(.text) for __aeabi_uldivmod
    printfa.o(i._printf_core) refers to printfa.o(i._printf_post_padding) for _printf_post_padding
    printfa.o(i._printf_core) refers to printfa.o(i._fp_digits) for _fp_digits
    printfa.o(i._printf_core) refers to uidiv.o(.text) for __aeabi_uidivmod
    printfa.o(i._printf_post_padding) refers (Special) to iusefp.o(.text) for __I$use$fp
    printfa.o(i._printf_pre_padding) refers (Special) to iusefp.o(.text) for __I$use$fp
    printfa.o(i._snputc) refers (Special) to iusefp.o(.text) for __I$use$fp
    printfa.o(i._sputc) refers (Special) to iusefp.o(.text) for __I$use$fp
    dadd.o(.text) refers (Special) to iusefp.o(.text) for __I$use$fp
    dadd.o(.text) refers to llshl.o(.text) for __aeabi_llsl
    dadd.o(.text) refers to llsshr.o(.text) for __aeabi_lasr
    dadd.o(.text) refers to depilogue.o(.text) for _double_epilogue
    dmul.o(.text) refers (Special) to iusefp.o(.text) for __I$use$fp
    dmul.o(.text) refers to depilogue.o(.text) for _double_epilogue
    ddiv.o(.text) refers (Special) to iusefp.o(.text) for __I$use$fp
    ddiv.o(.text) refers to depilogue.o(.text) for _double_round
    dflti.o(.text) refers (Special) to iusefp.o(.text) for __I$use$fp
    dflti.o(.text) refers to depilogue.o(.text) for _double_epilogue
    dfltui.o(.text) refers (Special) to iusefp.o(.text) for __I$use$fp
    dfltui.o(.text) refers to depilogue.o(.text) for _double_epilogue
    dfixui.o(.text) refers (Special) to iusefp.o(.text) for __I$use$fp
    dfixui.o(.text) refers to llushr.o(.text) for __aeabi_llsr
    d2f.o(.text) refers (Special) to iusefp.o(.text) for __I$use$fp
    d2f.o(.text) refers to fepilogue.o(.text) for _float_round
    entry2.o(.ARM.Collect$$$$00000001) refers to entry2.o(.ARM.Collect$$$$00002712) for __lit__00000000
    entry2.o(.ARM.Collect$$$$00002712) refers to startup_rvmdk.o(STACK) for __initial_sp
    entry2.o(__vectab_stack_and_reset_area) refers to startup_rvmdk.o(STACK) for __initial_sp
    entry2.o(__vectab_stack_and_reset_area) refers to entry.o(.ARM.Collect$$$$00000000) for __main
    entry5.o(.ARM.Collect$$$$00000004) refers to init.o(.text) for __scatterload
    entry9a.o(.ARM.Collect$$$$0000000B) refers to test.o(i.main) for main
    entry9b.o(.ARM.Collect$$$$0000000C) refers to test.o(i.main) for main
    uldiv.o(.text) refers to llushr.o(.text) for __aeabi_llsr
    uldiv.o(.text) refers to llshl.o(.text) for __aeabi_llsl
    depilogue.o(.text) refers to llshl.o(.text) for __aeabi_llsl
    depilogue.o(.text) refers to llushr.o(.text) for __aeabi_llsr
    dfixul.o(.text) refers to llushr.o(.text) for __aeabi_llsr
    dfixul.o(.text) refers to llshl.o(.text) for __aeabi_llsl
    init.o(.text) refers to entry5.o(.ARM.Collect$$$$00000004) for __main_after_scatterload


==============================================================================

Removing Unused input sections from the image.

    Removing startup_rvmdk.o(HEAP), (0 bytes).
    Removing startup_rvmdk.o(.text), (0 bytes).
    Removing uartstdio.o(i.UARTgetc), (24 bytes).
    Removing uartstdio.o(i.UARTgets), (156 bytes).
    Removing uartstdio.o(i.UARTprintf), (26 bytes).
    Removing uartstdio.o(i.UARTvprintf), (592 bytes).
    Removing uartstdio.o(i.UARTwrite), (72 bytes).
    Removing ustdlib.o(i.ucmptime), (162 bytes).
    Removing ustdlib.o(i.ulocaltime), (172 bytes).
    Removing ustdlib.o(i.umktime), (84 bytes).
    Removing ustdlib.o(i.urand), (36 bytes).
    Removing ustdlib.o(i.usnprintf), (38 bytes).
    Removing ustdlib.o(i.usprintf), (38 bytes).
    Removing ustdlib.o(i.usrand), (12 bytes).
    Removing ustdlib.o(i.ustrcasecmp), (20 bytes).
    Removing ustdlib.o(i.ustrcmp), (20 bytes).
    Removing ustdlib.o(i.ustrlen), (16 bytes).
    Removing ustdlib.o(i.ustrncasecmp), (94 bytes).
    Removing ustdlib.o(i.ustrncmp), (58 bytes).
    Removing ustdlib.o(i.ustrncpy), (42 bytes).
    Removing ustdlib.o(i.ustrstr), (44 bytes).
    Removing ustdlib.o(i.ustrtof), (516 bytes).
    Removing ustdlib.o(i.ustrtoul), (212 bytes).
    Removing ustdlib.o(i.uvsnprintf), (708 bytes).
    Removing ustdlib.o(.constdata), (76 bytes).
    Removing ustdlib.o(.conststring), (17 bytes).
    Removing ustdlib.o(.data), (4 bytes).
    Removing cpu_usage.o(i.CPUUsageInit), (152 bytes).
    Removing cpu_usage.o(i.CPUUsageTick), (72 bytes).
    Removing cpu_usage.o(.data), (60 bytes).
    Removing uart2.o(i.UART2Send), (40 bytes).
    Removing uart2.o(i.USART2_IRQHandler), (84 bytes).
    Removing uart2.o(i.uart2_Init), (196 bytes).
    Removing gpio.o(i.GPIOADCTriggerDisable), (12 bytes).
    Removing gpio.o(i.GPIOADCTriggerEnable), (12 bytes).
    Removing gpio.o(i.GPIODMATriggerDisable), (12 bytes).
    Removing gpio.o(i.GPIODMATriggerEnable), (12 bytes).
    Removing gpio.o(i.GPIODirModeGet), (46 bytes).
    Removing gpio.o(i.GPIODirModeSet), (50 bytes).
    Removing gpio.o(i.GPIOIntClear), (6 bytes).
    Removing gpio.o(i.GPIOIntDisable), (12 bytes).
    Removing gpio.o(i.GPIOIntEnable), (12 bytes).
    Removing gpio.o(i.GPIOIntRegister), (30 bytes).
    Removing gpio.o(i.GPIOIntRegisterPin), (36 bytes).
    Removing gpio.o(i.GPIOIntStatus), (16 bytes).
    Removing gpio.o(i.GPIOIntTypeGet), (84 bytes).
    Removing gpio.o(i.GPIOIntTypeSet), (102 bytes).
    Removing gpio.o(i.GPIOIntUnregister), (26 bytes).
    Removing gpio.o(i.GPIOIntUnregisterPin), (28 bytes).
    Removing gpio.o(i.GPIOPadConfigGet), (244 bytes).
    Removing gpio.o(i.GPIOPadConfigSet), (396 bytes).
    Removing gpio.o(i.GPIOPinConfigure), (80 bytes).
    Removing gpio.o(i.GPIOPinRead), (12 bytes).
    Removing gpio.o(i.GPIOPinTypeADC), (30 bytes).
    Removing gpio.o(i.GPIOPinTypeCAN), (30 bytes).
    Removing gpio.o(i.GPIOPinTypeComparator), (30 bytes).
    Removing gpio.o(i.GPIOPinTypeComparatorOutput), (30 bytes).
    Removing gpio.o(i.GPIOPinTypeDIVSCLK), (30 bytes).
    Removing gpio.o(i.GPIOPinTypeEPI), (30 bytes).
    Removing gpio.o(i.GPIOPinTypeEthernetLED), (30 bytes).
    Removing gpio.o(i.GPIOPinTypeEthernetMII), (30 bytes).
    Removing gpio.o(i.GPIOPinTypeGPIOInput), (30 bytes).
    Removing gpio.o(i.GPIOPinTypeGPIOOutput), (30 bytes).
    Removing gpio.o(i.GPIOPinTypeGPIOOutputOD), (30 bytes).
    Removing gpio.o(i.GPIOPinTypeHibernateRTCCLK), (30 bytes).
    Removing gpio.o(i.GPIOPinTypeI2C), (30 bytes).
    Removing gpio.o(i.GPIOPinTypeI2CSCL), (30 bytes).
    Removing gpio.o(i.GPIOPinTypeLCD), (30 bytes).
    Removing gpio.o(i.GPIOPinTypeOneWire), (30 bytes).
    Removing gpio.o(i.GPIOPinTypePWM), (30 bytes).
    Removing gpio.o(i.GPIOPinTypeQEI), (30 bytes).
    Removing gpio.o(i.GPIOPinTypeSSI), (30 bytes).
    Removing gpio.o(i.GPIOPinTypeTimer), (30 bytes).
    Removing gpio.o(i.GPIOPinTypeTrace), (30 bytes).
    Removing gpio.o(i.GPIOPinTypeUART), (30 bytes).
    Removing gpio.o(i.GPIOPinTypeUSBAnalog), (30 bytes).
    Removing gpio.o(i.GPIOPinTypeUSBDigital), (30 bytes).
    Removing gpio.o(i.GPIOPinTypeWakeHigh), (32 bytes).
    Removing gpio.o(i.GPIOPinTypeWakeLow), (32 bytes).
    Removing gpio.o(i.GPIOPinWakeStatus), (8 bytes).
    Removing gpio.o(i.GPIOUnlockPin), (32 bytes).
    Removing gpio.o(i._GPIOIntNumberGet), (76 bytes).
    Removing gpio.o(.constdata), (552 bytes).
    Removing interrupt.o(i.IntDisable), (116 bytes).
    Removing interrupt.o(i.IntIsEnabled), (108 bytes).
    Removing interrupt.o(i.IntMasterDisable), (16 bytes).
    Removing interrupt.o(i.IntMasterEnable), (16 bytes).
    Removing interrupt.o(i.IntPendClear), (76 bytes).
    Removing interrupt.o(i.IntPendSet), (96 bytes).
    Removing interrupt.o(i.IntPriorityGet), (28 bytes).
    Removing interrupt.o(i.IntPriorityGroupingGet), (44 bytes).
    Removing interrupt.o(i.IntPriorityGroupingSet), (28 bytes).
    Removing interrupt.o(i.IntPriorityMaskGet), (8 bytes).
    Removing interrupt.o(i.IntPriorityMaskSet), (12 bytes).
    Removing interrupt.o(i.IntPrioritySet), (52 bytes).
    Removing interrupt.o(i.IntTrigger), (16 bytes).
    Removing interrupt.o(i.IntUnregister), (20 bytes).
    Removing interrupt.o(i._IntDefaultHandler), (4 bytes).
    Removing cpu.o(.emb_text), (38 bytes).
    Removing fpu.o(i.FPUDisable), (20 bytes).
    Removing fpu.o(i.FPUEnable), (20 bytes).
    Removing fpu.o(i.FPUFlushToZeroModeSet), (20 bytes).
    Removing fpu.o(i.FPUHalfPrecisionModeSet), (20 bytes).
    Removing fpu.o(i.FPULazyStackingEnable), (20 bytes).
    Removing fpu.o(i.FPUNaNModeSet), (20 bytes).
    Removing fpu.o(i.FPURoundingModeSet), (20 bytes).
    Removing fpu.o(i.FPUStackingDisable), (20 bytes).
    Removing fpu.o(i.FPUStackingEnable), (24 bytes).
    Removing uart.o(i.UART9BitAddrSend), (44 bytes).
    Removing uart.o(i.UART9BitAddrSet), (10 bytes).
    Removing uart.o(i.UART9BitDisable), (14 bytes).
    Removing uart.o(i.UART9BitEnable), (14 bytes).
    Removing uart.o(i.UARTBreakCtl), (20 bytes).
    Removing uart.o(i.UARTBusy), (10 bytes).
    Removing uart.o(i.UARTCharGet), (18 bytes).
    Removing uart.o(i.UARTCharGetNonBlocking), (20 bytes).
    Removing uart.o(i.UARTCharPut), (16 bytes).
    Removing uart.o(i.UARTCharPutNonBlocking), (20 bytes).
    Removing uart.o(i.UARTCharsAvail), (12 bytes).
    Removing uart.o(i.UARTClockSourceGet), (8 bytes).
    Removing uart.o(i.UARTClockSourceSet), (6 bytes).
    Removing uart.o(i.UARTConfigGetExpClk), (44 bytes).
    Removing uart.o(i.UARTConfigSetExpClk), (76 bytes).
    Removing uart.o(i.UARTDMADisable), (8 bytes).
    Removing uart.o(i.UARTDMAEnable), (8 bytes).
    Removing uart.o(i.UARTDisable), (32 bytes).
    Removing uart.o(i.UARTDisableSIR), (10 bytes).
    Removing uart.o(i.UARTEnable), (20 bytes).
    Removing uart.o(i.UARTEnableSIR), (22 bytes).
    Removing uart.o(i.UARTFIFODisable), (10 bytes).
    Removing uart.o(i.UARTFIFOEnable), (10 bytes).
    Removing uart.o(i.UARTFIFOLevelGet), (18 bytes).
    Removing uart.o(i.UARTFIFOLevelSet), (8 bytes).
    Removing uart.o(i.UARTFlowControlGet), (10 bytes).
    Removing uart.o(i.UARTFlowControlSet), (12 bytes).
    Removing uart.o(i.UARTIntClear), (4 bytes).
    Removing uart.o(i.UARTIntDisable), (8 bytes).
    Removing uart.o(i.UARTIntEnable), (8 bytes).
    Removing uart.o(i.UARTIntStatus), (12 bytes).
    Removing uart.o(i.UARTIntUnregister), (26 bytes).
    Removing uart.o(i.UARTLoopbackEnable), (10 bytes).
    Removing uart.o(i.UARTModemControlClear), (12 bytes).
    Removing uart.o(i.UARTModemControlGet), (10 bytes).
    Removing uart.o(i.UARTModemControlSet), (12 bytes).
    Removing uart.o(i.UARTModemStatusGet), (12 bytes).
    Removing uart.o(i.UARTParityModeGet), (10 bytes).
    Removing uart.o(i.UARTParityModeSet), (12 bytes).
    Removing uart.o(i.UARTRxErrorClear), (6 bytes).
    Removing uart.o(i.UARTRxErrorGet), (10 bytes).
    Removing uart.o(i.UARTSmartCardDisable), (10 bytes).
    Removing uart.o(i.UARTSmartCardEnable), (22 bytes).
    Removing uart.o(i.UARTSpaceAvail), (12 bytes).
    Removing uart.o(i.UARTTxIntModeGet), (10 bytes).
    Removing uart.o(i.UARTTxIntModeSet), (12 bytes).
    Removing qei.o(i.QEIConfigure), (14 bytes).
    Removing qei.o(i.QEIDirectionGet), (20 bytes).
    Removing qei.o(i.QEIDisable), (10 bytes).
    Removing qei.o(i.QEIEnable), (10 bytes).
    Removing qei.o(i.QEIErrorGet), (10 bytes).
    Removing qei.o(i.QEIFilterConfigure), (12 bytes).
    Removing qei.o(i.QEIFilterDisable), (10 bytes).
    Removing qei.o(i.QEIFilterEnable), (10 bytes).
    Removing qei.o(i.QEIIntClear), (4 bytes).
    Removing qei.o(i.QEIIntDisable), (8 bytes).
    Removing qei.o(i.QEIIntEnable), (8 bytes).
    Removing qei.o(i.QEIIntRegister), (30 bytes).
    Removing qei.o(i.QEIIntStatus), (12 bytes).
    Removing qei.o(i.QEIIntUnregister), (26 bytes).
    Removing qei.o(i.QEIPositionGet), (6 bytes).
    Removing qei.o(i.QEIPositionSet), (4 bytes).
    Removing qei.o(i.QEIVelocityConfigure), (16 bytes).
    Removing qei.o(i.QEIVelocityDisable), (10 bytes).
    Removing qei.o(i.QEIVelocityEnable), (10 bytes).
    Removing qei.o(i.QEIVelocityGet), (6 bytes).
    Removing qei.o(i._QEIIntNumberGet), (84 bytes).
    Removing timer.o(i.TimerADCEventGet), (6 bytes).
    Removing timer.o(i.TimerADCEventSet), (4 bytes).
    Removing timer.o(i.TimerClockSourceGet), (8 bytes).
    Removing timer.o(i.TimerClockSourceSet), (6 bytes).
    Removing timer.o(i.TimerConfigure), (96 bytes).
    Removing timer.o(i.TimerControlEvent), (22 bytes).
    Removing timer.o(i.TimerControlLevel), (22 bytes).
    Removing timer.o(i.TimerControlStall), (22 bytes).
    Removing timer.o(i.TimerControlTrigger), (72 bytes).
    Removing timer.o(i.TimerControlWaitOnTrigger), (52 bytes).
    Removing timer.o(i.TimerDMAEventGet), (6 bytes).
    Removing timer.o(i.TimerDMAEventSet), (4 bytes).
    Removing timer.o(i.TimerDisable), (14 bytes).
    Removing timer.o(i.TimerEnable), (14 bytes).
    Removing timer.o(i.TimerIntClear), (4 bytes).
    Removing timer.o(i.TimerIntDisable), (8 bytes).
    Removing timer.o(i.TimerIntEnable), (8 bytes).
    Removing timer.o(i.TimerIntRegister), (38 bytes).
    Removing timer.o(i.TimerIntStatus), (12 bytes).
    Removing timer.o(i.TimerIntUnregister), (30 bytes).
    Removing timer.o(i.TimerLoadGet), (14 bytes).
    Removing timer.o(i.TimerLoadGet64), (26 bytes).
    Removing timer.o(i.TimerLoadSet), (16 bytes).
    Removing timer.o(i.TimerLoadSet64), (6 bytes).
    Removing timer.o(i.TimerMatchGet), (14 bytes).
    Removing timer.o(i.TimerMatchGet64), (26 bytes).
    Removing timer.o(i.TimerMatchSet), (16 bytes).
    Removing timer.o(i.TimerMatchSet64), (6 bytes).
    Removing timer.o(i.TimerPrescaleGet), (14 bytes).
    Removing timer.o(i.TimerPrescaleMatchGet), (14 bytes).
    Removing timer.o(i.TimerPrescaleMatchSet), (16 bytes).
    Removing timer.o(i.TimerPrescaleSet), (16 bytes).
    Removing timer.o(i.TimerRTCDisable), (10 bytes).
    Removing timer.o(i.TimerRTCEnable), (10 bytes).
    Removing timer.o(i.TimerSynchronize), (4 bytes).
    Removing timer.o(i.TimerUpdateMode), (42 bytes).
    Removing timer.o(i.TimerValueGet), (14 bytes).
    Removing timer.o(i.TimerValueGet64), (26 bytes).
    Removing timer.o(i._TimerIntNumberGet), (88 bytes).
    Removing timer.o(.constdata), (160 bytes).
    Removing systick.o(i.SysTickDisable), (18 bytes).
    Removing systick.o(i.SysTickEnable), (18 bytes).
    Removing systick.o(i.SysTickIntDisable), (18 bytes).
    Removing systick.o(i.SysTickIntEnable), (18 bytes).
    Removing systick.o(i.SysTickIntRegister), (30 bytes).
    Removing systick.o(i.SysTickIntUnregister), (26 bytes).
    Removing systick.o(i.SysTickPeriodGet), (10 bytes).
    Removing systick.o(i.SysTickPeriodSet), (10 bytes).
    Removing systick.o(i.SysTickValueGet), (8 bytes).
    Removing sysctl.o(.emb_text), (6 bytes).
    Removing sysctl.o(i.SysCtlAltClkConfig), (12 bytes).
    Removing sysctl.o(i.SysCtlClockFreqSet), (708 bytes).
    Removing sysctl.o(i.SysCtlClockGet), (364 bytes).
    Removing sysctl.o(i.SysCtlClockOutConfig), (16 bytes).
    Removing sysctl.o(i.SysCtlClockSet), (300 bytes).
    Removing sysctl.o(i.SysCtlDeepSleep), (36 bytes).
    Removing sysctl.o(i.SysCtlDeepSleepClockConfigSet), (124 bytes).
    Removing sysctl.o(i.SysCtlDeepSleepClockSet), (12 bytes).
    Removing sysctl.o(i.SysCtlDeepSleepPowerSet), (12 bytes).
    Removing sysctl.o(i.SysCtlFlashSectorSizeGet), (52 bytes).
    Removing sysctl.o(i.SysCtlFlashSizeGet), (56 bytes).
    Removing sysctl.o(i.SysCtlGPIOAHBDisable), (24 bytes).
    Removing sysctl.o(i.SysCtlGPIOAHBEnable), (24 bytes).
    Removing sysctl.o(i.SysCtlIntClear), (12 bytes).
    Removing sysctl.o(i.SysCtlIntDisable), (16 bytes).
    Removing sysctl.o(i.SysCtlIntEnable), (16 bytes).
    Removing sysctl.o(i.SysCtlIntRegister), (20 bytes).
    Removing sysctl.o(i.SysCtlIntStatus), (20 bytes).
    Removing sysctl.o(i.SysCtlIntUnregister), (16 bytes).
    Removing sysctl.o(i.SysCtlLDODeepSleepGet), (12 bytes).
    Removing sysctl.o(i.SysCtlLDODeepSleepSet), (12 bytes).
    Removing sysctl.o(i.SysCtlLDOSleepGet), (12 bytes).
    Removing sysctl.o(i.SysCtlLDOSleepSet), (12 bytes).
    Removing sysctl.o(i.SysCtlMOSCConfigSet), (12 bytes).
    Removing sysctl.o(i.SysCtlNMIClear), (16 bytes).
    Removing sysctl.o(i.SysCtlNMIStatus), (12 bytes).
    Removing sysctl.o(i.SysCtlPIOSCCalibrate), (92 bytes).
    Removing sysctl.o(i.SysCtlPWM1ClockSet), (20 bytes).
    Removing sysctl.o(i.SysCtlPWMClockGet), (28 bytes).
    Removing sysctl.o(i.SysCtlPWMClockSet), (20 bytes).
    Removing sysctl.o(i.SysCtlPeripheralClockGating), (96 bytes).
    Removing sysctl.o(i.SysCtlPeripheralDeepSleepDisable), (52 bytes).
    Removing sysctl.o(i.SysCtlPeripheralDeepSleepEnable), (52 bytes).
    Removing sysctl.o(i.SysCtlPeripheralDisable), (52 bytes).
    Removing sysctl.o(i.SysCtlPeripheralEnable), (52 bytes).
    Removing sysctl.o(i.SysCtlPeripheralPowerOff), (52 bytes).
    Removing sysctl.o(i.SysCtlPeripheralPowerOn), (52 bytes).
    Removing sysctl.o(i.SysCtlPeripheralPresent), (56 bytes).
    Removing sysctl.o(i.SysCtlPeripheralReset), (112 bytes).
    Removing sysctl.o(i.SysCtlPeripheralSleepDisable), (52 bytes).
    Removing sysctl.o(i.SysCtlPeripheralSleepEnable), (52 bytes).
    Removing sysctl.o(i.SysCtlReset), (20 bytes).
    Removing sysctl.o(i.SysCtlResetBehaviorGet), (12 bytes).
    Removing sysctl.o(i.SysCtlResetBehaviorSet), (12 bytes).
    Removing sysctl.o(i.SysCtlResetCauseClear), (16 bytes).
    Removing sysctl.o(i.SysCtlResetCauseGet), (12 bytes).
    Removing sysctl.o(i.SysCtlSRAMSizeGet), (16 bytes).
    Removing sysctl.o(i.SysCtlSleep), (8 bytes).
    Removing sysctl.o(i.SysCtlSleepPowerSet), (12 bytes).
    Removing sysctl.o(i.SysCtlUSBPLLDisable), (20 bytes).
    Removing sysctl.o(i.SysCtlUSBPLLEnable), (20 bytes).
    Removing sysctl.o(i.SysCtlVCOGet), (148 bytes).
    Removing sysctl.o(i.SysCtlVoltageEventClear), (16 bytes).
    Removing sysctl.o(i.SysCtlVoltageEventConfig), (12 bytes).
    Removing sysctl.o(i.SysCtlVoltageEventStatus), (12 bytes).
    Removing sysctl.o(i._SysCtlFrequencyGet), (100 bytes).
    Removing sysctl.o(i._SysCtlMemTimingGet), (40 bytes).
    Removing sysctl.o(.constdata), (596 bytes).
    Removing sysexc.o(i.SysExcIntClear), (12 bytes).
    Removing sysexc.o(i.SysExcIntDisable), (16 bytes).
    Removing sysexc.o(i.SysExcIntEnable), (16 bytes).
    Removing sysexc.o(i.SysExcIntRegister), (26 bytes).
    Removing sysexc.o(i.SysExcIntStatus), (20 bytes).
    Removing sysexc.o(i.SysExcIntUnregister), (22 bytes).
    Removing sysexc.o(i._SysExcIntNumberGet), (56 bytes).
    Removing pwm.o(i.PWMClockGet), (28 bytes).
    Removing pwm.o(i.PWMClockSet), (18 bytes).
    Removing pwm.o(i.PWMDeadBandDisable), (14 bytes).
    Removing pwm.o(i.PWMDeadBandEnable), (18 bytes).
    Removing pwm.o(i.PWMFaultIntClear), (8 bytes).
    Removing pwm.o(i.PWMFaultIntClearExt), (4 bytes).
    Removing pwm.o(i.PWMFaultIntRegister), (30 bytes).
    Removing pwm.o(i.PWMFaultIntUnregister), (26 bytes).
    Removing pwm.o(i.PWMGenConfigure), (48 bytes).
    Removing pwm.o(i.PWMGenDisable), (10 bytes).
    Removing pwm.o(i.PWMGenEnable), (10 bytes).
    Removing pwm.o(i.PWMGenFaultClear), (36 bytes).
    Removing pwm.o(i.PWMGenFaultConfigure), (20 bytes).
    Removing pwm.o(i.PWMGenFaultStatus), (38 bytes).
    Removing pwm.o(i.PWMGenFaultTriggerGet), (16 bytes).
    Removing pwm.o(i.PWMGenFaultTriggerSet), (16 bytes).
    Removing pwm.o(i.PWMGenIntClear), (6 bytes).
    Removing pwm.o(i.PWMGenIntRegister), (38 bytes).
    Removing pwm.o(i.PWMGenIntStatus), (16 bytes).
    Removing pwm.o(i.PWMGenIntTrigDisable), (14 bytes).
    Removing pwm.o(i.PWMGenIntTrigEnable), (14 bytes).
    Removing pwm.o(i.PWMGenIntUnregister), (30 bytes).
    Removing pwm.o(i.PWMGenPeriodGet), (24 bytes).
    Removing pwm.o(i.PWMGenPeriodSet), (22 bytes).
    Removing pwm.o(i.PWMIntDisable), (8 bytes).
    Removing pwm.o(i.PWMIntEnable), (8 bytes).
    Removing pwm.o(i.PWMIntStatus), (14 bytes).
    Removing pwm.o(i.PWMOutputFault), (20 bytes).
    Removing pwm.o(i.PWMOutputFaultLevel), (20 bytes).
    Removing pwm.o(i.PWMOutputState), (20 bytes).
    Removing pwm.o(i.PWMOutputUpdateMode), (82 bytes).
    Removing pwm.o(i.PWMPulseWidthGet), (40 bytes).
    Removing pwm.o(i.PWMPulseWidthSet), (38 bytes).
    Removing pwm.o(i.PWMSyncTimeBase), (4 bytes).
    Removing pwm.o(i.PWMSyncUpdate), (4 bytes).
    Removing pwm.o(i._PWMFaultIntNumberGet), (84 bytes).
    Removing pwm.o(i._PWMGenIntNumberGet), (272 bytes).
    Removing adc.o(i.ADCBusy), (10 bytes).
    Removing adc.o(i.ADCClockConfigGet), (40 bytes).
    Removing adc.o(i.ADCClockConfigSet), (24 bytes).
    Removing adc.o(i.ADCComparatorConfigure), (10 bytes).
    Removing adc.o(i.ADCComparatorIntClear), (4 bytes).
    Removing adc.o(i.ADCComparatorIntDisable), (14 bytes).
    Removing adc.o(i.ADCComparatorIntEnable), (14 bytes).
    Removing adc.o(i.ADCComparatorIntStatus), (6 bytes).
    Removing adc.o(i.ADCComparatorRegionSet), (16 bytes).
    Removing adc.o(i.ADCComparatorReset), (34 bytes).
    Removing adc.o(i.ADCHardwareOversampleConfigure), (18 bytes).
    Removing adc.o(i.ADCIntClear), (8 bytes).
    Removing adc.o(i.ADCIntClearEx), (4 bytes).
    Removing adc.o(i.ADCIntDisable), (12 bytes).
    Removing adc.o(i.ADCIntDisableEx), (8 bytes).
    Removing adc.o(i.ADCIntEnable), (18 bytes).
    Removing adc.o(i.ADCIntEnableEx), (8 bytes).
    Removing adc.o(i.ADCIntRegister), (38 bytes).
    Removing adc.o(i.ADCIntStatus), (54 bytes).
    Removing adc.o(i.ADCIntStatusEx), (22 bytes).
    Removing adc.o(i.ADCIntUnregister), (30 bytes).
    Removing adc.o(i.ADCPhaseDelayGet), (6 bytes).
    Removing adc.o(i.ADCPhaseDelaySet), (4 bytes).
    Removing adc.o(i.ADCProcessorTrigger), (24 bytes).
    Removing adc.o(i.ADCReferenceGet), (10 bytes).
    Removing adc.o(i.ADCReferenceSet), (12 bytes).
    Removing adc.o(i.ADCSequenceConfigure), (78 bytes).
    Removing adc.o(i.ADCSequenceDMADisable), (14 bytes).
    Removing adc.o(i.ADCSequenceDMAEnable), (14 bytes).
    Removing adc.o(i.ADCSequenceDataGet), (34 bytes).
    Removing adc.o(i.ADCSequenceDisable), (12 bytes).
    Removing adc.o(i.ADCSequenceEnable), (12 bytes).
    Removing adc.o(i.ADCSequenceOverflow), (12 bytes).
    Removing adc.o(i.ADCSequenceOverflowClear), (8 bytes).
    Removing adc.o(i.ADCSequenceStepConfigure), (136 bytes).
    Removing adc.o(i.ADCSequenceUnderflow), (12 bytes).
    Removing adc.o(i.ADCSequenceUnderflowClear), (8 bytes).
    Removing adc.o(i.ADCSoftwareOversampleConfigure), (52 bytes).
    Removing adc.o(i.ADCSoftwareOversampleDataGet), (96 bytes).
    Removing adc.o(i.ADCSoftwareOversampleStepConfigure), (144 bytes).
    Removing adc.o(i._ADCIntNumberGet), (96 bytes).
    Removing adc.o(.data), (6 bytes).
    Removing udma.o(i.uDMAChannelAssign), (40 bytes).
    Removing udma.o(i.uDMAChannelAttributeDisable), (68 bytes).
    Removing udma.o(i.uDMAChannelAttributeEnable), (68 bytes).
    Removing udma.o(i.uDMAChannelAttributeGet), (80 bytes).
    Removing udma.o(i.uDMAChannelControlSet), (40 bytes).
    Removing udma.o(i.uDMAChannelDisable), (20 bytes).
    Removing udma.o(i.uDMAChannelEnable), (20 bytes).
    Removing udma.o(i.uDMAChannelIsEnabled), (32 bytes).
    Removing udma.o(i.uDMAChannelModeGet), (48 bytes).
    Removing udma.o(i.uDMAChannelRequest), (20 bytes).
    Removing udma.o(i.uDMAChannelScatterGatherSet), (92 bytes).
    Removing udma.o(i.uDMAChannelSelectDefault), (16 bytes).
    Removing udma.o(i.uDMAChannelSelectSecondary), (16 bytes).
    Removing udma.o(i.uDMAChannelSizeGet), (44 bytes).
    Removing udma.o(i.uDMAChannelTransferSet), (176 bytes).
    Removing udma.o(i.uDMAControlAlternateBaseGet), (12 bytes).
    Removing udma.o(i.uDMAControlBaseGet), (12 bytes).
    Removing udma.o(i.uDMAControlBaseSet), (12 bytes).
    Removing udma.o(i.uDMADisable), (12 bytes).
    Removing udma.o(i.uDMAEnable), (12 bytes).
    Removing udma.o(i.uDMAErrorStatusClear), (12 bytes).
    Removing udma.o(i.uDMAErrorStatusGet), (12 bytes).
    Removing udma.o(i.uDMAIntClear), (12 bytes).
    Removing udma.o(i.uDMAIntRegister), (22 bytes).
    Removing udma.o(i.uDMAIntStatus), (12 bytes).
    Removing udma.o(i.uDMAIntUnregister), (18 bytes).
    Removing lcd.o(i.LCDClockReset), (36 bytes).
    Removing lcd.o(i.LCDDMAConfigSet), (4 bytes).
    Removing lcd.o(i.LCDIDDCommandWrite), (16 bytes).
    Removing lcd.o(i.LCDIDDConfigSet), (4 bytes).
    Removing lcd.o(i.LCDIDDDMADisable), (10 bytes).
    Removing lcd.o(i.LCDIDDDMAWrite), (50 bytes).
    Removing lcd.o(i.LCDIDDDataRead), (18 bytes).
    Removing lcd.o(i.LCDIDDDataWrite), (16 bytes).
    Removing lcd.o(i.LCDIDDIndexedRead), (32 bytes).
    Removing lcd.o(i.LCDIDDIndexedWrite), (28 bytes).
    Removing lcd.o(i.LCDIDDStatusRead), (18 bytes).
    Removing lcd.o(i.LCDIDDTimingSet), (54 bytes).
    Removing lcd.o(i.LCDIntClear), (4 bytes).
    Removing lcd.o(i.LCDIntDisable), (4 bytes).
    Removing lcd.o(i.LCDIntEnable), (4 bytes).
    Removing lcd.o(i.LCDIntRegister), (22 bytes).
    Removing lcd.o(i.LCDIntStatus), (12 bytes).
    Removing lcd.o(i.LCDIntUnregister), (18 bytes).
    Removing lcd.o(i.LCDModeSet), (36 bytes).
    Removing lcd.o(i.LCDRasterACBiasIntCountSet), (22 bytes).
    Removing lcd.o(i.LCDRasterConfigSet), (8 bytes).
    Removing lcd.o(i.LCDRasterDisable), (10 bytes).
    Removing lcd.o(i.LCDRasterEnable), (22 bytes).
    Removing lcd.o(i.LCDRasterEnabled), (10 bytes).
    Removing lcd.o(i.LCDRasterFrameBufferSet), (24 bytes).
    Removing lcd.o(i.LCDRasterPaletteSet), (126 bytes).
    Removing lcd.o(i.LCDRasterSubPanelConfigSet), (48 bytes).
    Removing lcd.o(i.LCDRasterSubPanelDisable), (10 bytes).
    Removing lcd.o(i.LCDRasterSubPanelEnable), (10 bytes).
    Removing lcd.o(i.LCDRasterTimingSet), (158 bytes).
    Removing rgb.o(i.Blue_Light_Control), (36 bytes).
    Removing rgb.o(i.Grren_Light_Control), (36 bytes).
    Removing key.o(i.GPIO_Unlock), (32 bytes).
    Removing key.o(i.KEY_Init), (108 bytes).
    Removing key.o(i.PF_interrupt), (208 bytes).
    Removing key.o(.data), (8 bytes).
    Removing uart0.o(i.UART0Send), (40 bytes).
    Removing uart0.o(i._sys_exit), (4 bytes).
    Removing uart0.o(i.fputc), (24 bytes).
    Removing uart0.o(.data), (4 bytes).
    Removing motor.o(.data), (80 bytes).
    Removing encoder.o(i.Get_Motor_Speed), (104 bytes).
    Removing encoder.o(i.Get_QEI_Count), (48 bytes).
    Removing encoder.o(i.QEI0_Init), (120 bytes).
    Removing encoder.o(i.QEI1_Init), (88 bytes).
    Removing encoder.o(.data), (8 bytes).
    Removing servo.o(i.Servo_InLimit), (24 bytes).
    Removing servo.o(i.Servo_Init), (360 bytes).
    Removing servo.o(i.Set_Servo), (64 bytes).
    Removing pid.o(i.Pid_Init), (80 bytes).
    Removing pid.o(i.Pid_OutLimit), (90 bytes).
    Removing pid.o(i.Pid_control), (264 bytes).
    Removing pid.o(.bss), (432 bytes).
    Removing pid.o(.data), (144 bytes).
    Removing my_timer.o(i.TIMER0_IRQHandler), (124 bytes).
    Removing my_timer.o(i.TIMER1_IRQHandler), (116 bytes).
    Removing my_timer.o(i.Timer0_Init), (144 bytes).
    Removing my_timer.o(i.Timer1_Init), (156 bytes).
    Removing my_timer.o(.data), (12 bytes).
    Removing my_adc.o(i.ADC0_Get), (56 bytes).
    Removing my_adc.o(i.ADC0_Init), (100 bytes).
    Removing gyro_u5.o(i.Attitude_Information_Acquisition), (760 bytes).
    Removing gyro_u5.o(i.UART5Send), (40 bytes).
    Removing gyro_u5.o(i.UART5_IRQHandler), (132 bytes).
    Removing gyro_u5.o(i.uart5_Init), (164 bytes).
    Removing gyro_u5.o(.bss), (56 bytes).
    Removing ccd.o(i.CCD_Init), (60 bytes).
    Removing ccd.o(i.CCD_Track_Direction_Control), (104 bytes).
    Removing ccd.o(i.CCD_Track_Pid), (128 bytes).
    Removing ccd.o(i.Dly_us), (12 bytes).
    Removing ccd.o(i.Edge_Dispose), (304 bytes).
    Removing ccd.o(i.Get_CCD_Threshold_Value), (136 bytes).
    Removing ccd.o(i.Get_CCD_Value), (196 bytes).
    Removing ccd.o(i.Get_Edge_DynamicThreshold), (596 bytes).
    Removing ccd.o(i.Get_Edge_StaticThreshold), (140 bytes).
    Removing ccd.o(i.Line_Data_Init), (24 bytes).
    Removing ccd.o(i.Send_To_Debug), (164 bytes).
    Removing ccd.o(i.Send_To_Serial_Port), (112 bytes).
    Removing ccd.o(i.binToHex_high), (134 bytes).
    Removing ccd.o(i.binToHex_low), (136 bytes).
    Removing ccd.o(.bss), (416 bytes).
    Removing ccd.o(.data), (73 bytes).
    Removing mymath.o(i.Data_Binaryzation), (84 bytes).
    Removing mymath.o(i.Data_Filter), (180 bytes).
    Removing mymath.o(i.Get_Absolute_Value), (8 bytes).
    Removing control.o(i.Control), (36 bytes).
    Removing car_control.o(i.Car_Park), (60 bytes).
    Removing car_control.o(i.Car_Special1), (60 bytes).
    Removing car_control.o(i.Car_Special2), (60 bytes).
    Removing car_control.o(i.Car_Stop), (56 bytes).
    Removing car_control.o(i.Go_Straight), (60 bytes).
    Removing car_control.o(i.Left_turn), (60 bytes).
    Removing car_control.o(i.Right_turn), (60 bytes).
    Removing car_control.o(i.Specific_Action_Execute), (104 bytes).
    Removing car_control.o(i.Turn_About), (60 bytes).
    Removing car_control.o(.data), (4 bytes).
    Removing oled.o(i.IO_Reversal), (196 bytes).
    Removing oled.o(i.OLED_Clear), (48 bytes).
    Removing oled.o(i.OLED_Display_Off), (28 bytes).
    Removing oled.o(i.OLED_Display_On), (28 bytes).
    Removing oled.o(i.OLED_DrawPoint), (104 bytes).
    Removing oled.o(i.OLED_Fill), (58 bytes).
    Removing oled.o(i.OLED_Init), (336 bytes).
    Removing oled.o(i.OLED_Refresh_Gram), (76 bytes).
    Removing oled.o(i.OLED_ShowChar), (268 bytes).
    Removing oled.o(i.OLED_ShowGBK), (184 bytes).
    Removing oled.o(i.OLED_ShowNum), (148 bytes).
    Removing oled.o(i.OLED_ShowString), (94 bytes).
    Removing oled.o(i.OLED_WR_Byte), (124 bytes).
    Removing oled.o(i.mypow), (22 bytes).
    Removing oled.o(.bss), (1024 bytes).
    Removing oled.o(.constdata), (6240 bytes).
    Removing oled.o(.data), (5 bytes).
    Removing uart1.o(i.UART1IntHandler), (204 bytes).
    Removing uart1.o(i.UART1Send), (40 bytes).
    Removing uart1.o(i.USART1_IRQHandler), (232 bytes).
    Removing uart1.o(i.processSliderData), (196 bytes).
    Removing uart1.o(i.uart1_Init), (160 bytes).
    Removing uart1.o(.bss), (10084 bytes).
    Removing uart1.o(.data), (12 bytes).
    Removing state_machine.o(i.Closed_Check), (220 bytes).
    Removing state_machine.o(i.Final_Check), (220 bytes).
    Removing state_machine.o(i.Fork_Check), (20 bytes).
    Removing state_machine.o(i.Line_Check), (216 bytes).
    Removing state_machine.o(i.State_Machine_Main), (564 bytes).
    Removing state_machine.o(.data), (1 bytes).
    Removing track.o(i.Get_Angle_Offset), (40 bytes).
    Removing track.o(i.Get_Distance_Offset), (40 bytes).
    Removing track.o(i.Get_Grayscale_Offset), (292 bytes).
    Removing track.o(i.Line7_Init), (108 bytes).
    Removing track.o(i.Track_Angle_Distance_Control), (72 bytes).
    Removing track.o(i.Track_Direction_Control), (96 bytes).
    Removing track.o(.bss), (108 bytes).
    Removing track.o(.data), (112 bytes).
    Removing uart7.o(i.UART7Send), (40 bytes).
    Removing uart7.o(i.USART7_IRQHandler), (160 bytes).
    Removing uart7.o(i.data_test), (36 bytes).
    Removing uart7.o(i.uart7_Init), (164 bytes).
    Removing uart7.o(.bss), (13 bytes).
    Removing uart7.o(.data), (2 bytes).
    Removing distance.o(i.Ger_Distance_Offset), (28 bytes).
    Removing distance.o(i.Get_Distance), (12 bytes).
    Removing distance.o(i.Track_Direction_Distance_Control), (164 bytes).
    Removing distance.o(.bss), (36 bytes).
    Removing distance.o(.data), (40 bytes).
    Removing dadd.o(.text), (334 bytes).
    Removing ddiv.o(.text), (222 bytes).
    Removing dflti.o(.text), (34 bytes).
    Removing d2f.o(.text), (56 bytes).
    Removing fepilogue.o(.text), (110 bytes).
    Removing dfixul.o(.text), (48 bytes).
    Removing cdrcmple.o(.text), (48 bytes).

547 unused section(s) (total 49101 bytes) removed from the image.

==============================================================================

Image Symbol Table

    Local Symbols

    Symbol Name                              Value     Ov Type        Size  Object(Section)

    RESET                                    0x00000000   Section      648  startup_rvmdk.o(RESET)
    ../clib/../cmprslib/zerorunl.c           0x00000000   Number         0  __dczerorl.o ABSOLUTE
    ../clib/microlib/division.c              0x00000000   Number         0  uidiv.o ABSOLUTE
    ../clib/microlib/division.c              0x00000000   Number         0  uldiv.o ABSOLUTE
    ../clib/microlib/init/entry.s            0x00000000   Number         0  entry5.o ABSOLUTE
    ../clib/microlib/init/entry.s            0x00000000   Number         0  entry7a.o ABSOLUTE
    ../clib/microlib/init/entry.s            0x00000000   Number         0  entry7b.o ABSOLUTE
    ../clib/microlib/init/entry.s            0x00000000   Number         0  entry8a.o ABSOLUTE
    ../clib/microlib/init/entry.s            0x00000000   Number         0  entry8b.o ABSOLUTE
    ../clib/microlib/init/entry.s            0x00000000   Number         0  entry9a.o ABSOLUTE
    ../clib/microlib/init/entry.s            0x00000000   Number         0  entry.o ABSOLUTE
    ../clib/microlib/init/entry.s            0x00000000   Number         0  entry10a.o ABSOLUTE
    ../clib/microlib/init/entry.s            0x00000000   Number         0  entry10b.o ABSOLUTE
    ../clib/microlib/init/entry.s            0x00000000   Number         0  entry11a.o ABSOLUTE
    ../clib/microlib/init/entry.s            0x00000000   Number         0  entry9b.o ABSOLUTE
    ../clib/microlib/init/entry.s            0x00000000   Number         0  entry11b.o ABSOLUTE
    ../clib/microlib/init/entry.s            0x00000000   Number         0  entry2.o ABSOLUTE
    ../clib/microlib/longlong.c              0x00000000   Number         0  llshl.o ABSOLUTE
    ../clib/microlib/longlong.c              0x00000000   Number         0  llsshr.o ABSOLUTE
    ../clib/microlib/longlong.c              0x00000000   Number         0  llushr.o ABSOLUTE
    ../clib/microlib/printf/printf.c         0x00000000   Number         0  printfa.o ABSOLUTE
    ../clib/microlib/printf/printf.c         0x00000000   Number         0  printf7.o ABSOLUTE
    ../clib/microlib/printf/printf.c         0x00000000   Number         0  printf6.o ABSOLUTE
    ../clib/microlib/printf/printf.c         0x00000000   Number         0  printf5.o ABSOLUTE
    ../clib/microlib/printf/printf.c         0x00000000   Number         0  printf4.o ABSOLUTE
    ../clib/microlib/printf/printf.c         0x00000000   Number         0  printf2.o ABSOLUTE
    ../clib/microlib/printf/printf.c         0x00000000   Number         0  printf1.o ABSOLUTE
    ../clib/microlib/printf/printf.c         0x00000000   Number         0  printf0.o ABSOLUTE
    ../clib/microlib/printf/printf.c         0x00000000   Number         0  printfb.o ABSOLUTE
    ../clib/microlib/printf/printf.c         0x00000000   Number         0  printf8.o ABSOLUTE
    ../clib/microlib/printf/printf.c         0x00000000   Number         0  printf3.o ABSOLUTE
    ../clib/microlib/printf/stubs.s          0x00000000   Number         0  stubs.o ABSOLUTE
    ../clib/microlib/stubs.s                 0x00000000   Number         0  iusefp.o ABSOLUTE
    ../clib/microlib/stubs.s                 0x00000000   Number         0  useno.o ABSOLUTE
    ../fplib/microlib/d2f.c                  0x00000000   Number         0  d2f.o ABSOLUTE
    ../fplib/microlib/fpadd.c                0x00000000   Number         0  dadd.o ABSOLUTE
    ../fplib/microlib/fpdiv.c                0x00000000   Number         0  ddiv.o ABSOLUTE
    ../fplib/microlib/fpepilogue.c           0x00000000   Number         0  fepilogue.o ABSOLUTE
    ../fplib/microlib/fpepilogue.c           0x00000000   Number         0  depilogue.o ABSOLUTE
    ../fplib/microlib/fpfix.c                0x00000000   Number         0  dfixul.o ABSOLUTE
    ../fplib/microlib/fpfix.c                0x00000000   Number         0  dfixui.o ABSOLUTE
    ../fplib/microlib/fpflt.c                0x00000000   Number         0  dflti.o ABSOLUTE
    ../fplib/microlib/fpflt.c                0x00000000   Number         0  dfltui.o ABSOLUTE
    ../fplib/microlib/fpmul.c                0x00000000   Number         0  dmul.o ABSOLUTE
    ..\HARDWARE\UART2\uart2.c                0x00000000   Number         0  uart2.o ABSOLUTE
    ..\HARDWARE\adc.c                        0x00000000   Number         0  adc.o ABSOLUTE
    ..\HARDWARE\cpu.c                        0x00000000   Number         0  cpu.o ABSOLUTE
    ..\HARDWARE\fpu.c                        0x00000000   Number         0  fpu.o ABSOLUTE
    ..\HARDWARE\gpio.c                       0x00000000   Number         0  gpio.o ABSOLUTE
    ..\HARDWARE\interrupt.c                  0x00000000   Number         0  interrupt.o ABSOLUTE
    ..\HARDWARE\lcd.c                        0x00000000   Number         0  lcd.o ABSOLUTE
    ..\HARDWARE\pwm.c                        0x00000000   Number         0  pwm.o ABSOLUTE
    ..\HARDWARE\qei.c                        0x00000000   Number         0  qei.o ABSOLUTE
    ..\HARDWARE\sysctl.c                     0x00000000   Number         0  sysctl.o ABSOLUTE
    ..\HARDWARE\sysexc.c                     0x00000000   Number         0  sysexc.o ABSOLUTE
    ..\HARDWARE\systick.c                    0x00000000   Number         0  systick.o ABSOLUTE
    ..\HARDWARE\timer.c                      0x00000000   Number         0  timer.o ABSOLUTE
    ..\HARDWARE\uart.c                       0x00000000   Number         0  uart.o ABSOLUTE
    ..\HARDWARE\udma.c                       0x00000000   Number         0  udma.o ABSOLUTE
    ..\PERIPHERAL\CAR_CONTROL\car_control.c  0x00000000   Number         0  car_control.o ABSOLUTE
    ..\PERIPHERAL\CCD\ccd.c                  0x00000000   Number         0  ccd.o ABSOLUTE
    ..\PERIPHERAL\CONTROL\control.c          0x00000000   Number         0  control.o ABSOLUTE
    ..\PERIPHERAL\DISTANCE\distance.c        0x00000000   Number         0  distance.o ABSOLUTE
    ..\PERIPHERAL\ENCONDER\encoder.c         0x00000000   Number         0  encoder.o ABSOLUTE
    ..\PERIPHERAL\GYRO_U5\gyro_u5.c          0x00000000   Number         0  gyro_u5.o ABSOLUTE
    ..\PERIPHERAL\KEY\key.c                  0x00000000   Number         0  key.o ABSOLUTE
    ..\PERIPHERAL\MOTOR\motor.c              0x00000000   Number         0  motor.o ABSOLUTE
    ..\PERIPHERAL\MYMATH\mymath.c            0x00000000   Number         0  mymath.o ABSOLUTE
    ..\PERIPHERAL\MY_ADC\my_adc.c            0x00000000   Number         0  my_adc.o ABSOLUTE
    ..\PERIPHERAL\MY_TIMER\my_timer.c        0x00000000   Number         0  my_timer.o ABSOLUTE
    ..\PERIPHERAL\OLED\oled.c                0x00000000   Number         0  oled.o ABSOLUTE
    ..\PERIPHERAL\PID\pid.c                  0x00000000   Number         0  pid.o ABSOLUTE
    ..\PERIPHERAL\RGB\rgb.c                  0x00000000   Number         0  rgb.o ABSOLUTE
    ..\PERIPHERAL\SERVO\servo.c              0x00000000   Number         0  servo.o ABSOLUTE
    ..\PERIPHERAL\STATA_MACHINE\State_Machine.c 0x00000000   Number         0  state_machine.o ABSOLUTE
    ..\PERIPHERAL\TRACK\track.c              0x00000000   Number         0  track.o ABSOLUTE
    ..\PERIPHERAL\UART0\uart0.c              0x00000000   Number         0  uart0.o ABSOLUTE
    ..\PERIPHERAL\UART1\uart1.c              0x00000000   Number         0  uart1.o ABSOLUTE
    ..\PERIPHERAL\UART7\uart7.c              0x00000000   Number         0  uart7.o ABSOLUTE
    ..\SYSTEM\cpu_usage.c                    0x00000000   Number         0  cpu_usage.o ABSOLUTE
    ..\SYSTEM\uartstdio.c                    0x00000000   Number         0  uartstdio.o ABSOLUTE
    ..\SYSTEM\ustdlib.c                      0x00000000   Number         0  ustdlib.o ABSOLUTE
    ..\\HARDWARE\\cpu.c                      0x00000000   Number         0  cpu.o ABSOLUTE
    ..\\HARDWARE\\sysctl.c                   0x00000000   Number         0  sysctl.o ABSOLUTE
    TEST.c                                   0x00000000   Number         0  test.o ABSOLUTE
    cdrcmple.s                               0x00000000   Number         0  cdrcmple.o ABSOLUTE
    dc.s                                     0x00000000   Number         0  dc.o ABSOLUTE
    handlers.s                               0x00000000   Number         0  handlers.o ABSOLUTE
    init.s                                   0x00000000   Number         0  init.o ABSOLUTE
    startup_rvmdk.S                          0x00000000   Number         0  startup_rvmdk.o ABSOLUTE
    $v0                                      0x0000026c   Number         0  startup_rvmdk.o(RESET)
    NmiSR                                    0x00000281   Thumb Code     0  startup_rvmdk.o(RESET)
    FaultISR                                 0x00000283   Thumb Code     0  startup_rvmdk.o(RESET)
    IntDefaultHandler                        0x00000285   Thumb Code     0  startup_rvmdk.o(RESET)
    .ARM.Collect$$$$00000000                 0x00000288   Section        0  entry.o(.ARM.Collect$$$$00000000)
    .ARM.Collect$$$$00000001                 0x00000288   Section        4  entry2.o(.ARM.Collect$$$$00000001)
    .ARM.Collect$$$$00000004                 0x0000028c   Section        4  entry5.o(.ARM.Collect$$$$00000004)
    .ARM.Collect$$$$00000008                 0x00000290   Section        0  entry7b.o(.ARM.Collect$$$$00000008)
    .ARM.Collect$$$$0000000A                 0x00000290   Section        0  entry8b.o(.ARM.Collect$$$$0000000A)
    .ARM.Collect$$$$0000000B                 0x00000290   Section        8  entry9a.o(.ARM.Collect$$$$0000000B)
    .ARM.Collect$$$$0000000D                 0x00000298   Section        0  entry10a.o(.ARM.Collect$$$$0000000D)
    .ARM.Collect$$$$0000000F                 0x00000298   Section        0  entry11a.o(.ARM.Collect$$$$0000000F)
    .ARM.Collect$$$$00002712                 0x00000298   Section        4  entry2.o(.ARM.Collect$$$$00002712)
    __lit__00000000                          0x00000298   Data           4  entry2.o(.ARM.Collect$$$$00002712)
    .text                                    0x0000029c   Section        0  dmul.o(.text)
    .text                                    0x00000380   Section        0  dfltui.o(.text)
    .text                                    0x0000039a   Section        0  dfixui.o(.text)
    .text                                    0x000003cc   Section        0  llshl.o(.text)
    .text                                    0x000003ea   Section        0  llushr.o(.text)
    .text                                    0x0000040a   Section        0  depilogue.o(.text)
    .text                                    0x0000040a   Section        0  iusefp.o(.text)
    .text                                    0x000004c4   Section       36  init.o(.text)
    .text                                    0x000004e8   Section        0  __dczerorl.o(.text)
    i.GPIOPinWrite                           0x00000522   Section        0  gpio.o(i.GPIOPinWrite)
    i.IntEnable                              0x0000052c   Section        0  interrupt.o(i.IntEnable)
    i.IntRegister                            0x000005a0   Section        0  interrupt.o(i.IntRegister)
    i.Motor_Init                             0x000005dc   Section        0  motor.o(i.Motor_Init)
    i.PWMOutputInvert                        0x000008a8   Section        0  pwm.o(i.PWMOutputInvert)
    i.RGB_Init                               0x000008bc   Section        0  rgb.o(i.RGB_Init)
    i.SysCtlPeripheralReady                  0x000008ec   Section        0  sysctl.o(i.SysCtlPeripheralReady)
    i.UART0_IRQHandler                       0x00000924   Section        0  uart0.o(i.UART0_IRQHandler)
    i.UARTIntRegister                        0x00000926   Section        0  uart.o(i.UARTIntRegister)
    i.UARTStdioConfig                        0x00000944   Section        0  uartstdio.o(i.UARTStdioConfig)
    i._UARTIntNumberGet                      0x000009b0   Section        0  uart.o(i._UARTIntNumberGet)
    _UARTIntNumberGet                        0x000009b1   Thumb Code    56  uart.o(i._UARTIntNumberGet)
    i.__scatterload_copy                     0x000009fc   Section       14  handlers.o(i.__scatterload_copy)
    i.__scatterload_null                     0x00000a0a   Section        2  handlers.o(i.__scatterload_null)
    i.__scatterload_zeroinit                 0x00000a0c   Section       14  handlers.o(i.__scatterload_zeroinit)
    i.main                                   0x00000a1c   Section        0  test.o(i.main)
    i.uart0_Init                             0x00000a5c   Section        0  uart0.o(i.uart0_Init)
    .constdata                               0x00000b14   Section       28  uartstdio.o(.constdata)
    g_pcHex                                  0x00000b14   Data           4  uartstdio.o(.constdata)
    g_ui32UARTBase                           0x00000b18   Data          12  uartstdio.o(.constdata)
    g_ui32UARTPeriph                         0x00000b24   Data          12  uartstdio.o(.constdata)
    .constdata                               0x00000b30   Section      268  interrupt.o(.constdata)
    g_pui32Priority                          0x00000b30   Data          32  interrupt.o(.constdata)
    g_pui32Regs                              0x00000b50   Data         156  interrupt.o(.constdata)
    g_pui32EnRegs                            0x00000bec   Data          20  interrupt.o(.constdata)
    g_pui32Dii16Regs                         0x00000c00   Data          20  interrupt.o(.constdata)
    g_pui32PendRegs                          0x00000c14   Data          20  interrupt.o(.constdata)
    g_pui32UnpendRegs                        0x00000c28   Data          20  interrupt.o(.constdata)
    .constdata                               0x00000c3c   Section      128  uart.o(.constdata)
    g_ppui32UARTIntMap                       0x00000c3c   Data          64  uart.o(.constdata)
    g_ppui32UARTIntMapSnowflake              0x00000c7c   Data          64  uart.o(.constdata)
    .conststring                             0x00000cbc   Section       17  uartstdio.o(.conststring)
    .data                                    0x20000000   Section        5  uartstdio.o(.data)
    g_ui32Base                               0x20000000   Data           4  uartstdio.o(.data)
    bLastWasCR                               0x20000004   Data           1  uartstdio.o(.data)
    vtable                                   0x20000400   Section      620  interrupt.o(vtable)
    g_pfnRAMVectors                          0x20000400   Data         620  interrupt.o(vtable)
    STACK                                    0x20000670   Section     1024  startup_rvmdk.o(STACK)
    StackMem                                 0x20000670   Data           0  startup_rvmdk.o(STACK)

    Global Symbols

    Symbol Name                              Value     Ov Type        Size  Object(Section)

    BuildAttributes$$THM_ISAv4$E$P$D$K$B$S$7EM$VFPi3$EXTD16$VFPS$VFMA$PE$A:L22UL41UL21$X:L11$S22US41US21$IEEE1$IW$USESV6$~STKCKD$USESV7$~SHL$OTIME$ROPI$EBA8$MICROLIB$REQ8$PRES8$EABIv2 0x00000000   Number         0  anon$$obj.o ABSOLUTE
    __ARM_use_no_argv                        0x00000000   Number         0  test.o ABSOLUTE
    __Vectors                                0x00000000   Data           0  startup_rvmdk.o(RESET)
    __use_no_errno                           0x00000000   Number         0  useno.o ABSOLUTE
    __use_no_exception_handling              0x00000000   Number         0  useno.o ABSOLUTE
    __use_no_fp                              0x00000000   Number         0  useno.o ABSOLUTE
    __use_no_heap                            0x00000000   Number         0  useno.o ABSOLUTE
    __use_no_heap_region                     0x00000000   Number         0  useno.o ABSOLUTE
    __use_no_semihosting                     0x00000000   Number         0  useno.o ABSOLUTE
    __use_no_semihosting_swi                 0x00000000   Number         0  useno.o ABSOLUTE
    __use_no_signal_handling                 0x00000000   Number         0  useno.o ABSOLUTE
    _printf_a                                0x00000000   Number         0  stubs.o ABSOLUTE
    _printf_c                                0x00000000   Number         0  stubs.o ABSOLUTE
    _printf_charcount                        0x00000000   Number         0  stubs.o ABSOLUTE
    _printf_d                                0x00000000   Number         0  stubs.o ABSOLUTE
    _printf_e                                0x00000000   Number         0  stubs.o ABSOLUTE
    _printf_f                                0x00000000   Number         0  stubs.o ABSOLUTE
    _printf_flags                            0x00000000   Number         0  stubs.o ABSOLUTE
    _printf_fp_dec                           0x00000000   Number         0  stubs.o ABSOLUTE
    _printf_fp_hex                           0x00000000   Number         0  stubs.o ABSOLUTE
    _printf_g                                0x00000000   Number         0  stubs.o ABSOLUTE
    _printf_i                                0x00000000   Number         0  stubs.o ABSOLUTE
    _printf_int_dec                          0x00000000   Number         0  stubs.o ABSOLUTE
    _printf_l                                0x00000000   Number         0  stubs.o ABSOLUTE
    _printf_lc                               0x00000000   Number         0  stubs.o ABSOLUTE
    _printf_ll                               0x00000000   Number         0  stubs.o ABSOLUTE
    _printf_lld                              0x00000000   Number         0  stubs.o ABSOLUTE
    _printf_lli                              0x00000000   Number         0  stubs.o ABSOLUTE
    _printf_llo                              0x00000000   Number         0  stubs.o ABSOLUTE
    _printf_llu                              0x00000000   Number         0  stubs.o ABSOLUTE
    _printf_llx                              0x00000000   Number         0  stubs.o ABSOLUTE
    _printf_longlong_dec                     0x00000000   Number         0  stubs.o ABSOLUTE
    _printf_longlong_hex                     0x00000000   Number         0  stubs.o ABSOLUTE
    _printf_longlong_oct                     0x00000000   Number         0  stubs.o ABSOLUTE
    _printf_ls                               0x00000000   Number         0  stubs.o ABSOLUTE
    _printf_mbtowc                           0x00000000   Number         0  stubs.o ABSOLUTE
    _printf_n                                0x00000000   Number         0  stubs.o ABSOLUTE
    _printf_o                                0x00000000   Number         0  stubs.o ABSOLUTE
    _printf_p                                0x00000000   Number         0  stubs.o ABSOLUTE
    _printf_percent                          0x00000000   Number         0  stubs.o ABSOLUTE
    _printf_pre_padding                      0x00000000   Number         0  stubs.o ABSOLUTE
    _printf_return_value                     0x00000000   Number         0  stubs.o ABSOLUTE
    _printf_s                                0x00000000   Number         0  stubs.o ABSOLUTE
    _printf_sizespec                         0x00000000   Number         0  stubs.o ABSOLUTE
    _printf_str                              0x00000000   Number         0  stubs.o ABSOLUTE
    _printf_truncate_signed                  0x00000000   Number         0  stubs.o ABSOLUTE
    _printf_truncate_unsigned                0x00000000   Number         0  stubs.o ABSOLUTE
    _printf_u                                0x00000000   Number         0  stubs.o ABSOLUTE
    _printf_wc                               0x00000000   Number         0  stubs.o ABSOLUTE
    _printf_wctomb                           0x00000000   Number         0  stubs.o ABSOLUTE
    _printf_widthprec                        0x00000000   Number         0  stubs.o ABSOLUTE
    _printf_x                                0x00000000   Number         0  stubs.o ABSOLUTE
    __cpp_initialize__aeabi_                  - Undefined Weak Reference
    __cxa_finalize                            - Undefined Weak Reference
    _clock_init                               - Undefined Weak Reference
    _microlib_exit                            - Undefined Weak Reference
    Reset_Handler                            0x0000026d   Thumb Code     0  startup_rvmdk.o(RESET)
    __main                                   0x00000289   Thumb Code     0  entry.o(.ARM.Collect$$$$00000000)
    _main_stk                                0x00000289   Thumb Code     0  entry2.o(.ARM.Collect$$$$00000001)
    _main_scatterload                        0x0000028d   Thumb Code     0  entry5.o(.ARM.Collect$$$$00000004)
    __main_after_scatterload                 0x00000291   Thumb Code     0  entry5.o(.ARM.Collect$$$$00000004)
    _main_clock                              0x00000291   Thumb Code     0  entry7b.o(.ARM.Collect$$$$00000008)
    _main_cpp_init                           0x00000291   Thumb Code     0  entry8b.o(.ARM.Collect$$$$0000000A)
    _main_init                               0x00000291   Thumb Code     0  entry9a.o(.ARM.Collect$$$$0000000B)
    __rt_final_cpp                           0x00000299   Thumb Code     0  entry10a.o(.ARM.Collect$$$$0000000D)
    __rt_final_exit                          0x00000299   Thumb Code     0  entry11a.o(.ARM.Collect$$$$0000000F)
    __aeabi_dmul                             0x0000029d   Thumb Code   228  dmul.o(.text)
    __aeabi_ui2d                             0x00000381   Thumb Code    26  dfltui.o(.text)
    __aeabi_d2uiz                            0x0000039b   Thumb Code    50  dfixui.o(.text)
    __aeabi_llsl                             0x000003cd   Thumb Code    30  llshl.o(.text)
    _ll_shift_l                              0x000003cd   Thumb Code     0  llshl.o(.text)
    __aeabi_llsr                             0x000003eb   Thumb Code    32  llushr.o(.text)
    _ll_ushift_r                             0x000003eb   Thumb Code     0  llushr.o(.text)
    __I$use$fp                               0x0000040b   Thumb Code     0  iusefp.o(.text)
    _double_round                            0x0000040b   Thumb Code    30  depilogue.o(.text)
    _double_epilogue                         0x00000429   Thumb Code   156  depilogue.o(.text)
    __scatterload                            0x000004c5   Thumb Code    28  init.o(.text)
    __scatterload_rt2                        0x000004c5   Thumb Code     0  init.o(.text)
    __decompress                             0x000004e9   Thumb Code     0  __dczerorl.o(.text)
    __decompress0                            0x000004e9   Thumb Code    58  __dczerorl.o(.text)
    GPIOPinWrite                             0x00000523   Thumb Code    10  gpio.o(i.GPIOPinWrite)
    IntEnable                                0x0000052d   Thumb Code   108  interrupt.o(i.IntEnable)
    IntRegister                              0x000005a1   Thumb Code    52  interrupt.o(i.IntRegister)
    Motor_Init                               0x000005dd   Thumb Code   676  motor.o(i.Motor_Init)
    PWMOutputInvert                          0x000008a9   Thumb Code    20  pwm.o(i.PWMOutputInvert)
    RGB_Init                                 0x000008bd   Thumb Code    40  rgb.o(i.RGB_Init)
    SysCtlPeripheralReady                    0x000008ed   Thumb Code    52  sysctl.o(i.SysCtlPeripheralReady)
    UART0_IRQHandler                         0x00000925   Thumb Code     2  uart0.o(i.UART0_IRQHandler)
    UARTIntRegister                          0x00000927   Thumb Code    30  uart.o(i.UARTIntRegister)
    UARTStdioConfig                          0x00000945   Thumb Code    96  uartstdio.o(i.UARTStdioConfig)
    __scatterload_copy                       0x000009fd   Thumb Code    14  handlers.o(i.__scatterload_copy)
    __scatterload_null                       0x00000a0b   Thumb Code     2  handlers.o(i.__scatterload_null)
    __scatterload_zeroinit                   0x00000a0d   Thumb Code    14  handlers.o(i.__scatterload_zeroinit)
    main                                     0x00000a1d   Thumb Code    54  test.o(i.main)
    uart0_Init                               0x00000a5d   Thumb Code   168  uart0.o(i.uart0_Init)
    Region$$Table$$Base                      0x00000cd0   Number         0  anon$$obj.o(Region$$Table)
    Region$$Table$$Limit                     0x00000cf0   Number         0  anon$$obj.o(Region$$Table)
    __initial_sp                             0x20000a70   Data           0  startup_rvmdk.o(STACK)



==============================================================================

Memory Map of the image

  Image Entry point : 0x0000026d

  Load Region LR_IROM1 (Base: 0x00000000, Size: 0x0000135c, Max: 0x00040000, ABSOLUTE, COMPRESSED[0x00000d00])

    Execution Region ER_IROM1 (Exec base: 0x00000000, Load base: 0x00000000, Size: 0x00000cf0, Max: 0x00040000, ABSOLUTE)

    Exec Addr    Load Addr    Size         Type   Attr      Idx    E Section Name        Object

    0x00000000   0x00000000   0x00000288   Code   RO            3  * RESET               startup_rvmdk.o
    0x00000288   0x00000288   0x00000000   Code   RO         3764  * .ARM.Collect$$$$00000000  mc_w.l(entry.o)
    0x00000288   0x00000288   0x00000004   Code   RO         4042    .ARM.Collect$$$$00000001  mc_w.l(entry2.o)
    0x0000028c   0x0000028c   0x00000004   Code   RO         4045    .ARM.Collect$$$$00000004  mc_w.l(entry5.o)
    0x00000290   0x00000290   0x00000000   Code   RO         4047    .ARM.Collect$$$$00000008  mc_w.l(entry7b.o)
    0x00000290   0x00000290   0x00000000   Code   RO         4049    .ARM.Collect$$$$0000000A  mc_w.l(entry8b.o)
    0x00000290   0x00000290   0x00000008   Code   RO         4050    .ARM.Collect$$$$0000000B  mc_w.l(entry9a.o)
    0x00000298   0x00000298   0x00000000   Code   RO         4052    .ARM.Collect$$$$0000000D  mc_w.l(entry10a.o)
    0x00000298   0x00000298   0x00000000   Code   RO         4054    .ARM.Collect$$$$0000000F  mc_w.l(entry11a.o)
    0x00000298   0x00000298   0x00000004   Code   RO         4043    .ARM.Collect$$$$00002712  mc_w.l(entry2.o)
    0x0000029c   0x0000029c   0x000000e4   Code   RO         4030    .text               mf_w.l(dmul.o)
    0x00000380   0x00000380   0x0000001a   Code   RO         4036    .text               mf_w.l(dfltui.o)
    0x0000039a   0x0000039a   0x00000032   Code   RO         4038    .text               mf_w.l(dfixui.o)
    0x000003cc   0x000003cc   0x0000001e   Code   RO         4060    .text               mc_w.l(llshl.o)
    0x000003ea   0x000003ea   0x00000020   Code   RO         4062    .text               mc_w.l(llushr.o)
    0x0000040a   0x0000040a   0x00000000   Code   RO         4066    .text               mc_w.l(iusefp.o)
    0x0000040a   0x0000040a   0x000000ba   Code   RO         4069    .text               mf_w.l(depilogue.o)
    0x000004c4   0x000004c4   0x00000024   Code   RO         4075    .text               mc_w.l(init.o)
    0x000004e8   0x000004e8   0x0000003a   Code   RO         4085    .text               mc_w.l(__dczerorl.o)
    0x00000522   0x00000522   0x0000000a   Code   RO          510    i.GPIOPinWrite      gpio.o
    0x0000052c   0x0000052c   0x00000074   Code   RO          771    i.IntEnable         interrupt.o
    0x000005a0   0x000005a0   0x0000003c   Code   RO          783    i.IntRegister       interrupt.o
    0x000005dc   0x000005dc   0x000002cc   Code   RO         3015    i.Motor_Init        motor.o
    0x000008a8   0x000008a8   0x00000014   Code   RO         2111    i.PWMOutputInvert   pwm.o
    0x000008bc   0x000008bc   0x00000030   Code   RO         2917    i.RGB_Init          rgb.o
    0x000008ec   0x000008ec   0x00000038   Code   RO         1716    i.SysCtlPeripheralReady  sysctl.o
    0x00000924   0x00000924   0x00000002   Code   RO         2967    i.UART0_IRQHandler  uart0.o
    0x00000926   0x00000926   0x0000001e   Code   RO          980    i.UARTIntRegister   uart.o
    0x00000944   0x00000944   0x0000006c   Code   RO            9    i.UARTStdioConfig   uartstdio.o
    0x000009b0   0x000009b0   0x0000004c   Code   RO          997    i._UARTIntNumberGet  uart.o
    0x000009fc   0x000009fc   0x0000000e   Code   RO         4079    i.__scatterload_copy  mc_w.l(handlers.o)
    0x00000a0a   0x00000a0a   0x00000002   Code   RO         4080    i.__scatterload_null  mc_w.l(handlers.o)
    0x00000a0c   0x00000a0c   0x0000000e   Code   RO         4081    i.__scatterload_zeroinit  mc_w.l(handlers.o)
    0x00000a1a   0x00000a1a   0x00000002   PAD
    0x00000a1c   0x00000a1c   0x00000040   Code   RO          241    i.main              test.o
    0x00000a5c   0x00000a5c   0x000000b8   Code   RO         2970    i.uart0_Init        uart0.o
    0x00000b14   0x00000b14   0x0000001c   Data   RO           15    .constdata          uartstdio.o
    0x00000b30   0x00000b30   0x0000010c   Data   RO          787    .constdata          interrupt.o
    0x00000c3c   0x00000c3c   0x00000080   Data   RO          998    .constdata          uart.o
    0x00000cbc   0x00000cbc   0x00000011   Data   RO           16    .conststring        uartstdio.o
    0x00000ccd   0x00000ccd   0x00000003   PAD
    0x00000cd0   0x00000cd0   0x00000020   Data   RO         4077    Region$$Table       anon$$obj.o


    Execution Region RW_IRAM1 (Exec base: 0x20000000, Load base: 0x00000cf0, Size: 0x00000a70, Max: 0x00008000, ABSOLUTE, COMPRESSED[0x00000010])

    Exec Addr    Load Addr    Size         Type   Attr      Idx    E Section Name        Object

    0x20000000   COMPRESSED   0x00000005   Data   RW           17    .data               uartstdio.o
    0x20000005   COMPRESSED   0x000003fb   PAD
    0x20000400   COMPRESSED   0x0000026c   Data   RW          788    vtable              interrupt.o
    0x2000066c   COMPRESSED   0x00000004   PAD
    0x20000670        -       0x00000400   Zero   RW            1    STACK               startup_rvmdk.o


==============================================================================

Image component sizes


      Code (inc. data)   RO Data    RW Data    ZI Data      Debug   Object Name

        10          0          0          0          0        559   gpio.o
       176         16        268        620          0       2106   interrupt.o
       716         40          0          0          0        685   motor.o
        20          0          0          0          0        586   pwm.o
        48          8          0          0          0        471   rgb.o
       648        622          0          0       1024        268   startup_rvmdk.o
        56          4          0          0          0        584   sysctl.o
        64         10          0          0          0        459   test.o
       106         20        128          0          0       2162   uart.o
       186         16          0          0          0       1092   uart0.o
       108         12         45          5          0       6729   uartstdio.o

    ----------------------------------------------------------------------
      2138        748        476       1644       1028      15701   Object Totals
         0          0         32          0          0          0   (incl. Generated)
         0          0          3       1019          4          0   (incl. Padding)

    ----------------------------------------------------------------------

      Code (inc. data)   RO Data    RW Data    ZI Data      Debug   Library Member Name

        58          0          0          0          0          0   __dczerorl.o
         0          0          0          0          0          0   entry.o
         0          0          0          0          0          0   entry10a.o
         0          0          0          0          0          0   entry11a.o
         8          4          0          0          0          0   entry2.o
         4          0          0          0          0          0   entry5.o
         0          0          0          0          0          0   entry7b.o
         0          0          0          0          0          0   entry8b.o
         8          4          0          0          0          0   entry9a.o
        30          0          0          0          0          0   handlers.o
        36          8          0          0          0         68   init.o
         0          0          0          0          0          0   iusefp.o
        30          0          0          0          0         68   llshl.o
        32          0          0          0          0         68   llushr.o
       186          0          0          0          0        176   depilogue.o
        50          0          0          0          0         76   dfixui.o
        26          0          0          0          0         76   dfltui.o
       228          0          0          0          0         96   dmul.o

    ----------------------------------------------------------------------
       698         16          0          0          0        628   Library Totals
         2          0          0          0          0          0   (incl. Padding)

    ----------------------------------------------------------------------

      Code (inc. data)   RO Data    RW Data    ZI Data      Debug   Library Name

       206         16          0          0          0        204   mc_w.l
       490          0          0          0          0        424   mf_w.l

    ----------------------------------------------------------------------
       698         16          0          0          0        628   Library Totals

    ----------------------------------------------------------------------

==============================================================================


      Code (inc. data)   RO Data    RW Data    ZI Data      Debug   

      2836        764        476       1644       1028      15353   Grand Totals
      2836        764        476         16       1028      15353   ELF Image Totals (compressed)
      2836        764        476         16          0          0   ROM Totals

==============================================================================

    Total RO  Size (Code + RO Data)                 3312 (   3.23kB)
    Total RW  Size (RW Data + ZI Data)              2672 (   2.61kB)
    Total ROM Size (Code + RO Data + RW Data)       3328 (   3.25kB)

==============================================================================

