Component: Arm Compiler for Embedded 6.21 Tool: armlink [5ec1fa00]

==============================================================================

Section Cross References

    main.o(.text.main) refers to ti_msp_dl_config.o(.text.SYSCFG_DL_init) for SYSCFG_DL_init
    main.o(.text.main) refers to led.o(.text.led_init) for led_init
    main.o(.text.main) refers to oled_spi0.o(.text.OLED_Init) for OLED_Init
    main.o(.text.main) refers to key.o(.text.key_init) for key_init
    main.o(.text.main) refers to uart0.o(.text.uart0_init) for uart0_init
    main.o(.text.main) refers to uart3.o(.text.uart3_init) for uart3_init
    main.o(.text.main) refers to tima0_pwm.o(.text.tima0_pwm_init) for tima0_pwm_init
    main.o(.text.main) refers to oled_spi0.o(.text.OLED_Clear) for OLED_Clear
    main.o(.text.main) refers to oled_spi0.o(.text.OLED_ShowString) for OLED_ShowString
    main.o(.text.main) refers to delay.o(.text.delay_ms) for delay_ms
    main.o(.text.main) refers to dl_timer.o(.text.DL_Timer_setCaptureCompareValue) for DL_Timer_setCaptureCompareValue
    main.o(.ARM.exidx.text.main) refers to main.o(.text.main) for [Anonymous Symbol]
    ti_msp_dl_config.o(.text.SYSCFG_DL_init) refers to ti_msp_dl_config.o(.text.SYSCFG_DL_initPower) for SYSCFG_DL_initPower
    ti_msp_dl_config.o(.text.SYSCFG_DL_init) refers to ti_msp_dl_config.o(.text.SYSCFG_DL_GPIO_init) for SYSCFG_DL_GPIO_init
    ti_msp_dl_config.o(.text.SYSCFG_DL_init) refers to ti_msp_dl_config.o(.text.SYSCFG_DL_SYSCTL_init) for SYSCFG_DL_SYSCTL_init
    ti_msp_dl_config.o(.ARM.exidx.text.SYSCFG_DL_init) refers to ti_msp_dl_config.o(.text.SYSCFG_DL_init) for [Anonymous Symbol]
    ti_msp_dl_config.o(.text.SYSCFG_DL_initPower) refers to dl_common.o(.text.DL_Common_delayCycles) for DL_Common_delayCycles
    ti_msp_dl_config.o(.ARM.exidx.text.SYSCFG_DL_initPower) refers to ti_msp_dl_config.o(.text.SYSCFG_DL_initPower) for [Anonymous Symbol]
    ti_msp_dl_config.o(.ARM.exidx.text.SYSCFG_DL_GPIO_init) refers to ti_msp_dl_config.o(.text.SYSCFG_DL_GPIO_init) for [Anonymous Symbol]
    ti_msp_dl_config.o(.text.SYSCFG_DL_SYSCTL_init) refers to dl_sysctl_mspm0g1x0x_g3x0x.o(.text.DL_SYSCTL_switchMCLKfromLFCLKtoSYSOSC) for DL_SYSCTL_switchMCLKfromLFCLKtoSYSOSC
    ti_msp_dl_config.o(.text.SYSCFG_DL_SYSCTL_init) refers to dl_sysctl_mspm0g1x0x_g3x0x.o(.text.DL_SYSCTL_configSYSPLL) for DL_SYSCTL_configSYSPLL
    ti_msp_dl_config.o(.text.SYSCFG_DL_SYSCTL_init) refers to dl_sysctl_mspm0g1x0x_g3x0x.o(.text.DL_SYSCTL_switchMCLKfromSYSOSCtoHSCLK) for DL_SYSCTL_switchMCLKfromSYSOSCtoHSCLK
    ti_msp_dl_config.o(.text.SYSCFG_DL_SYSCTL_init) refers to ti_msp_dl_config.o(.rodata.gSYSPLLConfig) for [Anonymous Symbol]
    ti_msp_dl_config.o(.ARM.exidx.text.SYSCFG_DL_SYSCTL_init) refers to ti_msp_dl_config.o(.text.SYSCFG_DL_SYSCTL_init) for [Anonymous Symbol]
    startup_mspm0g350x_uvision.o(STACK) refers (Special) to heapauxi.o(.text) for __use_two_region_memory
    startup_mspm0g350x_uvision.o(HEAP) refers (Special) to heapauxi.o(.text) for __use_two_region_memory
    startup_mspm0g350x_uvision.o(RESET) refers (Special) to heapauxi.o(.text) for __use_two_region_memory
    startup_mspm0g350x_uvision.o(RESET) refers to startup_mspm0g350x_uvision.o(STACK) for __initial_sp
    startup_mspm0g350x_uvision.o(RESET) refers to startup_mspm0g350x_uvision.o(.text) for Reset_Handler
    startup_mspm0g350x_uvision.o(RESET) refers to key.o(.text.GROUP1_IRQHandler) for GROUP1_IRQHandler
    startup_mspm0g350x_uvision.o(RESET) refers to uart3.o(.text.UART3_IRQHandler) for UART3_IRQHandler
    startup_mspm0g350x_uvision.o(RESET) refers to uart2.o(.text.UART2_IRQHandler) for UART2_IRQHandler
    startup_mspm0g350x_uvision.o(RESET) refers to tim_g0.o(.text.TIMG0_IRQHandler) for TIMG0_IRQHandler
    startup_mspm0g350x_uvision.o(RESET) refers to tim_g6.o(.text.TIMG6_IRQHandler) for TIMG6_IRQHandler
    startup_mspm0g350x_uvision.o(.text) refers (Special) to heapauxi.o(.text) for __use_two_region_memory
    startup_mspm0g350x_uvision.o(.text) refers to __main.o(!!!main) for __main
    startup_mspm0g350x_uvision.o(.text) refers to startup_mspm0g350x_uvision.o(HEAP) for Heap_Mem
    startup_mspm0g350x_uvision.o(.text) refers to startup_mspm0g350x_uvision.o(STACK) for Stack_Mem
    flash.o(.ARM.exidx.text.flash_init) refers to flash.o(.text.flash_init) for [Anonymous Symbol]
    flash.o(.text.flash_u16_write) refers to dl_flashctl.o(.text.DL_FlashCTL_unprotectSector) for DL_FlashCTL_unprotectSector
    flash.o(.text.flash_u16_write) refers to dl_flashctl.o(.text.DL_FlashCTL_eraseMemoryFromRAM) for DL_FlashCTL_eraseMemoryFromRAM
    flash.o(.text.flash_u16_write) refers to dl_flashctl.o(.text.DL_FlashCTL_programMemoryFromRAM16WithECCGenerated) for DL_FlashCTL_programMemoryFromRAM16WithECCGenerated
    flash.o(.ARM.exidx.text.flash_u16_write) refers to flash.o(.text.flash_u16_write) for [Anonymous Symbol]
[...]
    Removing dl_timer.o(.text.DL_Timer_initCompareMode), (172 bytes).
    Removing dl_timer.o(.ARM.exidx.text.DL_Timer_initCompareMode), (8 bytes).
    Removing dl_timer.o(.text.DL_Timer_initCompareTriggerMode), (96 bytes).
    Removing dl_timer.o(.ARM.exidx.text.DL_Timer_initCompareTriggerMode), (8 bytes).
    Removing dl_timer.o(.ARM.exidx.text.DL_Timer_initPWMMode), (8 bytes).
    Removing dl_timer.o(.text.DL_Timer_setCaptureCompareAction), (36 bytes).
    Removing dl_timer.o(.ARM.exidx.text.DL_Timer_setCaptureCompareAction), (8 bytes).
    Removing dl_timer.o(.ARM.exidx.text.DL_Timer_setCaptureCompareOutCtl), (8 bytes).
    Removing dl_timer.o(.text.DL_Timer_getCaptureCompareValue), (16 bytes).
    Removing dl_timer.o(.ARM.exidx.text.DL_Timer_getCaptureCompareValue), (8 bytes).
    Removing dl_timer.o(.text.DL_Timer_getCaptureCompareCtl), (24 bytes).
    Removing dl_timer.o(.ARM.exidx.text.DL_Timer_getCaptureCompareCtl), (8 bytes).
    Removing dl_timer.o(.text.DL_Timer_setSecondCompSrcDn), (28 bytes).
    Removing dl_timer.o(.ARM.exidx.text.DL_Timer_setSecondCompSrcDn), (8 bytes).
    Removing dl_timer.o(.text.DL_Timer_getSecondCompSrcDn), (20 bytes).
    Removing dl_timer.o(.ARM.exidx.text.DL_Timer_getSecondCompSrcDn), (8 bytes).
    Removing dl_timer.o(.text.DL_Timer_setSecondCompSrcUp), (28 bytes).
    Removing dl_timer.o(.ARM.exidx.text.DL_Timer_setSecondCompSrcUp), (8 bytes).
    Removing dl_timer.o(.text.DL_Timer_getSecondCompSrcUp), (20 bytes).
    Removing dl_timer.o(.ARM.exidx.text.DL_Timer_getSecondCompSrcUp), (8 bytes).
    Removing dl_timer.o(.text.DL_Timer_setSecondCompActionDn), (28 bytes).
    Removing dl_timer.o(.ARM.exidx.text.DL_Timer_setSecondCompActionDn), (8 bytes).
    Removing dl_timer.o(.text.DL_Timer_getSecondCompActionDn), (20 bytes).
    Removing dl_timer.o(.ARM.exidx.text.DL_Timer_getSecondCompActionDn), (8 bytes).
    Removing dl_timer.o(.text.DL_Timer_setSecondCompActionUp), (28 bytes).
    Removing dl_timer.o(.ARM.exidx.text.DL_Timer_setSecondCompActionUp), (8 bytes).
    Removing dl_timer.o(.text.DL_Timer_getSecondCompActionUp), (20 bytes).
    Removing dl_timer.o(.ARM.exidx.text.DL_Timer_getSecondCompActionUp), (8 bytes).
    Removing dl_timer.o(.text.DL_Timer_enableSuppressionOfCompEvent), (24 bytes).
    Removing dl_timer.o(.ARM.exidx.text.DL_Timer_enableSuppressionOfCompEvent), (8 bytes).
    Removing dl_timer.o(.text.DL_Timer_disableSuppressionOfCompEvent), (24 bytes).
    Removing dl_timer.o(.ARM.exidx.text.DL_Timer_disableSuppressionOfCompEvent), (8 bytes).
    Removing dl_timer.o(.ARM.exidx.text.DL_Timer_setCaptCompUpdateMethod), (8 bytes).
    Removing dl_timer.o(.text.DL_Timer_getCaptCompUpdateMethod), (20 bytes).
    Removing dl_timer.o(.ARM.exidx.text.DL_Timer_getCaptCompUpdateMethod), (8 bytes).
    Removing dl_timer.o(.text.DL_Timer_getCaptureCompareOutCtl), (16 bytes).
    Removing dl_timer.o(.ARM.exidx.text.DL_Timer_getCaptureCompareOutCtl), (8 bytes).
    Removing dl_timer.o(.text.DL_Timer_getCaptureCompareAction), (24 bytes).
    Removing dl_timer.o(.ARM.exidx.text.DL_Timer_getCaptureCompareAction), (8 bytes).
    Removing dl_timer.o(.text.DL_Timer_overrideCCPOut), (32 bytes).
    Removing dl_timer.o(.ARM.exidx.text.DL_Timer_overrideCCPOut), (8 bytes).
    Removing dl_timer.o(.text.DL_Timer_getCaptureCompareInput), (16 bytes).
    Removing dl_timer.o(.ARM.exidx.text.DL_Timer_getCaptureCompareInput), (8 bytes).
    Removing dl_timer.o(.text.DL_Timer_setCaptureCompareInputFilter), (28 bytes).
    Removing dl_timer.o(.ARM.exidx.text.DL_Timer_setCaptureCompareInputFilter), (8 bytes).
    Removing dl_timer.o(.text.DL_Timer_getCaptureCompareInputFilter), (18 bytes).
    Removing dl_timer.o(.ARM.exidx.text.DL_Timer_getCaptureCompareInputFilter), (8 bytes).
    Removing dl_timer.o(.text.DL_Timer_enableCaptureCompareInputFilter), (20 bytes).
    Removing dl_timer.o(.ARM.exidx.text.DL_Timer_enableCaptureCompareInputFilter), (8 bytes).
    Removing dl_timer.o(.text.DL_Timer_disableCaptureCompareInputFilter), (20 bytes).
    Removing dl_timer.o(.ARM.exidx.text.DL_Timer_disableCaptureCompareInputFilter), (8 bytes).
    Removing dl_timer.o(.text.DL_Timer_isCaptureCompareInputFilterEnabled), (20 bytes).
    Removing dl_timer.o(.ARM.exidx.text.DL_Timer_isCaptureCompareInputFilterEnabled), (8 bytes).
    Removing dl_timer.o(.text.DL_Timer_saveConfiguration), (192 bytes).
    Removing dl_timer.o(.ARM.exidx.text.DL_Timer_saveConfiguration), (8 bytes).
    Removing dl_timer.o(.text.DL_Timer_restoreConfiguration), (196 bytes).
    Removing dl_timer.o(.ARM.exidx.text.DL_Timer_restoreConfiguration), (8 bytes).
    Removing dl_timer.o(.ARM.exidx.text.DL_TimerA_initPWMMode), (8 bytes).
    Removing dl_timer.o(.text.DL_Timer_setFaultSourceConfig), (44 bytes).
    Removing dl_timer.o(.ARM.exidx.text.DL_Timer_setFaultSourceConfig), (8 bytes).
    Removing dl_timer.o(.text.DL_Timer_getFaultSourceConfig), (32 bytes).
    Removing dl_timer.o(.ARM.exidx.text.DL_Timer_getFaultSourceConfig), (8 bytes).
    Removing dl_timer.o(.text.DL_TimerA_saveConfiguration), (264 bytes).
    Removing dl_timer.o(.ARM.exidx.text.DL_TimerA_saveConfiguration), (8 bytes).
    Removing dl_timer.o(.text.DL_TimerA_restoreConfiguration), (276 bytes).
    Removing dl_timer.o(.ARM.exidx.text.DL_TimerA_restoreConfiguration), (8 bytes).
    Removing dl_timer.o(.text.DL_Timer_configQEIHallInputMode), (36 bytes).
    Removing dl_timer.o(.ARM.exidx.text.DL_Timer_configQEIHallInputMode), (8 bytes).
    Removing dl_timer.o(.rodata..Lswitch.table.DL_Timer_initCompareMode), (12 bytes).
    Removing dl_trng.o(.text), (0 bytes).
    Removing dl_trng.o(.text.DL_TRNG_saveConfiguration), (44 bytes).
    Removing dl_trng.o(.ARM.exidx.text.DL_TRNG_saveConfiguration), (8 bytes).
    Removing dl_trng.o(.text.DL_TRNG_restoreConfiguration), (72 bytes).
    Removing dl_trng.o(.ARM.exidx.text.DL_TRNG_restoreConfiguration), (8 bytes).
    Removing dl_uart.o(.text), (0 bytes).
    Removing dl_uart.o(.ARM.exidx.text.DL_UART_init), (8 bytes).
    Removing dl_uart.o(.ARM.exidx.text.DL_UART_setClockConfig), (8 bytes).
    Removing dl_uart.o(.text.DL_UART_getClockConfig), (16 bytes).
    Removing dl_uart.o(.ARM.exidx.text.DL_UART_getClockConfig), (8 bytes).
    Removing dl_uart.o(.text.DL_UART_configBaudRate), (132 bytes).
    Removing dl_uart.o(.ARM.exidx.text.DL_UART_configBaudRate), (8 bytes).
    Removing dl_uart.o(.text.DL_UART_configIrDAMode), (68 bytes).
    Removing dl_uart.o(.ARM.exidx.text.DL_UART_configIrDAMode), (8 bytes).
    Removing dl_uart.o(.text.DL_UART_setIrDAPulseLength), (48 bytes).
    Removing dl_uart.o(.ARM.exidx.text.DL_UART_setIrDAPulseLength), (8 bytes).
    Removing dl_uart.o(.text.DL_UART_receiveDataBlocking), (40 bytes).
    Removing dl_uart.o(.ARM.exidx.text.DL_UART_receiveDataBlocking), (8 bytes).
    Removing dl_uart.o(.text.DL_UART_transmitDataBlocking), (36 bytes).
    Removing dl_uart.o(.ARM.exidx.text.DL_UART_transmitDataBlocking), (8 bytes).
    Removing dl_uart.o(.text.DL_UART_receiveDataCheck), (28 bytes).
    Removing dl_uart.o(.ARM.exidx.text.DL_UART_receiveDataCheck), (8 bytes).
    Removing dl_uart.o(.text.DL_UART_transmitDataCheck), (28 bytes).
    Removing dl_uart.o(.ARM.exidx.text.DL_UART_transmitDataCheck), (8 bytes).
    Removing dl_uart.o(.text.DL_UART_drainRXFIFO), (116 bytes).
    Removing dl_uart.o(.ARM.exidx.text.DL_UART_drainRXFIFO), (8 bytes).
    Removing dl_uart.o(.text.DL_UART_fillTXFIFO), (116 bytes).
    Removing dl_uart.o(.ARM.exidx.text.DL_UART_fillTXFIFO), (8 bytes).
    Removing dl_uart.o(.text.DL_UART_Main_saveConfiguration), (88 bytes).
    Removing dl_uart.o(.ARM.exidx.text.DL_UART_Main_saveConfiguration), (8 bytes).
    Removing dl_uart.o(.text.DL_UART_Main_restoreConfiguration), (120 bytes).
    Removing dl_uart.o(.ARM.exidx.text.DL_UART_Main_restoreConfiguration), (8 bytes).
    Removing dl_uart.o(.text.DL_UART_Extend_saveConfiguration), (104 bytes).
    Removing dl_uart.o(.ARM.exidx.text.DL_UART_Extend_saveConfiguration), (8 bytes).
    Removing dl_uart.o(.text.DL_UART_Extend_restoreConfiguration), (132 bytes).
    Removing dl_uart.o(.ARM.exidx.text.DL_UART_Extend_restoreConfiguration), (8 bytes).
    Removing dl_vref.o(.text), (0 bytes).
    Removing dl_vref.o(.text.DL_VREF_configReference), (32 bytes).
    Removing dl_vref.o(.ARM.exidx.text.DL_VREF_configReference), (8 bytes).
    Removing dl_vref.o(.text.DL_VREF_setClockConfig), (18 bytes).
    Removing dl_vref.o(.ARM.exidx.text.DL_VREF_setClockConfig), (8 bytes).
    Removing dl_vref.o(.text.DL_VREF_getClockConfig), (16 bytes).
    Removing dl_vref.o(.ARM.exidx.text.DL_VREF_getClockConfig), (8 bytes).
    Removing dl_interrupt.o(.text), (0 bytes).
    Removing dl_interrupt.o(.text.DL_Interrupt_registerInterrupt), (144 bytes).
    Removing dl_interrupt.o(.ARM.exidx.text.DL_Interrupt_registerInterrupt), (8 bytes).
    Removing dl_interrupt.o(.text.DL_Interrupt_unregisterInterrupt), (20 bytes).
    Removing dl_interrupt.o(.ARM.exidx.text.DL_Interrupt_unregisterInterrupt), (8 bytes).
    Removing dl_interrupt.o(.vtable), (192 bytes).
    Removing dl_sysctl_mspm0g1x0x_g3x0x.o(.text), (0 bytes).
    Removing dl_sysctl_mspm0g1x0x_g3x0x.o(.ARM.exidx.text.DL_SYSCTL_configSYSPLL), (8 bytes).
    Removing dl_sysctl_mspm0g1x0x_g3x0x.o(.text.DL_SYSCTL_setLFCLKSourceLFXT), (100 bytes).
    Removing dl_sysctl_mspm0g1x0x_g3x0x.o(.ARM.exidx.text.DL_SYSCTL_setLFCLKSourceLFXT), (8 bytes).
    Removing dl_sysctl_mspm0g1x0x_g3x0x.o(.text.DL_SYSCTL_switchMCLKfromSYSOSCtoLFCLK), (80 bytes).
    Removing dl_sysctl_mspm0g1x0x_g3x0x.o(.ARM.exidx.text.DL_SYSCTL_switchMCLKfromSYSOSCtoLFCLK), (8 bytes).
    Removing dl_sysctl_mspm0g1x0x_g3x0x.o(.ARM.exidx.text.DL_SYSCTL_switchMCLKfromLFCLKtoSYSOSC), (8 bytes).
    Removing dl_sysctl_mspm0g1x0x_g3x0x.o(.ARM.exidx.text.DL_SYSCTL_switchMCLKfromSYSOSCtoHSCLK), (8 bytes).
    Removing dl_sysctl_mspm0g1x0x_g3x0x.o(.text.DL_SYSCTL_switchMCLKfromHSCLKtoSYSOSC), (48 bytes).
    Removing dl_sysctl_mspm0g1x0x_g3x0x.o(.ARM.exidx.text.DL_SYSCTL_switchMCLKfromHSCLKtoSYSOSC), (8 bytes).
    Removing dl_sysctl_mspm0g1x0x_g3x0x.o(.text.DL_SYSCTL_setHFCLKSourceHFXT), (96 bytes).
    Removing dl_sysctl_mspm0g1x0x_g3x0x.o(.ARM.exidx.text.DL_SYSCTL_setHFCLKSourceHFXT), (8 bytes).
    Removing dl_sysctl_mspm0g1x0x_g3x0x.o(.text.DL_SYSCTL_setHFCLKSourceHFXTParams), (108 bytes).
    Removing dl_sysctl_mspm0g1x0x_g3x0x.o(.ARM.exidx.text.DL_SYSCTL_setHFCLKSourceHFXTParams), (8 bytes).
    Removing dl_sysctl_mspm0g1x0x_g3x0x.o(.text.DL_SYSCTL_configFCC), (28 bytes).
    Removing dl_sysctl_mspm0g1x0x_g3x0x.o(.ARM.exidx.text.DL_SYSCTL_configFCC), (8 bytes).
    Removing dl_sysctl_mspm0g1x0x_g3x0x.o(.text.DL_SYSCTL_getPowerPolicyRUNSLEEP), (48 bytes).
    Removing dl_sysctl_mspm0g1x0x_g3x0x.o(.ARM.exidx.text.DL_SYSCTL_getPowerPolicyRUNSLEEP), (8 bytes).
    Removing dl_sysctl_mspm0g1x0x_g3x0x.o(.text.DL_SYSCTL_getPowerPolicySTOP), (52 bytes).
    Removing dl_sysctl_mspm0g1x0x_g3x0x.o(.ARM.exidx.text.DL_SYSCTL_getPowerPolicySTOP), (8 bytes).
    Removing dl_sysctl_mspm0g1x0x_g3x0x.o(.text.DL_SYSCTL_getPowerPolicySTANDBY), (40 bytes).
    Removing dl_sysctl_mspm0g1x0x_g3x0x.o(.ARM.exidx.text.DL_SYSCTL_getPowerPolicySTANDBY), (8 bytes).

824 unused section(s) (total 30605 bytes) removed from the image.

==============================================================================

Image Symbol Table

    Local Symbols

    Symbol Name                              Value     Ov Type        Size  Object(Section)

    ../clib/angel/boardlib.s                 0x00000000   Number         0  boardinit1.o ABSOLUTE
    ../clib/angel/boardlib.s                 0x00000000   Number         0  boardinit2.o ABSOLUTE
    ../clib/angel/boardlib.s                 0x00000000   Number         0  boardinit3.o ABSOLUTE
    ../clib/angel/boardlib.s                 0x00000000   Number         0  boardshut.o ABSOLUTE
    ../clib/angel/handlers.s                 0x00000000   Number         0  __scatter_copy.o ABSOLUTE
    ../clib/angel/handlers.s                 0x00000000   Number         0  __scatter_zi.o ABSOLUTE
    ../clib/angel/kernel.s                   0x00000000   Number         0  __rtentry.o ABSOLUTE
    ../clib/angel/kernel.s                   0x00000000   Number         0  __rtentry2.o ABSOLUTE
    ../clib/angel/kernel.s                   0x00000000   Number         0  __rtentry4.o ABSOLUTE
    ../clib/angel/kernel.s                   0x00000000   Number         0  rtexit.o ABSOLUTE
    ../clib/angel/kernel.s                   0x00000000   Number         0  rtexit2.o ABSOLUTE
    ../clib/angel/rt.s                       0x00000000   Number         0  aeabi_idiv0.o ABSOLUTE
    ../clib/angel/rt.s                       0x00000000   Number         0  aeabi_idiv0_sigfpe.o ABSOLUTE
    ../clib/angel/rt.s                       0x00000000   Number         0  rt_div0.o ABSOLUTE
    ../clib/angel/rt.s                       0x00000000   Number         0  rt_raise.o ABSOLUTE
    ../clib/angel/scatterp.s                 0x00000000   Number         0  __scatter.o ABSOLUTE
    ../clib/angel/startup.s                  0x00000000   Number         0  __main.o ABSOLUTE
    ../clib/angel/sys.s                      0x00000000   Number         0  sys_stackheap_outer.o ABSOLUTE
    ../clib/angel/sys.s                      0x00000000   Number         0  libspace.o ABSOLUTE
    ../clib/angel/sys.s                      0x00000000   Number         0  tempstk.o ABSOLUTE
    ../clib/angel/sys.s                      0x00000000   Number         0  use_no_semi.o ABSOLUTE
    ../clib/angel/sys.s                      0x00000000   Number         0  indicate_semi.o ABSOLUTE
    ../clib/angel/sysapp.c                   0x00000000   Number         0  sys_wrch.o ABSOLUTE
    ../clib/angel/sysapp.c                   0x00000000   Number         0  sys_wrch_hlt.o ABSOLUTE
    ../clib/angel/sysapp.c                   0x00000000   Number         0  sys_command.o ABSOLUTE
    ../clib/angel/sysapp.c                   0x00000000   Number         0  sys_command_hlt.o ABSOLUTE
    ../clib/armsys.c                         0x00000000   Number         0  argv_veneer.o ABSOLUTE
    ../clib/armsys.c                         0x00000000   Number         0  _get_argv_nomalloc.o ABSOLUTE
    ../clib/armsys.c                         0x00000000   Number         0  no_argv.o ABSOLUTE
    ../clib/division.s                       0x00000000   Number         0  aeabi_sdivfast.o ABSOLUTE
    ../clib/division.s                       0x00000000   Number         0  aeabi_sdivfast_div0.o ABSOLUTE
    ../clib/heapalloc.c                      0x00000000   Number         0  hrguard.o ABSOLUTE
    ../clib/heapaux.c                        0x00000000   Number         0  heapauxi.o ABSOLUTE
    ../clib/libinit.s                        0x00000000   Number         0  libinit.o ABSOLUTE
    ../clib/libinit.s                        0x00000000   Number         0  libinit2.o ABSOLUTE
    ../clib/libinit.s                        0x00000000   Number         0  libshutdown.o ABSOLUTE
    ../clib/libinit.s                        0x00000000   Number         0  libshutdown2.o ABSOLUTE
    ../clib/memcpset.c                       0x00000000   Number         0  rt_memcpy.o ABSOLUTE
    ../clib/memcpset.c                       0x00000000   Number         0  rt_memcpy.o ABSOLUTE
    ../clib/memcpset.c                       0x00000000   Number         0  rt_memclr.o ABSOLUTE
    ../clib/signal.c                         0x00000000   Number         0  defsig_fpe_outer.o ABSOLUTE
    ../clib/signal.c                         0x00000000   Number         0  defsig_fpe_formal.o ABSOLUTE
    ../clib/signal.c                         0x00000000   Number         0  defsig_exit.o ABSOLUTE
    ../clib/signal.c                         0x00000000   Number         0  defsig_fpe_inner.o ABSOLUTE
    ../clib/signal.c                         0x00000000   Number         0  __raise.o ABSOLUTE
    ../clib/signal.c                         0x00000000   Number         0  defsig_general.o ABSOLUTE
    ../clib/signal.c                         0x00000000   Number         0  defsig_abrt_inner.o ABSOLUTE
    ../clib/signal.c                         0x00000000   Number         0  defsig_rtred_inner.o ABSOLUTE
    ../clib/signal.c                         0x00000000   Number         0  defsig_rtmem_inner.o ABSOLUTE
    ../clib/signal.c                         0x00000000   Number         0  defsig_rtmem_outer.o ABSOLUTE
    ../clib/signal.c                         0x00000000   Number         0  defsig_rtmem_formal.o ABSOLUTE
    ../clib/signal.c                         0x00000000   Number         0  defsig_stak_inner.o ABSOLUTE
    ../clib/signal.c                         0x00000000   Number         0  defsig_pvfn_inner.o ABSOLUTE
    ../clib/signal.c                         0x00000000   Number         0  defsig_cppl_inner.o ABSOLUTE
    ../clib/signal.c                         0x00000000   Number         0  defsig_segv_inner.o ABSOLUTE
    ../clib/signal.c                         0x00000000   Number         0  defsig_other.o ABSOLUTE
    ../clib/signal.s                         0x00000000   Number         0  defsig.o ABSOLUTE
    ../clib/stdlib.c                         0x00000000   Number         0  exit.o ABSOLUTE
    ../clib/string.c                         0x00000000   Number         0  strlen.o ABSOLUTE
    ../fplib/cfplib/cmp.c                    0x00000000   Number         0  fcmp.o ABSOLUTE
    ../fplib/cfplib/cmpret.c                 0x00000000   Number         0  cmpret.o ABSOLUTE
    ../fplib/cfplib/fcmpin.c                 0x00000000   Number         0  fcmpin.o ABSOLUTE
    ../fplib/cfplib/fdiv.c                   0x00000000   Number         0  fdiv.o ABSOLUTE
    ../fplib/cfplib/ffix.c                   0x00000000   Number         0  ffixi.o ABSOLUTE
    ../fplib/cfplib/fflt.c                   0x00000000   Number         0  fflti.o ABSOLUTE
    ../fplib/cfplib/fpinit.c                 0x00000000   Number         0  fpinit.o ABSOLUTE
    ../fplib/cfplib/nan2.c                   0x00000000   Number         0  fnan2.o ABSOLUTE
    ../fplib/cfplib/retnan.c                 0x00000000   Number         0  retnan.o ABSOLUTE
    ../fplib/faddsub6m.s                     0x00000000   Number         0  faddsub.o ABSOLUTE
    ../fplib/feqf6m.s                        0x00000000   Number         0  feqf.o ABSOLUTE
    ../fplib/fgeqf6m.s                       0x00000000   Number         0  fgef.o ABSOLUTE
    ../fplib/fleqf6m.s                       0x00000000   Number         0  flef.o ABSOLUTE
    ../fplib/fmul6m.s                        0x00000000   Number         0  fmul.o ABSOLUTE
    ../fplib/usenofp.s                       0x00000000   Number         0  usenofp.o ABSOLUTE
    Emm_V5.c                                 0x00000000   Number         0  emm_v5.o ABSOLUTE
    control.c                                0x00000000   Number         0  control.o ABSOLUTE
    dc.s                                     0x00000000   Number         0  dc.o ABSOLUTE
    delay.c                                  0x00000000   Number         0  delay.o ABSOLUTE
    dl_adc12.c                               0x00000000   Number         0  dl_adc12.o ABSOLUTE
    dl_aes.c                                 0x00000000   Number         0  dl_aes.o ABSOLUTE
    dl_aesadv.c                              0x00000000   Number         0  dl_aesadv.o ABSOLUTE
    dl_common.c                              0x00000000   Number         0  dl_common.o ABSOLUTE
    dl_crc.c                                 0x00000000   Number         0  dl_crc.o ABSOLUTE
    dl_crcp.c                                0x00000000   Number         0  dl_crcp.o ABSOLUTE
    dl_dac12.c                               0x00000000   Number         0  dl_dac12.o ABSOLUTE
    dl_dma.c                                 0x00000000   Number         0  dl_dma.o ABSOLUTE
    dl_flashctl.c                            0x00000000   Number         0  dl_flashctl.o ABSOLUTE
    dl_i2c.c                                 0x00000000   Number         0  dl_i2c.o ABSOLUTE
    dl_interrupt.c                           0x00000000   Number         0  dl_interrupt.o ABSOLUTE
    dl_keystorectl.c                         0x00000000   Number         0  dl_keystorectl.o ABSOLUTE
    dl_lcd.c                                 0x00000000   Number         0  dl_lcd.o ABSOLUTE
    dl_lfss.c                                0x00000000   Number         0  dl_lfss.o ABSOLUTE
    dl_mathacl.c                             0x00000000   Number         0  dl_mathacl.o ABSOLUTE
    dl_mcan.c                                0x00000000   Number         0  dl_mcan.o ABSOLUTE
    dl_opa.c                                 0x00000000   Number         0  dl_opa.o ABSOLUTE
    dl_rtc_common.c                          0x00000000   Number         0  dl_rtc_common.o ABSOLUTE
    dl_spi.c                                 0x00000000   Number         0  dl_spi.o ABSOLUTE
    dl_sysctl_mspm0g1x0x_g3x0x.c             0x00000000   Number         0  dl_sysctl_mspm0g1x0x_g3x0x.o ABSOLUTE
    dl_timer.c                               0x00000000   Number         0  dl_timer.o ABSOLUTE
    dl_trng.c                                0x00000000   Number         0  dl_trng.o ABSOLUTE
    dl_uart.c                                0x00000000   Number         0  dl_uart.o ABSOLUTE
    dl_vref.c                                0x00000000   Number         0  dl_vref.o ABSOLUTE
    fifo.c                                   0x00000000   Number         0  fifo.o ABSOLUTE
    flash.c                                  0x00000000   Number         0  flash.o ABSOLUTE
    gray.c                                   0x00000000   Number         0  gray.o ABSOLUTE
    key.c                                    0x00000000   Number         0  key.o ABSOLUTE
    keyboard.c                               0x00000000   Number         0  keyboard.o ABSOLUTE
    led.c                                    0x00000000   Number         0  led.o ABSOLUTE
    main.c                                   0x00000000   Number         0  main.o ABSOLUTE
    motor.c                                  0x00000000   Number         0  motor.o ABSOLUTE
    oled_spi0.c                              0x00000000   Number         0  oled_spi0.o ABSOLUTE
    pid.c                                    0x00000000   Number         0  pid.o ABSOLUTE
    spi0.c                                   0x00000000   Number         0  spi0.o ABSOLUTE
    startup_mspm0g350x_uvision.s             0x00000000   Number         0  startup_mspm0g350x_uvision.o ABSOLUTE
    ti_msp_dl_config.c                       0x00000000   Number         0  ti_msp_dl_config.o ABSOLUTE
    tim_g0.c                                 0x00000000   Number         0  tim_g0.o ABSOLUTE
    tim_g6.c                                 0x00000000   Number         0  tim_g6.o ABSOLUTE
    tim_g8_pwm.c                             0x00000000   Number         0  tim_g8_pwm.o ABSOLUTE
    tima0_pwm.c                              0x00000000   Number         0  tima0_pwm.o ABSOLUTE
    uart0.c                                  0x00000000   Number         0  uart0.o ABSOLUTE
    uart1.c                                  0x00000000   Number         0  uart1.o ABSOLUTE
    uart2.c                                  0x00000000   Number         0  uart2.o ABSOLUTE
    uart3.c                                  0x00000000   Number         0  uart3.o ABSOLUTE
    RESET                                    0x00000000   Section      192  startup_mspm0g350x_uvision.o(RESET)
    !!!main                                  0x000000c0   Section        8  __main.o(!!!main)
    !!!scatter                               0x000000c8   Section       84  __scatter.o(!!!scatter)
    !!handler_copy                           0x00000120   Section       26  __scatter_copy.o(!!handler_copy)
    !!handler_null                           0x00000140   Section        2  __scatter.o(!!handler_null)
    !!handler_zi                             0x00000148   Section       28  __scatter_zi.o(!!handler_zi)
    .ARM.Collect$$libinit$$00000000          0x00000164   Section        2  libinit.o(.ARM.Collect$$libinit$$00000000)
    .ARM.Collect$$libinit$$00000002          0x00000166   Section        0  libinit2.o(.ARM.Collect$$libinit$$00000002)
    .ARM.Collect$$libinit$$00000004          0x00000166   Section        0  libinit2.o(.ARM.Collect$$libinit$$00000004)
    .ARM.Collect$$libinit$$00000006          0x00000166   Section        0  libinit2.o(.ARM.Collect$$libinit$$00000006)
    .ARM.Collect$$libinit$$0000000C          0x00000166   Section        0  libinit2.o(.ARM.Collect$$libinit$$0000000C)
    .ARM.Collect$$libinit$$0000000E          0x00000166   Section        0  libinit2.o(.ARM.Collect$$libinit$$0000000E)
    .ARM.Collect$$libinit$$00000010          0x00000166   Section        0  libinit2.o(.ARM.Collect$$libinit$$00000010)
    .ARM.Collect$$libinit$$00000013          0x00000166   Section        0  libinit2.o(.ARM.Collect$$libinit$$00000013)
    .ARM.Collect$$libinit$$00000015          0x00000166   Section        0  libinit2.o(.ARM.Collect$$libinit$$00000015)
    .ARM.Collect$$libinit$$00000017          0x00000166   Section        0  libinit2.o(.ARM.Collect$$libinit$$00000017)
    .ARM.Collect$$libinit$$00000019          0x00000166   Section        0  libinit2.o(.ARM.Collect$$libinit$$00000019)
    .ARM.Collect$$libinit$$0000001B          0x00000166   Section        0  libinit2.o(.ARM.Collect$$libinit$$0000001B)
    .ARM.Collect$$libinit$$0000001D          0x00000166   Section        0  libinit2.o(.ARM.Collect$$libinit$$0000001D)
    .ARM.Collect$$libinit$$0000001F          0x00000166   Section        0  libinit2.o(.ARM.Collect$$libinit$$0000001F)
    .ARM.Collect$$libinit$$00000021          0x00000166   Section        0  libinit2.o(.ARM.Collect$$libinit$$00000021)
    .ARM.Collect$$libinit$$00000023          0x00000166   Section        0  libinit2.o(.ARM.Collect$$libinit$$00000023)
    .ARM.Collect$$libinit$$00000025          0x00000166   Section        0  libinit2.o(.ARM.Collect$$libinit$$00000025)
    .ARM.Collect$$libinit$$00000027          0x00000166   Section        0  libinit2.o(.ARM.Collect$$libinit$$00000027)
    .ARM.Collect$$libinit$$0000002E          0x00000166   Section        0  libinit2.o(.ARM.Collect$$libinit$$0000002E)
    .ARM.Collect$$libinit$$00000030          0x00000166   Section        0  libinit2.o(.ARM.Collect$$libinit$$00000030)
    .ARM.Collect$$libinit$$00000032          0x00000166   Section        0  libinit2.o(.ARM.Collect$$libinit$$00000032)
    .ARM.Collect$$libinit$$00000034          0x00000166   Section        0  libinit2.o(.ARM.Collect$$libinit$$00000034)
    .ARM.Collect$$libinit$$00000035          0x00000166   Section        2  libinit2.o(.ARM.Collect$$libinit$$00000035)
    .ARM.Collect$$libshutdown$$00000000      0x00000168   Section        2  libshutdown.o(.ARM.Collect$$libshutdown$$00000000)
    .ARM.Collect$$libshutdown$$00000002      0x0000016a   Section        0  libshutdown2.o(.ARM.Collect$$libshutdown$$00000002)
    .ARM.Collect$$libshutdown$$00000004      0x0000016a   Section        0  libshutdown2.o(.ARM.Collect$$libshutdown$$00000004)
    .ARM.Collect$$libshutdown$$00000007      0x0000016a   Section        0  libshutdown2.o(.ARM.Collect$$libshutdown$$00000007)
    .ARM.Collect$$libshutdown$$0000000A      0x0000016a   Section        0  libshutdown2.o(.ARM.Collect$$libshutdown$$0000000A)
    .ARM.Collect$$libshutdown$$0000000C      0x0000016a   Section        0  libshutdown2.o(.ARM.Collect$$libshutdown$$0000000C)
    .ARM.Collect$$libshutdown$$0000000F      0x0000016a   Section        0  libshutdown2.o(.ARM.Collect$$libshutdown$$0000000F)
    .ARM.Collect$$libshutdown$$00000010      0x0000016a   Section        2  libshutdown2.o(.ARM.Collect$$libshutdown$$00000010)
    .ARM.Collect$$rtentry$$00000000          0x0000016c   Section        0  __rtentry.o(.ARM.Collect$$rtentry$$00000000)
    .ARM.Collect$$rtentry$$00000002          0x0000016c   Section        0  __rtentry2.o(.ARM.Collect$$rtentry$$00000002)
    .ARM.Collect$$rtentry$$00000004          0x0000016c   Section        6  __rtentry4.o(.ARM.Collect$$rtentry$$00000004)
    .ARM.Collect$$rtentry$$00000009          0x00000172   Section        0  __rtentry2.o(.ARM.Collect$$rtentry$$00000009)
    .ARM.Collect$$rtentry$$0000000A          0x00000172   Section        4  __rtentry2.o(.ARM.Collect$$rtentry$$0000000A)
    .ARM.Collect$$rtentry$$0000000C          0x00000176   Section        0  __rtentry2.o(.ARM.Collect$$rtentry$$0000000C)
    .ARM.Collect$$rtentry$$0000000D          0x00000176   Section        8  __rtentry2.o(.ARM.Collect$$rtentry$$0000000D)
    .ARM.Collect$$rtexit$$00000000           0x0000017e   Section        2  rtexit.o(.ARM.Collect$$rtexit$$00000000)
    .ARM.Collect$$rtexit$$00000002           0x00000180   Section        0  rtexit2.o(.ARM.Collect$$rtexit$$00000002)
    .ARM.Collect$$rtexit$$00000003           0x00000180   Section        4  rtexit2.o(.ARM.Collect$$rtexit$$00000003)
    .ARM.Collect$$rtexit$$00000004           0x00000184   Section        6  rtexit2.o(.ARM.Collect$$rtexit$$00000004)
    .emb_text                                0x0000018c   Section       56  rt_memcpy.o(.emb_text)
    .text                                    0x000001c4   Section       44  startup_mspm0g350x_uvision.o(.text)
    .text                                    0x000001f0   Section        0  rt_memcpy.o(.text)
    .text                                    0x00000272   Section        0  heapauxi.o(.text)
    .text                                    0x00000278   Section        0  ffixi.o(.text)
    .text                                    0x000002c4   Section        0  fflti.o(.text)
    .text                                    0x00000324   Section        0  fcmpin.o(.text)
    .text                                    0x00000388   Section       62  sys_stackheap_outer.o(.text)
    .text                                    0x000003c6   Section        0  exit.o(.text)
    .text                                    0x000003d6   Section        0  cmpret.o(.text)
    .text                                    0x00000404   Section        0  fnan2.o(.text)
    .text                                    0x00000414   Section        8  libspace.o(.text)
    .text                                    0x0000041c   Section        0  retnan.o(.text)
    [Anonymous Symbol]                       0x0000047a   Section        0  dl_common.o(.text.DL_Common_delayCycles)
    [Anonymous Symbol]                       0x00000484   Section        0  dl_spi.o(.text.DL_SPI_init)
    __arm_cp.0_0                             0x000004c0   Number         4  dl_spi.o(.text.DL_SPI_init)
    __arm_cp.0_1                             0x000004c4   Number         4  dl_spi.o(.text.DL_SPI_init)
    [Anonymous Symbol]                       0x000004c8   Section        0  dl_spi.o(.text.DL_SPI_setClockConfig)
    [Anonymous Symbol]                       0x000004dc   Section        0  dl_sysctl_mspm0g1x0x_g3x0x.o(.text.DL_SYSCTL_configSYSPLL)
    __arm_cp.0_0                             0x000005b8   Number         4  dl_sysctl_mspm0g1x0x_g3x0x.o(.text.DL_SYSCTL_configSYSPLL)
    __arm_cp.0_2                             0x000005bc   Number         4  dl_sysctl_mspm0g1x0x_g3x0x.o(.text.DL_SYSCTL_configSYSPLL)
    __arm_cp.0_3                             0x000005c0   Number         4  dl_sysctl_mspm0g1x0x_g3x0x.o(.text.DL_SYSCTL_configSYSPLL)
    __arm_cp.0_4                             0x000005c4   Number         4  dl_sysctl_mspm0g1x0x_g3x0x.o(.text.DL_SYSCTL_configSYSPLL)
    [Anonymous Symbol]                       0x000005c8   Section        0  dl_sysctl_mspm0g1x0x_g3x0x.o(.text.DL_SYSCTL_switchMCLKfromLFCLKtoSYSOSC)
    __arm_cp.3_0                             0x000005fc   Number         4  dl_sysctl_mspm0g1x0x_g3x0x.o(.text.DL_SYSCTL_switchMCLKfromLFCLKtoSYSOSC)
    [Anonymous Symbol]                       0x00000600   Section        0  dl_sysctl_mspm0g1x0x_g3x0x.o(.text.DL_SYSCTL_switchMCLKfromSYSOSCtoHSCLK)
    __arm_cp.4_0                             0x00000648   Number         4  dl_sysctl_mspm0g1x0x_g3x0x.o(.text.DL_SYSCTL_switchMCLKfromSYSOSCtoHSCLK)
    __arm_cp.4_1                             0x0000064c   Number         4  dl_sysctl_mspm0g1x0x_g3x0x.o(.text.DL_SYSCTL_switchMCLKfromSYSOSCtoHSCLK)
    [Anonymous Symbol]                       0x00000650   Section        0  dl_timer.o(.text.DL_TimerA_initPWMMode)
    __arm_cp.39_0                            0x000006c0   Number         4  dl_timer.o(.text.DL_TimerA_initPWMMode)
    [Anonymous Symbol]                       0x000006c4   Section        0  dl_timer.o(.text.DL_Timer_initPWMMode)
    __arm_cp.11_0                            0x00000770   Number         4  dl_timer.o(.text.DL_Timer_initPWMMode)
    __arm_cp.11_1                            0x00000774   Number         4  dl_timer.o(.text.DL_Timer_initPWMMode)
    __arm_cp.11_2                            0x00000778   Number         4  dl_timer.o(.text.DL_Timer_initPWMMode)
    __arm_cp.11_3                            0x0000077c   Number         4  dl_timer.o(.text.DL_Timer_initPWMMode)
    __arm_cp.11_4                            0x00000780   Number         4  dl_timer.o(.text.DL_Timer_initPWMMode)
    __arm_cp.11_5                            0x00000784   Number         4  dl_timer.o(.text.DL_Timer_initPWMMode)
    __arm_cp.11_6                            0x00000788   Number         4  dl_timer.o(.text.DL_Timer_initPWMMode)
    [Anonymous Symbol]                       0x0000078c   Section        0  dl_timer.o(.text.DL_Timer_setCaptCompUpdateMethod)
    __arm_cp.26_0                            0x000007a4   Number         4  dl_timer.o(.text.DL_Timer_setCaptCompUpdateMethod)
    [Anonymous Symbol]                       0x000007a8   Section        0  dl_timer.o(.text.DL_Timer_setCaptureCompareOutCtl)
    __arm_cp.13_0                            0x000007bc   Number         4  dl_timer.o(.text.DL_Timer_setCaptureCompareOutCtl)
    [Anonymous Symbol]                       0x000007c0   Section        0  dl_timer.o(.text.DL_Timer_setCaptureCompareValue)
    __arm_cp.3_0                             0x000007cc   Number         4  dl_timer.o(.text.DL_Timer_setCaptureCompareValue)
    [Anonymous Symbol]                       0x000007d0   Section        0  dl_timer.o(.text.DL_Timer_setClockConfig)
    __arm_cp.0_0                             0x000007e8   Number         4  dl_timer.o(.text.DL_Timer_setClockConfig)
    [Anonymous Symbol]                       0x000007ec   Section        0  dl_uart.o(.text.DL_UART_init)
    __arm_cp.0_0                             0x0000082c   Number         4  dl_uart.o(.text.DL_UART_init)
    __arm_cp.0_1                             0x00000830   Number         4  dl_uart.o(.text.DL_UART_init)
    [Anonymous Symbol]                       0x00000834   Section        0  dl_uart.o(.text.DL_UART_setClockConfig)
    [Anonymous Symbol]                       0x00000848   Section        0  key.o(.text.GROUP1_IRQHandler)
    __arm_cp.1_0                             0x0000089c   Number         4  key.o(.text.GROUP1_IRQHandler)
    __arm_cp.1_1                             0x000008a0   Number         4  key.o(.text.GROUP1_IRQHandler)
    __arm_cp.1_2                             0x000008a4   Number         4  key.o(.text.GROUP1_IRQHandler)
    __arm_cp.1_3                             0x000008a8   Number         4  key.o(.text.GROUP1_IRQHandler)
    [Anonymous Symbol]                       0x000008ac   Section        0  oled_spi0.o(.text.OLED_Clear)
    [Anonymous Symbol]                       0x000009e8   Section        0  oled_spi0.o(.text.OLED_Init)
    __arm_cp.12_3                            0x00000a00   Number         4  oled_spi0.o(.text.OLED_Init)
    __arm_cp.12_4                            0x00000a04   Number         4  oled_spi0.o(.text.OLED_Init)
    __arm_cp.12_5                            0x00000a08   Number         4  oled_spi0.o(.text.OLED_Init)
    [Anonymous Symbol]                       0x000011b8   Section        0  oled_spi0.o(.text.OLED_ShowChar)
    __arm_cp.6_3                             0x000011d0   Number         4  oled_spi0.o(.text.OLED_ShowChar)
    __arm_cp.6_4                             0x000011d4   Number         4  oled_spi0.o(.text.OLED_ShowChar)
    __arm_cp.6_5                             0x000012a8   Number         4  oled_spi0.o(.text.OLED_ShowChar)
    [Anonymous Symbol]                       0x00001714   Section        0  oled_spi0.o(.text.OLED_ShowString)
    [Anonymous Symbol]                       0x0000175a   Section        0  pid.o(.text.Pid_OutLimit)
    [Anonymous Symbol]                       0x0000179c   Section        0  pid.o(.text.Pid_control)
    __arm_cp.1_0                             0x00001874   Number         4  pid.o(.text.Pid_control)
    __arm_cp.1_1                             0x00001878   Number         4  pid.o(.text.Pid_control)
    [Anonymous Symbol]                       0x0000187c   Section        0  ti_msp_dl_config.o(.text.SYSCFG_DL_GPIO_init)
    [Anonymous Symbol]                       0x00001880   Section        0  ti_msp_dl_config.o(.text.SYSCFG_DL_SYSCTL_init)
    __arm_cp.3_0                             0x000018dc   Number         4  ti_msp_dl_config.o(.text.SYSCFG_DL_SYSCTL_init)
    __arm_cp.3_1                             0x000018e0   Number         4  ti_msp_dl_config.o(.text.SYSCFG_DL_SYSCTL_init)
    __arm_cp.3_2                             0x000018e4   Number         4  ti_msp_dl_config.o(.text.SYSCFG_DL_SYSCTL_init)
    __arm_cp.3_3                             0x000018e8   Number         4  ti_msp_dl_config.o(.text.SYSCFG_DL_SYSCTL_init)
    [Anonymous Symbol]                       0x000018ec   Section        0  ti_msp_dl_config.o(.text.SYSCFG_DL_init)
    [Anonymous Symbol]                       0x000018fc   Section        0  ti_msp_dl_config.o(.text.SYSCFG_DL_initPower)
    __arm_cp.1_0                             0x00001918   Number         4  ti_msp_dl_config.o(.text.SYSCFG_DL_initPower)
    __arm_cp.1_1                             0x0000191c   Number         4  ti_msp_dl_config.o(.text.SYSCFG_DL_initPower)
    __arm_cp.1_2                             0x00001920   Number         4  ti_msp_dl_config.o(.text.SYSCFG_DL_initPower)
    __arm_cp.1_3                             0x00001924   Number         4  ti_msp_dl_config.o(.text.SYSCFG_DL_initPower)
    [Anonymous Symbol]                       0x00001928   Section        0  tim_g0.o(.text.TIMG0_IRQHandler)
    __arm_cp.1_0                             0x00001950   Number         4  tim_g0.o(.text.TIMG0_IRQHandler)
    __arm_cp.1_1                             0x00001954   Number         4  tim_g0.o(.text.TIMG0_IRQHandler)
    __arm_cp.1_2                             0x00001958   Number         4  tim_g0.o(.text.TIMG0_IRQHandler)
    [Anonymous Symbol]                       0x0000195c   Section        0  tim_g6.o(.text.TIMG6_IRQHandler)
    __arm_cp.1_0                             0x00001a24   Number         4  tim_g6.o(.text.TIMG6_IRQHandler)
    __arm_cp.1_1                             0x00001a28   Number         4  tim_g6.o(.text.TIMG6_IRQHandler)
    __arm_cp.1_2                             0x00001a2c   Number         4  tim_g6.o(.text.TIMG6_IRQHandler)
    __arm_cp.1_3                             0x00001a30   Number         4  tim_g6.o(.text.TIMG6_IRQHandler)
    [Anonymous Symbol]                       0x00001a34   Section        0  uart2.o(.text.UART2_IRQHandler)
    __arm_cp.3_0                             0x00001a9c   Number         4  uart2.o(.text.UART2_IRQHandler)
    __arm_cp.3_1                             0x00001aa0   Number         4  uart2.o(.text.UART2_IRQHandler)
    __arm_cp.3_3                             0x00001aa4   Number         4  uart2.o(.text.UART2_IRQHandler)
    [Anonymous Symbol]                       0x00001aa8   Section        0  uart3.o(.text.UART3_IRQHandler)
    __arm_cp.1_0                             0x00001b00   Number         4  uart3.o(.text.UART3_IRQHandler)
    __arm_cp.1_1                             0x00001b04   Number         4  uart3.o(.text.UART3_IRQHandler)
    __arm_cp.1_2                             0x00001b08   Number         4  uart3.o(.text.UART3_IRQHandler)
    __arm_cp.1_3                             0x00001b0c   Number         4  uart3.o(.text.UART3_IRQHandler)
    __arm_cp.1_4                             0x00001b10   Number         4  uart3.o(.text.UART3_IRQHandler)
    [Anonymous Symbol]                       0x00001b14   Section        0  uart0.o(.text._sys_exit)
    [Anonymous Symbol]                       0x00001b18   Section        0  delay.o(.text.delay_ms)
    __arm_cp.0_0                             0x00001b24   Number         4  delay.o(.text.delay_ms)
    [Anonymous Symbol]                       0x00001b28   Section        0  uart2.o(.text.get_encoder)
    __arm_cp.2_0                             0x00001b84   Number         4  uart2.o(.text.get_encoder)
    __arm_cp.2_1                             0x00001b88   Number         4  uart2.o(.text.get_encoder)
    [Anonymous Symbol]                       0x00001b8c   Section        0  key.o(.text.key_init)
    __arm_cp.0_0                             0x00001bb8   Number         4  key.o(.text.key_init)
    __arm_cp.0_1                             0x00001bbc   Number         4  key.o(.text.key_init)
    __arm_cp.0_2                             0x00001bc0   Number         4  key.o(.text.key_init)
    __arm_cp.0_3                             0x00001bc4   Number         4  key.o(.text.key_init)
    __arm_cp.0_4                             0x00001bc8   Number         4  key.o(.text.key_init)
    [Anonymous Symbol]                       0x00001bcc   Section        0  led.o(.text.led_init)
    __arm_cp.0_0                             0x00001bdc   Number         4  led.o(.text.led_init)
    __arm_cp.0_1                             0x00001be0   Number         4  led.o(.text.led_init)
    __arm_cp.0_2                             0x00001be4   Number         4  led.o(.text.led_init)
    [Anonymous Symbol]                       0x00001be8   Section        0  main.o(.text.main)
    __arm_cp.0_4                             0x00001ca0   Number         4  main.o(.text.main)
    [Anonymous Symbol]                       0x00001ca4   Section        0  motor.o(.text.motor_4)
    __arm_cp.1_0                             0x00001d48   Number         4  motor.o(.text.motor_4)
    [Anonymous Symbol]                       0x00001d4c   Section        0  spi0.o(.text.spi0_init)
    __arm_cp.2_0                             0x00001dbc   Number         4  spi0.o(.text.spi0_init)
    __arm_cp.2_3                             0x00001dc0   Number         4  spi0.o(.text.spi0_init)
    __arm_cp.2_4                             0x00001dc4   Number         4  spi0.o(.text.spi0_init)
    __arm_cp.2_5                             0x00001dc8   Number         4  spi0.o(.text.spi0_init)
    __arm_cp.2_6                             0x00001dcc   Number         4  spi0.o(.text.spi0_init)
    __arm_cp.2_7                             0x00001dd0   Number         4  spi0.o(.text.spi0_init)
    __arm_cp.2_8                             0x00001dd4   Number         4  spi0.o(.text.spi0_init)
    __arm_cp.2_9                             0x00001dd8   Number         4  spi0.o(.text.spi0_init)
    __arm_cp.2_10                            0x00001ddc   Number         4  spi0.o(.text.spi0_init)
    __arm_cp.2_11                            0x00001de0   Number         4  spi0.o(.text.spi0_init)
    [Anonymous Symbol]                       0x00001de4   Section        0  tima0_pwm.o(.text.tima0_pwm_init)
    __arm_cp.0_0                             0x00001ed0   Number         4  tima0_pwm.o(.text.tima0_pwm_init)
    __arm_cp.0_3                             0x00001ed4   Number         4  tima0_pwm.o(.text.tima0_pwm_init)
    __arm_cp.0_4                             0x00001ed8   Number         4  tima0_pwm.o(.text.tima0_pwm_init)
    __arm_cp.0_5                             0x00001edc   Number         4  tima0_pwm.o(.text.tima0_pwm_init)
    __arm_cp.0_6                             0x00001ee0   Number         4  tima0_pwm.o(.text.tima0_pwm_init)
    __arm_cp.0_7                             0x00001ee4   Number         4  tima0_pwm.o(.text.tima0_pwm_init)
    __arm_cp.0_8                             0x00001ee8   Number         4  tima0_pwm.o(.text.tima0_pwm_init)
    __arm_cp.0_9                             0x00001eec   Number         4  tima0_pwm.o(.text.tima0_pwm_init)
    __arm_cp.0_10                            0x00001ef0   Number         4  tima0_pwm.o(.text.tima0_pwm_init)
    __arm_cp.0_11                            0x00001ef4   Number         4  tima0_pwm.o(.text.tima0_pwm_init)
    [Anonymous Symbol]                       0x00001ef8   Section        0  uart0.o(.text.uart0_init)
    __arm_cp.3_0                             0x00001f8c   Number         4  uart0.o(.text.uart0_init)
    __arm_cp.3_3                             0x00001f90   Number         4  uart0.o(.text.uart0_init)
    __arm_cp.3_5                             0x00001f94   Number         4  uart0.o(.text.uart0_init)
    __arm_cp.3_6                             0x00001f98   Number         4  uart0.o(.text.uart0_init)
    __arm_cp.3_7                             0x00001f9c   Number         4  uart0.o(.text.uart0_init)
    __arm_cp.3_8                             0x00001fa0   Number         4  uart0.o(.text.uart0_init)
    __arm_cp.3_10                            0x00001fa4   Number         4  uart0.o(.text.uart0_init)
    [Anonymous Symbol]                       0x00001fa8   Section        0  uart3.o(.text.uart3_init)
    __arm_cp.0_0                             0x0000205c   Number         4  uart3.o(.text.uart3_init)
    __arm_cp.0_1                             0x00002060   Number         4  uart3.o(.text.uart3_init)
    __arm_cp.0_2                             0x00002064   Number         4  uart3.o(.text.uart3_init)
    __arm_cp.0_3                             0x00002068   Number         4  uart3.o(.text.uart3_init)
    __arm_cp.0_4                             0x0000206c   Number         4  uart3.o(.text.uart3_init)
    __arm_cp.0_5                             0x00002070   Number         4  uart3.o(.text.uart3_init)
    __arm_cp.0_6                             0x00002074   Number         4  uart3.o(.text.uart3_init)
    __arm_cp.0_7                             0x00002078   Number         4  uart3.o(.text.uart3_init)
    __arm_cp.0_8                             0x0000207c   Number         4  uart3.o(.text.uart3_init)
    __arm_cp.0_9                             0x00002080   Number         4  uart3.o(.text.uart3_init)
    __arm_cp.0_10                            0x00002084   Number         4  uart3.o(.text.uart3_init)
    __arm_cp.0_11                            0x00002088   Number         4  uart3.o(.text.uart3_init)
    __arm_cp.0_12                            0x0000208c   Number         4  uart3.o(.text.uart3_init)
    i._fgeq                                  0x00002090   Section        0  fcmp.o(i._fgeq)
    i._fgr                                   0x000020a6   Section        0  fcmp.o(i._fgr)
    x$fpl$fadd                               0x000020bc   Section      140  faddsub.o(x$fpl$fadd)
    _fadd1                                   0x000020c9   Thumb Code     0  faddsub.o(x$fpl$fadd)
    x$fpl$fgeqf                              0x00002148   Section       84  fgef.o(x$fpl$fgeqf)
    x$fpl$fmul                               0x0000219c   Section      176  fmul.o(x$fpl$fmul)
    x$fpl$fsub                               0x0000224c   Section      208  faddsub.o(x$fpl$fsub)
    _fsub1                                   0x00002259   Thumb Code     0  faddsub.o(x$fpl$fsub)
    F8X16                                    0x0000231c   Data        1520  oled_spi0.o(.rodata.F8X16)
    [Anonymous Symbol]                       0x0000231c   Section        0  oled_spi0.o(.rodata.F8X16)
    x$fpl$usenofp                            0x0000231c   Section        0  usenofp.o(x$fpl$usenofp)
    gPWM_0ClockConfig                        0x0000290c   Data           3  tima0_pwm.o(.rodata.gPWM_0ClockConfig)
    [Anonymous Symbol]                       0x0000290c   Section        0  tima0_pwm.o(.rodata.gPWM_0ClockConfig)
    gPWM_0Config                             0x00002910   Data           8  tima0_pwm.o(.rodata.gPWM_0Config)
    [Anonymous Symbol]                       0x00002910   Section        0  tima0_pwm.o(.rodata.gPWM_0Config)
    gSPI_0_clockConfig                       0x00002918   Data           2  spi0.o(.rodata.gSPI_0_clockConfig)
    [Anonymous Symbol]                       0x00002918   Section        0  spi0.o(.rodata.gSPI_0_clockConfig)
    gSPI_0_config                            0x0000291a   Data          10  spi0.o(.rodata.gSPI_0_config)
    [Anonymous Symbol]                       0x0000291a   Section        0  spi0.o(.rodata.gSPI_0_config)
    gSYSPLLConfig                            0x00002924   Data          40  ti_msp_dl_config.o(.rodata.gSYSPLLConfig)
    [Anonymous Symbol]                       0x00002924   Section        0  ti_msp_dl_config.o(.rodata.gSYSPLLConfig)
    gUART_0ClockConfig                       0x0000294c   Data           2  uart0.o(.rodata.gUART_0ClockConfig)
    [Anonymous Symbol]                       0x0000294c   Section        0  uart0.o(.rodata.gUART_0ClockConfig)
    gUART_0Config                            0x0000294e   Data          10  uart0.o(.rodata.gUART_0Config)
    [Anonymous Symbol]                       0x0000294e   Section        0  uart0.o(.rodata.gUART_0Config)
    gUART_3ClockConfig                       0x00002958   Data           2  uart3.o(.rodata.gUART_3ClockConfig)
    [Anonymous Symbol]                       0x00002958   Section        0  uart3.o(.rodata.gUART_3ClockConfig)
    gUART_3Config                            0x0000295a   Data          10  uart3.o(.rodata.gUART_3Config)
    [Anonymous Symbol]                       0x0000295a   Section        0  uart3.o(.rodata.gUART_3Config)
    .bss                                     0x20200050   Section       96  libspace.o(.bss)
    Heap_Mem                                 0x202001d0   Data           0  startup_mspm0g350x_uvision.o(HEAP)
    Stack_Mem                                0x202001d0   Data         256  startup_mspm0g350x_uvision.o(STACK)
    HEAP                                     0x202001d0   Section        0  startup_mspm0g350x_uvision.o(HEAP)
    STACK                                    0x202001d0   Section      256  startup_mspm0g350x_uvision.o(STACK)
    __initial_sp                             0x202002d0   Data           0  startup_mspm0g350x_uvision.o(STACK)

    Global Symbols

    Symbol Name                              Value     Ov Type        Size  Object(Section)

    BuildAttributes$$THM_ISAv3M$S$PE$A:L22$X:L11$S22$IEEE1$IW$~IW$USESV6$~STKCKD$USESV7$~SHL$OTIME$ROPI$EBA8$UX$STANDARDLIB$REQ8$PRES8$EABIv2 0x00000000   Number         0  anon$$obj.o ABSOLUTE
    __Vectors                                0x00000000   Data           4  startup_mspm0g350x_uvision.o(RESET)
    __ARM_exceptions_init                     - Undefined Weak Reference
    __alloca_initialize                       - Undefined Weak Reference
    __arm_preinit_                            - Undefined Weak Reference
    __arm_relocate_pie_                       - Undefined Weak Reference
    __cpp_initialize__aeabi_                  - Undefined Weak Reference
    __cxa_finalize                            - Undefined Weak Reference
    __rt_locale                               - Undefined Weak Reference
    __sigvec_lookup                           - Undefined Weak Reference
    _atexit_init                              - Undefined Weak Reference
    _call_atexit_fns                          - Undefined Weak Reference
    _clock_init                               - Undefined Weak Reference
    _fp_trap_init                             - Undefined Weak Reference
    _fp_trap_shutdown                         - Undefined Weak Reference
    _get_lc_collate                           - Undefined Weak Reference
    _get_lc_ctype                             - Undefined Weak Reference
    _get_lc_monetary                          - Undefined Weak Reference
    _get_lc_numeric                           - Undefined Weak Reference
    _get_lc_time                              - Undefined Weak Reference
    _getenv_init                              - Undefined Weak Reference
    _handle_redirection                       - Undefined Weak Reference
    _init_alloc                               - Undefined Weak Reference
    _init_user_alloc                          - Undefined Weak Reference
    _initio                                   - Undefined Weak Reference
    _rand_init                                - Undefined Weak Reference
    _signal_finish                            - Undefined Weak Reference
    _signal_init                              - Undefined Weak Reference
    _terminate_alloc                          - Undefined Weak Reference
    _terminate_user_alloc                     - Undefined Weak Reference
    _terminateio                              - Undefined Weak Reference
    __Vectors_End                            0x000000c0   Data           0  startup_mspm0g350x_uvision.o(RESET)
    __Vectors_Size                           0x000000c0   Number         0  startup_mspm0g350x_uvision.o ABSOLUTE
    __main                                   0x000000c1   Thumb Code     8  __main.o(!!!main)
    __scatterload                            0x000000c9   Thumb Code     0  __scatter.o(!!!scatter)
    __scatterload_rt2                        0x000000c9   Thumb Code    74  __scatter.o(!!!scatter)
    __scatterload_rt2_thumb_only             0x000000c9   Thumb Code     0  __scatter.o(!!!scatter)
    __scatterload_loop                       0x000000d3   Thumb Code     0  __scatter.o(!!!scatter)
    __scatterload_copy                       0x00000121   Thumb Code    26  __scatter_copy.o(!!handler_copy)
    __scatterload_null                       0x00000141   Thumb Code     2  __scatter.o(!!handler_null)
    __scatterload_zeroinit                   0x00000149   Thumb Code    28  __scatter_zi.o(!!handler_zi)
    __rt_lib_init                            0x00000165   Thumb Code     0  libinit.o(.ARM.Collect$$libinit$$00000000)
    __rt_lib_init_alloca_1                   0x00000167   Thumb Code     0  libinit2.o(.ARM.Collect$$libinit$$00000030)
    __rt_lib_init_argv_1                     0x00000167   Thumb Code     0  libinit2.o(.ARM.Collect$$libinit$$0000002E)
    __rt_lib_init_atexit_1                   0x00000167   Thumb Code     0  libinit2.o(.ARM.Collect$$libinit$$0000001D)
    __rt_lib_init_clock_1                    0x00000167   Thumb Code     0  libinit2.o(.ARM.Collect$$libinit$$00000023)
    __rt_lib_init_cpp_1                      0x00000167   Thumb Code     0  libinit2.o(.ARM.Collect$$libinit$$00000034)
    __rt_lib_init_exceptions_1               0x00000167   Thumb Code     0  libinit2.o(.ARM.Collect$$libinit$$00000032)
    __rt_lib_init_fp_1                       0x00000167   Thumb Code     0  libinit2.o(.ARM.Collect$$libinit$$00000002)
    __rt_lib_init_fp_trap_1                  0x00000167   Thumb Code     0  libinit2.o(.ARM.Collect$$libinit$$00000021)
    __rt_lib_init_getenv_1                   0x00000167   Thumb Code     0  libinit2.o(.ARM.Collect$$libinit$$00000025)
    __rt_lib_init_heap_1                     0x00000167   Thumb Code     0  libinit2.o(.ARM.Collect$$libinit$$0000000C)
    __rt_lib_init_lc_collate_1               0x00000167   Thumb Code     0  libinit2.o(.ARM.Collect$$libinit$$00000013)
    __rt_lib_init_lc_ctype_1                 0x00000167   Thumb Code     0  libinit2.o(.ARM.Collect$$libinit$$00000015)
    __rt_lib_init_lc_monetary_1              0x00000167   Thumb Code     0  libinit2.o(.ARM.Collect$$libinit$$00000017)
    __rt_lib_init_lc_numeric_1               0x00000167   Thumb Code     0  libinit2.o(.ARM.Collect$$libinit$$00000019)
    __rt_lib_init_lc_time_1                  0x00000167   Thumb Code     0  libinit2.o(.ARM.Collect$$libinit$$0000001B)
    __rt_lib_init_preinit_1                  0x00000167   Thumb Code     0  libinit2.o(.ARM.Collect$$libinit$$00000006)
    __rt_lib_init_rand_1                     0x00000167   Thumb Code     0  libinit2.o(.ARM.Collect$$libinit$$00000010)
    __rt_lib_init_relocate_pie_1             0x00000167   Thumb Code     0  libinit2.o(.ARM.Collect$$libinit$$00000004)
    __rt_lib_init_return                     0x00000167   Thumb Code     0  libinit2.o(.ARM.Collect$$libinit$$00000035)
    __rt_lib_init_signal_1                   0x00000167   Thumb Code     0  libinit2.o(.ARM.Collect$$libinit$$0000001F)
    __rt_lib_init_stdio_1                    0x00000167   Thumb Code     0  libinit2.o(.ARM.Collect$$libinit$$00000027)
    __rt_lib_init_user_alloc_1               0x00000167   Thumb Code     0  libinit2.o(.ARM.Collect$$libinit$$0000000E)
    __rt_lib_shutdown                        0x00000169   Thumb Code     0  libshutdown.o(.ARM.Collect$$libshutdown$$00000000)
    __rt_lib_shutdown_cpp_1                  0x0000016b   Thumb Code     0  libshutdown2.o(.ARM.Collect$$libshutdown$$00000002)
    __rt_lib_shutdown_fp_trap_1              0x0000016b   Thumb Code     0  libshutdown2.o(.ARM.Collect$$libshutdown$$00000007)
    __rt_lib_shutdown_heap_1                 0x0000016b   Thumb Code     0  libshutdown2.o(.ARM.Collect$$libshutdown$$0000000F)
    __rt_lib_shutdown_return                 0x0000016b   Thumb Code     0  libshutdown2.o(.ARM.Collect$$libshutdown$$00000010)
    __rt_lib_shutdown_signal_1               0x0000016b   Thumb Code     0  libshutdown2.o(.ARM.Collect$$libshutdown$$0000000A)
    __rt_lib_shutdown_stdio_1                0x0000016b   Thumb Code     0  libshutdown2.o(.ARM.Collect$$libshutdown$$00000004)
    __rt_lib_shutdown_user_alloc_1           0x0000016b   Thumb Code     0  libshutdown2.o(.ARM.Collect$$libshutdown$$0000000C)
    __rt_entry                               0x0000016d   Thumb Code     0  __rtentry.o(.ARM.Collect$$rtentry$$00000000)
    __rt_entry_presh_1                       0x0000016d   Thumb Code     0  __rtentry2.o(.ARM.Collect$$rtentry$$00000002)
    __rt_entry_sh                            0x0000016d   Thumb Code     0  __rtentry4.o(.ARM.Collect$$rtentry$$00000004)
    __rt_entry_li                            0x00000173   Thumb Code     0  __rtentry2.o(.ARM.Collect$$rtentry$$0000000A)
    __rt_entry_postsh_1                      0x00000173   Thumb Code     0  __rtentry2.o(.ARM.Collect$$rtentry$$00000009)
    __rt_entry_main                          0x00000177   Thumb Code     0  __rtentry2.o(.ARM.Collect$$rtentry$$0000000D)
    __rt_entry_postli_1                      0x00000177   Thumb Code     0  __rtentry2.o(.ARM.Collect$$rtentry$$0000000C)
    __rt_exit                                0x0000017f   Thumb Code     0  rtexit.o(.ARM.Collect$$rtexit$$00000000)
    __rt_exit_ls                             0x00000181   Thumb Code     0  rtexit2.o(.ARM.Collect$$rtexit$$00000003)
    __rt_exit_prels_1                        0x00000181   Thumb Code     0  rtexit2.o(.ARM.Collect$$rtexit$$00000002)
    __rt_exit_exit                           0x00000185   Thumb Code     0  rtexit2.o(.ARM.Collect$$rtexit$$00000004)
    __aeabi_memcpy4                          0x0000018d   Thumb Code    56  rt_memcpy.o(.emb_text)
    __aeabi_memcpy8                          0x0000018d   Thumb Code     0  rt_memcpy.o(.emb_text)
    Reset_Handler                            0x000001c5   Thumb Code     4  startup_mspm0g350x_uvision.o(.text)
    NMI_Handler                              0x000001c9   Thumb Code     2  startup_mspm0g350x_uvision.o(.text)
    HardFault_Handler                        0x000001cb   Thumb Code     2  startup_mspm0g350x_uvision.o(.text)
    SVC_Handler                              0x000001cd   Thumb Code     2  startup_mspm0g350x_uvision.o(.text)
    PendSV_Handler                           0x000001cf   Thumb Code     2  startup_mspm0g350x_uvision.o(.text)
    SysTick_Handler                          0x000001d1   Thumb Code     2  startup_mspm0g350x_uvision.o(.text)
    ADC0_IRQHandler                          0x000001d3   Thumb Code     0  startup_mspm0g350x_uvision.o(.text)
    ADC1_IRQHandler                          0x000001d3   Thumb Code     0  startup_mspm0g350x_uvision.o(.text)
    AES_IRQHandler                           0x000001d3   Thumb Code     0  startup_mspm0g350x_uvision.o(.text)
    CANFD0_IRQHandler                        0x000001d3   Thumb Code     0  startup_mspm0g350x_uvision.o(.text)
    DAC0_IRQHandler                          0x000001d3   Thumb Code     0  startup_mspm0g350x_uvision.o(.text)
    DMA_IRQHandler                           0x000001d3   Thumb Code     0  startup_mspm0g350x_uvision.o(.text)
    Default_Handler                          0x000001d3   Thumb Code     2  startup_mspm0g350x_uvision.o(.text)
    GROUP0_IRQHandler                        0x000001d3   Thumb Code     0  startup_mspm0g350x_uvision.o(.text)
    I2C0_IRQHandler                          0x000001d3   Thumb Code     0  startup_mspm0g350x_uvision.o(.text)
    I2C1_IRQHandler                          0x000001d3   Thumb Code     0  startup_mspm0g350x_uvision.o(.text)
    RTC_IRQHandler                           0x000001d3   Thumb Code     0  startup_mspm0g350x_uvision.o(.text)
    SPI0_IRQHandler                          0x000001d3   Thumb Code     0  startup_mspm0g350x_uvision.o(.text)
    SPI1_IRQHandler                          0x000001d3   Thumb Code     0  startup_mspm0g350x_uvision.o(.text)
    TIMA0_IRQHandler                         0x000001d3   Thumb Code     0  startup_mspm0g350x_uvision.o(.text)
    TIMA1_IRQHandler                         0x000001d3   Thumb Code     0  startup_mspm0g350x_uvision.o(.text)
    TIMG12_IRQHandler                        0x000001d3   Thumb Code     0  startup_mspm0g350x_uvision.o(.text)
    TIMG7_IRQHandler                         0x000001d3   Thumb Code     0  startup_mspm0g350x_uvision.o(.text)
    TIMG8_IRQHandler                         0x000001d3   Thumb Code     0  startup_mspm0g350x_uvision.o(.text)
    UART0_IRQHandler                         0x000001d3   Thumb Code     0  startup_mspm0g350x_uvision.o(.text)
    UART1_IRQHandler                         0x000001d3   Thumb Code     0  startup_mspm0g350x_uvision.o(.text)
    __user_initial_stackheap                 0x000001d5   Thumb Code    10  startup_mspm0g350x_uvision.o(.text)
    __aeabi_memcpy                           0x000001f1   Thumb Code   130  rt_memcpy.o(.text)
    __rt_memcpy                              0x000001f1   Thumb Code     0  rt_memcpy.o(.text)
    __use_two_region_memory                  0x00000273   Thumb Code     2  heapauxi.o(.text)
    __rt_heap_escrow$2region                 0x00000275   Thumb Code     2  heapauxi.o(.text)
    __rt_heap_expand$2region                 0x00000277   Thumb Code     2  heapauxi.o(.text)
    __aeabi_f2iz                             0x00000279   Thumb Code     0  ffixi.o(.text)
    _ffix                                    0x00000279   Thumb Code    76  ffixi.o(.text)
    __aeabi_i2f_normalise                    0x000002c5   Thumb Code    72  fflti.o(.text)
    __aeabi_i2f                              0x0000030d   Thumb Code    16  fflti.o(.text)
    _fflt                                    0x0000030d   Thumb Code     0  fflti.o(.text)
    __aeabi_ui2f                             0x0000031d   Thumb Code     6  fflti.o(.text)
    _ffltu                                   0x0000031d   Thumb Code     0  fflti.o(.text)
    __fpl_fcmp_InfNaN                        0x00000325   Thumb Code    96  fcmpin.o(.text)
    __user_setup_stackheap                   0x00000389   Thumb Code    62  sys_stackheap_outer.o(.text)
    exit                                     0x000003c7   Thumb Code    16  exit.o(.text)
    __fpl_cmpreturn                          0x000003d7   Thumb Code    46  cmpret.o(.text)
    __fpl_fcheck_NaN2                        0x00000405   Thumb Code    10  fnan2.o(.text)
    __user_libspace                          0x00000415   Thumb Code     8  libspace.o(.text)
    __user_perproc_libspace                  0x00000415   Thumb Code     0  libspace.o(.text)
    __user_perthread_libspace                0x00000415   Thumb Code     0  libspace.o(.text)
    __fpl_return_NaN                         0x0000041d   Thumb Code    94  retnan.o(.text)
    DL_Common_delayCycles                    0x0000047b   Thumb Code    10  dl_common.o(.text.DL_Common_delayCycles)
    DL_SPI_init                              0x00000485   Thumb Code    60  dl_spi.o(.text.DL_SPI_init)
    DL_SPI_setClockConfig                    0x000004c9   Thumb Code    18  dl_spi.o(.text.DL_SPI_setClockConfig)
    DL_SYSCTL_configSYSPLL                   0x000004dd   Thumb Code   220  dl_sysctl_mspm0g1x0x_g3x0x.o(.text.DL_SYSCTL_configSYSPLL)
    DL_SYSCTL_switchMCLKfromLFCLKtoSYSOSC    0x000005c9   Thumb Code    52  dl_sysctl_mspm0g1x0x_g3x0x.o(.text.DL_SYSCTL_switchMCLKfromLFCLKtoSYSOSC)
    DL_SYSCTL_switchMCLKfromSYSOSCtoHSCLK    0x00000601   Thumb Code    72  dl_sysctl_mspm0g1x0x_g3x0x.o(.text.DL_SYSCTL_switchMCLKfromSYSOSCtoHSCLK)
    DL_TimerA_initPWMMode                    0x00000651   Thumb Code   112  dl_timer.o(.text.DL_TimerA_initPWMMode)
    DL_Timer_initPWMMode                     0x000006c5   Thumb Code   172  dl_timer.o(.text.DL_Timer_initPWMMode)
    DL_Timer_setCaptCompUpdateMethod         0x0000078d   Thumb Code    24  dl_timer.o(.text.DL_Timer_setCaptCompUpdateMethod)
    DL_Timer_setCaptureCompareOutCtl         0x000007a9   Thumb Code    20  dl_timer.o(.text.DL_Timer_setCaptureCompareOutCtl)
    DL_Timer_setCaptureCompareValue          0x000007c1   Thumb Code    12  dl_timer.o(.text.DL_Timer_setCaptureCompareValue)
    DL_Timer_setClockConfig                  0x000007d1   Thumb Code    24  dl_timer.o(.text.DL_Timer_setClockConfig)
    DL_UART_init                             0x000007ed   Thumb Code    64  dl_uart.o(.text.DL_UART_init)
    DL_UART_setClockConfig                   0x00000835   Thumb Code    18  dl_uart.o(.text.DL_UART_setClockConfig)
    GROUP1_IRQHandler                        0x00000849   Thumb Code    84  key.o(.text.GROUP1_IRQHandler)
    OLED_Clear                               0x000008ad   Thumb Code   316  oled_spi0.o(.text.OLED_Clear)
    OLED_Init                                0x000009e9   Thumb Code  1998  oled_spi0.o(.text.OLED_Init)
    OLED_ShowChar                            0x000011b9   Thumb Code  1372  oled_spi0.o(.text.OLED_ShowChar)
    OLED_ShowString                          0x00001715   Thumb Code    70  oled_spi0.o(.text.OLED_ShowString)
    Pid_OutLimit                             0x0000175b   Thumb Code    64  pid.o(.text.Pid_OutLimit)
    Pid_control                              0x0000179d   Thumb Code   216  pid.o(.text.Pid_control)
    SYSCFG_DL_GPIO_init                      0x0000187d   Thumb Code     2  ti_msp_dl_config.o(.text.SYSCFG_DL_GPIO_init)
    SYSCFG_DL_SYSCTL_init                    0x00001881   Thumb Code    92  ti_msp_dl_config.o(.text.SYSCFG_DL_SYSCTL_init)
    SYSCFG_DL_init                           0x000018ed   Thumb Code    16  ti_msp_dl_config.o(.text.SYSCFG_DL_init)
    SYSCFG_DL_initPower                      0x000018fd   Thumb Code    28  ti_msp_dl_config.o(.text.SYSCFG_DL_initPower)
    TIMG0_IRQHandler                         0x00001929   Thumb Code    40  tim_g0.o(.text.TIMG0_IRQHandler)
    TIMG6_IRQHandler                         0x0000195d   Thumb Code   200  tim_g6.o(.text.TIMG6_IRQHandler)
    UART2_IRQHandler                         0x00001a35   Thumb Code   104  uart2.o(.text.UART2_IRQHandler)
    UART3_IRQHandler                         0x00001aa9   Thumb Code    88  uart3.o(.text.UART3_IRQHandler)
    _sys_exit                                0x00001b15   Thumb Code     2  uart0.o(.text._sys_exit)
    delay_ms                                 0x00001b19   Thumb Code    12  delay.o(.text.delay_ms)
    get_encoder                              0x00001b29   Thumb Code    92  uart2.o(.text.get_encoder)
    key_init                                 0x00001b8d   Thumb Code    44  key.o(.text.key_init)
    led_init                                 0x00001bcd   Thumb Code    16  led.o(.text.led_init)
    main                                     0x00001be9   Thumb Code   136  main.o(.text.main)
    motor_4                                  0x00001ca5   Thumb Code   164  motor.o(.text.motor_4)
    spi0_init                                0x00001d4d   Thumb Code   112  spi0.o(.text.spi0_init)
    tima0_pwm_init                           0x00001de5   Thumb Code   236  tima0_pwm.o(.text.tima0_pwm_init)
    uart0_init                               0x00001ef9   Thumb Code   148  uart0.o(.text.uart0_init)
    uart3_init                               0x00001fa9   Thumb Code   180  uart3.o(.text.uart3_init)
    __aeabi_fcmpge                           0x00002091   Thumb Code     0  fcmp.o(i._fgeq)
    _fgeq                                    0x00002091   Thumb Code    22  fcmp.o(i._fgeq)
    __aeabi_fcmpgt                           0x000020a7   Thumb Code     0  fcmp.o(i._fgr)
    _fgr                                     0x000020a7   Thumb Code    22  fcmp.o(i._fgr)
    __aeabi_fadd                             0x000020bd   Thumb Code     0  faddsub.o(x$fpl$fadd)
    _fadd                                    0x000020bd   Thumb Code   134  faddsub.o(x$fpl$fadd)
    _fcmpge                                  0x00002149   Thumb Code    78  fgef.o(x$fpl$fgeqf)
    __aeabi_fmul                             0x0000219d   Thumb Code     0  fmul.o(x$fpl$fmul)
    _fmul                                    0x0000219d   Thumb Code   172  fmul.o(x$fpl$fmul)
    __aeabi_fsub                             0x0000224d   Thumb Code     0  faddsub.o(x$fpl$fsub)
    _fsub                                    0x0000224d   Thumb Code   204  faddsub.o(x$fpl$fsub)
    __I$use$fp                               0x0000231c   Number         0  usenofp.o(x$fpl$usenofp)
    Region$$Table$$Base                      0x00002968   Number         0  anon$$obj.o(Region$$Table)
    Region$$Table$$Limit                     0x00002988   Number         0  anon$$obj.o(Region$$Table)
    Motor_Data                               0x20200000   Data          80  motor.o(.data.Motor_Data)
    __libspace_start                         0x20200050   Data          96  libspace.o(.bss)
    Count                                    0x202000b0   Data           4  tim_g0.o(.bss.Count)
    __temporary_stack_top$libspace           0x202000b0   Data           0  libspace.o(.bss)
    Flag                                     0x202000b4   Data           4  tim_g0.o(.bss.Flag)
    Key_Value                                0x202000b8   Data           4  key.o(.bss.Key_Value)
    Last_Speed                               0x202000bc   Data           4  tim_g6.o(.bss.Last_Speed)
    Speed_Pid                                0x202000c0   Data         144  pid.o(.bss.Speed_Pid)
    Time                                     0x20200150   Data           4  tim_g0.o(.bss.Time)
    gSPI_0Backup                             0x20200154   Data          40  spi0.o(.bss.gSPI_0Backup)
    g_usart2_rx_buf                          0x2020017c   Data          20  uart2.o(.bss.g_usart2_rx_buf)
    g_usart2_rx_buffff                       0x20200190   Data          20  uart2.o(.bss.g_usart2_rx_buffff)
    g_usart2_rx_sta                          0x202001a4   Data           2  uart2.o(.bss.g_usart2_rx_sta)
    g_usart3_rx_buf                          0x202001a6   Data          40  uart3.o(.bss.g_usart3_rx_buf)
    g_usart3_rx_sta                          0x202001ce   Data           2  uart3.o(.bss.g_usart3_rx_sta)



==============================================================================

Memory Map of the image

  Image Entry point : 0x000000c1

  Load Region LR_IROM1 (Base: 0x00000000, Size: 0x000029d8, Max: 0x00020000, ABSOLUTE)

    Execution Region ER_IROM1 (Exec base: 0x00000000, Load base: 0x00000000, Size: 0x00002988, Max: 0x00020000, ABSOLUTE)

    Exec Addr    Load Addr    Size         Type   Attr      Idx    E Section Name        Object

    0x00000000   0x00000000   0x000000c0   Data   RO           30    RESET               startup_mspm0g350x_uvision.o
    0x000000c0   0x000000c0   0x00000008   Code   RO         1201  * !!!main             c_p.l(__main.o)
    0x000000c8   0x000000c8   0x00000054   Code   RO         1416    !!!scatter          c_p.l(__scatter.o)
    0x0000011c   0x0000011c   0x00000004   PAD
    0x00000120   0x00000120   0x0000001a   Code   RO         1420    !!handler_copy      c_p.l(__scatter_copy.o)
    0x0000013a   0x0000013a   0x00000006   PAD
    0x00000140   0x00000140   0x00000002   Code   RO         1417    !!handler_null      c_p.l(__scatter.o)
    0x00000142   0x00000142   0x00000006   PAD
    0x00000148   0x00000148   0x0000001c   Code   RO         1422    !!handler_zi        c_p.l(__scatter_zi.o)
    0x00000164   0x00000164   0x00000002   Code   RO         1275    .ARM.Collect$$libinit$$00000000  c_p.l(libinit.o)
    0x00000166   0x00000166   0x00000000   Code   RO         1293    .ARM.Collect$$libinit$$00000002  c_p.l(libinit2.o)
    0x00000166   0x00000166   0x00000000   Code   RO         1295    .ARM.Collect$$libinit$$00000004  c_p.l(libinit2.o)
    0x00000166   0x00000166   0x00000000   Code   RO         1297    .ARM.Collect$$libinit$$00000006  c_p.l(libinit2.o)
    0x00000166   0x00000166   0x00000000   Code   RO         1300    .ARM.Collect$$libinit$$0000000C  c_p.l(libinit2.o)
    0x00000166   0x00000166   0x00000000   Code   RO         1302    .ARM.Collect$$libinit$$0000000E  c_p.l(libinit2.o)
    0x00000166   0x00000166   0x00000000   Code   RO         1304    .ARM.Collect$$libinit$$00000010  c_p.l(libinit2.o)
    0x00000166   0x00000166   0x00000000   Code   RO         1307    .ARM.Collect$$libinit$$00000013  c_p.l(libinit2.o)
    0x00000166   0x00000166   0x00000000   Code   RO         1309    .ARM.Collect$$libinit$$00000015  c_p.l(libinit2.o)
    0x00000166   0x00000166   0x00000000   Code   RO         1311    .ARM.Collect$$libinit$$00000017  c_p.l(libinit2.o)
    0x00000166   0x00000166   0x00000000   Code   RO         1313    .ARM.Collect$$libinit$$00000019  c_p.l(libinit2.o)
    0x00000166   0x00000166   0x00000000   Code   RO         1315    .ARM.Collect$$libinit$$0000001B  c_p.l(libinit2.o)
    0x00000166   0x00000166   0x00000000   Code   RO         1317    .ARM.Collect$$libinit$$0000001D  c_p.l(libinit2.o)
    0x00000166   0x00000166   0x00000000   Code   RO         1319    .ARM.Collect$$libinit$$0000001F  c_p.l(libinit2.o)
    0x00000166   0x00000166   0x00000000   Code   RO         1321    .ARM.Collect$$libinit$$00000021  c_p.l(libinit2.o)
    0x00000166   0x00000166   0x00000000   Code   RO         1323    .ARM.Collect$$libinit$$00000023  c_p.l(libinit2.o)
    0x00000166   0x00000166   0x00000000   Code   RO         1325    .ARM.Collect$$libinit$$00000025  c_p.l(libinit2.o)
    0x00000166   0x00000166   0x00000000   Code   RO         1327    .ARM.Collect$$libinit$$00000027  c_p.l(libinit2.o)
    0x00000166   0x00000166   0x00000000   Code   RO         1331    .ARM.Collect$$libinit$$0000002E  c_p.l(libinit2.o)
    0x00000166   0x00000166   0x00000000   Code   RO         1333    .ARM.Collect$$libinit$$00000030  c_p.l(libinit2.o)
    0x00000166   0x00000166   0x00000000   Code   RO         1335    .ARM.Collect$$libinit$$00000032  c_p.l(libinit2.o)
    0x00000166   0x00000166   0x00000000   Code   RO         1337    .ARM.Collect$$libinit$$00000034  c_p.l(libinit2.o)
    0x00000166   0x00000166   0x00000002   Code   RO         1338    .ARM.Collect$$libinit$$00000035  c_p.l(libinit2.o)
    0x00000168   0x00000168   0x00000002   Code   RO         1368    .ARM.Collect$$libshutdown$$00000000  c_p.l(libshutdown.o)
    0x0000016a   0x0000016a   0x00000000   Code   RO         1399    .ARM.Collect$$libshutdown$$00000002  c_p.l(libshutdown2.o)
    0x0000016a   0x0000016a   0x00000000   Code   RO         1401    .ARM.Collect$$libshutdown$$00000004  c_p.l(libshutdown2.o)
    0x0000016a   0x0000016a   0x00000000   Code   RO         1404    .ARM.Collect$$libshutdown$$00000007  c_p.l(libshutdown2.o)
    0x0000016a   0x0000016a   0x00000000   Code   RO         1407    .ARM.Collect$$libshutdown$$0000000A  c_p.l(libshutdown2.o)
    0x0000016a   0x0000016a   0x00000000   Code   RO         1409    .ARM.Collect$$libshutdown$$0000000C  c_p.l(libshutdown2.o)
    0x0000016a   0x0000016a   0x00000000   Code   RO         1412    .ARM.Collect$$libshutdown$$0000000F  c_p.l(libshutdown2.o)
    0x0000016a   0x0000016a   0x00000002   Code   RO         1413    .ARM.Collect$$libshutdown$$00000010  c_p.l(libshutdown2.o)
    0x0000016c   0x0000016c   0x00000000   Code   RO         1230    .ARM.Collect$$rtentry$$00000000  c_p.l(__rtentry.o)
    0x0000016c   0x0000016c   0x00000000   Code   RO         1243    .ARM.Collect$$rtentry$$00000002  c_p.l(__rtentry2.o)
    0x0000016c   0x0000016c   0x00000006   Code   RO         1255    .ARM.Collect$$rtentry$$00000004  c_p.l(__rtentry4.o)
    0x00000172   0x00000172   0x00000000   Code   RO         1245    .ARM.Collect$$rtentry$$00000009  c_p.l(__rtentry2.o)
    0x00000172   0x00000172   0x00000004   Code   RO         1246    .ARM.Collect$$rtentry$$0000000A  c_p.l(__rtentry2.o)
    0x00000176   0x00000176   0x00000000   Code   RO         1248    .ARM.Collect$$rtentry$$0000000C  c_p.l(__rtentry2.o)
    0x00000176   0x00000176   0x00000008   Code   RO         1249    .ARM.Collect$$rtentry$$0000000D  c_p.l(__rtentry2.o)
    0x0000017e   0x0000017e   0x00000002   Code   RO         1284    .ARM.Collect$$rtexit$$00000000  c_p.l(rtexit.o)
    0x00000180   0x00000180   0x00000000   Code   RO         1342    .ARM.Collect$$rtexit$$00000002  c_p.l(rtexit2.o)
    0x00000180   0x00000180   0x00000004   Code   RO         1343    .ARM.Collect$$rtexit$$00000003  c_p.l(rtexit2.o)
    0x00000184   0x00000184   0x00000006   Code   RO         1344    .ARM.Collect$$rtexit$$00000004  c_p.l(rtexit2.o)
    0x0000018a   0x0000018a   0x00000002   PAD
    0x0000018c   0x0000018c   0x00000038   Code   RO         1185    .emb_text           c_p.l(rt_memcpy.o)
    0x000001c4   0x000001c4   0x0000002c   Code   RO           31    .text               startup_mspm0g350x_uvision.o
    0x000001f0   0x000001f0   0x00000082   Code   RO         1186    .text               c_p.l(rt_memcpy.o)
    0x00000272   0x00000272   0x00000006   Code   RO         1199    .text               c_p.l(heapauxi.o)
    0x00000278   0x00000278   0x0000004c   Code   RO         1224    .text               fz_ps.l(ffixi.o)
    0x000002c4   0x000002c4   0x0000005e   Code   RO         1226    .text               fz_ps.l(fflti.o)
    0x00000322   0x00000322   0x00000002   PAD
    0x00000324   0x00000324   0x00000064   Code   RO         1259    .text               fz_ps.l(fcmpin.o)
    0x00000388   0x00000388   0x0000003e   Code   RO         1261    .text               c_p.l(sys_stackheap_outer.o)
    0x000003c6   0x000003c6   0x00000010   Code   RO         1264    .text               c_p.l(exit.o)
    0x000003d6   0x000003d6   0x0000002e   Code   RO         1276    .text               fz_ps.l(cmpret.o)
    0x00000404   0x00000404   0x00000010   Code   RO         1278    .text               fz_ps.l(fnan2.o)
    0x00000414   0x00000414   0x00000008   Code   RO         1280    .text               c_p.l(libspace.o)
    0x0000041c   0x0000041c   0x0000005e   Code   RO         1339    .text               fz_ps.l(retnan.o)
    0x0000047a   0x0000047a   0x0000000a   Code   RO          458    .text.DL_Common_delayCycles  dl_common.o
    0x00000484   0x00000484   0x00000044   Code   RO          918    .text.DL_SPI_init   dl_spi.o
    0x000004c8   0x000004c8   0x00000012   Code   RO          920    .text.DL_SPI_setClockConfig  dl_spi.o
    0x000004da   0x000004da   0x00000002   PAD
    0x000004dc   0x000004dc   0x000000ec   Code   RO         1150    .text.DL_SYSCTL_configSYSPLL  dl_sysctl_mspm0g1x0x_g3x0x.o
    0x000005c8   0x000005c8   0x00000038   Code   RO         1156    .text.DL_SYSCTL_switchMCLKfromLFCLKtoSYSOSC  dl_sysctl_mspm0g1x0x_g3x0x.o
    0x00000600   0x00000600   0x00000050   Code   RO         1158    .text.DL_SYSCTL_switchMCLKfromSYSOSCtoHSCLK  dl_sysctl_mspm0g1x0x_g3x0x.o
    0x00000650   0x00000650   0x00000074   Code   RO         1050    .text.DL_TimerA_initPWMMode  dl_timer.o
    0x000006c4   0x000006c4   0x000000c8   Code   RO          994    .text.DL_Timer_initPWMMode  dl_timer.o
    0x0000078c   0x0000078c   0x0000001c   Code   RO         1024    .text.DL_Timer_setCaptCompUpdateMethod  dl_timer.o
    0x000007a8   0x000007a8   0x00000018   Code   RO          998    .text.DL_Timer_setCaptureCompareOutCtl  dl_timer.o
    0x000007c0   0x000007c0   0x00000010   Code   RO          978    .text.DL_Timer_setCaptureCompareValue  dl_timer.o
    0x000007d0   0x000007d0   0x0000001c   Code   RO          972    .text.DL_Timer_setClockConfig  dl_timer.o
    0x000007ec   0x000007ec   0x00000048   Code   RO         1083    .text.DL_UART_init  dl_uart.o
    0x00000834   0x00000834   0x00000012   Code   RO         1085    .text.DL_UART_setClockConfig  dl_uart.o
    0x00000846   0x00000846   0x00000002   PAD
    0x00000848   0x00000848   0x00000064   Code   RO          249    .text.GROUP1_IRQHandler  key.o
    0x000008ac   0x000008ac   0x0000013c   Code   RO          323    .text.OLED_Clear    oled_spi0.o
    0x000009e8   0x000009e8   0x000007ce   Code   RO          337    .text.OLED_Init     oled_spi0.o
    0x000011b6   0x000011b6   0x00000002   PAD
    0x000011b8   0x000011b8   0x0000055c   Code   RO          325    .text.OLED_ShowChar  oled_spi0.o
    0x00001714   0x00001714   0x00000046   Code   RO          331    .text.OLED_ShowString  oled_spi0.o
    0x0000175a   0x0000175a   0x00000040   Code   RO          231    .text.Pid_OutLimit  pid.o
    0x0000179a   0x0000179a   0x00000002   PAD
    0x0000179c   0x0000179c   0x000000e0   Code   RO          229    .text.Pid_control   pid.o
    0x0000187c   0x0000187c   0x00000002   Code   RO           16    .text.SYSCFG_DL_GPIO_init  ti_msp_dl_config.o
    0x0000187e   0x0000187e   0x00000002   PAD
    0x00001880   0x00001880   0x0000006c   Code   RO           18    .text.SYSCFG_DL_SYSCTL_init  ti_msp_dl_config.o
    0x000018ec   0x000018ec   0x00000010   Code   RO           12    .text.SYSCFG_DL_init  ti_msp_dl_config.o
    0x000018fc   0x000018fc   0x0000002c   Code   RO           14    .text.SYSCFG_DL_initPower  ti_msp_dl_config.o
    0x00001928   0x00001928   0x00000034   Code   RO          146    .text.TIMG0_IRQHandler  tim_g0.o
    0x0000195c   0x0000195c   0x000000d8   Code   RO          162    .text.TIMG6_IRQHandler  tim_g6.o
    0x00001a34   0x00001a34   0x00000074   Code   RO          112    .text.UART2_IRQHandler  uart2.o
    0x00001aa8   0x00001aa8   0x0000006c   Code   RO          129    .text.UART3_IRQHandler  uart3.o
    0x00001b14   0x00001b14   0x00000002   Code   RO           69    .text._sys_exit     uart0.o
    0x00001b16   0x00001b16   0x00000002   PAD
    0x00001b18   0x00001b18   0x00000010   Code   RO          382    .text.delay_ms      delay.o
    0x00001b28   0x00001b28   0x00000064   Code   RO          110    .text.get_encoder   uart2.o
    0x00001b8c   0x00001b8c   0x00000040   Code   RO          247    .text.key_init      key.o
    0x00001bcc   0x00001bcc   0x0000001c   Code   RO           52    .text.led_init      led.o
    0x00001be8   0x00001be8   0x000000bc   Code   RO            2    .text.main          main.o
    0x00001ca4   0x00001ca4   0x000000a8   Code   RO          196    .text.motor_4       motor.o
    0x00001d4c   0x00001d4c   0x00000098   Code   RO          353    .text.spi0_init     spi0.o
    0x00001de4   0x00001de4   0x00000114   Code   RO          174    .text.tima0_pwm_init  tima0_pwm.o
    0x00001ef8   0x00001ef8   0x000000b0   Code   RO           75    .text.uart0_init    uart0.o
    0x00001fa8   0x00001fa8   0x000000e8   Code   RO          127    .text.uart3_init    uart3.o
    0x00002090   0x00002090   0x00000016   Code   RO         1210    i._fgeq             fz_ps.l(fcmp.o)
    0x000020a6   0x000020a6   0x00000016   Code   RO         1211    i._fgr              fz_ps.l(fcmp.o)
    0x000020bc   0x000020bc   0x0000008c   Code   RO         1203    x$fpl$fadd          fz_ps.l(faddsub.o)
    0x00002148   0x00002148   0x00000054   Code   RO         1237    x$fpl$fgeqf         fz_ps.l(fgef.o)
    0x0000219c   0x0000219c   0x000000b0   Code   RO         1228    x$fpl$fmul          fz_ps.l(fmul.o)
    0x0000224c   0x0000224c   0x000000d0   Code   RO         1205    x$fpl$fsub          fz_ps.l(faddsub.o)
    0x0000231c   0x0000231c   0x00000000   Code   RO         1241    x$fpl$usenofp       fz_ps.l(usenofp.o)
    0x0000231c   0x0000231c   0x000005f0   Data   RO          340    .rodata.F8X16       oled_spi0.o
    0x0000290c   0x0000290c   0x00000003   Data   RO          176    .rodata.gPWM_0ClockConfig  tima0_pwm.o
    0x0000290f   0x0000290f   0x00000001   PAD
    0x00002910   0x00002910   0x00000008   Data   RO          177    .rodata.gPWM_0Config  tima0_pwm.o
    0x00002918   0x00002918   0x00000002   Data   RO          356    .rodata.gSPI_0_clockConfig  spi0.o
    0x0000291a   0x0000291a   0x0000000a   Data   RO          357    .rodata.gSPI_0_config  spi0.o
    0x00002924   0x00002924   0x00000028   Data   RO           20    .rodata.gSYSPLLConfig  ti_msp_dl_config.o
    0x0000294c   0x0000294c   0x00000002   Data   RO           77    .rodata.gUART_0ClockConfig  uart0.o
    0x0000294e   0x0000294e   0x0000000a   Data   RO           78    .rodata.gUART_0Config  uart0.o
    0x00002958   0x00002958   0x00000002   Data   RO          131    .rodata.gUART_3ClockConfig  uart3.o
    0x0000295a   0x0000295a   0x0000000a   Data   RO          132    .rodata.gUART_3Config  uart3.o
    0x00002964   0x00002964   0x00000004   PAD
    0x00002968   0x00002968   0x00000020   Data   RO         1415    Region$$Table       anon$$obj.o


    Execution Region RW_IRAM2 (Exec base: 0x20200000, Load base: 0x00002988, Size: 0x000002d0, Max: 0x00008000, ABSOLUTE)

    Exec Addr    Load Addr    Size         Type   Attr      Idx    E Section Name        Object

    0x20200000   0x00002988   0x00000050   Data   RW          198    .data.Motor_Data    motor.o
    0x20200050        -       0x00000060   Zero   RW         1281    .bss                c_p.l(libspace.o)
    0x202000b0        -       0x00000004   Zero   RW          151    .bss.Count          tim_g0.o
    0x202000b4        -       0x00000004   Zero   RW          152    .bss.Flag           tim_g0.o
    0x202000b8        -       0x00000004   Zero   RW          251    .bss.Key_Value      key.o
    0x202000bc        -       0x00000004   Zero   RW          166    .bss.Last_Speed     tim_g6.o
    0x202000c0        -       0x00000090   Zero   RW          238    .bss.Speed_Pid      pid.o
    0x20200150        -       0x00000004   Zero   RW          150    .bss.Time           tim_g0.o
    0x20200154        -       0x00000028   Zero   RW          355    .bss.gSPI_0Backup   spi0.o
    0x2020017c        -       0x00000014   Zero   RW          118    .bss.g_usart2_rx_buf  uart2.o
    0x20200190        -       0x00000014   Zero   RW          117    .bss.g_usart2_rx_buffff  uart2.o
    0x202001a4        -       0x00000002   Zero   RW          116    .bss.g_usart2_rx_sta  uart2.o
    0x202001a6        -       0x00000028   Zero   RW          134    .bss.g_usart3_rx_buf  uart3.o
    0x202001ce        -       0x00000002   Zero   RW          133    .bss.g_usart3_rx_sta  uart3.o
    0x202001d0        -       0x00000000   Zero   RW           29    HEAP                startup_mspm0g350x_uvision.o
    0x202001d0        -       0x00000100   Zero   RW           28    STACK               startup_mspm0g350x_uvision.o



  Load Region LR_BCR (Base: 0x41c00000, Size: 0x00000000, Max: 0x00000100, ABSOLUTE)

    Execution Region BCR_CONFIG (Exec base: 0x41c00000, Load base: 0x41c00000, Size: 0x00000000, Max: 0x00000080, ABSOLUTE)

    **** No section assigned to this execution region ****



  Load Region LR_BSL (Base: 0x41c00100, Size: 0x00000000, Max: 0x00000100, ABSOLUTE)

    Execution Region BSL_CONFIG (Exec base: 0x41c00100, Load base: 0x41c00100, Size: 0x00000000, Max: 0x00000080, ABSOLUTE)

    **** No section assigned to this execution region ****


==============================================================================

Image component sizes


      Code (inc. data)   RO Data    RW Data    ZI Data      Debug   Object Name

        16          4          0          0          0       2313   delay.o
        10          0          0          0          0        608   dl_common.o
        86          8          0          0          0      15716   dl_spi.o
       372         28          0          0          0      18934   dl_sysctl_mspm0g1x0x_g3x0x.o
       412         48          0          0          0      36289   dl_timer.o
        90          8          0          0          0      14527   dl_uart.o
       164         36          0          0          4       9148   key.o
        28         12          0          0          0      11688   led.o
       188         52          0          0          0       4759   main.o
       168          4          0         80          0      10887   motor.o
      3756         24       1520          0          0      49267   oled_spi0.o
       288          8          0          0        144       3632   pid.o
       152         40         12          0         40      11990   spi0.o
        44         18        192          0        256        676   startup_mspm0g350x_uvision.o
       170         32         40          0          0      15343   ti_msp_dl_config.o
        52         12          0          0         12       7716   tim_g0.o
       216         16          0          0          4       8439   tim_g6.o
       276         40         11          0          0      10393   tima0_pwm.o
       178         28         12          0          0      12447   uart0.o
       216         24          0          0         42      11485   uart2.o
       340         72         12          0         42      12244   uart3.o

    ----------------------------------------------------------------------
      7234        514       1836         80        544     268501   Object Totals
         0          0         32          0          0          0   (incl. Generated)
        12          0          5          0          0          0   (incl. Padding)

    ----------------------------------------------------------------------

      Code (inc. data)   RO Data    RW Data    ZI Data      Debug   Library Member Name

         8          0          0          0          0         68   __main.o
         0          0          0          0          0          0   __rtentry.o
        12          0          0          0          0          0   __rtentry2.o
         6          0          0          0          0          0   __rtentry4.o
        86         10          0          0          0          0   __scatter.o
        26          0          0          0          0          0   __scatter_copy.o
        28          0          0          0          0          0   __scatter_zi.o
        16          0          0          0          0         68   exit.o
         6          0          0          0          0        136   heapauxi.o
         2          0          0          0          0          0   libinit.o
         2          0          0          0          0          0   libinit2.o
         2          0          0          0          0          0   libshutdown.o
         2          0          0          0          0          0   libshutdown2.o
         8          4          0          0         96         68   libspace.o
       186          0          0          0          0        144   rt_memcpy.o
         2          0          0          0          0          0   rtexit.o
        10          0          0          0          0          0   rtexit2.o
        62          0          0          0          0         80   sys_stackheap_outer.o
        46          0          0          0          0         60   cmpret.o
       348          8          0          0          0        160   faddsub.o
        44          0          0          0          0        136   fcmp.o
       100          4          0          0          0         68   fcmpin.o
        76          0          0          0          0         68   ffixi.o
        94          0          0          0          0         92   fflti.o
        84          4          0          0          0         76   fgef.o
       176          4          0          0          0         80   fmul.o
        16          6          0          0          0         68   fnan2.o
        94          0          0          0          0         68   retnan.o
         0          0          0          0          0          0   usenofp.o

    ----------------------------------------------------------------------
      1562         44          0          0         96       1440   Library Totals
        20          4          0          0          0          0   (incl. Padding)

    ----------------------------------------------------------------------

      Code (inc. data)   RO Data    RW Data    ZI Data      Debug   Library Name

       464         14          0          0         96        564   c_p.l
      1078         26          0          0          0        876   fz_ps.l

    ----------------------------------------------------------------------
      1562         44          0          0         96       1440   Library Totals

    ----------------------------------------------------------------------

==============================================================================


      Code (inc. data)   RO Data    RW Data    ZI Data      Debug   

      8796        558       1836         80        640     268977   Grand Totals
      8796        558       1836         80        640     268977   ELF Image Totals
      8796        558       1836         80          0          0   ROM Totals

==============================================================================

    Total RO  Size (Code + RO Data)                10632 (  10.38kB)
    Total RW  Size (RW Data + ZI Data)               720 (   0.70kB)
    Total ROM Size (Code + RO Data + RW Data)      10712 (  10.46kB)

==============================================================================

