<!doctype html public "-//w3c//dtd html 4.0 transitional//en">
<html><head>
<title>Static Call Graph - [.\Objects\ADC_TEST.axf]</title></head>
<body><HR>
<H1>Static Call Graph for image .\Objects\ADC_TEST.axf</H1><HR>
<BR><P>#&#060CALLGRAPH&#062# ARM Linker, 6210000: Last Updated: Sat Mar 23 15:45:09 2024
<BR><P>
<H3>Maximum Stack Usage =        200 bytes + Unknown(Cycles, Untraceable Function Pointers)</H3><H3>
Call chain for Maximum Stack Depth:</H3>
__rt_entry_main &rArr; main &rArr; OLED_ShowNum &rArr; OLED_ShowChar &rArr; OLED_Set_Pos &rArr; OLED_WR_Byte &rArr; DL_GPIO_clearPins
<P>
<H3>
Mutually Recursive functions
</H3> <LI><a href="#[1]">NMI_Handler</a>&nbsp;&nbsp;&nbsp;&rArr;&nbsp;&nbsp;&nbsp;<a href="#[1]">NMI_Handler</a><BR>
 <LI><a href="#[2]">HardFault_Handler</a>&nbsp;&nbsp;&nbsp;&rArr;&nbsp;&nbsp;&nbsp;<a href="#[2]">HardFault_Handler</a><BR>
 <LI><a href="#[3]">SVC_Handler</a>&nbsp;&nbsp;&nbsp;&rArr;&nbsp;&nbsp;&nbsp;<a href="#[3]">SVC_Handler</a><BR>
 <LI><a href="#[4]">PendSV_Handler</a>&nbsp;&nbsp;&nbsp;&rArr;&nbsp;&nbsp;&nbsp;<a href="#[4]">PendSV_Handler</a><BR>
 <LI><a href="#[5]">SysTick_Handler</a>&nbsp;&nbsp;&nbsp;&rArr;&nbsp;&nbsp;&nbsp;<a href="#[5]">SysTick_Handler</a><BR>
</UL>
<P>
<H3>
Function Pointers
</H3><UL>
 <LI><a href="#[9]">ADC0_IRQHandler</a> from main.o(.text.ADC0_IRQHandler) referenced from startup_mspm0l1306_uvision.o(RESET)
 <LI><a href="#[12]">DMA_IRQHandler</a> from startup_mspm0l1306_uvision.o(.text) referenced from startup_mspm0l1306_uvision.o(RESET)
 <LI><a href="#[6]">GROUP0_IRQHandler</a> from startup_mspm0l1306_uvision.o(.text) referenced from startup_mspm0l1306_uvision.o(RESET)
 <LI><a href="#[7]">GROUP1_IRQHandler</a> from startup_mspm0l1306_uvision.o(.text) referenced from startup_mspm0l1306_uvision.o(RESET)
 <LI><a href="#[2]">HardFault_Handler</a> from startup_mspm0l1306_uvision.o(.text) referenced from startup_mspm0l1306_uvision.o(RESET)
 <LI><a href="#[10]">I2C0_IRQHandler</a> from startup_mspm0l1306_uvision.o(.text) referenced from startup_mspm0l1306_uvision.o(RESET)
 <LI><a href="#[11]">I2C1_IRQHandler</a> from startup_mspm0l1306_uvision.o(.text) referenced from startup_mspm0l1306_uvision.o(RESET)
 <LI><a href="#[1]">NMI_Handler</a> from startup_mspm0l1306_uvision.o(.text) referenced from startup_mspm0l1306_uvision.o(RESET)
 <LI><a href="#[4]">PendSV_Handler</a> from startup_mspm0l1306_uvision.o(.text) referenced from startup_mspm0l1306_uvision.o(RESET)
 <LI><a href="#[0]">Reset_Handler</a> from startup_mspm0l1306_uvision.o(.text) referenced from startup_mspm0l1306_uvision.o(RESET)
 <LI><a href="#[a]">SPI0_IRQHandler</a> from startup_mspm0l1306_uvision.o(.text) referenced from startup_mspm0l1306_uvision.o(RESET)
 <LI><a href="#[3]">SVC_Handler</a> from startup_mspm0l1306_uvision.o(.text) referenced from startup_mspm0l1306_uvision.o(RESET)
 <LI><a href="#[5]">SysTick_Handler</a> from startup_mspm0l1306_uvision.o(.text) referenced from startup_mspm0l1306_uvision.o(RESET)
 <LI><a href="#[d]">TIMG0_IRQHandler</a> from startup_mspm0l1306_uvision.o(.text) referenced from startup_mspm0l1306_uvision.o(RESET)
 <LI><a href="#[8]">TIMG1_IRQHandler</a> from startup_mspm0l1306_uvision.o(.text) referenced from startup_mspm0l1306_uvision.o(RESET)
 <LI><a href="#[e]">TIMG2_IRQHandler</a> from startup_mspm0l1306_uvision.o(.text) referenced from startup_mspm0l1306_uvision.o(RESET)
 <LI><a href="#[f]">TIMG4_IRQHandler</a> from startup_mspm0l1306_uvision.o(.text) referenced from startup_mspm0l1306_uvision.o(RESET)
 <LI><a href="#[c]">UART0_IRQHandler</a> from startup_mspm0l1306_uvision.o(.text) referenced from startup_mspm0l1306_uvision.o(RESET)
 <LI><a href="#[b]">UART1_IRQHandler</a> from startup_mspm0l1306_uvision.o(.text) referenced from startup_mspm0l1306_uvision.o(RESET)
 <LI><a href="#[13]">__main</a> from __main.o(!!!main) referenced from startup_mspm0l1306_uvision.o(.text)
</UL>
<P>
<H3>
Global Symbols
</H3>
<P><STRONG><a name="[13]"></a>__main</STRONG> (Thumb, 8 bytes, Stack size 0 bytes, __main.o(!!!main))
<BR><BR>[Calls]<UL><LI><a href="#[14]">&gt;&gt;</a>&nbsp;&nbsp;&nbsp;__scatterload
<LI><a href="#[15]">&gt;&gt;</a>&nbsp;&nbsp;&nbsp;__rt_entry
</UL>
<BR>[Address Reference Count : 1]<UL><LI> startup_mspm0l1306_uvision.o(.text)
</UL>
<P><STRONG><a name="[14]"></a>__scatterload</STRONG> (Thumb, 0 bytes, Stack size unknown bytes, __scatter.o(!!!scatter))
<BR><BR>[Called By]<UL><LI><a href="#[13]">&gt;&gt;</a>&nbsp;&nbsp;&nbsp;__main
</UL>

<P><STRONG><a name="[16]"></a>__scatterload_rt2</STRONG> (Thumb, 74 bytes, Stack size unknown bytes, __scatter.o(!!!scatter), UNUSED)
<BR><BR>[Calls]<UL><LI><a href="#[15]">&gt;&gt;</a>&nbsp;&nbsp;&nbsp;__rt_entry
</UL>

<P><STRONG><a name="[6b]"></a>__scatterload_rt2_thumb_only</STRONG> (Thumb, 0 bytes, Stack size unknown bytes, __scatter.o(!!!scatter), UNUSED)

<P><STRONG><a name="[6c]"></a>__scatterload_loop</STRONG> (Thumb, 0 bytes, Stack size unknown bytes, __scatter.o(!!!scatter), UNUSED)

<P><STRONG><a name="[6d]"></a>__scatterload_null</STRONG> (Thumb, 2 bytes, Stack size unknown bytes, __scatter.o(!!handler_null), UNUSED)

<P><STRONG><a name="[6e]"></a>__scatterload_zeroinit</STRONG> (Thumb, 28 bytes, Stack size unknown bytes, __scatter_zi.o(!!handler_zi), UNUSED)

<P><STRONG><a name="[1a]"></a>__rt_lib_init</STRONG> (Thumb, 0 bytes, Stack size unknown bytes, libinit.o(.ARM.Collect$$libinit$$00000000))
<BR><BR>[Called By]<UL><LI><a href="#[19]">&gt;&gt;</a>&nbsp;&nbsp;&nbsp;__rt_entry_li
</UL>

<P><STRONG><a name="[6f]"></a>__rt_lib_init_alloca_1</STRONG> (Thumb, 0 bytes, Stack size unknown bytes, libinit2.o(.ARM.Collect$$libinit$$00000030))

<P><STRONG><a name="[70]"></a>__rt_lib_init_argv_1</STRONG> (Thumb, 0 bytes, Stack size unknown bytes, libinit2.o(.ARM.Collect$$libinit$$0000002E))

<P><STRONG><a name="[71]"></a>__rt_lib_init_atexit_1</STRONG> (Thumb, 0 bytes, Stack size unknown bytes, libinit2.o(.ARM.Collect$$libinit$$0000001D))

<P><STRONG><a name="[72]"></a>__rt_lib_init_clock_1</STRONG> (Thumb, 0 bytes, Stack size unknown bytes, libinit2.o(.ARM.Collect$$libinit$$00000023))

<P><STRONG><a name="[73]"></a>__rt_lib_init_cpp_1</STRONG> (Thumb, 0 bytes, Stack size unknown bytes, libinit2.o(.ARM.Collect$$libinit$$00000034))

<P><STRONG><a name="[74]"></a>__rt_lib_init_exceptions_1</STRONG> (Thumb, 0 bytes, Stack size unknown bytes, libinit2.o(.ARM.Collect$$libinit$$00000032))

<P><STRONG><a name="[75]"></a>__rt_lib_init_fp_1</STRONG> (Thumb, 0 bytes, Stack size unknown bytes, libinit2.o(.ARM.Collect$$libinit$$00000002))

<P><STRONG><a name="[76]"></a>__rt_lib_init_fp_trap_1</STRONG> (Thumb, 0 bytes, Stack size unknown bytes, libinit2.o(.ARM.Collect$$libinit$$00000021))

<P><STRONG><a name="[77]"></a>__rt_lib_init_getenv_1</STRONG> (Thumb, 0 bytes, Stack size unknown bytes, libinit2.o(.ARM.Collect$$libinit$$00000025))

<P><STRONG><a name="[78]"></a>__rt_lib_init_heap_1</STRONG> (Thumb, 0 bytes, Stack size unknown bytes, libinit2.o(.ARM.Collect$$libinit$$0000000C))

<P><STRONG><a name="[79]"></a>__rt_lib_init_lc_collate_1</STRONG> (Thumb, 0 bytes, Stack size unknown bytes, libinit2.o(.ARM.Collect$$libinit$$00000013))

<P><STRONG><a name="[7a]"></a>__rt_lib_init_lc_ctype_1</STRONG> (Thumb, 0 bytes, Stack size unknown bytes, libinit2.o(.ARM.Collect$$libinit$$00000015))

<P><STRONG><a name="[7b]"></a>__rt_lib_init_lc_monetary_1</STRONG> (Thumb, 0 bytes, Stack size unknown bytes, libinit2.o(.ARM.Collect$$libinit$$00000017))

<P><STRONG><a name="[7c]"></a>__rt_lib_init_lc_numeric_1</STRONG> (Thumb, 0 bytes, Stack size unknown bytes, libinit2.o(.ARM.Collect$$libinit$$00000019))

<P><STRONG><a name="[7d]"></a>__rt_lib_init_lc_time_1</STRONG> (Thumb, 0 bytes, Stack size unknown bytes, libinit2.o(.ARM.Collect$$libinit$$0000001B))

<P><STRONG><a name="[7e]"></a>__rt_lib_init_preinit_1</STRONG> (Thumb, 0 bytes, Stack size unknown bytes, libinit2.o(.ARM.Collect$$libinit$$00000006))

<P><STRONG><a name="[7f]"></a>__rt_lib_init_rand_1</STRONG> (Thumb, 0 bytes, Stack size unknown bytes, libinit2.o(.ARM.Collect$$libinit$$00000010))

<P><STRONG><a name="[80]"></a>__rt_lib_init_relocate_pie_1</STRONG> (Thumb, 0 bytes, Stack size unknown bytes, libinit2.o(.ARM.Collect$$libinit$$00000004))

<P><STRONG><a name="[81]"></a>__rt_lib_init_return</STRONG> (Thumb, 0 bytes, Stack size unknown bytes, libinit2.o(.ARM.Collect$$libinit$$00000035))

<P><STRONG><a name="[82]"></a>__rt_lib_init_signal_1</STRONG> (Thumb, 0 bytes, Stack size unknown bytes, libinit2.o(.ARM.Collect$$libinit$$0000001F))

<P><STRONG><a name="[83]"></a>__rt_lib_init_stdio_1</STRONG> (Thumb, 0 bytes, Stack size unknown bytes, libinit2.o(.ARM.Collect$$libinit$$00000027))

<P><STRONG><a name="[84]"></a>__rt_lib_init_user_alloc_1</STRONG> (Thumb, 0 bytes, Stack size unknown bytes, libinit2.o(.ARM.Collect$$libinit$$0000000E))

<P><STRONG><a name="[1f]"></a>__rt_lib_shutdown</STRONG> (Thumb, 0 bytes, Stack size unknown bytes, libshutdown.o(.ARM.Collect$$libshutdown$$00000000))
<BR><BR>[Called By]<UL><LI><a href="#[1e]">&gt;&gt;</a>&nbsp;&nbsp;&nbsp;__rt_exit_ls
</UL>

<P><STRONG><a name="[85]"></a>__rt_lib_shutdown_cpp_1</STRONG> (Thumb, 0 bytes, Stack size unknown bytes, libshutdown2.o(.ARM.Collect$$libshutdown$$00000002))

<P><STRONG><a name="[86]"></a>__rt_lib_shutdown_fp_trap_1</STRONG> (Thumb, 0 bytes, Stack size unknown bytes, libshutdown2.o(.ARM.Collect$$libshutdown$$00000007))

<P><STRONG><a name="[87]"></a>__rt_lib_shutdown_heap_1</STRONG> (Thumb, 0 bytes, Stack size unknown bytes, libshutdown2.o(.ARM.Collect$$libshutdown$$0000000F))

<P><STRONG><a name="[88]"></a>__rt_lib_shutdown_return</STRONG> (Thumb, 0 bytes, Stack size unknown bytes, libshutdown2.o(.ARM.Collect$$libshutdown$$00000010))

<P><STRONG><a name="[89]"></a>__rt_lib_shutdown_signal_1</STRONG> (Thumb, 0 bytes, Stack size unknown bytes, libshutdown2.o(.ARM.Collect$$libshutdown$$0000000A))

<P><STRONG><a name="[8a]"></a>__rt_lib_shutdown_stdio_1</STRONG> (Thumb, 0 bytes, Stack size unknown bytes, libshutdown2.o(.ARM.Collect$$libshutdown$$00000004))

<P><STRONG><a name="[8b]"></a>__rt_lib_shutdown_user_alloc_1</STRONG> (Thumb, 0 bytes, Stack size unknown bytes, libshutdown2.o(.ARM.Collect$$libshutdown$$0000000C))

<P><STRONG><a name="[15]"></a>__rt_entry</STRONG> (Thumb, 0 bytes, Stack size unknown bytes, __rtentry.o(.ARM.Collect$$rtentry$$00000000))
<BR><BR>[Called By]<UL><LI><a href="#[16]">&gt;&gt;</a>&nbsp;&nbsp;&nbsp;__scatterload_rt2
<LI><a href="#[13]">&gt;&gt;</a>&nbsp;&nbsp;&nbsp;__main
</UL>

<P><STRONG><a name="[8c]"></a>__rt_entry_presh_1</STRONG> (Thumb, 0 bytes, Stack size unknown bytes, __rtentry2.o(.ARM.Collect$$rtentry$$00000002))

<P><STRONG><a name="[17]"></a>__rt_entry_sh</STRONG> (Thumb, 0 bytes, Stack size unknown bytes, __rtentry4.o(.ARM.Collect$$rtentry$$00000004))
<BR><BR>[Stack]<UL><LI>Max Depth = 8 + Unknown Stack Size
<LI>Call Chain = __rt_entry_sh &rArr; __user_setup_stackheap
</UL>
<BR>[Calls]<UL><LI><a href="#[18]">&gt;&gt;</a>&nbsp;&nbsp;&nbsp;__user_setup_stackheap
</UL>

<P><STRONG><a name="[19]"></a>__rt_entry_li</STRONG> (Thumb, 0 bytes, Stack size unknown bytes, __rtentry2.o(.ARM.Collect$$rtentry$$0000000A))
<BR><BR>[Calls]<UL><LI><a href="#[1a]">&gt;&gt;</a>&nbsp;&nbsp;&nbsp;__rt_lib_init
</UL>

<P><STRONG><a name="[8d]"></a>__rt_entry_postsh_1</STRONG> (Thumb, 0 bytes, Stack size unknown bytes, __rtentry2.o(.ARM.Collect$$rtentry$$00000009))

<P><STRONG><a name="[1b]"></a>__rt_entry_main</STRONG> (Thumb, 0 bytes, Stack size unknown bytes, __rtentry2.o(.ARM.Collect$$rtentry$$0000000D))
<BR><BR>[Stack]<UL><LI>Max Depth = 200 + Unknown Stack Size
<LI>Call Chain = __rt_entry_main &rArr; main &rArr; OLED_ShowNum &rArr; OLED_ShowChar &rArr; OLED_Set_Pos &rArr; OLED_WR_Byte &rArr; DL_GPIO_clearPins
</UL>
<BR>[Calls]<UL><LI><a href="#[1c]">&gt;&gt;</a>&nbsp;&nbsp;&nbsp;main
<LI><a href="#[1d]">&gt;&gt;</a>&nbsp;&nbsp;&nbsp;exit
</UL>

<P><STRONG><a name="[8e]"></a>__rt_entry_postli_1</STRONG> (Thumb, 0 bytes, Stack size unknown bytes, __rtentry2.o(.ARM.Collect$$rtentry$$0000000C))

<P><STRONG><a name="[30]"></a>__rt_exit</STRONG> (Thumb, 0 bytes, Stack size unknown bytes, rtexit.o(.ARM.Collect$$rtexit$$00000000))
<BR><BR>[Called By]<UL><LI><a href="#[1d]">&gt;&gt;</a>&nbsp;&nbsp;&nbsp;exit
</UL>

<P><STRONG><a name="[1e]"></a>__rt_exit_ls</STRONG> (Thumb, 0 bytes, Stack size unknown bytes, rtexit2.o(.ARM.Collect$$rtexit$$00000003))
<BR><BR>[Calls]<UL><LI><a href="#[1f]">&gt;&gt;</a>&nbsp;&nbsp;&nbsp;__rt_lib_shutdown
</UL>

<P><STRONG><a name="[8f]"></a>__rt_exit_prels_1</STRONG> (Thumb, 0 bytes, Stack size unknown bytes, rtexit2.o(.ARM.Collect$$rtexit$$00000002))

<P><STRONG><a name="[20]"></a>__rt_exit_exit</STRONG> (Thumb, 0 bytes, Stack size unknown bytes, rtexit2.o(.ARM.Collect$$rtexit$$00000004))
<BR><BR>[Calls]<UL><LI><a href="#[21]">&gt;&gt;</a>&nbsp;&nbsp;&nbsp;_sys_exit
</UL>

<P><STRONG><a name="[0]"></a>Reset_Handler</STRONG> (Thumb, 4 bytes, Stack size 0 bytes, startup_mspm0l1306_uvision.o(.text))
<BR>[Address Reference Count : 1]<UL><LI> startup_mspm0l1306_uvision.o(RESET)
</UL>
<P><STRONG><a name="[1]"></a>NMI_Handler</STRONG> (Thumb, 2 bytes, Stack size 0 bytes, startup_mspm0l1306_uvision.o(.text))
<BR><BR>[Calls]<UL><LI><a href="#[1]">&gt;&gt;</a>&nbsp;&nbsp;&nbsp;NMI_Handler
</UL>
<BR>[Called By]<UL><LI><a href="#[1]">&gt;&gt;</a>&nbsp;&nbsp;&nbsp;NMI_Handler
</UL>
<BR>[Address Reference Count : 1]<UL><LI> startup_mspm0l1306_uvision.o(RESET)
</UL>
<P><STRONG><a name="[2]"></a>HardFault_Handler</STRONG> (Thumb, 2 bytes, Stack size 0 bytes, startup_mspm0l1306_uvision.o(.text))
<BR><BR>[Calls]<UL><LI><a href="#[2]">&gt;&gt;</a>&nbsp;&nbsp;&nbsp;HardFault_Handler
</UL>
<BR>[Called By]<UL><LI><a href="#[2]">&gt;&gt;</a>&nbsp;&nbsp;&nbsp;HardFault_Handler
</UL>
<BR>[Address Reference Count : 1]<UL><LI> startup_mspm0l1306_uvision.o(RESET)
</UL>
<P><STRONG><a name="[3]"></a>SVC_Handler</STRONG> (Thumb, 2 bytes, Stack size 0 bytes, startup_mspm0l1306_uvision.o(.text))
<BR><BR>[Calls]<UL><LI><a href="#[3]">&gt;&gt;</a>&nbsp;&nbsp;&nbsp;SVC_Handler
</UL>
<BR>[Called By]<UL><LI><a href="#[3]">&gt;&gt;</a>&nbsp;&nbsp;&nbsp;SVC_Handler
</UL>
<BR>[Address Reference Count : 1]<UL><LI> startup_mspm0l1306_uvision.o(RESET)
</UL>
<P><STRONG><a name="[4]"></a>PendSV_Handler</STRONG> (Thumb, 2 bytes, Stack size 0 bytes, startup_mspm0l1306_uvision.o(.text))
<BR><BR>[Calls]<UL><LI><a href="#[4]">&gt;&gt;</a>&nbsp;&nbsp;&nbsp;PendSV_Handler
</UL>
<BR>[Called By]<UL><LI><a href="#[4]">&gt;&gt;</a>&nbsp;&nbsp;&nbsp;PendSV_Handler
</UL>
<BR>[Address Reference Count : 1]<UL><LI> startup_mspm0l1306_uvision.o(RESET)
</UL>
<P><STRONG><a name="[5]"></a>SysTick_Handler</STRONG> (Thumb, 2 bytes, Stack size 0 bytes, startup_mspm0l1306_uvision.o(.text))
<BR><BR>[Calls]<UL><LI><a href="#[5]">&gt;&gt;</a>&nbsp;&nbsp;&nbsp;SysTick_Handler
</UL>
<BR>[Called By]<UL><LI><a href="#[5]">&gt;&gt;</a>&nbsp;&nbsp;&nbsp;SysTick_Handler
</UL>
<BR>[Address Reference Count : 1]<UL><LI> startup_mspm0l1306_uvision.o(RESET)
</UL>
<P><STRONG><a name="[12]"></a>DMA_IRQHandler</STRONG> (Thumb, 0 bytes, Stack size 0 bytes, startup_mspm0l1306_uvision.o(.text))
<BR>[Address Reference Count : 1]<UL><LI> startup_mspm0l1306_uvision.o(RESET)
</UL>
<P><STRONG><a name="[22]"></a>Default_Handler</STRONG> (Thumb, 2 bytes, Stack size 0 bytes, startup_mspm0l1306_uvision.o(.text), UNUSED)
<BR><BR>[Calls]<UL><LI><a href="#[22]">&gt;&gt;</a>&nbsp;&nbsp;&nbsp;Default_Handler
</UL>
<BR>[Called By]<UL><LI><a href="#[22]">&gt;&gt;</a>&nbsp;&nbsp;&nbsp;Default_Handler
</UL>

<P><STRONG><a name="[6]"></a>GROUP0_IRQHandler</STRONG> (Thumb, 0 bytes, Stack size 0 bytes, startup_mspm0l1306_uvision.o(.text))
<BR>[Address Reference Count : 1]<UL><LI> startup_mspm0l1306_uvision.o(RESET)
</UL>
<P><STRONG><a name="[7]"></a>GROUP1_IRQHandler</STRONG> (Thumb, 0 bytes, Stack size 0 bytes, startup_mspm0l1306_uvision.o(.text))
<BR>[Address Reference Count : 1]<UL><LI> startup_mspm0l1306_uvision.o(RESET)
</UL>
<P><STRONG><a name="[10]"></a>I2C0_IRQHandler</STRONG> (Thumb, 0 bytes, Stack size 0 bytes, startup_mspm0l1306_uvision.o(.text))
<BR>[Address Reference Count : 1]<UL><LI> startup_mspm0l1306_uvision.o(RESET)
</UL>
<P><STRONG><a name="[11]"></a>I2C1_IRQHandler</STRONG> (Thumb, 0 bytes, Stack size 0 bytes, startup_mspm0l1306_uvision.o(.text))
<BR>[Address Reference Count : 1]<UL><LI> startup_mspm0l1306_uvision.o(RESET)
</UL>
<P><STRONG><a name="[a]"></a>SPI0_IRQHandler</STRONG> (Thumb, 0 bytes, Stack size 0 bytes, startup_mspm0l1306_uvision.o(.text))
<BR>[Address Reference Count : 1]<UL><LI> startup_mspm0l1306_uvision.o(RESET)
</UL>
<P><STRONG><a name="[d]"></a>TIMG0_IRQHandler</STRONG> (Thumb, 0 bytes, Stack size 0 bytes, startup_mspm0l1306_uvision.o(.text))
<BR>[Address Reference Count : 1]<UL><LI> startup_mspm0l1306_uvision.o(RESET)
</UL>
<P><STRONG><a name="[8]"></a>TIMG1_IRQHandler</STRONG> (Thumb, 0 bytes, Stack size 0 bytes, startup_mspm0l1306_uvision.o(.text))
<BR>[Address Reference Count : 1]<UL><LI> startup_mspm0l1306_uvision.o(RESET)
</UL>
<P><STRONG><a name="[e]"></a>TIMG2_IRQHandler</STRONG> (Thumb, 0 bytes, Stack size 0 bytes, startup_mspm0l1306_uvision.o(.text))
<BR>[Address Reference Count : 1]<UL><LI> startup_mspm0l1306_uvision.o(RESET)
</UL>
<P><STRONG><a name="[f]"></a>TIMG4_IRQHandler</STRONG> (Thumb, 0 bytes, Stack size 0 bytes, startup_mspm0l1306_uvision.o(.text))
<BR>[Address Reference Count : 1]<UL><LI> startup_mspm0l1306_uvision.o(RESET)
</UL>
<P><STRONG><a name="[c]"></a>UART0_IRQHandler</STRONG> (Thumb, 0 bytes, Stack size 0 bytes, startup_mspm0l1306_uvision.o(.text))
<BR>[Address Reference Count : 1]<UL><LI> startup_mspm0l1306_uvision.o(RESET)
</UL>
<P><STRONG><a name="[b]"></a>UART1_IRQHandler</STRONG> (Thumb, 0 bytes, Stack size 0 bytes, startup_mspm0l1306_uvision.o(.text))
<BR>[Address Reference Count : 1]<UL><LI> startup_mspm0l1306_uvision.o(RESET)
</UL>
<P><STRONG><a name="[2e]"></a>__user_initial_stackheap</STRONG> (Thumb, 10 bytes, Stack size 0 bytes, startup_mspm0l1306_uvision.o(.text))
<BR><BR>[Called By]<UL><LI><a href="#[18]">&gt;&gt;</a>&nbsp;&nbsp;&nbsp;__user_setup_stackheap
</UL>

<P><STRONG><a name="[3f]"></a>__aeabi_uidiv</STRONG> (Thumb, 0 bytes, Stack size 0 bytes, aeabi_sdiv.o(.text))
<BR><BR>[Called By]<UL><LI><a href="#[3d]">&gt;&gt;</a>&nbsp;&nbsp;&nbsp;OLED_ShowNum
</UL>

<P><STRONG><a name="[40]"></a>__aeabi_uidivmod</STRONG> (Thumb, 20 bytes, Stack size 0 bytes, aeabi_sdiv.o(.text))
<BR><BR>[Called By]<UL><LI><a href="#[3d]">&gt;&gt;</a>&nbsp;&nbsp;&nbsp;OLED_ShowNum
</UL>

<P><STRONG><a name="[90]"></a>__aeabi_idiv</STRONG> (Thumb, 0 bytes, Stack size 8 bytes, aeabi_sdiv.o(.text), UNUSED)

<P><STRONG><a name="[91]"></a>__aeabi_idivmod</STRONG> (Thumb, 338 bytes, Stack size 8 bytes, aeabi_sdiv.o(.text), UNUSED)

<P><STRONG><a name="[92]"></a>__use_two_region_memory</STRONG> (Thumb, 2 bytes, Stack size 0 bytes, heapauxi.o(.text), UNUSED)

<P><STRONG><a name="[93]"></a>__rt_heap_escrow$2region</STRONG> (Thumb, 2 bytes, Stack size 0 bytes, heapauxi.o(.text), UNUSED)

<P><STRONG><a name="[94]"></a>__rt_heap_expand$2region</STRONG> (Thumb, 2 bytes, Stack size 0 bytes, heapauxi.o(.text), UNUSED)

<P><STRONG><a name="[68]"></a>__aeabi_d2f</STRONG> (Thumb, 0 bytes, Stack size 12 bytes, d2f.o(.text))
<BR><BR>[Stack]<UL><LI>Max Depth = 12<LI>Call Chain = __aeabi_d2f
</UL>
<BR>[Called By]<UL><LI><a href="#[1c]">&gt;&gt;</a>&nbsp;&nbsp;&nbsp;main
</UL>

<P><STRONG><a name="[95]"></a>_d2f</STRONG> (Thumb, 120 bytes, Stack size 12 bytes, d2f.o(.text), UNUSED)

<P><STRONG><a name="[67]"></a>__aeabi_dadd</STRONG> (Thumb, 0 bytes, Stack size 8 bytes, daddsub.o(.text))
<BR><BR>[Stack]<UL><LI>Max Depth = 8<LI>Call Chain = __aeabi_dadd
</UL>
<BR>[Called By]<UL><LI><a href="#[1c]">&gt;&gt;</a>&nbsp;&nbsp;&nbsp;main
</UL>

<P><STRONG><a name="[23]"></a>_dadd</STRONG> (Thumb, 26 bytes, Stack size 8 bytes, daddsub.o(.text), UNUSED)
<BR><BR>[Calls]<UL><LI><a href="#[24]">&gt;&gt;</a>&nbsp;&nbsp;&nbsp;_dsub1
<LI><a href="#[25]">&gt;&gt;</a>&nbsp;&nbsp;&nbsp;_dadd1
</UL>

<P><STRONG><a name="[96]"></a>__aeabi_dsub</STRONG> (Thumb, 0 bytes, Stack size 8 bytes, daddsub.o(.text), UNUSED)

<P><STRONG><a name="[26]"></a>_dsub</STRONG> (Thumb, 22 bytes, Stack size 8 bytes, daddsub.o(.text), UNUSED)
<BR><BR>[Calls]<UL><LI><a href="#[24]">&gt;&gt;</a>&nbsp;&nbsp;&nbsp;_dsub1
<LI><a href="#[25]">&gt;&gt;</a>&nbsp;&nbsp;&nbsp;_dadd1
</UL>

<P><STRONG><a name="[97]"></a>__aeabi_drsub</STRONG> (Thumb, 0 bytes, Stack size 16 bytes, daddsub.o(.text), UNUSED)

<P><STRONG><a name="[27]"></a>_drsb</STRONG> (Thumb, 28 bytes, Stack size 16 bytes, daddsub.o(.text), UNUSED)
<BR><BR>[Calls]<UL><LI><a href="#[24]">&gt;&gt;</a>&nbsp;&nbsp;&nbsp;_dsub1
<LI><a href="#[25]">&gt;&gt;</a>&nbsp;&nbsp;&nbsp;_dadd1
</UL>

<P><STRONG><a name="[66]"></a>__aeabi_ddiv</STRONG> (Thumb, 0 bytes, Stack size 64 bytes, ddiv.o(.text))
<BR><BR>[Stack]<UL><LI>Max Depth = 64<LI>Call Chain = __aeabi_ddiv
</UL>
<BR>[Called By]<UL><LI><a href="#[1c]">&gt;&gt;</a>&nbsp;&nbsp;&nbsp;main
</UL>

<P><STRONG><a name="[29]"></a>_ddiv</STRONG> (Thumb, 1072 bytes, Stack size 64 bytes, ddiv.o(.text), UNUSED)
<BR><BR>[Called By]<UL><LI><a href="#[28]">&gt;&gt;</a>&nbsp;&nbsp;&nbsp;_drdiv
</UL>

<P><STRONG><a name="[28]"></a>_drdiv</STRONG> (Thumb, 20 bytes, Stack size 16 bytes, ddiv.o(.text), UNUSED)
<BR><BR>[Calls]<UL><LI><a href="#[29]">&gt;&gt;</a>&nbsp;&nbsp;&nbsp;_ddiv
</UL>

<P><STRONG><a name="[2b]"></a>__aeabi_i2d_normalise</STRONG> (Thumb, 66 bytes, Stack size 0 bytes, dflti.o(.text))
<BR><BR>[Called By]<UL><LI><a href="#[2c]">&gt;&gt;</a>&nbsp;&nbsp;&nbsp;__aeabi_ui2d
<LI><a href="#[2a]">&gt;&gt;</a>&nbsp;&nbsp;&nbsp;__aeabi_i2d
</UL>

<P><STRONG><a name="[2a]"></a>__aeabi_i2d</STRONG> (Thumb, 16 bytes, Stack size 0 bytes, dflti.o(.text))
<BR><BR>[Calls]<UL><LI><a href="#[2b]">&gt;&gt;</a>&nbsp;&nbsp;&nbsp;__aeabi_i2d_normalise
</UL>
<BR>[Called By]<UL><LI><a href="#[1c]">&gt;&gt;</a>&nbsp;&nbsp;&nbsp;main
</UL>

<P><STRONG><a name="[98]"></a>_dflt</STRONG> (Thumb, 0 bytes, Stack size 0 bytes, dflti.o(.text), UNUSED)

<P><STRONG><a name="[2c]"></a>__aeabi_ui2d</STRONG> (Thumb, 6 bytes, Stack size 0 bytes, dflti.o(.text), UNUSED)
<BR><BR>[Calls]<UL><LI><a href="#[2b]">&gt;&gt;</a>&nbsp;&nbsp;&nbsp;__aeabi_i2d_normalise
</UL>

<P><STRONG><a name="[99]"></a>_dfltu</STRONG> (Thumb, 0 bytes, Stack size 0 bytes, dflti.o(.text), UNUSED)

<P><STRONG><a name="[65]"></a>__aeabi_dmul</STRONG> (Thumb, 0 bytes, Stack size 56 bytes, dmul.o(.text))
<BR><BR>[Stack]<UL><LI>Max Depth = 56<LI>Call Chain = __aeabi_dmul
</UL>
<BR>[Called By]<UL><LI><a href="#[1c]">&gt;&gt;</a>&nbsp;&nbsp;&nbsp;main
</UL>

<P><STRONG><a name="[9a]"></a>_dmul</STRONG> (Thumb, 558 bytes, Stack size 56 bytes, dmul.o(.text), UNUSED)

<P><STRONG><a name="[69]"></a>__aeabi_f2iz</STRONG> (Thumb, 0 bytes, Stack size 8 bytes, ffixi.o(.text))
<BR><BR>[Stack]<UL><LI>Max Depth = 8<LI>Call Chain = __aeabi_f2iz
</UL>
<BR>[Called By]<UL><LI><a href="#[1c]">&gt;&gt;</a>&nbsp;&nbsp;&nbsp;main
</UL>

<P><STRONG><a name="[9b]"></a>_ffix</STRONG> (Thumb, 76 bytes, Stack size 8 bytes, ffixi.o(.text), UNUSED)

<P><STRONG><a name="[18]"></a>__user_setup_stackheap</STRONG> (Thumb, 62 bytes, Stack size 8 bytes, sys_stackheap_outer.o(.text))
<BR><BR>[Stack]<UL><LI>Max Depth = 8<LI>Call Chain = __user_setup_stackheap
</UL>
<BR>[Calls]<UL><LI><a href="#[2e]">&gt;&gt;</a>&nbsp;&nbsp;&nbsp;__user_initial_stackheap
<LI><a href="#[2d]">&gt;&gt;</a>&nbsp;&nbsp;&nbsp;__user_perproc_libspace
</UL>
<BR>[Called By]<UL><LI><a href="#[17]">&gt;&gt;</a>&nbsp;&nbsp;&nbsp;__rt_entry_sh
</UL>

<P><STRONG><a name="[1d]"></a>exit</STRONG> (Thumb, 16 bytes, Stack size 8 bytes, exit.o(.text))
<BR><BR>[Stack]<UL><LI>Max Depth = 8 + Unknown Stack Size
<LI>Call Chain = exit
</UL>
<BR>[Calls]<UL><LI><a href="#[30]">&gt;&gt;</a>&nbsp;&nbsp;&nbsp;__rt_exit
<LI><a href="#[2f]">&gt;&gt;</a>&nbsp;&nbsp;&nbsp;_call_atexit_fns (Weak Reference)
</UL>
<BR>[Called By]<UL><LI><a href="#[1b]">&gt;&gt;</a>&nbsp;&nbsp;&nbsp;__rt_entry_main
</UL>

<P><STRONG><a name="[9c]"></a>__user_libspace</STRONG> (Thumb, 8 bytes, Stack size 0 bytes, libspace.o(.text), UNUSED)

<P><STRONG><a name="[2d]"></a>__user_perproc_libspace</STRONG> (Thumb, 0 bytes, Stack size 0 bytes, libspace.o(.text))
<BR><BR>[Called By]<UL><LI><a href="#[18]">&gt;&gt;</a>&nbsp;&nbsp;&nbsp;__user_setup_stackheap
</UL>

<P><STRONG><a name="[9d]"></a>__user_perthread_libspace</STRONG> (Thumb, 0 bytes, Stack size 0 bytes, libspace.o(.text), UNUSED)

<P><STRONG><a name="[21]"></a>_sys_exit</STRONG> (Thumb, 8 bytes, Stack size 0 bytes, sys_exit.o(.text))
<BR><BR>[Called By]<UL><LI><a href="#[20]">&gt;&gt;</a>&nbsp;&nbsp;&nbsp;__rt_exit_exit
</UL>

<P><STRONG><a name="[9e]"></a>__I$use$semihosting</STRONG> (Thumb, 0 bytes, Stack size 0 bytes, use_no_semi.o(.text), UNUSED)

<P><STRONG><a name="[9f]"></a>__use_no_semihosting_swi</STRONG> (Thumb, 2 bytes, Stack size 0 bytes, use_no_semi.o(.text), UNUSED)

<P><STRONG><a name="[a0]"></a>__semihosting_library_function</STRONG> (Thumb, 0 bytes, Stack size unknown bytes, indicate_semi.o(.text), UNUSED)

<P><STRONG><a name="[9]"></a>ADC0_IRQHandler</STRONG> (Thumb, 28 bytes, Stack size 8 bytes, main.o(.text.ADC0_IRQHandler))
<BR><BR>[Stack]<UL><LI>Max Depth = 12<LI>Call Chain = ADC0_IRQHandler &rArr; DL_ADC12_getPendingInterrupt
</UL>
<BR>[Calls]<UL><LI><a href="#[31]">&gt;&gt;</a>&nbsp;&nbsp;&nbsp;DL_ADC12_getPendingInterrupt
</UL>
<BR>[Address Reference Count : 1]<UL><LI> startup_mspm0l1306_uvision.o(RESET)
</UL>
<P><STRONG><a name="[34]"></a>DL_ADC12_setClockConfig</STRONG> (Thumb, 64 bytes, Stack size 16 bytes, dl_adc12.o(.text.DL_ADC12_setClockConfig))
<BR><BR>[Stack]<UL><LI>Max Depth = 32<LI>Call Chain = DL_ADC12_setClockConfig &rArr; DL_Common_updateReg
</UL>
<BR>[Calls]<UL><LI><a href="#[35]">&gt;&gt;</a>&nbsp;&nbsp;&nbsp;DL_Common_updateReg
</UL>
<BR>[Called By]<UL><LI><a href="#[44]">&gt;&gt;</a>&nbsp;&nbsp;&nbsp;SYSCFG_DL_ADC12_0_init
</UL>

<P><STRONG><a name="[60]"></a>DL_Common_delayCycles</STRONG> (Thumb, 16 bytes, Stack size 4 bytes, dl_common.o(.text.DL_Common_delayCycles))
<BR><BR>[Stack]<UL><LI>Max Depth = 4<LI>Call Chain = DL_Common_delayCycles
</UL>
<BR>[Called By]<UL><LI><a href="#[59]">&gt;&gt;</a>&nbsp;&nbsp;&nbsp;SYSCFG_DL_initPower
<LI><a href="#[1c]">&gt;&gt;</a>&nbsp;&nbsp;&nbsp;main
</UL>

<P><STRONG><a name="[57]"></a>DL_VREF_configReference</STRONG> (Thumb, 48 bytes, Stack size 8 bytes, dl_vref.o(.text.DL_VREF_configReference))
<BR><BR>[Stack]<UL><LI>Max Depth = 8<LI>Call Chain = DL_VREF_configReference
</UL>
<BR>[Called By]<UL><LI><a href="#[55]">&gt;&gt;</a>&nbsp;&nbsp;&nbsp;SYSCFG_DL_VREF_init
</UL>

<P><STRONG><a name="[56]"></a>DL_VREF_setClockConfig</STRONG> (Thumb, 32 bytes, Stack size 8 bytes, dl_vref.o(.text.DL_VREF_setClockConfig))
<BR><BR>[Stack]<UL><LI>Max Depth = 8<LI>Call Chain = DL_VREF_setClockConfig
</UL>
<BR>[Called By]<UL><LI><a href="#[55]">&gt;&gt;</a>&nbsp;&nbsp;&nbsp;SYSCFG_DL_VREF_init
</UL>

<P><STRONG><a name="[37]"></a>OLED_Clear</STRONG> (Thumb, 106 bytes, Stack size 24 bytes, oled.o(.text.OLED_Clear))
<BR><BR>[Stack]<UL><LI>Max Depth = 56<LI>Call Chain = OLED_Clear &rArr; OLED_WR_Byte &rArr; DL_GPIO_clearPins
</UL>
<BR>[Calls]<UL><LI><a href="#[38]">&gt;&gt;</a>&nbsp;&nbsp;&nbsp;OLED_WR_Byte
</UL>
<BR>[Called By]<UL><LI><a href="#[39]">&gt;&gt;</a>&nbsp;&nbsp;&nbsp;OLED_Init
<LI><a href="#[1c]">&gt;&gt;</a>&nbsp;&nbsp;&nbsp;main
</UL>

<P><STRONG><a name="[39]"></a>OLED_Init</STRONG> (Thumb, 276 bytes, Stack size 32 bytes, oled.o(.text.OLED_Init))
<BR><BR>[Stack]<UL><LI>Max Depth = 88<LI>Call Chain = OLED_Init &rArr; OLED_Set_Pos &rArr; OLED_WR_Byte &rArr; DL_GPIO_clearPins
</UL>
<BR>[Calls]<UL><LI><a href="#[3b]">&gt;&gt;</a>&nbsp;&nbsp;&nbsp;OLED_Set_Pos
<LI><a href="#[38]">&gt;&gt;</a>&nbsp;&nbsp;&nbsp;OLED_WR_Byte
<LI><a href="#[3a]">&gt;&gt;</a>&nbsp;&nbsp;&nbsp;delay_ms
<LI><a href="#[37]">&gt;&gt;</a>&nbsp;&nbsp;&nbsp;OLED_Clear
</UL>
<BR>[Called By]<UL><LI><a href="#[1c]">&gt;&gt;</a>&nbsp;&nbsp;&nbsp;main
</UL>

<P><STRONG><a name="[3b]"></a>OLED_Set_Pos</STRONG> (Thumb, 62 bytes, Stack size 24 bytes, oled.o(.text.OLED_Set_Pos))
<BR><BR>[Stack]<UL><LI>Max Depth = 56<LI>Call Chain = OLED_Set_Pos &rArr; OLED_WR_Byte &rArr; DL_GPIO_clearPins
</UL>
<BR>[Calls]<UL><LI><a href="#[38]">&gt;&gt;</a>&nbsp;&nbsp;&nbsp;OLED_WR_Byte
</UL>
<BR>[Called By]<UL><LI><a href="#[3c]">&gt;&gt;</a>&nbsp;&nbsp;&nbsp;OLED_ShowChar
<LI><a href="#[39]">&gt;&gt;</a>&nbsp;&nbsp;&nbsp;OLED_Init
</UL>

<P><STRONG><a name="[3c]"></a>OLED_ShowChar</STRONG> (Thumb, 196 bytes, Stack size 32 bytes, oled.o(.text.OLED_ShowChar))
<BR><BR>[Stack]<UL><LI>Max Depth = 88<LI>Call Chain = OLED_ShowChar &rArr; OLED_Set_Pos &rArr; OLED_WR_Byte &rArr; DL_GPIO_clearPins
</UL>
<BR>[Calls]<UL><LI><a href="#[3b]">&gt;&gt;</a>&nbsp;&nbsp;&nbsp;OLED_Set_Pos
<LI><a href="#[38]">&gt;&gt;</a>&nbsp;&nbsp;&nbsp;OLED_WR_Byte
</UL>
<BR>[Called By]<UL><LI><a href="#[3d]">&gt;&gt;</a>&nbsp;&nbsp;&nbsp;OLED_ShowNum
<LI><a href="#[41]">&gt;&gt;</a>&nbsp;&nbsp;&nbsp;OLED_ShowString
</UL>

<P><STRONG><a name="[3d]"></a>OLED_ShowNum</STRONG> (Thumb, 212 bytes, Stack size 56 bytes, oled.o(.text.OLED_ShowNum))
<BR><BR>[Stack]<UL><LI>Max Depth = 144<LI>Call Chain = OLED_ShowNum &rArr; OLED_ShowChar &rArr; OLED_Set_Pos &rArr; OLED_WR_Byte &rArr; DL_GPIO_clearPins
</UL>
<BR>[Calls]<UL><LI><a href="#[3e]">&gt;&gt;</a>&nbsp;&nbsp;&nbsp;oled_pow
<LI><a href="#[3c]">&gt;&gt;</a>&nbsp;&nbsp;&nbsp;OLED_ShowChar
<LI><a href="#[40]">&gt;&gt;</a>&nbsp;&nbsp;&nbsp;__aeabi_uidivmod
<LI><a href="#[3f]">&gt;&gt;</a>&nbsp;&nbsp;&nbsp;__aeabi_uidiv
</UL>
<BR>[Called By]<UL><LI><a href="#[1c]">&gt;&gt;</a>&nbsp;&nbsp;&nbsp;main
</UL>

<P><STRONG><a name="[41]"></a>OLED_ShowString</STRONG> (Thumb, 104 bytes, Stack size 32 bytes, oled.o(.text.OLED_ShowString))
<BR><BR>[Stack]<UL><LI>Max Depth = 120<LI>Call Chain = OLED_ShowString &rArr; OLED_ShowChar &rArr; OLED_Set_Pos &rArr; OLED_WR_Byte &rArr; DL_GPIO_clearPins
</UL>
<BR>[Calls]<UL><LI><a href="#[3c]">&gt;&gt;</a>&nbsp;&nbsp;&nbsp;OLED_ShowChar
</UL>
<BR>[Called By]<UL><LI><a href="#[1c]">&gt;&gt;</a>&nbsp;&nbsp;&nbsp;main
</UL>

<P><STRONG><a name="[38]"></a>OLED_WR_Byte</STRONG> (Thumb, 156 bytes, Stack size 24 bytes, oled.o(.text.OLED_WR_Byte))
<BR><BR>[Stack]<UL><LI>Max Depth = 32<LI>Call Chain = OLED_WR_Byte &rArr; DL_GPIO_clearPins
</UL>
<BR>[Calls]<UL><LI><a href="#[43]">&gt;&gt;</a>&nbsp;&nbsp;&nbsp;DL_GPIO_clearPins
<LI><a href="#[42]">&gt;&gt;</a>&nbsp;&nbsp;&nbsp;DL_GPIO_setPins
</UL>
<BR>[Called By]<UL><LI><a href="#[3c]">&gt;&gt;</a>&nbsp;&nbsp;&nbsp;OLED_ShowChar
<LI><a href="#[3b]">&gt;&gt;</a>&nbsp;&nbsp;&nbsp;OLED_Set_Pos
<LI><a href="#[37]">&gt;&gt;</a>&nbsp;&nbsp;&nbsp;OLED_Clear
<LI><a href="#[39]">&gt;&gt;</a>&nbsp;&nbsp;&nbsp;OLED_Init
</UL>

<P><STRONG><a name="[44]"></a>SYSCFG_DL_ADC12_0_init</STRONG> (Thumb, 100 bytes, Stack size 48 bytes, ti_msp_dl_config.o(.text.SYSCFG_DL_ADC12_0_init))
<BR><BR>[Stack]<UL><LI>Max Depth = 88<LI>Call Chain = SYSCFG_DL_ADC12_0_init &rArr; DL_ADC12_initSingleSample &rArr; DL_Common_updateReg
</UL>
<BR>[Calls]<UL><LI><a href="#[34]">&gt;&gt;</a>&nbsp;&nbsp;&nbsp;DL_ADC12_setClockConfig
<LI><a href="#[49]">&gt;&gt;</a>&nbsp;&nbsp;&nbsp;DL_ADC12_enableConversions
<LI><a href="#[48]">&gt;&gt;</a>&nbsp;&nbsp;&nbsp;DL_ADC12_enableInterrupt
<LI><a href="#[47]">&gt;&gt;</a>&nbsp;&nbsp;&nbsp;DL_ADC12_clearInterruptStatus
<LI><a href="#[46]">&gt;&gt;</a>&nbsp;&nbsp;&nbsp;DL_ADC12_setSampleTime0
<LI><a href="#[45]">&gt;&gt;</a>&nbsp;&nbsp;&nbsp;DL_ADC12_configConversionMem
<LI><a href="#[32]">&gt;&gt;</a>&nbsp;&nbsp;&nbsp;DL_ADC12_initSingleSample
</UL>
<BR>[Called By]<UL><LI><a href="#[58]">&gt;&gt;</a>&nbsp;&nbsp;&nbsp;SYSCFG_DL_init
</UL>

<P><STRONG><a name="[4a]"></a>SYSCFG_DL_GPIO_init</STRONG> (Thumb, 176 bytes, Stack size 32 bytes, ti_msp_dl_config.o(.text.SYSCFG_DL_GPIO_init))
<BR><BR>[Stack]<UL><LI>Max Depth = 56<LI>Call Chain = SYSCFG_DL_GPIO_init &rArr; DL_GPIO_initDigitalInputFeatures
</UL>
<BR>[Calls]<UL><LI><a href="#[50]">&gt;&gt;</a>&nbsp;&nbsp;&nbsp;DL_GPIO_enableOutput
<LI><a href="#[4f]">&gt;&gt;</a>&nbsp;&nbsp;&nbsp;DL_GPIO_setPins
<LI><a href="#[4e]">&gt;&gt;</a>&nbsp;&nbsp;&nbsp;DL_GPIO_clearPins
<LI><a href="#[4d]">&gt;&gt;</a>&nbsp;&nbsp;&nbsp;DL_GPIO_initDigitalInputFeatures
<LI><a href="#[4c]">&gt;&gt;</a>&nbsp;&nbsp;&nbsp;DL_GPIO_initDigitalOutputFeatures
<LI><a href="#[4b]">&gt;&gt;</a>&nbsp;&nbsp;&nbsp;DL_GPIO_initDigitalOutput
</UL>
<BR>[Called By]<UL><LI><a href="#[58]">&gt;&gt;</a>&nbsp;&nbsp;&nbsp;SYSCFG_DL_init
</UL>

<P><STRONG><a name="[51]"></a>SYSCFG_DL_SYSCTL_init</STRONG> (Thumb, 30 bytes, Stack size 16 bytes, ti_msp_dl_config.o(.text.SYSCFG_DL_SYSCTL_init))
<BR><BR>[Stack]<UL><LI>Max Depth = 48<LI>Call Chain = SYSCFG_DL_SYSCTL_init &rArr; DL_SYSCTL_setSYSOSCFreq &rArr; DL_Common_updateReg
</UL>
<BR>[Calls]<UL><LI><a href="#[54]">&gt;&gt;</a>&nbsp;&nbsp;&nbsp;DL_SYSCTL_enableMFPCLK
<LI><a href="#[53]">&gt;&gt;</a>&nbsp;&nbsp;&nbsp;DL_SYSCTL_enableMFCLK
<LI><a href="#[36]">&gt;&gt;</a>&nbsp;&nbsp;&nbsp;DL_SYSCTL_setSYSOSCFreq
<LI><a href="#[52]">&gt;&gt;</a>&nbsp;&nbsp;&nbsp;DL_SYSCTL_setBORThreshold
</UL>
<BR>[Called By]<UL><LI><a href="#[58]">&gt;&gt;</a>&nbsp;&nbsp;&nbsp;SYSCFG_DL_init
</UL>

<P><STRONG><a name="[55]"></a>SYSCFG_DL_VREF_init</STRONG> (Thumb, 28 bytes, Stack size 16 bytes, ti_msp_dl_config.o(.text.SYSCFG_DL_VREF_init))
<BR><BR>[Stack]<UL><LI>Max Depth = 24<LI>Call Chain = SYSCFG_DL_VREF_init &rArr; DL_VREF_configReference
</UL>
<BR>[Calls]<UL><LI><a href="#[57]">&gt;&gt;</a>&nbsp;&nbsp;&nbsp;DL_VREF_configReference
<LI><a href="#[56]">&gt;&gt;</a>&nbsp;&nbsp;&nbsp;DL_VREF_setClockConfig
</UL>
<BR>[Called By]<UL><LI><a href="#[58]">&gt;&gt;</a>&nbsp;&nbsp;&nbsp;SYSCFG_DL_init
</UL>

<P><STRONG><a name="[58]"></a>SYSCFG_DL_init</STRONG> (Thumb, 24 bytes, Stack size 8 bytes, ti_msp_dl_config.o(.text.SYSCFG_DL_init))
<BR><BR>[Stack]<UL><LI>Max Depth = 96<LI>Call Chain = SYSCFG_DL_init &rArr; SYSCFG_DL_ADC12_0_init &rArr; DL_ADC12_initSingleSample &rArr; DL_Common_updateReg
</UL>
<BR>[Calls]<UL><LI><a href="#[55]">&gt;&gt;</a>&nbsp;&nbsp;&nbsp;SYSCFG_DL_VREF_init
<LI><a href="#[44]">&gt;&gt;</a>&nbsp;&nbsp;&nbsp;SYSCFG_DL_ADC12_0_init
<LI><a href="#[51]">&gt;&gt;</a>&nbsp;&nbsp;&nbsp;SYSCFG_DL_SYSCTL_init
<LI><a href="#[4a]">&gt;&gt;</a>&nbsp;&nbsp;&nbsp;SYSCFG_DL_GPIO_init
<LI><a href="#[59]">&gt;&gt;</a>&nbsp;&nbsp;&nbsp;SYSCFG_DL_initPower
</UL>
<BR>[Called By]<UL><LI><a href="#[1c]">&gt;&gt;</a>&nbsp;&nbsp;&nbsp;main
</UL>

<P><STRONG><a name="[59]"></a>SYSCFG_DL_initPower</STRONG> (Thumb, 56 bytes, Stack size 24 bytes, ti_msp_dl_config.o(.text.SYSCFG_DL_initPower))
<BR><BR>[Stack]<UL><LI>Max Depth = 28<LI>Call Chain = SYSCFG_DL_initPower &rArr; DL_VREF_enablePower
</UL>
<BR>[Calls]<UL><LI><a href="#[5f]">&gt;&gt;</a>&nbsp;&nbsp;&nbsp;DL_VREF_enablePower
<LI><a href="#[5e]">&gt;&gt;</a>&nbsp;&nbsp;&nbsp;DL_ADC12_enablePower
<LI><a href="#[5d]">&gt;&gt;</a>&nbsp;&nbsp;&nbsp;DL_GPIO_enablePower
<LI><a href="#[5c]">&gt;&gt;</a>&nbsp;&nbsp;&nbsp;DL_VREF_reset
<LI><a href="#[5b]">&gt;&gt;</a>&nbsp;&nbsp;&nbsp;DL_ADC12_reset
<LI><a href="#[5a]">&gt;&gt;</a>&nbsp;&nbsp;&nbsp;DL_GPIO_reset
<LI><a href="#[60]">&gt;&gt;</a>&nbsp;&nbsp;&nbsp;DL_Common_delayCycles
</UL>
<BR>[Called By]<UL><LI><a href="#[58]">&gt;&gt;</a>&nbsp;&nbsp;&nbsp;SYSCFG_DL_init
</UL>

<P><STRONG><a name="[3a]"></a>delay_ms</STRONG> (Thumb, 48 bytes, Stack size 8 bytes, oled.o(.text.delay_ms))
<BR><BR>[Stack]<UL><LI>Max Depth = 8<LI>Call Chain = delay_ms
</UL>
<BR>[Called By]<UL><LI><a href="#[39]">&gt;&gt;</a>&nbsp;&nbsp;&nbsp;OLED_Init
</UL>

<P><STRONG><a name="[1c]"></a>main</STRONG> (Thumb, 232 bytes, Stack size 56 bytes, main.o(.text.main))
<BR><BR>[Stack]<UL><LI>Max Depth = 200<LI>Call Chain = main &rArr; OLED_ShowNum &rArr; OLED_ShowChar &rArr; OLED_Set_Pos &rArr; OLED_WR_Byte &rArr; DL_GPIO_clearPins
</UL>
<BR>[Calls]<UL><LI><a href="#[60]">&gt;&gt;</a>&nbsp;&nbsp;&nbsp;DL_Common_delayCycles
<LI><a href="#[3d]">&gt;&gt;</a>&nbsp;&nbsp;&nbsp;OLED_ShowNum
<LI><a href="#[41]">&gt;&gt;</a>&nbsp;&nbsp;&nbsp;OLED_ShowString
<LI><a href="#[37]">&gt;&gt;</a>&nbsp;&nbsp;&nbsp;OLED_Clear
<LI><a href="#[39]">&gt;&gt;</a>&nbsp;&nbsp;&nbsp;OLED_Init
<LI><a href="#[58]">&gt;&gt;</a>&nbsp;&nbsp;&nbsp;SYSCFG_DL_init
<LI><a href="#[6a]">&gt;&gt;</a>&nbsp;&nbsp;&nbsp;DL_ADC12_enableConversions
<LI><a href="#[64]">&gt;&gt;</a>&nbsp;&nbsp;&nbsp;DL_ADC12_getMemResult
<LI><a href="#[63]">&gt;&gt;</a>&nbsp;&nbsp;&nbsp;DL_ADC12_startConversion
<LI><a href="#[62]">&gt;&gt;</a>&nbsp;&nbsp;&nbsp;DL_VREF_getStatus
<LI><a href="#[61]">&gt;&gt;</a>&nbsp;&nbsp;&nbsp;__NVIC_EnableIRQ
<LI><a href="#[69]">&gt;&gt;</a>&nbsp;&nbsp;&nbsp;__aeabi_f2iz
<LI><a href="#[65]">&gt;&gt;</a>&nbsp;&nbsp;&nbsp;__aeabi_dmul
<LI><a href="#[2a]">&gt;&gt;</a>&nbsp;&nbsp;&nbsp;__aeabi_i2d
<LI><a href="#[66]">&gt;&gt;</a>&nbsp;&nbsp;&nbsp;__aeabi_ddiv
<LI><a href="#[67]">&gt;&gt;</a>&nbsp;&nbsp;&nbsp;__aeabi_dadd
<LI><a href="#[68]">&gt;&gt;</a>&nbsp;&nbsp;&nbsp;__aeabi_d2f
</UL>
<BR>[Called By]<UL><LI><a href="#[1b]">&gt;&gt;</a>&nbsp;&nbsp;&nbsp;__rt_entry_main
</UL>

<P><STRONG><a name="[3e]"></a>oled_pow</STRONG> (Thumb, 48 bytes, Stack size 12 bytes, oled.o(.text.oled_pow))
<BR><BR>[Stack]<UL><LI>Max Depth = 12<LI>Call Chain = oled_pow
</UL>
<BR>[Called By]<UL><LI><a href="#[3d]">&gt;&gt;</a>&nbsp;&nbsp;&nbsp;OLED_ShowNum
</UL>
<P>
<H3>
Local Symbols
</H3>
<P><STRONG><a name="[61]"></a>__NVIC_EnableIRQ</STRONG> (Thumb, 40 bytes, Stack size 4 bytes, main.o(.text.__NVIC_EnableIRQ))
<BR><BR>[Stack]<UL><LI>Max Depth = 4<LI>Call Chain = __NVIC_EnableIRQ
</UL>
<BR>[Called By]<UL><LI><a href="#[1c]">&gt;&gt;</a>&nbsp;&nbsp;&nbsp;main
</UL>

<P><STRONG><a name="[62]"></a>DL_VREF_getStatus</STRONG> (Thumb, 20 bytes, Stack size 4 bytes, main.o(.text.DL_VREF_getStatus))
<BR><BR>[Stack]<UL><LI>Max Depth = 4<LI>Call Chain = DL_VREF_getStatus
</UL>
<BR>[Called By]<UL><LI><a href="#[1c]">&gt;&gt;</a>&nbsp;&nbsp;&nbsp;main
</UL>

<P><STRONG><a name="[63]"></a>DL_ADC12_startConversion</STRONG> (Thumb, 24 bytes, Stack size 4 bytes, main.o(.text.DL_ADC12_startConversion))
<BR><BR>[Stack]<UL><LI>Max Depth = 4<LI>Call Chain = DL_ADC12_startConversion
</UL>
<BR>[Called By]<UL><LI><a href="#[1c]">&gt;&gt;</a>&nbsp;&nbsp;&nbsp;main
</UL>

<P><STRONG><a name="[64]"></a>DL_ADC12_getMemResult</STRONG> (Thumb, 44 bytes, Stack size 16 bytes, main.o(.text.DL_ADC12_getMemResult))
<BR><BR>[Stack]<UL><LI>Max Depth = 16<LI>Call Chain = DL_ADC12_getMemResult
</UL>
<BR>[Called By]<UL><LI><a href="#[1c]">&gt;&gt;</a>&nbsp;&nbsp;&nbsp;main
</UL>

<P><STRONG><a name="[6a]"></a>DL_ADC12_enableConversions</STRONG> (Thumb, 22 bytes, Stack size 4 bytes, main.o(.text.DL_ADC12_enableConversions))
<BR><BR>[Stack]<UL><LI>Max Depth = 4<LI>Call Chain = DL_ADC12_enableConversions
</UL>
<BR>[Called By]<UL><LI><a href="#[1c]">&gt;&gt;</a>&nbsp;&nbsp;&nbsp;main
</UL>

<P><STRONG><a name="[31]"></a>DL_ADC12_getPendingInterrupt</STRONG> (Thumb, 18 bytes, Stack size 4 bytes, main.o(.text.DL_ADC12_getPendingInterrupt))
<BR><BR>[Stack]<UL><LI>Max Depth = 4<LI>Call Chain = DL_ADC12_getPendingInterrupt
</UL>
<BR>[Called By]<UL><LI><a href="#[9]">&gt;&gt;</a>&nbsp;&nbsp;&nbsp;ADC0_IRQHandler
</UL>

<P><STRONG><a name="[5a]"></a>DL_GPIO_reset</STRONG> (Thumb, 16 bytes, Stack size 4 bytes, ti_msp_dl_config.o(.text.DL_GPIO_reset))
<BR><BR>[Stack]<UL><LI>Max Depth = 4<LI>Call Chain = DL_GPIO_reset
</UL>
<BR>[Called By]<UL><LI><a href="#[59]">&gt;&gt;</a>&nbsp;&nbsp;&nbsp;SYSCFG_DL_initPower
</UL>

<P><STRONG><a name="[5b]"></a>DL_ADC12_reset</STRONG> (Thumb, 16 bytes, Stack size 4 bytes, ti_msp_dl_config.o(.text.DL_ADC12_reset))
<BR><BR>[Stack]<UL><LI>Max Depth = 4<LI>Call Chain = DL_ADC12_reset
</UL>
<BR>[Called By]<UL><LI><a href="#[59]">&gt;&gt;</a>&nbsp;&nbsp;&nbsp;SYSCFG_DL_initPower
</UL>

<P><STRONG><a name="[5c]"></a>DL_VREF_reset</STRONG> (Thumb, 16 bytes, Stack size 4 bytes, ti_msp_dl_config.o(.text.DL_VREF_reset))
<BR><BR>[Stack]<UL><LI>Max Depth = 4<LI>Call Chain = DL_VREF_reset
</UL>
<BR>[Called By]<UL><LI><a href="#[59]">&gt;&gt;</a>&nbsp;&nbsp;&nbsp;SYSCFG_DL_initPower
</UL>

<P><STRONG><a name="[5d]"></a>DL_GPIO_enablePower</STRONG> (Thumb, 20 bytes, Stack size 4 bytes, ti_msp_dl_config.o(.text.DL_GPIO_enablePower))
<BR><BR>[Stack]<UL><LI>Max Depth = 4<LI>Call Chain = DL_GPIO_enablePower
</UL>
<BR>[Called By]<UL><LI><a href="#[59]">&gt;&gt;</a>&nbsp;&nbsp;&nbsp;SYSCFG_DL_initPower
</UL>

<P><STRONG><a name="[5e]"></a>DL_ADC12_enablePower</STRONG> (Thumb, 20 bytes, Stack size 4 bytes, ti_msp_dl_config.o(.text.DL_ADC12_enablePower))
<BR><BR>[Stack]<UL><LI>Max Depth = 4<LI>Call Chain = DL_ADC12_enablePower
</UL>
<BR>[Called By]<UL><LI><a href="#[59]">&gt;&gt;</a>&nbsp;&nbsp;&nbsp;SYSCFG_DL_initPower
</UL>

<P><STRONG><a name="[5f]"></a>DL_VREF_enablePower</STRONG> (Thumb, 20 bytes, Stack size 4 bytes, ti_msp_dl_config.o(.text.DL_VREF_enablePower))
<BR><BR>[Stack]<UL><LI>Max Depth = 4<LI>Call Chain = DL_VREF_enablePower
</UL>
<BR>[Called By]<UL><LI><a href="#[59]">&gt;&gt;</a>&nbsp;&nbsp;&nbsp;SYSCFG_DL_initPower
</UL>

<P><STRONG><a name="[4b]"></a>DL_GPIO_initDigitalOutput</STRONG> (Thumb, 20 bytes, Stack size 4 bytes, ti_msp_dl_config.o(.text.DL_GPIO_initDigitalOutput))
<BR><BR>[Stack]<UL><LI>Max Depth = 4<LI>Call Chain = DL_GPIO_initDigitalOutput
</UL>
<BR>[Called By]<UL><LI><a href="#[4a]">&gt;&gt;</a>&nbsp;&nbsp;&nbsp;SYSCFG_DL_GPIO_init
</UL>

<P><STRONG><a name="[4c]"></a>DL_GPIO_initDigitalOutputFeatures</STRONG> (Thumb, 44 bytes, Stack size 24 bytes, ti_msp_dl_config.o(.text.DL_GPIO_initDigitalOutputFeatures))
<BR><BR>[Stack]<UL><LI>Max Depth = 24<LI>Call Chain = DL_GPIO_initDigitalOutputFeatures
</UL>
<BR>[Called By]<UL><LI><a href="#[4a]">&gt;&gt;</a>&nbsp;&nbsp;&nbsp;SYSCFG_DL_GPIO_init
</UL>

<P><STRONG><a name="[4d]"></a>DL_GPIO_initDigitalInputFeatures</STRONG> (Thumb, 44 bytes, Stack size 24 bytes, ti_msp_dl_config.o(.text.DL_GPIO_initDigitalInputFeatures))
<BR><BR>[Stack]<UL><LI>Max Depth = 24<LI>Call Chain = DL_GPIO_initDigitalInputFeatures
</UL>
<BR>[Called By]<UL><LI><a href="#[4a]">&gt;&gt;</a>&nbsp;&nbsp;&nbsp;SYSCFG_DL_GPIO_init
</UL>

<P><STRONG><a name="[4e]"></a>DL_GPIO_clearPins</STRONG> (Thumb, 20 bytes, Stack size 8 bytes, ti_msp_dl_config.o(.text.DL_GPIO_clearPins))
<BR><BR>[Stack]<UL><LI>Max Depth = 8<LI>Call Chain = DL_GPIO_clearPins
</UL>
<BR>[Called By]<UL><LI><a href="#[4a]">&gt;&gt;</a>&nbsp;&nbsp;&nbsp;SYSCFG_DL_GPIO_init
</UL>

<P><STRONG><a name="[4f]"></a>DL_GPIO_setPins</STRONG> (Thumb, 20 bytes, Stack size 8 bytes, ti_msp_dl_config.o(.text.DL_GPIO_setPins))
<BR><BR>[Stack]<UL><LI>Max Depth = 8<LI>Call Chain = DL_GPIO_setPins
</UL>
<BR>[Called By]<UL><LI><a href="#[4a]">&gt;&gt;</a>&nbsp;&nbsp;&nbsp;SYSCFG_DL_GPIO_init
</UL>

<P><STRONG><a name="[50]"></a>DL_GPIO_enableOutput</STRONG> (Thumb, 20 bytes, Stack size 8 bytes, ti_msp_dl_config.o(.text.DL_GPIO_enableOutput))
<BR><BR>[Stack]<UL><LI>Max Depth = 8<LI>Call Chain = DL_GPIO_enableOutput
</UL>
<BR>[Called By]<UL><LI><a href="#[4a]">&gt;&gt;</a>&nbsp;&nbsp;&nbsp;SYSCFG_DL_GPIO_init
</UL>

<P><STRONG><a name="[52]"></a>DL_SYSCTL_setBORThreshold</STRONG> (Thumb, 20 bytes, Stack size 4 bytes, ti_msp_dl_config.o(.text.DL_SYSCTL_setBORThreshold))
<BR><BR>[Stack]<UL><LI>Max Depth = 4<LI>Call Chain = DL_SYSCTL_setBORThreshold
</UL>
<BR>[Called By]<UL><LI><a href="#[51]">&gt;&gt;</a>&nbsp;&nbsp;&nbsp;SYSCFG_DL_SYSCTL_init
</UL>

<P><STRONG><a name="[36]"></a>DL_SYSCTL_setSYSOSCFreq</STRONG> (Thumb, 24 bytes, Stack size 16 bytes, ti_msp_dl_config.o(.text.DL_SYSCTL_setSYSOSCFreq))
<BR><BR>[Stack]<UL><LI>Max Depth = 32<LI>Call Chain = DL_SYSCTL_setSYSOSCFreq &rArr; DL_Common_updateReg
</UL>
<BR>[Calls]<UL><LI><a href="#[33]">&gt;&gt;</a>&nbsp;&nbsp;&nbsp;DL_Common_updateReg
</UL>
<BR>[Called By]<UL><LI><a href="#[51]">&gt;&gt;</a>&nbsp;&nbsp;&nbsp;SYSCFG_DL_SYSCTL_init
</UL>

<P><STRONG><a name="[53]"></a>DL_SYSCTL_enableMFCLK</STRONG> (Thumb, 16 bytes, Stack size 0 bytes, ti_msp_dl_config.o(.text.DL_SYSCTL_enableMFCLK))
<BR><BR>[Called By]<UL><LI><a href="#[51]">&gt;&gt;</a>&nbsp;&nbsp;&nbsp;SYSCFG_DL_SYSCTL_init
</UL>

<P><STRONG><a name="[54]"></a>DL_SYSCTL_enableMFPCLK</STRONG> (Thumb, 12 bytes, Stack size 0 bytes, ti_msp_dl_config.o(.text.DL_SYSCTL_enableMFPCLK))
<BR><BR>[Called By]<UL><LI><a href="#[51]">&gt;&gt;</a>&nbsp;&nbsp;&nbsp;SYSCFG_DL_SYSCTL_init
</UL>

<P><STRONG><a name="[32]"></a>DL_ADC12_initSingleSample</STRONG> (Thumb, 60 bytes, Stack size 24 bytes, ti_msp_dl_config.o(.text.DL_ADC12_initSingleSample))
<BR><BR>[Stack]<UL><LI>Max Depth = 40<LI>Call Chain = DL_ADC12_initSingleSample &rArr; DL_Common_updateReg
</UL>
<BR>[Calls]<UL><LI><a href="#[33]">&gt;&gt;</a>&nbsp;&nbsp;&nbsp;DL_Common_updateReg
</UL>
<BR>[Called By]<UL><LI><a href="#[44]">&gt;&gt;</a>&nbsp;&nbsp;&nbsp;SYSCFG_DL_ADC12_0_init
</UL>

<P><STRONG><a name="[45]"></a>DL_ADC12_configConversionMem</STRONG> (Thumb, 74 bytes, Stack size 28 bytes, ti_msp_dl_config.o(.text.DL_ADC12_configConversionMem))
<BR><BR>[Stack]<UL><LI>Max Depth = 28<LI>Call Chain = DL_ADC12_configConversionMem
</UL>
<BR>[Called By]<UL><LI><a href="#[44]">&gt;&gt;</a>&nbsp;&nbsp;&nbsp;SYSCFG_DL_ADC12_0_init
</UL>

<P><STRONG><a name="[46]"></a>DL_ADC12_setSampleTime0</STRONG> (Thumb, 20 bytes, Stack size 8 bytes, ti_msp_dl_config.o(.text.DL_ADC12_setSampleTime0))
<BR><BR>[Stack]<UL><LI>Max Depth = 8<LI>Call Chain = DL_ADC12_setSampleTime0
</UL>
<BR>[Called By]<UL><LI><a href="#[44]">&gt;&gt;</a>&nbsp;&nbsp;&nbsp;SYSCFG_DL_ADC12_0_init
</UL>

<P><STRONG><a name="[47]"></a>DL_ADC12_clearInterruptStatus</STRONG> (Thumb, 24 bytes, Stack size 8 bytes, ti_msp_dl_config.o(.text.DL_ADC12_clearInterruptStatus))
<BR><BR>[Stack]<UL><LI>Max Depth = 8<LI>Call Chain = DL_ADC12_clearInterruptStatus
</UL>
<BR>[Called By]<UL><LI><a href="#[44]">&gt;&gt;</a>&nbsp;&nbsp;&nbsp;SYSCFG_DL_ADC12_0_init
</UL>

<P><STRONG><a name="[48]"></a>DL_ADC12_enableInterrupt</STRONG> (Thumb, 24 bytes, Stack size 8 bytes, ti_msp_dl_config.o(.text.DL_ADC12_enableInterrupt))
<BR><BR>[Stack]<UL><LI>Max Depth = 8<LI>Call Chain = DL_ADC12_enableInterrupt
</UL>
<BR>[Called By]<UL><LI><a href="#[44]">&gt;&gt;</a>&nbsp;&nbsp;&nbsp;SYSCFG_DL_ADC12_0_init
</UL>

<P><STRONG><a name="[49]"></a>DL_ADC12_enableConversions</STRONG> (Thumb, 22 bytes, Stack size 4 bytes, ti_msp_dl_config.o(.text.DL_ADC12_enableConversions))
<BR><BR>[Stack]<UL><LI>Max Depth = 4<LI>Call Chain = DL_ADC12_enableConversions
</UL>
<BR>[Called By]<UL><LI><a href="#[44]">&gt;&gt;</a>&nbsp;&nbsp;&nbsp;SYSCFG_DL_ADC12_0_init
</UL>

<P><STRONG><a name="[33]"></a>DL_Common_updateReg</STRONG> (Thumb, 40 bytes, Stack size 16 bytes, ti_msp_dl_config.o(.text.DL_Common_updateReg))
<BR><BR>[Stack]<UL><LI>Max Depth = 16<LI>Call Chain = DL_Common_updateReg
</UL>
<BR>[Called By]<UL><LI><a href="#[32]">&gt;&gt;</a>&nbsp;&nbsp;&nbsp;DL_ADC12_initSingleSample
<LI><a href="#[36]">&gt;&gt;</a>&nbsp;&nbsp;&nbsp;DL_SYSCTL_setSYSOSCFreq
</UL>

<P><STRONG><a name="[42]"></a>DL_GPIO_setPins</STRONG> (Thumb, 20 bytes, Stack size 8 bytes, oled.o(.text.DL_GPIO_setPins))
<BR><BR>[Stack]<UL><LI>Max Depth = 8<LI>Call Chain = DL_GPIO_setPins
</UL>
<BR>[Called By]<UL><LI><a href="#[38]">&gt;&gt;</a>&nbsp;&nbsp;&nbsp;OLED_WR_Byte
</UL>

<P><STRONG><a name="[43]"></a>DL_GPIO_clearPins</STRONG> (Thumb, 20 bytes, Stack size 8 bytes, oled.o(.text.DL_GPIO_clearPins))
<BR><BR>[Stack]<UL><LI>Max Depth = 8<LI>Call Chain = DL_GPIO_clearPins
</UL>
<BR>[Called By]<UL><LI><a href="#[38]">&gt;&gt;</a>&nbsp;&nbsp;&nbsp;OLED_WR_Byte
</UL>

<P><STRONG><a name="[35]"></a>DL_Common_updateReg</STRONG> (Thumb, 40 bytes, Stack size 16 bytes, dl_adc12.o(.text.DL_Common_updateReg))
<BR><BR>[Stack]<UL><LI>Max Depth = 16<LI>Call Chain = DL_Common_updateReg
</UL>
<BR>[Called By]<UL><LI><a href="#[34]">&gt;&gt;</a>&nbsp;&nbsp;&nbsp;DL_ADC12_setClockConfig
</UL>

<P><STRONG><a name="[25]"></a>_dadd1</STRONG> (Thumb, 290 bytes, Stack size 20 bytes, daddsub.o(.text), UNUSED)
<BR><BR>[Called By]<UL><LI><a href="#[27]">&gt;&gt;</a>&nbsp;&nbsp;&nbsp;_drsb
<LI><a href="#[26]">&gt;&gt;</a>&nbsp;&nbsp;&nbsp;_dsub
<LI><a href="#[23]">&gt;&gt;</a>&nbsp;&nbsp;&nbsp;_dadd
</UL>

<P><STRONG><a name="[24]"></a>_dsub1</STRONG> (Thumb, 470 bytes, Stack size 40 bytes, daddsub.o(.text), UNUSED)
<BR><BR>[Called By]<UL><LI><a href="#[27]">&gt;&gt;</a>&nbsp;&nbsp;&nbsp;_drsb
<LI><a href="#[26]">&gt;&gt;</a>&nbsp;&nbsp;&nbsp;_dsub
<LI><a href="#[23]">&gt;&gt;</a>&nbsp;&nbsp;&nbsp;_dadd
</UL>
<P>
<H3>
Undefined Global Symbols
</H3>
<P><STRONG><a name="[2f]"></a>_call_atexit_fns</STRONG> (ARM, 0 bytes, Stack size 0 bytes, UNDEFINED)
<BR><BR>[Called By]<UL><LI><a href="#[1d]">&gt;&gt;</a>&nbsp;&nbsp;&nbsp;exit
</UL>
<HR></body></html>
