<html>
<body>
<pre>
<h1>礦ision Build Log</h1>
<h2>Tool Versions:</h2>
IDE-Version: μVision V5.39.0.0
Copyright (C) 2023 ARM Ltd and ARM Germany GmbH. All rights reserved.
License Information: aaa aaa, aaa, LIC=QF82M-XIPWI-SB5EJ-UYSCH-EXBRC-K9UJ0
 
Tool Versions:
Toolchain:       MDK-ARM Plus  Version: 5.39.0.0
Toolchain Path:  D:\Application\keil_539\ARM\ARMCLANG\Bin
C Compiler:      ArmClang.exe V6.21
Assembler:       Armasm.exe V6.21
Linker/Locator:  ArmLink.exe V6.21
Library Manager: ArmAr.exe V6.21
Hex Converter:   FromElf.exe V6.21
CPU DLL:         SARMCM3.DLL V5.39.0.0
Dialog DLL:      DARMCM1.DLL V1.19.6.0
Target DLL:      CMSIS_AGDI.dll V1.33.16.0
Dialog DLL:      TARMCM1.DLL V1.14.6.0
 
<h2>Project:</h2>
D:\study\电赛培训\2025届培训\MCU培训资料\projects\ADC_TEST\keil\ADC_TEST.uvprojx
Project File Date:  01/21/2024

<h2>Output:</h2>
*** Using Compiler 'V6.21', folder: 'D:\Application\keil_539\ARM\ARMCLANG\Bin'
Build target 'FLASH_WRITE_READ'
Before Build - User command #1: cmd.exe /C "D:\study\电赛培训\2025届培训\MCU培训资料\projects\ADC_TEST\keil\../syscfg.bat 'D:\study\电赛培训\2025届培训\MCU培训资料\projects\ADC_TEST\keil\' project.syscfg"
Using Sysconfig Tool from "D:\ti\sysconfig_1.18.1\sysconfig_cli.bat"
"Update the file located at <sdk path>/tools/keil/syscfg.bat to use a different version"
Running script...
Validating...
info: /ti/project_config/ProjectConfig deviceSpin: Note: User must select a device after migration. 
Generating Code (project.syscfg)...
Writing D:\study\鐢佃禌鍩硅\2025灞婂煿璁璡MCU鍩硅璧勬枡\projects\ADC_TEST\ti_msp_dl_config.c...
Writing D:\study\鐢佃禌鍩硅\2025灞婂煿璁璡MCU鍩硅璧勬枡\projects\ADC_TEST\ti_msp_dl_config.h...
Unchanged D:\study\鐢佃禌鍩硅\2025灞婂煿璁璡MCU鍩硅璧勬枡\projects\ADC_TEST\Event.dot...
Before Build - User command #2: cmd.exe /C "D:\study\电赛培训\2025届培训\MCU培训资料\projects\ADC_TEST\keil\../move_file.bat 'D:\study\电赛培训\2025届培训\MCU培训资料\projects\ADC_TEST\keil\"
移动了         1 个文件。
移动了         1 个文件。
compiling main.c...
compiling ti_msp_dl_config.c...
linking...
Program Size: Code=6600 RO-data=1904 RW-data=0 ZI-data=360  
FromELF: creating hex file...
".\Objects\GPIO.axf" - 0 Error(s), 0 Warning(s).

<h2>Software Packages used:</h2>

Package Vendor: TexasInstruments
                http://software-dl.ti.com/msp430/esd/MSPM0-CMSIS/MSPM0L11XX_L13XX/latest/exports/TexasInstruments.MSPM0L11XX_L13XX_DFP.1.2.1.pack
                TexasInstruments::MSPM0L11XX_L13XX_DFP@1.2.1
                Device Family Pack for Texas Instruments MSPM0L11XX_L13XX Series

<h2>Collection of Component include folders:</h2>

<h2>Collection of Component Files used:</h2>
Build Time Elapsed:  00:00:01
</pre>
</body>
</html>
