<html>
<body>
<pre>
<h1>礦ision Build Log</h1>
<h2>Tool Versions:</h2>
IDE-Version: μVision V5.42.0.0
Copyright (C) 2025 ARM Ltd and ARM Germany GmbH. All rights reserved.
License Information: zhou@3370257829.com zhou@3370257829.com, zhou@3370257829.com, LIC=RC93N-YNUEF-QDSKD-89TLY-07QGY-3CRVT
 
Tool Versions:
Toolchain:       MDK-ARM Plus  Version: 5.42.0.0
Toolchain Path:  D:\MDK5\ARM\ARMCC\Bin
C Compiler:      Armcc.exe V5.06 update 7 (build 960)
Assembler:       Armasm.exe V5.06 update 7 (build 960)
Linker/Locator:  ArmLink.exe V5.06 update 7 (build 960)
Library Manager: ArmAr.exe V5.06 update 7 (build 960)
Hex Converter:   FromElf.exe V5.06 update 7 (build 960)
CPU DLL:         SARMCM3.DLL V5.42.0.0
Dialog DLL:      DCM.DLL V1.17.5.0
Target DLL:      UL2CM3.DLL V1.164.14.0
Dialog DLL:      TCM.DLL V1.56.6.0
 
<h2>Project:</h2>
D:\STM32\STM32_Control(控二32工程模板)\STM32_Control(控二32工程模板)\STM32_Control - 步进电机控制\USER\stepper_motor.uvprojx
Project File Date:  05/22/2025

<h2>Output:</h2>
*** Using Compiler 'V5.06 update 7 (build 960)', folder: 'D:\MDK5\ARM\ARMCC\Bin'
Rebuild target 'Target 1'
assembling startup_stm32f40_41xxx.s...
compiling led.c...
compiling delay.c...
compiling key.c...
compiling sys.c...
compiling usart.c...
compiling mymath.c...
compiling encoder.c...
compiling pid.c...
compiling bluetooch_u2.c...
compiling motor.c...
compiling debug.c...
compiling test.c...
test.c(32): warning:  #550-D: variable "key"  was set but never used
  	uint8_t key;
test.c: 1 warning, 0 errors
compiling uart5_pc.c...
compiling timer.c...
compiling keyboard.c...
compiling track.c...
compiling fifo.c...
compiling adc.c...
compiling usart6.c...
compiling vision_u4.c...
compiling usart3.c...
compiling ccd.c...
compiling oled.c...
compiling Emm_V5.c...
compiling control.c...
compiling stepper_motor.c...
linking...
Program Size: Code=7880 RO-data=7656 RW-data=132 ZI-data=3380  
FromELF: creating hex file...
"..\OBJ\ceshi.axf" - 0 Error(s), 1 Warning(s).

<h2>Software Packages used:</h2>

Package Vendor: Keil
                https://www.keil.com/pack/Keil.STM32F4xx_DFP.3.0.0.pack
                Keil::STM32F4xx_DFP@3.0.0
                STMicroelectronics STM32F4 Series Device Support

<h2>Collection of Component include folders:</h2>

<h2>Collection of Component Files used:</h2>
Build Time Elapsed:  00:00:03
</pre>
</body>
</html>
