<html>
<body>
<pre>
<h1>µVision Build Log</h1>
<h2>Tool Versions:</h2>
IDE-Version: ¦ÌVision V5.39.0.0
Copyright (C) 2023 ARM Ltd and ARM Germany GmbH. All rights reserved.
License Information: 1 luka, 1, LIC=CRMW3-AR2P4-68MFC-7LUY6-SG49V-9M71D
 
Tool Versions:
Toolchain:       MDK-ARM Professional  Version: 5.39.0.0
Toolchain Path:  E:\Keil_v5\ARM\ARMCLANG\Bin
C Compiler:      ArmClang.exe V6.21
Assembler:       Armasm.exe V6.21
Linker/Locator:  ArmLink.exe V6.21
Library Manager: ArmAr.exe V6.21
Hex Converter:   FromElf.exe V6.21
CPU DLL:         SARMCM3.DLL V5.39.0.0
Dialog DLL:      DARMCM1.DLL V1.19.6.0
Target DLL:      CMSIS_AGDI.dll V1.33.16.0
Dialog DLL:      TARMCM1.DLL V1.14.6.0
 
<h2>Project:</h2>
E:\25µçÈü\2020TI G 70\Project\test.uvprojx
Project File Date:  03/11/2025

<h2>Output:</h2>
*** Using Compiler 'V6.21', folder: 'E:\Keil_v5\ARM\ARMCLANG\Bin'
Rebuild target 'MSPM0G3507_TEST'
compiling keyboard.c...
compiling ti_msp_dl_config.c...
compiling uart2.c...
compiling gray.c...
compiling fifo.c...
compiling tim_g0.c...
compiling oled_spi0.c...
compiling control.c...
compiling Emm_V5.c...
compiling dl_adc12.c...
compiling uart0.c...
compiling uart3.c...
assembling startup_mspm0g350x_uvision.s...
compiling tima0_pwm.c...
compiling dl_aesadv.c...
compiling dl_common.c...
compiling spi0.c...
compiling main.c...
compiling dl_crcp.c...
compiling uart1.c...
compiling motor.c...
compiling flash.c...
compiling pid.c...
compiling led.c...
compiling dl_aes.c...
compiling key.c...
compiling tim_g6.c...
compiling delay.c...
compiling tim_g8_pwm.c...
compiling dl_crc.c...
compiling dl_keystorectl.c...
compiling dl_dma.c...
compiling dl_dac12.c...
compiling dl_lfss.c...
compiling dl_i2c.c...
compiling dl_lcd.c...
compiling dl_mathacl.c...
compiling dl_opa.c...
compiling dl_flashctl.c...
compiling dl_rtc_common.c...
compiling dl_interrupt.c...
compiling dl_trng.c...
compiling dl_vref.c...
compiling dl_spi.c...
compiling dl_uart.c...
compiling dl_sysctl_mspm0g1x0x_g3x0x.c...
compiling dl_timer.c...
compiling dl_mcan.c...
linking...
Program Size: Code=8796 RO-data=1836 RW-data=80 ZI-data=640  
"..\Output\test.axf" - 0 Error(s), 0 Warning(s).

<h2>Software Packages used:</h2>

Package Vendor: TexasInstruments
                https://software-dl.ti.com/msp430/esd/MSPM0-CMSIS/MSPM0G1X0X_G3X0X/latest/exports/TexasInstruments.MSPM0G1X0X_G3X0X_DFP.1.3.1.pack
                TexasInstruments::MSPM0G1X0X_G3X0X_DFP@1.3.1
                Device Family Pack for Texas Instruments MSPM0G1X0X_G3X0X Series

<h2>Collection of Component include folders:</h2>

<h2>Collection of Component Files used:</h2>
Build Time Elapsed:  00:00:02
</pre>
</body>
</html>
