Component: ARM Compiler 5.06 update 7 (build 960) Tool: armlink [4d3601]

==============================================================================

Section Cross References

    startup_stm32f40_41xxx.o(STACK) refers (Special) to heapauxi.o(.text) for __use_two_region_memory
    startup_stm32f40_41xxx.o(HEAP) refers (Special) to heapauxi.o(.text) for __use_two_region_memory
    startup_stm32f40_41xxx.o(RESET) refers (Special) to heapauxi.o(.text) for __use_two_region_memory
    startup_stm32f40_41xxx.o(RESET) refers to startup_stm32f40_41xxx.o(STACK) for __initial_sp
    startup_stm32f40_41xxx.o(RESET) refers to startup_stm32f40_41xxx.o(.text) for Reset_Handler
    startup_stm32f40_41xxx.o(RESET) refers to timer.o(i.TIM1_BRK_TIM9_IRQHandler) for TIM1_BRK_TIM9_IRQHandler
    startup_stm32f40_41xxx.o(RESET) refers to stepper_motor.o(i.TIM1_UP_TIM10_IRQHandler) for TIM1_UP_TIM10_IRQHandler
    startup_stm32f40_41xxx.o(RESET) refers to encoder.o(i.TIM2_IRQHandler) for TIM2_IRQHandler
    startup_stm32f40_41xxx.o(RESET) refers to encoder.o(i.TIM3_IRQHandler) for TIM3_IRQHandler
    startup_stm32f40_41xxx.o(RESET) refers to encoder.o(i.TIM4_IRQHandler) for TIM4_IRQHandler
    startup_stm32f40_41xxx.o(RESET) refers to usart.o(i.USART1_IRQHandler) for USART1_IRQHandler
    startup_stm32f40_41xxx.o(RESET) refers to bluetooch_u2.o(i.USART2_IRQHandler) for USART2_IRQHandler
    startup_stm32f40_41xxx.o(RESET) refers to usart3.o(i.USART3_IRQHandler) for USART3_IRQHandler
    startup_stm32f40_41xxx.o(RESET) refers to encoder.o(i.TIM5_IRQHandler) for TIM5_IRQHandler
    startup_stm32f40_41xxx.o(RESET) refers to vision_u4.o(i.UART4_IRQHandler) for UART4_IRQHandler
    startup_stm32f40_41xxx.o(RESET) refers to uart5_pc.o(i.UART5_IRQHandler) for UART5_IRQHandler
    startup_stm32f40_41xxx.o(RESET) refers to timer.o(i.TIM6_DAC_IRQHandler) for TIM6_DAC_IRQHandler
    startup_stm32f40_41xxx.o(RESET) refers to timer.o(i.TIM7_IRQHandler) for TIM7_IRQHandler
    startup_stm32f40_41xxx.o(RESET) refers to usart6.o(i.USART6_IRQHandler) for USART6_IRQHandler
    startup_stm32f40_41xxx.o(.text) refers (Special) to heapauxi.o(.text) for __use_two_region_memory
    startup_stm32f40_41xxx.o(.text) refers to __main.o(!!!main) for __main
    startup_stm32f40_41xxx.o(.text) refers to startup_stm32f40_41xxx.o(HEAP) for Heap_Mem
    startup_stm32f40_41xxx.o(.text) refers to startup_stm32f40_41xxx.o(STACK) for Stack_Mem
    delay.o(i.delay_init) refers to delay.o(.data) for .data
    delay.o(i.delay_ms) refers to delay.o(i.delay_xms) for delay_xms
    delay.o(i.delay_us) refers to delay.o(.data) for .data
    delay.o(i.delay_xms) refers to delay.o(.data) for .data
    sys.o(i.MY_NVIC_Init) refers to sys.o(i.MY_NVIC_PriorityGroupConfig) for MY_NVIC_PriorityGroupConfig
    sys.o(i.Stm32_Clock_Init) refers to sys.o(i.Sys_Clock_Set) for Sys_Clock_Set
    sys.o(i.Stm32_Clock_Init) refers to sys.o(i.MY_NVIC_SetVectorTable) for MY_NVIC_SetVectorTable
    sys.o(i.Sys_Standby) refers to sys.o(i.WFI_SET) for WFI_SET
    usart.o(.rev16_text) refers (Special) to use_no_semi_2.o(.text) for __use_no_semihosting
    usart.o(.revsh_text) refers (Special) to use_no_semi_2.o(.text) for __use_no_semihosting
    usart.o(i.USART1_IRQHandler) refers (Special) to use_no_semi_2.o(.text) for __use_no_semihosting
    usart.o(i.USART1_IRQHandler) refers to usart.o(.data) for .data
    usart.o(i.USART1_IRQHandler) refers to usart.o(.bss) for .bss
    usart.o(i._sys_exit) refers (Special) to use_no_semi_2.o(.text) for __use_no_semihosting
    usart.o(i.fputc) refers (Special) to use_no_semi_2.o(.text) for __use_no_semihosting
    usart.o(i.uart_init) refers (Special) to use_no_semi_2.o(.text) for __use_no_semihosting
    usart.o(i.uart_init) refers to sys.o(i.GPIO_Set) for GPIO_Set
    usart.o(i.uart_init) refers to sys.o(i.GPIO_AF_Set) for GPIO_AF_Set
    usart.o(i.uart_init) refers to sys.o(i.MY_NVIC_Init) for MY_NVIC_Init
    usart.o(.bss) refers (Special) to use_no_semi_2.o(.text) for __use_no_semihosting
    usart.o(.data) refers (Special) to use_no_semi_2.o(.text) for __use_no_semihosting
    usart.o(.data) refers (Special) to use_no_semi_2.o(.text) for __use_no_semihosting
    test.o(i.main) refers to _printf_percent.o(.ARM.Collect$$_printf_percent$$00000000) for _printf_percent
    test.o(i.main) refers to _printf_d.o(.ARM.Collect$$_printf_percent$$00000009) for _printf_d
    test.o(i.main) refers to _printf_dec.o(.text) for _printf_int_dec
    test.o(i.main) refers to sys.o(i.Stm32_Clock_Init) for Stm32_Clock_Init
    test.o(i.main) refers to delay.o(i.delay_init) for delay_init
    test.o(i.main) refers to usart.o(i.uart_init) for uart_init
    test.o(i.main) refers to led.o(i.Led_Init) for Led_Init
    test.o(i.main) refers to key.o(i.Key_Init) for Key_Init
    test.o(i.main) refers to stepper_motor.o(i.Stepper_Motor_Init) for Stepper_Motor_Init
    test.o(i.main) refers to delay.o(i.delay_ms) for delay_ms
[...]
    Removing encoder.o(i.Get_Encoder_Count), (116 bytes).
    Removing encoder.o(i.Get_Motor_Speed), (38 bytes).
    Removing pid.o(.rev16_text), (4 bytes).
    Removing pid.o(.revsh_text), (4 bytes).
    Removing pid.o(i.Pid_Init), (60 bytes).
    Removing pid.o(.bss), (144 bytes).
    Removing pid.o(.bss), (144 bytes).
    Removing pid.o(.bss), (144 bytes).
    Removing pid.o(.data), (48 bytes).
    Removing pid.o(.data), (48 bytes).
    Removing pid.o(.data), (48 bytes).
    Removing pid.o(.data), (48 bytes).
    Removing key.o(.rev16_text), (4 bytes).
    Removing key.o(.revsh_text), (4 bytes).
    Removing key.o(i.KEY_Scan), (100 bytes).
    Removing key.o(.data), (1 bytes).
    Removing timer.o(.rev16_text), (4 bytes).
    Removing timer.o(.revsh_text), (4 bytes).
    Removing timer.o(i.TIM6_Int_Init), (52 bytes).
    Removing timer.o(i.TIM7_Int_Init), (64 bytes).
    Removing timer.o(i.TIM9_Int_Init), (52 bytes).
    Removing uart5_pc.o(.rev16_text), (4 bytes).
    Removing uart5_pc.o(.revsh_text), (4 bytes).
    Removing uart5_pc.o(i.uart5_init), (248 bytes).
    Removing uart5_pc.o(i.uart5_send), (16 bytes).
    Removing debug.o(.rev16_text), (4 bytes).
    Removing debug.o(.revsh_text), (4 bytes).
    Removing debug.o(i.debug_init), (12 bytes).
    Removing debug.o(i.debug_obj_init), (6 bytes).
    Removing debug.o(i.debug_receive_ctrl_code), (48 bytes).
    Removing debug.o(i.debug_receive_pid), (44 bytes).
    Removing debug.o(i.debug_send_current), (24 bytes).
    Removing debug.o(i.debug_send_distance), (20 bytes).
    Removing debug.o(i.debug_send_initdata), (48 bytes).
    Removing debug.o(i.debug_send_motorcode), (20 bytes).
    Removing debug.o(i.debug_send_motorstate), (16 bytes).
    Removing debug.o(i.debug_send_power), (16 bytes).
    Removing debug.o(i.debug_send_speed), (24 bytes).
    Removing debug.o(i.debug_send_temp), (20 bytes).
    Removing debug.o(i.debug_send_valtage), (16 bytes).
    Removing debug.o(i.debug_send_wave_data), (24 bytes).
    Removing debug.o(i.debug_set_point_range), (108 bytes).
    Removing track.o(.rev16_text), (4 bytes).
    Removing track.o(.revsh_text), (4 bytes).
    Removing track.o(i.Get_Grayscale_Offset), (140 bytes).
    Removing track.o(i.Laser_Sensor_Init), (44 bytes).
    Removing track.o(i.Line7_Init), (44 bytes).
    Removing track.o(i.Road_Condition_Recognition), (24 bytes).
    Removing track.o(i.Track_Direction_Control), (76 bytes).
    Removing track.o(i.Track_Line7), (328 bytes).
    Removing track.o(i.Track_Pid), (148 bytes).
    Removing track.o(.bss), (72 bytes).
    Removing track.o(.data), (8 bytes).
    Removing track.o(.data), (36 bytes).
    Removing track.o(.data), (36 bytes).
    Removing keyboard.o(.rev16_text), (4 bytes).
    Removing keyboard.o(.revsh_text), (4 bytes).
    Removing keyboard.o(i.Get_Int_Numeric_Keyboard), (184 bytes).
    Removing keyboard.o(i.Get_KeyBoard_Value), (268 bytes).
    Removing keyboard.o(i.KeyBoard_Init), (92 bytes).
    Removing keyboard.o(i.KeyBoard_Scan), (516 bytes).
    Removing keyboard.o(i.Key_Reset), (100 bytes).
    Removing keyboard.o(i.Key_Transtition_Value), (132 bytes).
    Removing mymath.o(.rev16_text), (4 bytes).
    Removing mymath.o(.revsh_text), (4 bytes).
    Removing mymath.o(i.Data_Binaryzation), (70 bytes).
    Removing mymath.o(i.Data_Filter), (132 bytes).
    Removing bluetooch_u2.o(.rev16_text), (4 bytes).
    Removing bluetooch_u2.o(.revsh_text), (4 bytes).
    Removing bluetooch_u2.o(i.usart2_init), (216 bytes).
    Removing bluetooch_u2.o(i.usart2_send), (20 bytes).
    Removing bluetooch_u2.o(i.usart2_sendString), (40 bytes).
    Removing vision_u4.o(.rev16_text), (4 bytes).
    Removing vision_u4.o(.revsh_text), (4 bytes).
    Removing vision_u4.o(i.uart4_init), (220 bytes).
    Removing vision_u4.o(i.uart4_send), (20 bytes).
    Removing usart3.o(.rev16_text), (4 bytes).
    Removing usart3.o(.revsh_text), (4 bytes).
    Removing usart3.o(i.Read_Motor_Cur_Vel), (72 bytes).
    Removing usart3.o(i.USART_ITConfig), (54 bytes).
    Removing usart3.o(i.usart3_init), (268 bytes).
    Removing usart3.o(.data), (1 bytes).
    Removing usart6.o(.rev16_text), (4 bytes).
    Removing usart6.o(.revsh_text), (4 bytes).
    Removing usart6.o(i.usart6_init), (220 bytes).
    Removing adc.o(.rev16_text), (4 bytes).
    Removing adc.o(.revsh_text), (4 bytes).
    Removing adc.o(i.Adc3_Init), (120 bytes).
    Removing adc.o(i.Get_Adc3), (48 bytes).
    Removing adc.o(i.Get_Adc3_Average), (46 bytes).
    Removing ccd.o(.rev16_text), (4 bytes).
    Removing ccd.o(.revsh_text), (4 bytes).
    Removing ccd.o(i.CCD_Init), (68 bytes).
    Removing ccd.o(i.CCD_Track_Direction_Control), (88 bytes).
    Removing ccd.o(i.CCD_Track_Pid), (156 bytes).
    Removing ccd.o(i.Dly_us), (10 bytes).
    Removing ccd.o(i.Edge_Dispose), (180 bytes).
    Removing ccd.o(i.Get_CCD_Threshold_Value), (68 bytes).
    Removing ccd.o(i.Get_CCD_Value), (124 bytes).
    Removing ccd.o(i.Get_Edge_DynamicThreshold), (348 bytes).
    Removing ccd.o(i.Get_Edge_StaticThreshold), (116 bytes).
    Removing ccd.o(i.Send_To_Debug), (148 bytes).
    Removing ccd.o(i.Send_To_Serial_Port), (108 bytes).
    Removing ccd.o(i.binToHex_high), (134 bytes).
    Removing ccd.o(i.binToHex_low), (136 bytes).
    Removing ccd.o(.bss), (460 bytes).
    Removing ccd.o(.data), (36 bytes).
    Removing ccd.o(.data), (36 bytes).
    Removing ccd.o(.data), (12 bytes).
    Removing control.o(.rev16_text), (4 bytes).
    Removing control.o(.revsh_text), (4 bytes).
    Removing control.o(i.Car_Park), (64 bytes).
    Removing control.o(i.Car_Stop), (56 bytes).
    Removing control.o(i.Control_1), (132 bytes).
    Removing control.o(i.Control_2), (96 bytes).
    Removing control.o(i.Go_Straight), (64 bytes).
    Removing control.o(i.Left_turn), (64 bytes).
    Removing control.o(i.My_D_algorithm), (160 bytes).
    Removing control.o(i.Right_turn), (64 bytes).
    Removing control.o(i.Specific_Action_Execute), (100 bytes).
    Removing control.o(i.Turn_About), (64 bytes).
    Removing control.o(.data), (40 bytes).
    Removing oled.o(.rev16_text), (4 bytes).
    Removing oled.o(.revsh_text), (4 bytes).
    Removing oled.o(i.OLED_Clear), (44 bytes).
    Removing oled.o(i.OLED_Display_Off), (30 bytes).
    Removing oled.o(i.OLED_Display_On), (30 bytes).
    Removing oled.o(i.OLED_Fill), (56 bytes).
    Removing oled.o(i.OLED_Init), (276 bytes).
    Removing oled.o(i.OLED_ShowGBK), (144 bytes).
    Removing oled.o(i.OLED_ShowString), (78 bytes).
    Removing emm_v5.o(.rev16_text), (4 bytes).
    Removing emm_v5.o(.revsh_text), (4 bytes).
    Removing emm_v5.o(i.Emm_V5_En_Control), (52 bytes).
    Removing emm_v5.o(i.Emm_V5_Modify_Ctrl_Mode), (52 bytes).
    Removing emm_v5.o(i.Emm_V5_Origin_Interrupt), (44 bytes).
    Removing emm_v5.o(i.Emm_V5_Origin_Modify_Params), (148 bytes).
    Removing emm_v5.o(i.Emm_V5_Origin_Set_O), (48 bytes).
    Removing emm_v5.o(i.Emm_V5_Origin_Trigger_Return), (46 bytes).
    Removing emm_v5.o(i.Emm_V5_Pos_Control), (94 bytes).
    Removing emm_v5.o(i.Emm_V5_Reset_Clog_Pro), (44 bytes).
    Removing emm_v5.o(i.Emm_V5_Reset_CurPos_To_Zero), (44 bytes).
    Removing emm_v5.o(i.Emm_V5_Synchronous_motion), (44 bytes).
    Removing emm_v5.o(i.delay_cnt), (40 bytes).
    Removing fifo.o(i.fifo_isEmpty), (28 bytes).
    Removing fifo.o(i.initQueue), (20 bytes).
    Removing stepper_motor.o(.rev16_text), (4 bytes).
    Removing stepper_motor.o(.revsh_text), (4 bytes).
    Removing stepper_motor.o(i.arc_incmove), (368 bytes).
    Removing stepper_motor.o(i.setarcdir), (448 bytes).
    Removing stepper_motor.o(.data), (4 bytes).

186 unused section(s) (total 12958 bytes) removed from the image.

==============================================================================

Image Symbol Table

    Local Symbols

    Symbol Name                              Value     Ov Type        Size  Object(Section)

    ../clib/angel/boardlib.s                 0x00000000   Number         0  boardinit3.o ABSOLUTE
    ../clib/angel/boardlib.s                 0x00000000   Number         0  boardshut.o ABSOLUTE
    ../clib/angel/boardlib.s                 0x00000000   Number         0  boardinit2.o ABSOLUTE
    ../clib/angel/boardlib.s                 0x00000000   Number         0  boardinit1.o ABSOLUTE
    ../clib/angel/handlers.s                 0x00000000   Number         0  __scatter_zi.o ABSOLUTE
    ../clib/angel/handlers.s                 0x00000000   Number         0  __scatter_copy.o ABSOLUTE
    ../clib/angel/kernel.s                   0x00000000   Number         0  __rtentry.o ABSOLUTE
    ../clib/angel/kernel.s                   0x00000000   Number         0  __rtentry4.o ABSOLUTE
    ../clib/angel/kernel.s                   0x00000000   Number         0  __rtentry2.o ABSOLUTE
    ../clib/angel/kernel.s                   0x00000000   Number         0  rtexit2.o ABSOLUTE
    ../clib/angel/kernel.s                   0x00000000   Number         0  rtexit.o ABSOLUTE
    ../clib/angel/rt.s                       0x00000000   Number         0  rt_errno_addr_intlibspace.o ABSOLUTE
    ../clib/angel/rt.s                       0x00000000   Number         0  rt_errno_addr.o ABSOLUTE
    ../clib/angel/rt.s                       0x00000000   Number         0  rt_raise.o ABSOLUTE
    ../clib/angel/scatter.s                  0x00000000   Number         0  __scatter.o ABSOLUTE
    ../clib/angel/startup.s                  0x00000000   Number         0  __main.o ABSOLUTE
    ../clib/angel/sys.s                      0x00000000   Number         0  indicate_semi.o ABSOLUTE
    ../clib/angel/sys.s                      0x00000000   Number         0  use_no_semi_2.o ABSOLUTE
    ../clib/angel/sys.s                      0x00000000   Number         0  use_no_semi.o ABSOLUTE
    ../clib/angel/sys.s                      0x00000000   Number         0  sys_stackheap_outer.o ABSOLUTE
    ../clib/angel/sys.s                      0x00000000   Number         0  libspace.o ABSOLUTE
    ../clib/angel/sysapp.c                   0x00000000   Number         0  sys_command.o ABSOLUTE
    ../clib/angel/sysapp.c                   0x00000000   Number         0  sys_wrch.o ABSOLUTE
    ../clib/armsys.c                         0x00000000   Number         0  argv_veneer.o ABSOLUTE
    ../clib/armsys.c                         0x00000000   Number         0  no_argv.o ABSOLUTE
    ../clib/armsys.c                         0x00000000   Number         0  _get_argv_nomalloc.o ABSOLUTE
    ../clib/armsys.c                         0x00000000   Number         0  argv_veneer.o ABSOLUTE
    ../clib/fenv.c                           0x00000000   Number         0  _rserrno.o ABSOLUTE
    ../clib/heapalloc.c                      0x00000000   Number         0  hrguard.o ABSOLUTE
    ../clib/heapaux.c                        0x00000000   Number         0  heapauxi.o ABSOLUTE
    ../clib/libinit.s                        0x00000000   Number         0  libshutdown.o ABSOLUTE
    ../clib/libinit.s                        0x00000000   Number         0  libinit.o ABSOLUTE
    ../clib/libinit.s                        0x00000000   Number         0  libinit2.o ABSOLUTE
    ../clib/libinit.s                        0x00000000   Number         0  libshutdown2.o ABSOLUTE
    ../clib/memcpset.s                       0x00000000   Number         0  rt_memclr_w.o ABSOLUTE
    ../clib/printf.c                         0x00000000   Number         0  __printf_ss_wp.o ABSOLUTE
    ../clib/printf.c                         0x00000000   Number         0  __printf_flags_ss.o ABSOLUTE
    ../clib/printf.c                         0x00000000   Number         0  __printf_flags_wp.o ABSOLUTE
    ../clib/printf.c                         0x00000000   Number         0  __printf_ss.o ABSOLUTE
    ../clib/printf.c                         0x00000000   Number         0  __2printf.o ABSOLUTE
    ../clib/printf.c                         0x00000000   Number         0  noretval__2printf.o ABSOLUTE
    ../clib/printf.c                         0x00000000   Number         0  __printf_flags.o ABSOLUTE
    ../clib/printf.c                         0x00000000   Number         0  __printf.o ABSOLUTE
    ../clib/printf.c                         0x00000000   Number         0  __printf_nopercent.o ABSOLUTE
    ../clib/printf.c                         0x00000000   Number         0  __printf_wp.o ABSOLUTE
    ../clib/printf.c                         0x00000000   Number         0  _printf_dec.o ABSOLUTE
    ../clib/printf.c                         0x00000000   Number         0  _printf_char_common.o ABSOLUTE
    ../clib/printf.c                         0x00000000   Number         0  _printf_str.o ABSOLUTE
    ../clib/printf.c                         0x00000000   Number         0  _printf_char_file.o ABSOLUTE
    ../clib/printf.c                         0x00000000   Number         0  _printf_char.o ABSOLUTE
    ../clib/printf.c                         0x00000000   Number         0  _printf_intcommon.o ABSOLUTE
    ../clib/printf.c                         0x00000000   Number         0  __printf_flags_ss_wp.o ABSOLUTE
    ../clib/printf_percent.s                 0x00000000   Number         0  _printf_c.o ABSOLUTE
    ../clib/printf_percent.s                 0x00000000   Number         0  _printf_d.o ABSOLUTE
    ../clib/printf_percent.s                 0x00000000   Number         0  _printf_percent.o ABSOLUTE
    ../clib/printf_percent.s                 0x00000000   Number         0  _printf_percent_end.o ABSOLUTE
    ../clib/signal.c                         0x00000000   Number         0  defsig_rtmem_formal.o ABSOLUTE
    ../clib/signal.c                         0x00000000   Number         0  defsig_other.o ABSOLUTE
    ../clib/signal.c                         0x00000000   Number         0  defsig_segv_inner.o ABSOLUTE
    ../clib/signal.c                         0x00000000   Number         0  defsig_cppl_inner.o ABSOLUTE
    ../clib/signal.c                         0x00000000   Number         0  defsig_exit.o ABSOLUTE
    ../clib/signal.c                         0x00000000   Number         0  defsig_pvfn_inner.o ABSOLUTE
    ../clib/signal.c                         0x00000000   Number         0  defsig_stak_inner.o ABSOLUTE
    ../clib/signal.c                         0x00000000   Number         0  defsig_rtred_inner.o ABSOLUTE
    ../clib/signal.c                         0x00000000   Number         0  defsig_fpe_inner.o ABSOLUTE
    ../clib/signal.c                         0x00000000   Number         0  defsig_abrt_inner.o ABSOLUTE
    ../clib/signal.c                         0x00000000   Number         0  defsig_rtmem_outer.o ABSOLUTE
    ../clib/signal.c                         0x00000000   Number         0  defsig_general.o ABSOLUTE
    ../clib/signal.c                         0x00000000   Number         0  __raise.o ABSOLUTE
    ../clib/signal.c                         0x00000000   Number         0  defsig_rtmem_inner.o ABSOLUTE
    ../clib/signal.s                         0x00000000   Number         0  defsig.o ABSOLUTE
    ../clib/stdio.c                          0x00000000   Number         0  ferror.o ABSOLUTE
    ../clib/stdio.c                          0x00000000   Number         0  ferror_locked.o ABSOLUTE
    ../clib/stdlib.c                         0x00000000   Number         0  exit.o ABSOLUTE
    ../fplib/basic.s                         0x00000000   Number         0  basic.o ABSOLUTE
    ../fplib/daddsub.s                       0x00000000   Number         0  daddsub_clz.o ABSOLUTE
    ../fplib/dcheck1.s                       0x00000000   Number         0  dcheck1.o ABSOLUTE
    ../fplib/dcmpi.s                         0x00000000   Number         0  dcmpi.o ABSOLUTE
    ../fplib/ddiv.s                          0x00000000   Number         0  ddiv.o ABSOLUTE
    ../fplib/deqf.s                          0x00000000   Number         0  deqf.o ABSOLUTE
    ../fplib/dflt.s                          0x00000000   Number         0  dflt_clz.o ABSOLUTE
    ../fplib/dleqf.s                         0x00000000   Number         0  dleqf.o ABSOLUTE
    ../fplib/dmul.s                          0x00000000   Number         0  dmul.o ABSOLUTE
    ../fplib/dnaninf.s                       0x00000000   Number         0  dnaninf.o ABSOLUTE
    ../fplib/dretinf.s                       0x00000000   Number         0  dretinf.o ABSOLUTE
    ../fplib/drleqf.s                        0x00000000   Number         0  drleqf.o ABSOLUTE
    ../fplib/dsqrt.s                         0x00000000   Number         0  dsqrt_umaal.o ABSOLUTE
    ../fplib/fpinit.s                        0x00000000   Number         0  fpinit.o ABSOLUTE
    ../fplib/retnan.s                        0x00000000   Number         0  retnan.o ABSOLUTE
    ../fplib/scalbn.s                        0x00000000   Number         0  scalbn.o ABSOLUTE
    ../fplib/trapv.s                         0x00000000   Number         0  trapv.o ABSOLUTE
    ../fplib/usenofp.s                       0x00000000   Number         0  usenofp.o ABSOLUTE
    ../mathlib/dunder.c                      0x00000000   Number         0  dunder.o ABSOLUTE
    ../mathlib/fabs.c                        0x00000000   Number         0  fabs.o ABSOLUTE
    ../mathlib/fpclassify.c                  0x00000000   Number         0  fpclassify.o ABSOLUTE
    ../mathlib/poly.c                        0x00000000   Number         0  poly.o ABSOLUTE
    ../mathlib/pow.c                         0x00000000   Number         0  pow.o ABSOLUTE
    ../mathlib/pow.c                         0x00000000   Number         0  pow_x.o ABSOLUTE
    ../mathlib/qnan.c                        0x00000000   Number         0  qnan.o ABSOLUTE
    ../mathlib/sqrt.c                        0x00000000   Number         0  sqrt_x.o ABSOLUTE
    ../mathlib/sqrt.c                        0x00000000   Number         0  sqrt.o ABSOLUTE
    ..\HARDWARE\ADC\adc.c                    0x00000000   Number         0  adc.o ABSOLUTE
    ..\HARDWARE\BLUETOOCH\bluetooch_u2.c     0x00000000   Number         0  bluetooch_u2.o ABSOLUTE
    ..\HARDWARE\CCD\ccd.c                    0x00000000   Number         0  ccd.o ABSOLUTE
    ..\HARDWARE\CONTROL\control.c            0x00000000   Number         0  control.o ABSOLUTE
    ..\HARDWARE\DEBUG\debug.c                0x00000000   Number         0  debug.o ABSOLUTE
    ..\HARDWARE\EMM_V5\Emm_V5.c              0x00000000   Number         0  emm_v5.o ABSOLUTE
    ..\HARDWARE\ENCODER\encoder.c            0x00000000   Number         0  encoder.o ABSOLUTE
    ..\HARDWARE\FIFO\fifo.c                  0x00000000   Number         0  fifo.o ABSOLUTE
    ..\HARDWARE\KEYBOARD\keyboard.c          0x00000000   Number         0  keyboard.o ABSOLUTE
    ..\HARDWARE\KEY\key.c                    0x00000000   Number         0  key.o ABSOLUTE
    ..\HARDWARE\LED\led.c                    0x00000000   Number         0  led.o ABSOLUTE
    ..\HARDWARE\MOTOR\motor.c                0x00000000   Number         0  motor.o ABSOLUTE
    ..\HARDWARE\MYMATH\mymath.c              0x00000000   Number         0  mymath.o ABSOLUTE
    ..\HARDWARE\OLED\oled.c                  0x00000000   Number         0  oled.o ABSOLUTE
    ..\HARDWARE\PID\pid.c                    0x00000000   Number         0  pid.o ABSOLUTE
    ..\HARDWARE\STEPPER_MOTOR\stepper_motor.c 0x00000000   Number         0  stepper_motor.o ABSOLUTE
    ..\HARDWARE\TIMER\timer.c                0x00000000   Number         0  timer.o ABSOLUTE
    ..\HARDWARE\TRACK\track.c                0x00000000   Number         0  track.o ABSOLUTE
    ..\HARDWARE\UART5_PC\uart5_pc.c          0x00000000   Number         0  uart5_pc.o ABSOLUTE
    ..\HARDWARE\USART3\usart3.c              0x00000000   Number         0  usart3.o ABSOLUTE
    ..\HARDWARE\USART6\usart6.c              0x00000000   Number         0  usart6.o ABSOLUTE
    ..\HARDWARE\VISION_U4\vision_u4.c        0x00000000   Number         0  vision_u4.o ABSOLUTE
    ..\SYSTEM\delay\delay.c                  0x00000000   Number         0  delay.o ABSOLUTE
    ..\SYSTEM\sys\sys.c                      0x00000000   Number         0  sys.o ABSOLUTE
    ..\SYSTEM\usart\usart.c                  0x00000000   Number         0  usart.o ABSOLUTE
    ..\\HARDWARE\\ADC\\adc.c                 0x00000000   Number         0  adc.o ABSOLUTE
    ..\\HARDWARE\\BLUETOOCH\\bluetooch_u2.c  0x00000000   Number         0  bluetooch_u2.o ABSOLUTE
    ..\\HARDWARE\\CCD\\ccd.c                 0x00000000   Number         0  ccd.o ABSOLUTE
    ..\\HARDWARE\\CONTROL\\control.c         0x00000000   Number         0  control.o ABSOLUTE
    ..\\HARDWARE\\DEBUG\\debug.c             0x00000000   Number         0  debug.o ABSOLUTE
    ..\\HARDWARE\\EMM_V5\\Emm_V5.c           0x00000000   Number         0  emm_v5.o ABSOLUTE
    ..\\HARDWARE\\ENCODER\\encoder.c         0x00000000   Number         0  encoder.o ABSOLUTE
    ..\\HARDWARE\\KEYBOARD\\keyboard.c       0x00000000   Number         0  keyboard.o ABSOLUTE
    ..\\HARDWARE\\KEY\\key.c                 0x00000000   Number         0  key.o ABSOLUTE
    ..\\HARDWARE\\LED\\led.c                 0x00000000   Number         0  led.o ABSOLUTE
    ..\\HARDWARE\\MOTOR\\motor.c             0x00000000   Number         0  motor.o ABSOLUTE
    ..\\HARDWARE\\MYMATH\\mymath.c           0x00000000   Number         0  mymath.o ABSOLUTE
    ..\\HARDWARE\\OLED\\oled.c               0x00000000   Number         0  oled.o ABSOLUTE
    ..\\HARDWARE\\PID\\pid.c                 0x00000000   Number         0  pid.o ABSOLUTE
    ..\\HARDWARE\\STEPPER_MOTOR\\stepper_motor.c 0x00000000   Number         0  stepper_motor.o ABSOLUTE
    ..\\HARDWARE\\TIMER\\timer.c             0x00000000   Number         0  timer.o ABSOLUTE
    ..\\HARDWARE\\TRACK\\track.c             0x00000000   Number         0  track.o ABSOLUTE
    ..\\HARDWARE\\UART5_PC\\uart5_pc.c       0x00000000   Number         0  uart5_pc.o ABSOLUTE
    ..\\HARDWARE\\USART3\\usart3.c           0x00000000   Number         0  usart3.o ABSOLUTE
    ..\\HARDWARE\\USART6\\usart6.c           0x00000000   Number         0  usart6.o ABSOLUTE
    ..\\HARDWARE\\VISION_U4\\vision_u4.c     0x00000000   Number         0  vision_u4.o ABSOLUTE
    ..\\SYSTEM\\delay\\delay.c               0x00000000   Number         0  delay.o ABSOLUTE
    ..\\SYSTEM\\sys\\sys.c                   0x00000000   Number         0  sys.o ABSOLUTE
    ..\\SYSTEM\\usart\\usart.c               0x00000000   Number         0  usart.o ABSOLUTE
    dc.s                                     0x00000000   Number         0  dc.o ABSOLUTE
    startup_stm32f40_41xxx.s                 0x00000000   Number         0  startup_stm32f40_41xxx.o ABSOLUTE
    test.c                                   0x00000000   Number         0  test.o ABSOLUTE
    test.c                                   0x00000000   Number         0  test.o ABSOLUTE
    RESET                                    0x08000000   Section      392  startup_stm32f40_41xxx.o(RESET)
    !!!main                                  0x08000188   Section        8  __main.o(!!!main)
    !!!scatter                               0x08000190   Section       52  __scatter.o(!!!scatter)
    !!handler_copy                           0x080001c4   Section       26  __scatter_copy.o(!!handler_copy)
    !!handler_zi                             0x080001e0   Section       28  __scatter_zi.o(!!handler_zi)
    .ARM.Collect$$_printf_percent$$00000000  0x080001fc   Section        0  _printf_percent.o(.ARM.Collect$$_printf_percent$$00000000)
    .ARM.Collect$$_printf_percent$$00000009  0x080001fc   Section        6  _printf_d.o(.ARM.Collect$$_printf_percent$$00000009)
    .ARM.Collect$$_printf_percent$$00000017  0x08000202   Section        4  _printf_percent_end.o(.ARM.Collect$$_printf_percent$$00000017)
    .ARM.Collect$$libinit$$00000000          0x08000206   Section        2  libinit.o(.ARM.Collect$$libinit$$00000000)
    .ARM.Collect$$libinit$$00000001          0x08000208   Section        4  libinit2.o(.ARM.Collect$$libinit$$00000001)
    .ARM.Collect$$libinit$$00000004          0x0800020c   Section        0  libinit2.o(.ARM.Collect$$libinit$$00000004)
    .ARM.Collect$$libinit$$0000000A          0x0800020c   Section        0  libinit2.o(.ARM.Collect$$libinit$$0000000A)
    .ARM.Collect$$libinit$$0000000C          0x0800020c   Section        0  libinit2.o(.ARM.Collect$$libinit$$0000000C)
    .ARM.Collect$$libinit$$0000000E          0x0800020c   Section        0  libinit2.o(.ARM.Collect$$libinit$$0000000E)
    .ARM.Collect$$libinit$$00000011          0x0800020c   Section        0  libinit2.o(.ARM.Collect$$libinit$$00000011)
    .ARM.Collect$$libinit$$00000013          0x0800020c   Section        0  libinit2.o(.ARM.Collect$$libinit$$00000013)
    .ARM.Collect$$libinit$$00000015          0x0800020c   Section        0  libinit2.o(.ARM.Collect$$libinit$$00000015)
    .ARM.Collect$$libinit$$00000017          0x0800020c   Section        0  libinit2.o(.ARM.Collect$$libinit$$00000017)
    .ARM.Collect$$libinit$$00000019          0x0800020c   Section        0  libinit2.o(.ARM.Collect$$libinit$$00000019)
    .ARM.Collect$$libinit$$0000001B          0x0800020c   Section        0  libinit2.o(.ARM.Collect$$libinit$$0000001B)
    .ARM.Collect$$libinit$$0000001D          0x0800020c   Section        0  libinit2.o(.ARM.Collect$$libinit$$0000001D)
    .ARM.Collect$$libinit$$0000001F          0x0800020c   Section        0  libinit2.o(.ARM.Collect$$libinit$$0000001F)
    .ARM.Collect$$libinit$$00000021          0x0800020c   Section        0  libinit2.o(.ARM.Collect$$libinit$$00000021)
    .ARM.Collect$$libinit$$00000023          0x0800020c   Section        0  libinit2.o(.ARM.Collect$$libinit$$00000023)
    .ARM.Collect$$libinit$$00000025          0x0800020c   Section        0  libinit2.o(.ARM.Collect$$libinit$$00000025)
    .ARM.Collect$$libinit$$0000002C          0x0800020c   Section        0  libinit2.o(.ARM.Collect$$libinit$$0000002C)
    .ARM.Collect$$libinit$$0000002E          0x0800020c   Section        0  libinit2.o(.ARM.Collect$$libinit$$0000002E)
    .ARM.Collect$$libinit$$00000030          0x0800020c   Section        0  libinit2.o(.ARM.Collect$$libinit$$00000030)
    .ARM.Collect$$libinit$$00000032          0x0800020c   Section        0  libinit2.o(.ARM.Collect$$libinit$$00000032)
    .ARM.Collect$$libinit$$00000033          0x0800020c   Section        2  libinit2.o(.ARM.Collect$$libinit$$00000033)
    .ARM.Collect$$libshutdown$$00000000      0x0800020e   Section        2  libshutdown.o(.ARM.Collect$$libshutdown$$00000000)
    .ARM.Collect$$libshutdown$$00000002      0x08000210   Section        0  libshutdown2.o(.ARM.Collect$$libshutdown$$00000002)
    .ARM.Collect$$libshutdown$$00000004      0x08000210   Section        0  libshutdown2.o(.ARM.Collect$$libshutdown$$00000004)
    .ARM.Collect$$libshutdown$$00000006      0x08000210   Section        0  libshutdown2.o(.ARM.Collect$$libshutdown$$00000006)
    .ARM.Collect$$libshutdown$$00000009      0x08000210   Section        0  libshutdown2.o(.ARM.Collect$$libshutdown$$00000009)
    .ARM.Collect$$libshutdown$$0000000C      0x08000210   Section        0  libshutdown2.o(.ARM.Collect$$libshutdown$$0000000C)
    .ARM.Collect$$libshutdown$$0000000E      0x08000210   Section        0  libshutdown2.o(.ARM.Collect$$libshutdown$$0000000E)
    .ARM.Collect$$libshutdown$$00000011      0x08000210   Section        0  libshutdown2.o(.ARM.Collect$$libshutdown$$00000011)
    .ARM.Collect$$libshutdown$$00000012      0x08000210   Section        2  libshutdown2.o(.ARM.Collect$$libshutdown$$00000012)
    .ARM.Collect$$rtentry$$00000000          0x08000212   Section        0  __rtentry.o(.ARM.Collect$$rtentry$$00000000)
    .ARM.Collect$$rtentry$$00000002          0x08000212   Section        0  __rtentry2.o(.ARM.Collect$$rtentry$$00000002)
    .ARM.Collect$$rtentry$$00000004          0x08000212   Section        6  __rtentry4.o(.ARM.Collect$$rtentry$$00000004)
    .ARM.Collect$$rtentry$$00000009          0x08000218   Section        0  __rtentry2.o(.ARM.Collect$$rtentry$$00000009)
    .ARM.Collect$$rtentry$$0000000A          0x08000218   Section        4  __rtentry2.o(.ARM.Collect$$rtentry$$0000000A)
    .ARM.Collect$$rtentry$$0000000C          0x0800021c   Section        0  __rtentry2.o(.ARM.Collect$$rtentry$$0000000C)
    .ARM.Collect$$rtentry$$0000000D          0x0800021c   Section        8  __rtentry2.o(.ARM.Collect$$rtentry$$0000000D)
    .ARM.Collect$$rtexit$$00000000           0x08000224   Section        2  rtexit.o(.ARM.Collect$$rtexit$$00000000)
    .ARM.Collect$$rtexit$$00000002           0x08000226   Section        0  rtexit2.o(.ARM.Collect$$rtexit$$00000002)
    .ARM.Collect$$rtexit$$00000003           0x08000226   Section        4  rtexit2.o(.ARM.Collect$$rtexit$$00000003)
    .ARM.Collect$$rtexit$$00000004           0x0800022a   Section        6  rtexit2.o(.ARM.Collect$$rtexit$$00000004)
    .text                                    0x08000230   Section       68  startup_stm32f40_41xxx.o(.text)
    $v0                                      0x08000230   Number         0  startup_stm32f40_41xxx.o(.text)
    .text                                    0x08000274   Section        2  use_no_semi_2.o(.text)
    .text                                    0x08000278   Section        0  noretval__2printf.o(.text)
    .text                                    0x08000290   Section        0  __printf.o(.text)
    .text                                    0x080002f8   Section        0  _printf_dec.o(.text)
    .text                                    0x08000370   Section        0  heapauxi.o(.text)
    .text                                    0x08000376   Section        2  use_no_semi.o(.text)
    .text                                    0x08000378   Section        0  _printf_intcommon.o(.text)
    .text                                    0x0800042c   Section        0  _printf_char_file.o(.text)
    .text                                    0x08000450   Section        0  _printf_char_common.o(.text)
    _printf_input_char                       0x08000451   Thumb Code    10  _printf_char_common.o(.text)
    .text                                    0x08000480   Section        0  ferror.o(.text)
    .text                                    0x08000488   Section        8  libspace.o(.text)
    .text                                    0x08000490   Section       74  sys_stackheap_outer.o(.text)
    .text                                    0x080004da   Section        0  exit.o(.text)
    i.Emm_V5_Read_Sys_Params                 0x080004ec   Section        0  emm_v5.o(i.Emm_V5_Read_Sys_Params)
    i.Emm_V5_Stop_Now                        0x080005c0   Section        0  emm_v5.o(i.Emm_V5_Stop_Now)
    i.Emm_V5_Vel_Control                     0x080005f0   Section        0  emm_v5.o(i.Emm_V5_Vel_Control)
    i.GPIO_AF_Set                            0x0800062e   Section        0  sys.o(i.GPIO_AF_Set)
    i.GPIO_Set                               0x0800064e   Section        0  sys.o(i.GPIO_Set)
    i.Key_Init                               0x080006e4   Section        0  key.o(i.Key_Init)
    i.Led_Init                               0x08000718   Section        0  led.o(i.Led_Init)
    i.MY_NVIC_Init                           0x0800074c   Section        0  sys.o(i.MY_NVIC_Init)
    i.MY_NVIC_PriorityGroupConfig            0x08000798   Section        0  sys.o(i.MY_NVIC_PriorityGroupConfig)
    i.MY_NVIC_SetVectorTable                 0x080007bc   Section        0  sys.o(i.MY_NVIC_SetVectorTable)
    i.OLED_DrawPoint                         0x080007cc   Section        0  oled.o(i.OLED_DrawPoint)
    i.OLED_Refresh_Gram                      0x08000808   Section        0  oled.o(i.OLED_Refresh_Gram)
    i.OLED_ShowChar                          0x08000850   Section        0  oled.o(i.OLED_ShowChar)
    i.OLED_ShowNum                           0x08000918   Section        0  oled.o(i.OLED_ShowNum)
    i.OLED_WR_Byte                           0x08000998   Section        0  oled.o(i.OLED_WR_Byte)
    i.Pid_OutLimit                           0x080009dc   Section        0  pid.o(i.Pid_OutLimit)
    i.Pid_control                            0x08000a30   Section        0  pid.o(i.Pid_control)
    i.Read_Motor_Cur_Pos                     0x08000b00   Section        0  usart3.o(i.Read_Motor_Cur_Pos)
    i.Start_TIM1_PWM                         0x08000b70   Section        0  stepper_motor.o(i.Start_TIM1_PWM)
    i.Stepper_Motor_Init                     0x08000c00   Section        0  stepper_motor.o(i.Stepper_Motor_Init)
    i.Stm32_Clock_Init                       0x08000d38   Section        0  sys.o(i.Stm32_Clock_Init)
    i.Stop_TIM1_PWM                          0x08000d84   Section        0  stepper_motor.o(i.Stop_TIM1_PWM)
    i.Sys_Clock_Set                          0x08000e24   Section        0  sys.o(i.Sys_Clock_Set)
    i.TIM1_BRK_TIM9_IRQHandler               0x08000ef4   Section        0  timer.o(i.TIM1_BRK_TIM9_IRQHandler)
    i.TIM1_UP_TIM10_IRQHandler               0x08000f18   Section        0  stepper_motor.o(i.TIM1_UP_TIM10_IRQHandler)
    i.TIM2_IRQHandler                        0x080010c0   Section        0  encoder.o(i.TIM2_IRQHandler)
    i.TIM3_IRQHandler                        0x080010ec   Section        0  encoder.o(i.TIM3_IRQHandler)
    i.TIM4_IRQHandler                        0x08001120   Section        0  encoder.o(i.TIM4_IRQHandler)
    i.TIM5_IRQHandler                        0x08001154   Section        0  encoder.o(i.TIM5_IRQHandler)
    i.TIM6_DAC_IRQHandler                    0x08001188   Section        0  timer.o(i.TIM6_DAC_IRQHandler)
    i.TIM7_IRQHandler                        0x08001264   Section        0  timer.o(i.TIM7_IRQHandler)
    i.TIM_Base_Start_IT                      0x08001278   Section        0  stepper_motor.o(i.TIM_Base_Start_IT)
    i.TIM_Base_Stop_IT                       0x0800128a   Section        0  stepper_motor.o(i.TIM_Base_Stop_IT)
    i.UART4_IRQHandler                       0x0800129c   Section        0  vision_u4.o(i.UART4_IRQHandler)
    i.UART5_IRQHandler                       0x08001300   Section        0  uart5_pc.o(i.UART5_IRQHandler)
    i.USART1_IRQHandler                      0x0800131c   Section        0  usart.o(i.USART1_IRQHandler)
    i.USART2_IRQHandler                      0x08001378   Section        0  bluetooch_u2.o(i.USART2_IRQHandler)
    i.USART3_IRQHandler                      0x08001394   Section        0  usart3.o(i.USART3_IRQHandler)
    i.USART6_IRQHandler                      0x08001410   Section        0  usart6.o(i.USART6_IRQHandler)
    i.USART_ClearITPendingBit                0x0800141c   Section        0  usart3.o(i.USART_ClearITPendingBit)
    i.USART_GetITStatus                      0x0800142c   Section        0  usart3.o(i.USART_GetITStatus)
    i._sys_exit                              0x0800146c   Section        0  usart.o(i._sys_exit)
    i.crc16_calc                             0x08001470   Section        0  debug.o(i.crc16_calc)
    i.debug_handle                           0x0800149c   Section        0  debug.o(i.debug_handle)
    i.debug_upload_data                      0x080017dc   Section        0  debug.o(i.debug_upload_data)
    i.delay_init                             0x08001b7c   Section        0  delay.o(i.delay_init)
    i.delay_ms                               0x08001ba8   Section        0  delay.o(i.delay_ms)
    i.delay_us                               0x08001bdc   Section        0  delay.o(i.delay_us)
    i.delay_xms                              0x08001c04   Section        0  delay.o(i.delay_xms)
    i.fifo_deQueue                           0x08001c2c   Section        0  fifo.o(i.fifo_deQueue)
    i.fifo_enQueue                           0x08001c54   Section        0  fifo.o(i.fifo_enQueue)
    i.fifo_queueLength                       0x08001c7c   Section        0  fifo.o(i.fifo_queueLength)
    i.fputc                                  0x08001cb0   Section        0  usart.o(i.fputc)
    i.line_incmove                           0x08001cc4   Section        0  stepper_motor.o(i.line_incmove)
    i.line_inpolation                        0x08001d38   Section        0  stepper_motor.o(i.line_inpolation)
    i.main                                   0x08001d9c   Section        0  test.o(i.main)
    i.mypow                                  0x08001ea0   Section        0  oled.o(i.mypow)
    i.recieveData                            0x08001eb0   Section        0  vision_u4.o(i.recieveData)
    i.step_motor_1                           0x08001eb2   Section        0  motor.o(i.step_motor_1)
    i.uart5_sendString                       0x08001eec   Section        0  uart5_pc.o(i.uart5_sendString)
    i.uart_init                              0x08001f10   Section        0  usart.o(i.uart_init)
    i.usart_SendByte                         0x08001fe8   Section        0  usart3.o(i.usart_SendByte)
    i.usart_SendCmd                          0x0800201c   Section        0  usart3.o(i.usart_SendCmd)
    x$fpl$fpinit                             0x08002046   Section       10  fpinit.o(x$fpl$fpinit)
    $v0                                      0x08002046   Number         0  fpinit.o(x$fpl$fpinit)
    .constdata                               0x08002050   Section      512  debug.o(.constdata)
    s_crchi                                  0x08002050   Data         256  debug.o(.constdata)
    .constdata                               0x08002250   Section     6720  oled.o(.constdata)
    .data                                    0x20000000   Section        4  delay.o(.data)
    fac_us                                   0x20000000   Data           1  delay.o(.data)
    fac_ms                                   0x20000002   Data           2  delay.o(.data)
    .data                                    0x20000004   Section        2  usart.o(.data)
    .data                                    0x20000008   Section        4  usart.o(.data)
    .data                                    0x2000000c   Section        4  test.o(.data)
    .data                                    0x20000010   Section       48  encoder.o(.data)
    .data                                    0x20000040   Section       12  timer.o(.data)
    .data                                    0x2000004c   Section        8  debug.o(.data)
    rec_r                                    0x2000004d   Data           1  debug.o(.data)
    step_temp                                0x20000050   Data           4  debug.o(.data)
    .data                                    0x20000054   Section        1  bluetooch_u2.o(.data)
    .data                                    0x20000056   Section        2  vision_u4.o(.data)
    .data                                    0x20000058   Section       20  usart3.o(.data)
    .data                                    0x2000006c   Section        4  control.o(.data)
    .data                                    0x20000070   Section       20  stepper_motor.o(.data)
    Num                                      0x20000074   Data           4  stepper_motor.o(.data)
    axis                                     0x20000078   Data           4  stepper_motor.o(.data)
    .bss                                     0x20000084   Section      200  usart.o(.bss)
    .bss                                     0x2000014c   Section      144  pid.o(.bss)
    .bss                                     0x200001e0   Section      264  debug.o(.bss)
    .bss                                     0x200002e8   Section      200  vision_u4.o(.bss)
    .bss                                     0x200003b0   Section      128  usart3.o(.bss)
    .bss                                     0x20000430   Section     1024  oled.o(.bss)
    .bss                                     0x20000830   Section      258  fifo.o(.bss)
    .bss                                     0x20000934   Section       36  stepper_motor.o(.bss)
    .bss                                     0x20000958   Section       96  libspace.o(.bss)
    HEAP                                     0x200009b8   Section        0  startup_stm32f40_41xxx.o(HEAP)
    STACK                                    0x200009b8   Section     1024  startup_stm32f40_41xxx.o(STACK)
    Heap_Mem                                 0x200009b8   Data           0  startup_stm32f40_41xxx.o(HEAP)
    Stack_Mem                                0x200009b8   Data        1024  startup_stm32f40_41xxx.o(STACK)
    __initial_sp                             0x20000db8   Data           0  startup_stm32f40_41xxx.o(STACK)

    Global Symbols

    Symbol Name                              Value     Ov Type        Size  Object(Section)

    BuildAttributes$$THM_ISAv4$E$P$D$K$B$S$7EM$VFPi3$EXTD16$VFPS$VFMA$PE$A:L22UL41UL21$X:L11$S22US41US21$IEEE1$IW$USESV6$~STKCKD$USESV7$~SHL$OTIME$ROPI$IEEEX$EBA8$UX$STANDARDLIB$REQ8$PRES8$EABIv2 0x00000000   Number         0  anon$$obj.o ABSOLUTE
    __ARM_use_no_argv                        0x00000000   Number         0  test.o ABSOLUTE
    __ARM_exceptions_init                     - Undefined Weak Reference
    __alloca_initialize                       - Undefined Weak Reference
    __arm_fini_                               - Undefined Weak Reference
    __arm_preinit_                            - Undefined Weak Reference
    __cpp_initialize__aeabi_                  - Undefined Weak Reference
    __cxa_finalize                            - Undefined Weak Reference
    __rt_locale                               - Undefined Weak Reference
    __sigvec_lookup                           - Undefined Weak Reference
    _atexit_init                              - Undefined Weak Reference
    _call_atexit_fns                          - Undefined Weak Reference
    _clock_init                               - Undefined Weak Reference
    _fp_trap_init                             - Undefined Weak Reference
    _fp_trap_shutdown                         - Undefined Weak Reference
    _get_lc_collate                           - Undefined Weak Reference
    _get_lc_ctype                             - Undefined Weak Reference
    _get_lc_monetary                          - Undefined Weak Reference
    _get_lc_numeric                           - Undefined Weak Reference
    _get_lc_time                              - Undefined Weak Reference
    _getenv_init                              - Undefined Weak Reference
    _handle_redirection                       - Undefined Weak Reference
    _init_alloc                               - Undefined Weak Reference
    _init_user_alloc                          - Undefined Weak Reference
    _initio                                   - Undefined Weak Reference
    _mutex_acquire                            - Undefined Weak Reference
    _mutex_release                            - Undefined Weak Reference
    _printf_mbtowc                            - Undefined Weak Reference
    _printf_post_padding                      - Undefined Weak Reference
    _printf_pre_padding                       - Undefined Weak Reference
    _printf_truncate_signed                   - Undefined Weak Reference
    _printf_truncate_unsigned                 - Undefined Weak Reference
    _rand_init                                - Undefined Weak Reference
    _signal_finish                            - Undefined Weak Reference
    _signal_init                              - Undefined Weak Reference
    _terminate_alloc                          - Undefined Weak Reference
    _terminate_user_alloc                     - Undefined Weak Reference
    _terminateio                              - Undefined Weak Reference
    __Vectors_Size                           0x00000188   Number         0  startup_stm32f40_41xxx.o ABSOLUTE
    __Vectors                                0x08000000   Data           4  startup_stm32f40_41xxx.o(RESET)
    __Vectors_End                            0x08000188   Data           0  startup_stm32f40_41xxx.o(RESET)
    __main                                   0x08000189   Thumb Code     8  __main.o(!!!main)
    __scatterload                            0x08000191   Thumb Code     0  __scatter.o(!!!scatter)
    __scatterload_rt2                        0x08000191   Thumb Code    44  __scatter.o(!!!scatter)
    __scatterload_rt2_thumb_only             0x08000191   Thumb Code     0  __scatter.o(!!!scatter)
    __scatterload_null                       0x0800019f   Thumb Code     0  __scatter.o(!!!scatter)
    __scatterload_copy                       0x080001c5   Thumb Code    26  __scatter_copy.o(!!handler_copy)
    __scatterload_zeroinit                   0x080001e1   Thumb Code    28  __scatter_zi.o(!!handler_zi)
    _printf_d                                0x080001fd   Thumb Code     0  _printf_d.o(.ARM.Collect$$_printf_percent$$00000009)
    _printf_percent                          0x080001fd   Thumb Code     0  _printf_percent.o(.ARM.Collect$$_printf_percent$$00000000)
    _printf_percent_end                      0x08000203   Thumb Code     0  _printf_percent_end.o(.ARM.Collect$$_printf_percent$$00000017)
    __rt_lib_init                            0x08000207   Thumb Code     0  libinit.o(.ARM.Collect$$libinit$$00000000)
    __rt_lib_init_fp_1                       0x08000209   Thumb Code     0  libinit2.o(.ARM.Collect$$libinit$$00000001)
    __rt_lib_init_alloca_1                   0x0800020d   Thumb Code     0  libinit2.o(.ARM.Collect$$libinit$$0000002E)
    __rt_lib_init_argv_1                     0x0800020d   Thumb Code     0  libinit2.o(.ARM.Collect$$libinit$$0000002C)
    __rt_lib_init_atexit_1                   0x0800020d   Thumb Code     0  libinit2.o(.ARM.Collect$$libinit$$0000001B)
    __rt_lib_init_clock_1                    0x0800020d   Thumb Code     0  libinit2.o(.ARM.Collect$$libinit$$00000021)
    __rt_lib_init_cpp_1                      0x0800020d   Thumb Code     0  libinit2.o(.ARM.Collect$$libinit$$00000032)
    __rt_lib_init_exceptions_1               0x0800020d   Thumb Code     0  libinit2.o(.ARM.Collect$$libinit$$00000030)
    __rt_lib_init_fp_trap_1                  0x0800020d   Thumb Code     0  libinit2.o(.ARM.Collect$$libinit$$0000001F)
    __rt_lib_init_getenv_1                   0x0800020d   Thumb Code     0  libinit2.o(.ARM.Collect$$libinit$$00000023)
    __rt_lib_init_heap_1                     0x0800020d   Thumb Code     0  libinit2.o(.ARM.Collect$$libinit$$0000000A)
    __rt_lib_init_lc_collate_1               0x0800020d   Thumb Code     0  libinit2.o(.ARM.Collect$$libinit$$00000011)
    __rt_lib_init_lc_ctype_1                 0x0800020d   Thumb Code     0  libinit2.o(.ARM.Collect$$libinit$$00000013)
    __rt_lib_init_lc_monetary_1              0x0800020d   Thumb Code     0  libinit2.o(.ARM.Collect$$libinit$$00000015)
    __rt_lib_init_lc_numeric_1               0x0800020d   Thumb Code     0  libinit2.o(.ARM.Collect$$libinit$$00000017)
    __rt_lib_init_lc_time_1                  0x0800020d   Thumb Code     0  libinit2.o(.ARM.Collect$$libinit$$00000019)
    __rt_lib_init_preinit_1                  0x0800020d   Thumb Code     0  libinit2.o(.ARM.Collect$$libinit$$00000004)
    __rt_lib_init_rand_1                     0x0800020d   Thumb Code     0  libinit2.o(.ARM.Collect$$libinit$$0000000E)
    __rt_lib_init_return                     0x0800020d   Thumb Code     0  libinit2.o(.ARM.Collect$$libinit$$00000033)
    __rt_lib_init_signal_1                   0x0800020d   Thumb Code     0  libinit2.o(.ARM.Collect$$libinit$$0000001D)
    __rt_lib_init_stdio_1                    0x0800020d   Thumb Code     0  libinit2.o(.ARM.Collect$$libinit$$00000025)
    __rt_lib_init_user_alloc_1               0x0800020d   Thumb Code     0  libinit2.o(.ARM.Collect$$libinit$$0000000C)
    __rt_lib_shutdown                        0x0800020f   Thumb Code     0  libshutdown.o(.ARM.Collect$$libshutdown$$00000000)
    __rt_lib_shutdown_cpp_1                  0x08000211   Thumb Code     0  libshutdown2.o(.ARM.Collect$$libshutdown$$00000004)
    __rt_lib_shutdown_fini_1                 0x08000211   Thumb Code     0  libshutdown2.o(.ARM.Collect$$libshutdown$$00000002)
    __rt_lib_shutdown_fp_trap_1              0x08000211   Thumb Code     0  libshutdown2.o(.ARM.Collect$$libshutdown$$00000009)
    __rt_lib_shutdown_heap_1                 0x08000211   Thumb Code     0  libshutdown2.o(.ARM.Collect$$libshutdown$$00000011)
    __rt_lib_shutdown_return                 0x08000211   Thumb Code     0  libshutdown2.o(.ARM.Collect$$libshutdown$$00000012)
    __rt_lib_shutdown_signal_1               0x08000211   Thumb Code     0  libshutdown2.o(.ARM.Collect$$libshutdown$$0000000C)
    __rt_lib_shutdown_stdio_1                0x08000211   Thumb Code     0  libshutdown2.o(.ARM.Collect$$libshutdown$$00000006)
    __rt_lib_shutdown_user_alloc_1           0x08000211   Thumb Code     0  libshutdown2.o(.ARM.Collect$$libshutdown$$0000000E)
    __rt_entry                               0x08000213   Thumb Code     0  __rtentry.o(.ARM.Collect$$rtentry$$00000000)
    __rt_entry_presh_1                       0x08000213   Thumb Code     0  __rtentry2.o(.ARM.Collect$$rtentry$$00000002)
    __rt_entry_sh                            0x08000213   Thumb Code     0  __rtentry4.o(.ARM.Collect$$rtentry$$00000004)
    __rt_entry_li                            0x08000219   Thumb Code     0  __rtentry2.o(.ARM.Collect$$rtentry$$0000000A)
    __rt_entry_postsh_1                      0x08000219   Thumb Code     0  __rtentry2.o(.ARM.Collect$$rtentry$$00000009)
    __rt_entry_main                          0x0800021d   Thumb Code     0  __rtentry2.o(.ARM.Collect$$rtentry$$0000000D)
    __rt_entry_postli_1                      0x0800021d   Thumb Code     0  __rtentry2.o(.ARM.Collect$$rtentry$$0000000C)
    __rt_exit                                0x08000225   Thumb Code     0  rtexit.o(.ARM.Collect$$rtexit$$00000000)
    __rt_exit_ls                             0x08000227   Thumb Code     0  rtexit2.o(.ARM.Collect$$rtexit$$00000003)
    __rt_exit_prels_1                        0x08000227   Thumb Code     0  rtexit2.o(.ARM.Collect$$rtexit$$00000002)
    __rt_exit_exit                           0x0800022b   Thumb Code     0  rtexit2.o(.ARM.Collect$$rtexit$$00000004)
    Reset_Handler                            0x08000231   Thumb Code    14  startup_stm32f40_41xxx.o(.text)
    NMI_Handler                              0x0800023f   Thumb Code     2  startup_stm32f40_41xxx.o(.text)
    HardFault_Handler                        0x08000241   Thumb Code     2  startup_stm32f40_41xxx.o(.text)
    MemManage_Handler                        0x08000243   Thumb Code     2  startup_stm32f40_41xxx.o(.text)
    BusFault_Handler                         0x08000245   Thumb Code     2  startup_stm32f40_41xxx.o(.text)
    UsageFault_Handler                       0x08000247   Thumb Code     2  startup_stm32f40_41xxx.o(.text)
    SVC_Handler                              0x08000249   Thumb Code     2  startup_stm32f40_41xxx.o(.text)
    DebugMon_Handler                         0x0800024b   Thumb Code     2  startup_stm32f40_41xxx.o(.text)
    PendSV_Handler                           0x0800024d   Thumb Code     2  startup_stm32f40_41xxx.o(.text)
    SysTick_Handler                          0x0800024f   Thumb Code     2  startup_stm32f40_41xxx.o(.text)
    ADC_IRQHandler                           0x08000251   Thumb Code     0  startup_stm32f40_41xxx.o(.text)
    CAN1_RX0_IRQHandler                      0x08000251   Thumb Code     0  startup_stm32f40_41xxx.o(.text)
    CAN1_RX1_IRQHandler                      0x08000251   Thumb Code     0  startup_stm32f40_41xxx.o(.text)
    CAN1_SCE_IRQHandler                      0x08000251   Thumb Code     0  startup_stm32f40_41xxx.o(.text)
    CAN1_TX_IRQHandler                       0x08000251   Thumb Code     0  startup_stm32f40_41xxx.o(.text)
    CAN2_RX0_IRQHandler                      0x08000251   Thumb Code     0  startup_stm32f40_41xxx.o(.text)
    CAN2_RX1_IRQHandler                      0x08000251   Thumb Code     0  startup_stm32f40_41xxx.o(.text)
    CAN2_SCE_IRQHandler                      0x08000251   Thumb Code     0  startup_stm32f40_41xxx.o(.text)
    CAN2_TX_IRQHandler                       0x08000251   Thumb Code     0  startup_stm32f40_41xxx.o(.text)
    CRYP_IRQHandler                          0x08000251   Thumb Code     0  startup_stm32f40_41xxx.o(.text)
    DCMI_IRQHandler                          0x08000251   Thumb Code     0  startup_stm32f40_41xxx.o(.text)
    DMA1_Stream0_IRQHandler                  0x08000251   Thumb Code     0  startup_stm32f40_41xxx.o(.text)
    DMA1_Stream1_IRQHandler                  0x08000251   Thumb Code     0  startup_stm32f40_41xxx.o(.text)
    DMA1_Stream2_IRQHandler                  0x08000251   Thumb Code     0  startup_stm32f40_41xxx.o(.text)
    DMA1_Stream3_IRQHandler                  0x08000251   Thumb Code     0  startup_stm32f40_41xxx.o(.text)
    DMA1_Stream4_IRQHandler                  0x08000251   Thumb Code     0  startup_stm32f40_41xxx.o(.text)
    DMA1_Stream5_IRQHandler                  0x08000251   Thumb Code     0  startup_stm32f40_41xxx.o(.text)
    DMA1_Stream6_IRQHandler                  0x08000251   Thumb Code     0  startup_stm32f40_41xxx.o(.text)
    DMA1_Stream7_IRQHandler                  0x08000251   Thumb Code     0  startup_stm32f40_41xxx.o(.text)
    DMA2_Stream0_IRQHandler                  0x08000251   Thumb Code     0  startup_stm32f40_41xxx.o(.text)
    DMA2_Stream1_IRQHandler                  0x08000251   Thumb Code     0  startup_stm32f40_41xxx.o(.text)
    DMA2_Stream2_IRQHandler                  0x08000251   Thumb Code     0  startup_stm32f40_41xxx.o(.text)
    DMA2_Stream3_IRQHandler                  0x08000251   Thumb Code     0  startup_stm32f40_41xxx.o(.text)
    DMA2_Stream4_IRQHandler                  0x08000251   Thumb Code     0  startup_stm32f40_41xxx.o(.text)
    DMA2_Stream5_IRQHandler                  0x08000251   Thumb Code     0  startup_stm32f40_41xxx.o(.text)
    DMA2_Stream6_IRQHandler                  0x08000251   Thumb Code     0  startup_stm32f40_41xxx.o(.text)
    DMA2_Stream7_IRQHandler                  0x08000251   Thumb Code     0  startup_stm32f40_41xxx.o(.text)
    ETH_IRQHandler                           0x08000251   Thumb Code     0  startup_stm32f40_41xxx.o(.text)
    ETH_WKUP_IRQHandler                      0x08000251   Thumb Code     0  startup_stm32f40_41xxx.o(.text)
    EXTI0_IRQHandler                         0x08000251   Thumb Code     0  startup_stm32f40_41xxx.o(.text)
    EXTI15_10_IRQHandler                     0x08000251   Thumb Code     0  startup_stm32f40_41xxx.o(.text)
    EXTI1_IRQHandler                         0x08000251   Thumb Code     0  startup_stm32f40_41xxx.o(.text)
    EXTI2_IRQHandler                         0x08000251   Thumb Code     0  startup_stm32f40_41xxx.o(.text)
    EXTI3_IRQHandler                         0x08000251   Thumb Code     0  startup_stm32f40_41xxx.o(.text)
    EXTI4_IRQHandler                         0x08000251   Thumb Code     0  startup_stm32f40_41xxx.o(.text)
    EXTI9_5_IRQHandler                       0x08000251   Thumb Code     0  startup_stm32f40_41xxx.o(.text)
    FLASH_IRQHandler                         0x08000251   Thumb Code     0  startup_stm32f40_41xxx.o(.text)
    FPU_IRQHandler                           0x08000251   Thumb Code     0  startup_stm32f40_41xxx.o(.text)
    FSMC_IRQHandler                          0x08000251   Thumb Code     0  startup_stm32f40_41xxx.o(.text)
    HASH_RNG_IRQHandler                      0x08000251   Thumb Code     0  startup_stm32f40_41xxx.o(.text)
    I2C1_ER_IRQHandler                       0x08000251   Thumb Code     0  startup_stm32f40_41xxx.o(.text)
    I2C1_EV_IRQHandler                       0x08000251   Thumb Code     0  startup_stm32f40_41xxx.o(.text)
    I2C2_ER_IRQHandler                       0x08000251   Thumb Code     0  startup_stm32f40_41xxx.o(.text)
    I2C2_EV_IRQHandler                       0x08000251   Thumb Code     0  startup_stm32f40_41xxx.o(.text)
    I2C3_ER_IRQHandler                       0x08000251   Thumb Code     0  startup_stm32f40_41xxx.o(.text)
    I2C3_EV_IRQHandler                       0x08000251   Thumb Code     0  startup_stm32f40_41xxx.o(.text)
    OTG_FS_IRQHandler                        0x08000251   Thumb Code     0  startup_stm32f40_41xxx.o(.text)
    OTG_FS_WKUP_IRQHandler                   0x08000251   Thumb Code     0  startup_stm32f40_41xxx.o(.text)
    OTG_HS_EP1_IN_IRQHandler                 0x08000251   Thumb Code     0  startup_stm32f40_41xxx.o(.text)
    OTG_HS_EP1_OUT_IRQHandler                0x08000251   Thumb Code     0  startup_stm32f40_41xxx.o(.text)
    OTG_HS_IRQHandler                        0x08000251   Thumb Code     0  startup_stm32f40_41xxx.o(.text)
    OTG_HS_WKUP_IRQHandler                   0x08000251   Thumb Code     0  startup_stm32f40_41xxx.o(.text)
    PVD_IRQHandler                           0x08000251   Thumb Code     0  startup_stm32f40_41xxx.o(.text)
    RCC_IRQHandler                           0x08000251   Thumb Code     0  startup_stm32f40_41xxx.o(.text)
    RTC_Alarm_IRQHandler                     0x08000251   Thumb Code     0  startup_stm32f40_41xxx.o(.text)
    RTC_WKUP_IRQHandler                      0x08000251   Thumb Code     0  startup_stm32f40_41xxx.o(.text)
    SDIO_IRQHandler                          0x08000251   Thumb Code     0  startup_stm32f40_41xxx.o(.text)
    SPI1_IRQHandler                          0x08000251   Thumb Code     0  startup_stm32f40_41xxx.o(.text)
    SPI2_IRQHandler                          0x08000251   Thumb Code     0  startup_stm32f40_41xxx.o(.text)
    SPI3_IRQHandler                          0x08000251   Thumb Code     0  startup_stm32f40_41xxx.o(.text)
    TAMP_STAMP_IRQHandler                    0x08000251   Thumb Code     0  startup_stm32f40_41xxx.o(.text)
    TIM1_CC_IRQHandler                       0x08000251   Thumb Code     0  startup_stm32f40_41xxx.o(.text)
    TIM1_TRG_COM_TIM11_IRQHandler            0x08000251   Thumb Code     0  startup_stm32f40_41xxx.o(.text)
    TIM8_BRK_TIM12_IRQHandler                0x08000251   Thumb Code     0  startup_stm32f40_41xxx.o(.text)
    TIM8_CC_IRQHandler                       0x08000251   Thumb Code     0  startup_stm32f40_41xxx.o(.text)
    TIM8_TRG_COM_TIM14_IRQHandler            0x08000251   Thumb Code     0  startup_stm32f40_41xxx.o(.text)
    TIM8_UP_TIM13_IRQHandler                 0x08000251   Thumb Code     0  startup_stm32f40_41xxx.o(.text)
    WWDG_IRQHandler                          0x08000251   Thumb Code     0  startup_stm32f40_41xxx.o(.text)
    __user_initial_stackheap                 0x08000255   Thumb Code     0  startup_stm32f40_41xxx.o(.text)
    __use_no_semihosting                     0x08000275   Thumb Code     2  use_no_semi_2.o(.text)
    __2printf                                0x08000279   Thumb Code    20  noretval__2printf.o(.text)
    __printf                                 0x08000291   Thumb Code   104  __printf.o(.text)
    _printf_int_dec                          0x080002f9   Thumb Code   104  _printf_dec.o(.text)
    __use_two_region_memory                  0x08000371   Thumb Code     2  heapauxi.o(.text)
    __rt_heap_escrow$2region                 0x08000373   Thumb Code     2  heapauxi.o(.text)
    __rt_heap_expand$2region                 0x08000375   Thumb Code     2  heapauxi.o(.text)
    __I$use$semihosting                      0x08000377   Thumb Code     0  use_no_semi.o(.text)
    __use_no_semihosting_swi                 0x08000377   Thumb Code     2  use_no_semi.o(.text)
    _printf_int_common                       0x08000379   Thumb Code   178  _printf_intcommon.o(.text)
    _printf_char_file                        0x0800042d   Thumb Code    32  _printf_char_file.o(.text)
    _printf_char_common                      0x0800045b   Thumb Code    32  _printf_char_common.o(.text)
    ferror                                   0x08000481   Thumb Code     8  ferror.o(.text)
    __user_libspace                          0x08000489   Thumb Code     8  libspace.o(.text)
    __user_perproc_libspace                  0x08000489   Thumb Code     0  libspace.o(.text)
    __user_perthread_libspace                0x08000489   Thumb Code     0  libspace.o(.text)
    __user_setup_stackheap                   0x08000491   Thumb Code    74  sys_stackheap_outer.o(.text)
    exit                                     0x080004db   Thumb Code    18  exit.o(.text)
    Emm_V5_Read_Sys_Params                   0x080004ed   Thumb Code   212  emm_v5.o(i.Emm_V5_Read_Sys_Params)
    Emm_V5_Stop_Now                          0x080005c1   Thumb Code    48  emm_v5.o(i.Emm_V5_Stop_Now)
    Emm_V5_Vel_Control                       0x080005f1   Thumb Code    62  emm_v5.o(i.Emm_V5_Vel_Control)
    GPIO_AF_Set                              0x0800062f   Thumb Code    32  sys.o(i.GPIO_AF_Set)
    GPIO_Set                                 0x0800064f   Thumb Code   150  sys.o(i.GPIO_Set)
    Key_Init                                 0x080006e5   Thumb Code    42  key.o(i.Key_Init)
    Led_Init                                 0x08000719   Thumb Code    40  led.o(i.Led_Init)
    MY_NVIC_Init                             0x0800074d   Thumb Code    74  sys.o(i.MY_NVIC_Init)
    MY_NVIC_PriorityGroupConfig              0x08000799   Thumb Code    26  sys.o(i.MY_NVIC_PriorityGroupConfig)
    MY_NVIC_SetVectorTable                   0x080007bd   Thumb Code    12  sys.o(i.MY_NVIC_SetVectorTable)
    OLED_DrawPoint                           0x080007cd   Thumb Code    56  oled.o(i.OLED_DrawPoint)
    OLED_Refresh_Gram                        0x08000809   Thumb Code    66  oled.o(i.OLED_Refresh_Gram)
    OLED_ShowChar                            0x08000851   Thumb Code   186  oled.o(i.OLED_ShowChar)
    OLED_ShowNum                             0x08000919   Thumb Code   126  oled.o(i.OLED_ShowNum)
    OLED_WR_Byte                             0x08000999   Thumb Code    62  oled.o(i.OLED_WR_Byte)
    Pid_OutLimit                             0x080009dd   Thumb Code    82  pid.o(i.Pid_OutLimit)
    Pid_control                              0x08000a31   Thumb Code   190  pid.o(i.Pid_control)
    Read_Motor_Cur_Pos                       0x08000b01   Thumb Code    94  usart3.o(i.Read_Motor_Cur_Pos)
    Start_TIM1_PWM                           0x08000b71   Thumb Code   140  stepper_motor.o(i.Start_TIM1_PWM)
    Stepper_Motor_Init                       0x08000c01   Thumb Code   298  stepper_motor.o(i.Stepper_Motor_Init)
    Stm32_Clock_Init                         0x08000d39   Thumb Code    64  sys.o(i.Stm32_Clock_Init)
    Stop_TIM1_PWM                            0x08000d85   Thumb Code   156  stepper_motor.o(i.Stop_TIM1_PWM)
    Sys_Clock_Set                            0x08000e25   Thumb Code   196  sys.o(i.Sys_Clock_Set)
    TIM1_BRK_TIM9_IRQHandler                 0x08000ef5   Thumb Code    26  timer.o(i.TIM1_BRK_TIM9_IRQHandler)
    TIM1_UP_TIM10_IRQHandler                 0x08000f19   Thumb Code   406  stepper_motor.o(i.TIM1_UP_TIM10_IRQHandler)
    TIM2_IRQHandler                          0x080010c1   Thumb Code    40  encoder.o(i.TIM2_IRQHandler)
    TIM3_IRQHandler                          0x080010ed   Thumb Code    42  encoder.o(i.TIM3_IRQHandler)
    TIM4_IRQHandler                          0x08001121   Thumb Code    42  encoder.o(i.TIM4_IRQHandler)
    TIM5_IRQHandler                          0x08001155   Thumb Code    42  encoder.o(i.TIM5_IRQHandler)
    TIM6_DAC_IRQHandler                      0x08001189   Thumb Code   202  timer.o(i.TIM6_DAC_IRQHandler)
    TIM7_IRQHandler                          0x08001265   Thumb Code    14  timer.o(i.TIM7_IRQHandler)
    TIM_Base_Start_IT                        0x08001279   Thumb Code    18  stepper_motor.o(i.TIM_Base_Start_IT)
    TIM_Base_Stop_IT                         0x0800128b   Thumb Code    18  stepper_motor.o(i.TIM_Base_Stop_IT)
    UART4_IRQHandler                         0x0800129d   Thumb Code    88  vision_u4.o(i.UART4_IRQHandler)
    UART5_IRQHandler                         0x08001301   Thumb Code    22  uart5_pc.o(i.UART5_IRQHandler)
    USART1_IRQHandler                        0x0800131d   Thumb Code    80  usart.o(i.USART1_IRQHandler)
    USART2_IRQHandler                        0x08001379   Thumb Code    20  bluetooch_u2.o(i.USART2_IRQHandler)
    USART3_IRQHandler                        0x08001395   Thumb Code   110  usart3.o(i.USART3_IRQHandler)
    USART6_IRQHandler                        0x08001411   Thumb Code     6  usart6.o(i.USART6_IRQHandler)
    USART_ClearITPendingBit                  0x0800141d   Thumb Code    16  usart3.o(i.USART_ClearITPendingBit)
    USART_GetITStatus                        0x0800142d   Thumb Code    64  usart3.o(i.USART_GetITStatus)
    _sys_exit                                0x0800146d   Thumb Code     2  usart.o(i._sys_exit)
    crc16_calc                               0x08001471   Thumb Code    38  debug.o(i.crc16_calc)
    debug_handle                             0x0800149d   Thumb Code   822  debug.o(i.debug_handle)
    debug_upload_data                        0x080017dd   Thumb Code   914  debug.o(i.debug_upload_data)
    delay_init                               0x08001b7d   Thumb Code    38  delay.o(i.delay_init)
    delay_ms                                 0x08001ba9   Thumb Code    52  delay.o(i.delay_ms)
    delay_us                                 0x08001bdd   Thumb Code    36  delay.o(i.delay_us)
    delay_xms                                0x08001c05   Thumb Code    36  delay.o(i.delay_xms)
    fifo_deQueue                             0x08001c2d   Thumb Code    36  fifo.o(i.fifo_deQueue)
    fifo_enQueue                             0x08001c55   Thumb Code    36  fifo.o(i.fifo_enQueue)
    fifo_queueLength                         0x08001c7d   Thumb Code    46  fifo.o(i.fifo_queueLength)
    fputc                                    0x08001cb1   Thumb Code    14  usart.o(i.fputc)
    line_incmove                             0x08001cc5   Thumb Code   104  stepper_motor.o(i.line_incmove)
    line_inpolation                          0x08001d39   Thumb Code    86  stepper_motor.o(i.line_inpolation)
    main                                     0x08001d9d   Thumb Code   214  test.o(i.main)
    mypow                                    0x08001ea1   Thumb Code    16  oled.o(i.mypow)
    recieveData                              0x08001eb1   Thumb Code     2  vision_u4.o(i.recieveData)
    step_motor_1                             0x08001eb3   Thumb Code    58  motor.o(i.step_motor_1)
    uart5_sendString                         0x08001eed   Thumb Code    32  uart5_pc.o(i.uart5_sendString)
    uart_init                                0x08001f11   Thumb Code   200  usart.o(i.uart_init)
    usart_SendByte                           0x08001fe9   Thumb Code    46  usart3.o(i.usart_SendByte)
    usart_SendCmd                            0x0800201d   Thumb Code    42  usart3.o(i.usart_SendCmd)
    _fp_init                                 0x08002047   Thumb Code    10  fpinit.o(x$fpl$fpinit)
    __fplib_config_fpu_vfp                   0x0800204f   Thumb Code     0  fpinit.o(x$fpl$fpinit)
    __fplib_config_pureend_doubles           0x0800204f   Thumb Code     0  fpinit.o(x$fpl$fpinit)
    s_crclo                                  0x08002150   Data         256  debug.o(.constdata)
    gbk_1616                                 0x08002250   Data         640  oled.o(.constdata)
    asc2_1206                                0x080024d0   Data        1140  oled.o(.constdata)
    asc2_1608                                0x08002944   Data        1520  oled.o(.constdata)
    asc2_2412                                0x08002f34   Data        3420  oled.o(.constdata)
    Region$$Table$$Base                      0x08003c90   Number         0  anon$$obj.o(Region$$Table)
    Region$$Table$$Limit                     0x08003cb0   Number         0  anon$$obj.o(Region$$Table)
    USART_RX_STA                             0x20000004   Data           2  usart.o(.data)
    __stdout                                 0x20000008   Data           4  usart.o(.data)
    SPEED                                    0x2000000c   Data           4  test.o(.data)
    Tim_Encoder_Data                         0x20000010   Data          48  encoder.o(.data)
    Cnt                                      0x20000040   Data           4  timer.o(.data)
    Mid_Val                                  0x20000044   Data           4  timer.o(.data)
    Mid_Val_Bias                             0x20000048   Data           4  timer.o(.data)
    debug_rev_p                              0x2000004c   Data           1  debug.o(.data)
    BT_dat                                   0x20000054   Data           1  bluetooch_u2.o(.data)
    USART4_RX_STA                            0x20000056   Data           2  vision_u4.o(.data)
    rxFrameFlag                              0x20000058   Data           1  usart3.o(.data)
    rxCount                                  0x20000059   Data           1  usart3.o(.data)
    pos                                      0x2000005c   Data           4  usart3.o(.data)
    Motor_Cur_Pos                            0x20000060   Data           4  usart3.o(.data)
    vel                                      0x20000064   Data           4  usart3.o(.data)
    Motor_Cur_Vel                            0x20000068   Data           4  usart3.o(.data)
    pid_result                               0x2000006c   Data           4  control.o(.data)
    g_motor_sta                              0x20000070   Data           1  stepper_motor.o(.data)
    sign_dir                                 0x2000007c   Data           8  stepper_motor.o(.data)
    USART_RX_BUF                             0x20000084   Data         200  usart.o(.bss)
    Encoder_Pid                              0x2000014c   Data         144  pid.o(.bss)
    debug_rev_data                           0x200001e0   Data          17  debug.o(.bss)
    g_debug                                  0x200001f8   Data         216  debug.o(.bss)
    debug_rev                                0x200002d0   Data          24  debug.o(.bss)
    USART4_RX_BUF                            0x200002e8   Data         200  vision_u4.o(.bss)
    rxCmd                                    0x200003b0   Data         128  usart3.o(.bss)
    OLED_GRAM                                0x20000430   Data        1024  oled.o(.bss)
    rxFIFO                                   0x20000830   Data         258  fifo.o(.bss)
    g_pol_par                                0x20000934   Data          36  stepper_motor.o(.bss)
    __libspace_start                         0x20000958   Data          96  libspace.o(.bss)
    __temporary_stack_top$libspace           0x200009b8   Data           0  libspace.o(.bss)



==============================================================================

Memory Map of the image

  Image Entry point : 0x08000189

  Load Region LR_IROM1 (Base: 0x08000000, Size: 0x00003d34, Max: 0x00100000, ABSOLUTE)

    Execution Region ER_IROM1 (Exec base: 0x08000000, Load base: 0x08000000, Size: 0x00003cb0, Max: 0x00100000, ABSOLUTE)

    Exec Addr    Load Addr    Size         Type   Attr      Idx    E Section Name        Object

    0x08000000   0x08000000   0x00000188   Data   RO            3    RESET               startup_stm32f40_41xxx.o
    0x08000188   0x08000188   0x00000008   Code   RO         1743  * !!!main             c_w.l(__main.o)
    0x08000190   0x08000190   0x00000034   Code   RO         2016    !!!scatter          c_w.l(__scatter.o)
    0x080001c4   0x080001c4   0x0000001a   Code   RO         2018    !!handler_copy      c_w.l(__scatter_copy.o)
    0x080001de   0x080001de   0x00000002   PAD
    0x080001e0   0x080001e0   0x0000001c   Code   RO         2020    !!handler_zi        c_w.l(__scatter_zi.o)
    0x080001fc   0x080001fc   0x00000000   Code   RO         1738    .ARM.Collect$$_printf_percent$$00000000  c_w.l(_printf_percent.o)
    0x080001fc   0x080001fc   0x00000006   Code   RO         1737    .ARM.Collect$$_printf_percent$$00000009  c_w.l(_printf_d.o)
    0x08000202   0x08000202   0x00000004   Code   RO         1784    .ARM.Collect$$_printf_percent$$00000017  c_w.l(_printf_percent_end.o)
    0x08000206   0x08000206   0x00000002   Code   RO         1887    .ARM.Collect$$libinit$$00000000  c_w.l(libinit.o)
    0x08000208   0x08000208   0x00000004   Code   RO         1892    .ARM.Collect$$libinit$$00000001  c_w.l(libinit2.o)
    0x0800020c   0x0800020c   0x00000000   Code   RO         1895    .ARM.Collect$$libinit$$00000004  c_w.l(libinit2.o)
    0x0800020c   0x0800020c   0x00000000   Code   RO         1898    .ARM.Collect$$libinit$$0000000A  c_w.l(libinit2.o)
    0x0800020c   0x0800020c   0x00000000   Code   RO         1900    .ARM.Collect$$libinit$$0000000C  c_w.l(libinit2.o)
    0x0800020c   0x0800020c   0x00000000   Code   RO         1902    .ARM.Collect$$libinit$$0000000E  c_w.l(libinit2.o)
    0x0800020c   0x0800020c   0x00000000   Code   RO         1905    .ARM.Collect$$libinit$$00000011  c_w.l(libinit2.o)
    0x0800020c   0x0800020c   0x00000000   Code   RO         1907    .ARM.Collect$$libinit$$00000013  c_w.l(libinit2.o)
    0x0800020c   0x0800020c   0x00000000   Code   RO         1909    .ARM.Collect$$libinit$$00000015  c_w.l(libinit2.o)
    0x0800020c   0x0800020c   0x00000000   Code   RO         1911    .ARM.Collect$$libinit$$00000017  c_w.l(libinit2.o)
    0x0800020c   0x0800020c   0x00000000   Code   RO         1913    .ARM.Collect$$libinit$$00000019  c_w.l(libinit2.o)
    0x0800020c   0x0800020c   0x00000000   Code   RO         1915    .ARM.Collect$$libinit$$0000001B  c_w.l(libinit2.o)
    0x0800020c   0x0800020c   0x00000000   Code   RO         1917    .ARM.Collect$$libinit$$0000001D  c_w.l(libinit2.o)
    0x0800020c   0x0800020c   0x00000000   Code   RO         1919    .ARM.Collect$$libinit$$0000001F  c_w.l(libinit2.o)
    0x0800020c   0x0800020c   0x00000000   Code   RO         1921    .ARM.Collect$$libinit$$00000021  c_w.l(libinit2.o)
    0x0800020c   0x0800020c   0x00000000   Code   RO         1923    .ARM.Collect$$libinit$$00000023  c_w.l(libinit2.o)
    0x0800020c   0x0800020c   0x00000000   Code   RO         1925    .ARM.Collect$$libinit$$00000025  c_w.l(libinit2.o)
    0x0800020c   0x0800020c   0x00000000   Code   RO         1929    .ARM.Collect$$libinit$$0000002C  c_w.l(libinit2.o)
    0x0800020c   0x0800020c   0x00000000   Code   RO         1931    .ARM.Collect$$libinit$$0000002E  c_w.l(libinit2.o)
    0x0800020c   0x0800020c   0x00000000   Code   RO         1933    .ARM.Collect$$libinit$$00000030  c_w.l(libinit2.o)
    0x0800020c   0x0800020c   0x00000000   Code   RO         1935    .ARM.Collect$$libinit$$00000032  c_w.l(libinit2.o)
    0x0800020c   0x0800020c   0x00000002   Code   RO         1936    .ARM.Collect$$libinit$$00000033  c_w.l(libinit2.o)
    0x0800020e   0x0800020e   0x00000002   Code   RO         1956    .ARM.Collect$$libshutdown$$00000000  c_w.l(libshutdown.o)
    0x08000210   0x08000210   0x00000000   Code   RO         1966    .ARM.Collect$$libshutdown$$00000002  c_w.l(libshutdown2.o)
    0x08000210   0x08000210   0x00000000   Code   RO         1968    .ARM.Collect$$libshutdown$$00000004  c_w.l(libshutdown2.o)
    0x08000210   0x08000210   0x00000000   Code   RO         1970    .ARM.Collect$$libshutdown$$00000006  c_w.l(libshutdown2.o)
    0x08000210   0x08000210   0x00000000   Code   RO         1973    .ARM.Collect$$libshutdown$$00000009  c_w.l(libshutdown2.o)
    0x08000210   0x08000210   0x00000000   Code   RO         1976    .ARM.Collect$$libshutdown$$0000000C  c_w.l(libshutdown2.o)
    0x08000210   0x08000210   0x00000000   Code   RO         1978    .ARM.Collect$$libshutdown$$0000000E  c_w.l(libshutdown2.o)
    0x08000210   0x08000210   0x00000000   Code   RO         1981    .ARM.Collect$$libshutdown$$00000011  c_w.l(libshutdown2.o)
    0x08000210   0x08000210   0x00000002   Code   RO         1982    .ARM.Collect$$libshutdown$$00000012  c_w.l(libshutdown2.o)
    0x08000212   0x08000212   0x00000000   Code   RO         1775    .ARM.Collect$$rtentry$$00000000  c_w.l(__rtentry.o)
    0x08000212   0x08000212   0x00000000   Code   RO         1842    .ARM.Collect$$rtentry$$00000002  c_w.l(__rtentry2.o)
    0x08000212   0x08000212   0x00000006   Code   RO         1854    .ARM.Collect$$rtentry$$00000004  c_w.l(__rtentry4.o)
    0x08000218   0x08000218   0x00000000   Code   RO         1844    .ARM.Collect$$rtentry$$00000009  c_w.l(__rtentry2.o)
    0x08000218   0x08000218   0x00000004   Code   RO         1845    .ARM.Collect$$rtentry$$0000000A  c_w.l(__rtentry2.o)
    0x0800021c   0x0800021c   0x00000000   Code   RO         1847    .ARM.Collect$$rtentry$$0000000C  c_w.l(__rtentry2.o)
    0x0800021c   0x0800021c   0x00000008   Code   RO         1848    .ARM.Collect$$rtentry$$0000000D  c_w.l(__rtentry2.o)
    0x08000224   0x08000224   0x00000002   Code   RO         1890    .ARM.Collect$$rtexit$$00000000  c_w.l(rtexit.o)
    0x08000226   0x08000226   0x00000000   Code   RO         1940    .ARM.Collect$$rtexit$$00000002  c_w.l(rtexit2.o)
    0x08000226   0x08000226   0x00000004   Code   RO         1941    .ARM.Collect$$rtexit$$00000003  c_w.l(rtexit2.o)
    0x0800022a   0x0800022a   0x00000006   Code   RO         1942    .ARM.Collect$$rtexit$$00000004  c_w.l(rtexit2.o)
    0x08000230   0x08000230   0x00000044   Code   RO            4    .text               startup_stm32f40_41xxx.o
    0x08000274   0x08000274   0x00000002   Code   RO         1704    .text               c_w.l(use_no_semi_2.o)
    0x08000276   0x08000276   0x00000002   PAD
    0x08000278   0x08000278   0x00000018   Code   RO         1708    .text               c_w.l(noretval__2printf.o)
    0x08000290   0x08000290   0x00000068   Code   RO         1710    .text               c_w.l(__printf.o)
    0x080002f8   0x080002f8   0x00000078   Code   RO         1714    .text               c_w.l(_printf_dec.o)
    0x08000370   0x08000370   0x00000006   Code   RO         1741    .text               c_w.l(heapauxi.o)
    0x08000376   0x08000376   0x00000002   Code   RO         1773    .text               c_w.l(use_no_semi.o)
    0x08000378   0x08000378   0x000000b2   Code   RO         1778    .text               c_w.l(_printf_intcommon.o)
    0x0800042a   0x0800042a   0x00000002   PAD
    0x0800042c   0x0800042c   0x00000024   Code   RO         1782    .text               c_w.l(_printf_char_file.o)
    0x08000450   0x08000450   0x00000030   Code   RO         1861    .text               c_w.l(_printf_char_common.o)
    0x08000480   0x08000480   0x00000008   Code   RO         1863    .text               c_w.l(ferror.o)
    0x08000488   0x08000488   0x00000008   Code   RO         1873    .text               c_w.l(libspace.o)
    0x08000490   0x08000490   0x0000004a   Code   RO         1876    .text               c_w.l(sys_stackheap_outer.o)
    0x080004da   0x080004da   0x00000012   Code   RO         1880    .text               c_w.l(exit.o)
    0x080004ec   0x080004ec   0x000000d4   Code   RO         1486    i.Emm_V5_Read_Sys_Params  emm_v5.o
    0x080005c0   0x080005c0   0x00000030   Code   RO         1489    i.Emm_V5_Stop_Now   emm_v5.o
    0x080005f0   0x080005f0   0x0000003e   Code   RO         1491    i.Emm_V5_Vel_Control  emm_v5.o
    0x0800062e   0x0800062e   0x00000020   Code   RO           84    i.GPIO_AF_Set       sys.o
    0x0800064e   0x0800064e   0x00000096   Code   RO           85    i.GPIO_Set          sys.o
    0x080006e4   0x080006e4   0x00000034   Code   RO          574    i.Key_Init          key.o
    0x08000718   0x08000718   0x00000034   Code   RO          345    i.Led_Init          led.o
    0x0800074c   0x0800074c   0x0000004a   Code   RO           88    i.MY_NVIC_Init      sys.o
    0x08000796   0x08000796   0x00000002   PAD
    0x08000798   0x08000798   0x00000024   Code   RO           89    i.MY_NVIC_PriorityGroupConfig  sys.o
    0x080007bc   0x080007bc   0x00000010   Code   RO           90    i.MY_NVIC_SetVectorTable  sys.o
    0x080007cc   0x080007cc   0x0000003c   Code   RO         1383    i.OLED_DrawPoint    oled.o
    0x08000808   0x08000808   0x00000048   Code   RO         1386    i.OLED_Refresh_Gram  oled.o
    0x08000850   0x08000850   0x000000c8   Code   RO         1387    i.OLED_ShowChar     oled.o
    0x08000918   0x08000918   0x0000007e   Code   RO         1389    i.OLED_ShowNum      oled.o
    0x08000996   0x08000996   0x00000002   PAD
    0x08000998   0x08000998   0x00000044   Code   RO         1391    i.OLED_WR_Byte      oled.o
    0x080009dc   0x080009dc   0x00000052   Code   RO          529    i.Pid_OutLimit      pid.o
    0x08000a2e   0x08000a2e   0x00000002   PAD
    0x08000a30   0x08000a30   0x000000d0   Code   RO          530    i.Pid_control       pid.o
    0x08000b00   0x08000b00   0x00000070   Code   RO         1064    i.Read_Motor_Cur_Pos  usart3.o
    0x08000b70   0x08000b70   0x00000090   Code   RO         1619    i.Start_TIM1_PWM    stepper_motor.o
    0x08000c00   0x08000c00   0x00000138   Code   RO         1620    i.Stepper_Motor_Init  stepper_motor.o
    0x08000d38   0x08000d38   0x0000004c   Code   RO           91    i.Stm32_Clock_Init  sys.o
    0x08000d84   0x08000d84   0x000000a0   Code   RO         1621    i.Stop_TIM1_PWM     stepper_motor.o
    0x08000e24   0x08000e24   0x000000d0   Code   RO           92    i.Sys_Clock_Set     sys.o
    0x08000ef4   0x08000ef4   0x00000024   Code   RO          600    i.TIM1_BRK_TIM9_IRQHandler  timer.o
    0x08000f18   0x08000f18   0x000001a8   Code   RO         1622    i.TIM1_UP_TIM10_IRQHandler  stepper_motor.o
    0x080010c0   0x080010c0   0x0000002c   Code   RO          454    i.TIM2_IRQHandler   encoder.o
    0x080010ec   0x080010ec   0x00000034   Code   RO          455    i.TIM3_IRQHandler   encoder.o
    0x08001120   0x08001120   0x00000034   Code   RO          456    i.TIM4_IRQHandler   encoder.o
    0x08001154   0x08001154   0x00000034   Code   RO          457    i.TIM5_IRQHandler   encoder.o
    0x08001188   0x08001188   0x000000dc   Code   RO          601    i.TIM6_DAC_IRQHandler  timer.o
    0x08001264   0x08001264   0x00000014   Code   RO          603    i.TIM7_IRQHandler   timer.o
    0x08001278   0x08001278   0x00000012   Code   RO         1623    i.TIM_Base_Start_IT  stepper_motor.o
    0x0800128a   0x0800128a   0x00000012   Code   RO         1624    i.TIM_Base_Stop_IT  stepper_motor.o
    0x0800129c   0x0800129c   0x00000064   Code   RO         1019    i.UART4_IRQHandler  vision_u4.o
    0x08001300   0x08001300   0x0000001c   Code   RO          656    i.UART5_IRQHandler  uart5_pc.o
    0x0800131c   0x0800131c   0x0000005c   Code   RO          178    i.USART1_IRQHandler  usart.o
    0x08001378   0x08001378   0x0000001c   Code   RO          975    i.USART2_IRQHandler  bluetooch_u2.o
    0x08001394   0x08001394   0x0000007c   Code   RO         1066    i.USART3_IRQHandler  usart3.o
    0x08001410   0x08001410   0x0000000c   Code   RO         1140    i.USART6_IRQHandler  usart6.o
    0x0800141c   0x0800141c   0x00000010   Code   RO         1067    i.USART_ClearITPendingBit  usart3.o
    0x0800142c   0x0800142c   0x00000040   Code   RO         1068    i.USART_GetITStatus  usart3.o
    0x0800146c   0x0800146c   0x00000002   Code   RO          179    i._sys_exit         usart.o
    0x0800146e   0x0800146e   0x00000002   PAD
    0x08001470   0x08001470   0x0000002c   Code   RO          694    i.crc16_calc        debug.o
    0x0800149c   0x0800149c   0x00000340   Code   RO          695    i.debug_handle      debug.o
    0x080017dc   0x080017dc   0x000003a0   Code   RO          711    i.debug_upload_data  debug.o
    0x08001b7c   0x08001b7c   0x0000002c   Code   RO           12    i.delay_init        delay.o
    0x08001ba8   0x08001ba8   0x00000034   Code   RO           13    i.delay_ms          delay.o
    0x08001bdc   0x08001bdc   0x00000028   Code   RO           14    i.delay_us          delay.o
    0x08001c04   0x08001c04   0x00000028   Code   RO           15    i.delay_xms         delay.o
    0x08001c2c   0x08001c2c   0x00000028   Code   RO         1575    i.fifo_deQueue      fifo.o
    0x08001c54   0x08001c54   0x00000028   Code   RO         1576    i.fifo_enQueue      fifo.o
    0x08001c7c   0x08001c7c   0x00000034   Code   RO         1578    i.fifo_queueLength  fifo.o
    0x08001cb0   0x08001cb0   0x00000014   Code   RO          180    i.fputc             usart.o
    0x08001cc4   0x08001cc4   0x00000074   Code   RO         1626    i.line_incmove      stepper_motor.o
    0x08001d38   0x08001d38   0x00000064   Code   RO         1627    i.line_inpolation   stepper_motor.o
    0x08001d9c   0x08001d9c   0x00000104   Code   RO          228    i.main              test.o
    0x08001ea0   0x08001ea0   0x00000010   Code   RO         1392    i.mypow             oled.o
    0x08001eb0   0x08001eb0   0x00000002   Code   RO         1020    i.recieveData       vision_u4.o
    0x08001eb2   0x08001eb2   0x0000003a   Code   RO          383    i.step_motor_1      motor.o
    0x08001eec   0x08001eec   0x00000024   Code   RO          659    i.uart5_sendString  uart5_pc.o
    0x08001f10   0x08001f10   0x000000d8   Code   RO          181    i.uart_init         usart.o
    0x08001fe8   0x08001fe8   0x00000034   Code   RO         1071    i.usart_SendByte    usart3.o
    0x0800201c   0x0800201c   0x0000002a   Code   RO         1072    i.usart_SendCmd     usart3.o
    0x08002046   0x08002046   0x0000000a   Code   RO         1948    x$fpl$fpinit        fz_wm.l(fpinit.o)
    0x08002050   0x08002050   0x00000200   Data   RO          713    .constdata          debug.o
    0x08002250   0x08002250   0x00001a40   Data   RO         1394    .constdata          oled.o
    0x08003c90   0x08003c90   0x00000020   Data   RO         2014    Region$$Table       anon$$obj.o


    Execution Region RW_IRAM1 (Exec base: 0x20000000, Load base: 0x08003cb0, Size: 0x00000db8, Max: 0x00020000, ABSOLUTE)

    Exec Addr    Load Addr    Size         Type   Attr      Idx    E Section Name        Object

    0x20000000   0x08003cb0   0x00000004   Data   RW           16    .data               delay.o
    0x20000004   0x08003cb4   0x00000002   Data   RW          183    .data               usart.o
    0x20000006   0x08003cb6   0x00000002   PAD
    0x20000008   0x08003cb8   0x00000004   Data   RW          184    .data               usart.o
    0x2000000c   0x08003cbc   0x00000004   Data   RW          229    .data               test.o
    0x20000010   0x08003cc0   0x00000030   Data   RW          458    .data               encoder.o
    0x20000040   0x08003cf0   0x0000000c   Data   RW          606    .data               timer.o
    0x2000004c   0x08003cfc   0x00000008   Data   RW          714    .data               debug.o
    0x20000054   0x08003d04   0x00000001   Data   RW          979    .data               bluetooch_u2.o
    0x20000055   0x08003d05   0x00000001   PAD
    0x20000056   0x08003d06   0x00000002   Data   RW         1024    .data               vision_u4.o
    0x20000058   0x08003d08   0x00000014   Data   RW         1074    .data               usart3.o
    0x2000006c   0x08003d1c   0x00000004   Data   RW         1310    .data               control.o
    0x20000070   0x08003d20   0x00000014   Data   RW         1630    .data               stepper_motor.o
    0x20000084        -       0x000000c8   Zero   RW          182    .bss                usart.o
    0x2000014c        -       0x00000090   Zero   RW          534    .bss                pid.o
    0x200001dc   0x08003d34   0x00000004   PAD
    0x200001e0        -       0x00000108   Zero   RW          712    .bss                debug.o
    0x200002e8        -       0x000000c8   Zero   RW         1023    .bss                vision_u4.o
    0x200003b0        -       0x00000080   Zero   RW         1073    .bss                usart3.o
    0x20000430        -       0x00000400   Zero   RW         1393    .bss                oled.o
    0x20000830        -       0x00000102   Zero   RW         1580    .bss                fifo.o
    0x20000932   0x08003d34   0x00000002   PAD
    0x20000934        -       0x00000024   Zero   RW         1629    .bss                stepper_motor.o
    0x20000958        -       0x00000060   Zero   RW         1874    .bss                c_w.l(libspace.o)
    0x200009b8        -       0x00000000   Zero   RW            2    HEAP                startup_stm32f40_41xxx.o
    0x200009b8        -       0x00000400   Zero   RW            1    STACK               startup_stm32f40_41xxx.o


==============================================================================

Image component sizes


      Code (inc. data)   RO Data    RW Data    ZI Data      Debug   Object Name

        28          8          0          1          0        877   bluetooch_u2.o
         0          0          0          4          0       1350   control.o
      1804         64        512          8        264       7837   debug.o
       176         14          0          4          0     234891   delay.o
       322         18          0          0          0       2604   emm_v5.o
       200         34          0         48          0       3739   encoder.o
       132         14          0          0        258       2966   fifo.o
        52         10          0          0          0        551   key.o
        52         12          0          0          0        555   led.o
        58          0          0          0          0        771   motor.o
       542         30       6720          0       1024       6234   oled.o
       290         18          0          0        144       4725   pid.o
        68         24        392          0       1024        924   startup_stm32f40_41xxx.o
      1292         66          0         20         36       9338   stepper_motor.o
       592         38          0          0          0       5742   sys.o
       260         46          0          4          0       1567   test.o
       276         34          0         12          0       2186   timer.o
        64         10          0          0          0       1750   uart5_pc.o
       330         34          0          6        200       4692   usart.o
       410         38          0         20        128       5410   usart3.o
        12          6          0          0          0        548   usart6.o
       102         12          0          2        200       2191   vision_u4.o

    ----------------------------------------------------------------------
      7070        530       7656        132       3284     301448   Object Totals
         0          0         32          0          0          0   (incl. Generated)
         8          0          0          3          6          0   (incl. Padding)

    ----------------------------------------------------------------------

      Code (inc. data)   RO Data    RW Data    ZI Data      Debug   Library Member Name

         8          0          0          0          0         68   __main.o
       104          0          0          0          0         84   __printf.o
         0          0          0          0          0          0   __rtentry.o
        12          0          0          0          0          0   __rtentry2.o
         6          0          0          0          0          0   __rtentry4.o
        52          8          0          0          0          0   __scatter.o
        26          0          0          0          0          0   __scatter_copy.o
        28          0          0          0          0          0   __scatter_zi.o
        48          6          0          0          0         96   _printf_char_common.o
        36          4          0          0          0         80   _printf_char_file.o
         6          0          0          0          0          0   _printf_d.o
       120         16          0          0          0         92   _printf_dec.o
       178          0          0          0          0         88   _printf_intcommon.o
         0          0          0          0          0          0   _printf_percent.o
         4          0          0          0          0          0   _printf_percent_end.o
        18          0          0          0          0         80   exit.o
         8          0          0          0          0         68   ferror.o
         6          0          0          0          0        152   heapauxi.o
         2          0          0          0          0          0   libinit.o
         6          0          0          0          0          0   libinit2.o
         2          0          0          0          0          0   libshutdown.o
         2          0          0          0          0          0   libshutdown2.o
         8          4          0          0         96         68   libspace.o
        24          4          0          0          0         84   noretval__2printf.o
         2          0          0          0          0          0   rtexit.o
        10          0          0          0          0          0   rtexit2.o
        74          0          0          0          0         80   sys_stackheap_outer.o
         2          0          0          0          0         68   use_no_semi.o
         2          0          0          0          0         68   use_no_semi_2.o
        10          0          0          0          0        116   fpinit.o

    ----------------------------------------------------------------------
       810         42          0          0         96       1292   Library Totals
         6          0          0          0          0          0   (incl. Padding)

    ----------------------------------------------------------------------

      Code (inc. data)   RO Data    RW Data    ZI Data      Debug   Library Name

       794         42          0          0         96       1176   c_w.l
        10          0          0          0          0        116   fz_wm.l

    ----------------------------------------------------------------------
       810         42          0          0         96       1292   Library Totals

    ----------------------------------------------------------------------

==============================================================================


      Code (inc. data)   RO Data    RW Data    ZI Data      Debug   

      7880        572       7656        132       3380     296820   Grand Totals
      7880        572       7656        132       3380     296820   ELF Image Totals
      7880        572       7656        132          0          0   ROM Totals

==============================================================================

    Total RO  Size (Code + RO Data)                15536 (  15.17kB)
    Total RW  Size (RW Data + ZI Data)              3512 (   3.43kB)
    Total ROM Size (Code + RO Data + RW Data)      15668 (  15.30kB)

==============================================================================

