<html>
<body>
<pre>
<h1>µVision Build Log</h1>
<h2>Tool Versions:</h2>
IDE-Version: ¦ÌVision V5.39.0.0
Copyright (C) 2023 ARM Ltd and ARM Germany GmbH. All rights reserved.
License Information: 1 luka, 1, LIC=CRMW3-AR2P4-68MFC-7LUY6-SG49V-9M71D
 
Tool Versions:
Toolchain:       MDK-ARM Professional  Version: 5.39.0.0
Toolchain Path:  E:\Keil_v5\ARM\ARMCLANG\Bin
C Compiler:      ArmClang.exe V6.21
Assembler:       Armasm.exe V6.21
Linker/Locator:  ArmLink.exe V6.21
Library Manager: ArmAr.exe V6.21
Hex Converter:   FromElf.exe V6.21
CPU DLL:         SARMCM3.DLL V5.39.0.0
Dialog DLL:      DARMCM1.DLL V1.19.6.0
Target DLL:      CMSIS_AGDI.dll V1.33.16.0
Dialog DLL:      TARMCM1.DLL V1.14.6.0
 
<h2>Project:</h2>
C:\Users\luka\Desktop\TIM0L1306\example\FLASH_WRITE_READ_CHAR\keil\FLASH_WRITE_READ_CHAR.uvprojx
Project File Date:  04/21/2025

<h2>Output:</h2>
*** Using Compiler 'V6.21', folder: 'E:\Keil_v5\ARM\ARMCLANG\Bin'
Build target 'FLASH_WRITE_READ'
compiling dl_i2c.c...
assembling startup_mspm0l1306_uvision.s...
compiling ti_msp_dl_config.c...
compiling dl_common.c...
compiling dl_adc12.c...
compiling dl_aes.c...
compiling dl_mcan.c...
compiling dl_interrupt.c...
compiling dl_opa.c...
compiling dl_flashctl.c...
compiling dl_dac12.c...
compiling dl_dma.c...
compiling dl_crc.c...
compiling dl_timer.c...
compiling dl_spi.c...
compiling key.c...
compiling main.c...
compiling dl_rtc.c...
compiling dl_mathacl.c...
compiling dl_trng.c...
compiling dl_vref.c...
compiling dl_sysctl_mspm0l11xx_l13xx.c...
compiling dl_uart.c...
compiling oled.c...
linking...
Program Size: Code=3896 RO-data=1816 RW-data=32 ZI-data=360  
FromELF: creating hex file...
".\Objects\GPIO.axf" - 0 Error(s), 0 Warning(s).

<h2>Software Packages used:</h2>

Package Vendor: TexasInstruments
                https://software-dl.ti.com/msp430/esd/MSPM0-CMSIS/MSPM0L11XX_L13XX/latest/exports/TexasInstruments.MSPM0L11XX_L13XX_DFP.1.3.1.pack
                TexasInstruments::MSPM0L11XX_L13XX_DFP@1.3.1
                Device Family Pack for Texas Instruments MSPM0L11XX_L13XX Series

<h2>Collection of Component include folders:</h2>

<h2>Collection of Component Files used:</h2>
Build Time Elapsed:  00:00:01
</pre>
</body>
</html>
