Component: Arm Compiler for Embedded 6.21 Tool: armlink [5ec1fa00]

==============================================================================

Section Cross References

    startup_mspm0l130x_uvision.o(STACK) refers (Special) to heapauxi.o(.text) for __use_two_region_memory
    startup_mspm0l130x_uvision.o(HEAP) refers (Special) to heapauxi.o(.text) for __use_two_region_memory
    startup_mspm0l130x_uvision.o(RESET) refers (Special) to heapauxi.o(.text) for __use_two_region_memory
    startup_mspm0l130x_uvision.o(RESET) refers to startup_mspm0l130x_uvision.o(STACK) for __initial_sp
    startup_mspm0l130x_uvision.o(RESET) refers to startup_mspm0l130x_uvision.o(.text) for Reset_Handler
    startup_mspm0l130x_uvision.o(RESET) refers to exti.o(.text.GROUP1_IRQHandler) for GROUP1_IRQHandler
    startup_mspm0l130x_uvision.o(RESET) refers to uart0.o(.text.UART0_IRQHandler) for UART0_IRQHandler
    startup_mspm0l130x_uvision.o(.text) refers (Special) to heapauxi.o(.text) for __use_two_region_memory
    startup_mspm0l130x_uvision.o(.text) refers to __main.o(!!!main) for __main
    startup_mspm0l130x_uvision.o(.text) refers to startup_mspm0l130x_uvision.o(HEAP) for Heap_Mem
    startup_mspm0l130x_uvision.o(.text) refers to startup_mspm0l130x_uvision.o(STACK) for Stack_Mem
    led.o(.ARM.exidx.text.LED_init) refers to led.o(.text.LED_init) for [Anonymous Symbol]
    led.o(.ARM.exidx.text.controlLED) refers to led.o(.text.controlLED) for [Anonymous Symbol]
    led.o(.text.delay_ms) refers to dl_common.o(.text.DL_Common_delayCycles) for DL_Common_delayCycles
    led.o(.ARM.exidx.text.delay_ms) refers to led.o(.text.delay_ms) for [Anonymous Symbol]
    led.o(.text.delay_us) refers to dl_common.o(.text.DL_Common_delayCycles) for DL_Common_delayCycles
    led.o(.ARM.exidx.text.delay_us) refers to led.o(.text.delay_us) for [Anonymous Symbol]
    keyboard.o(.ARM.exidx.text.keyboard_init) refers to keyboard.o(.text.keyboard_init) for [Anonymous Symbol]
    keyboard.o(.text.Key) refers to led.o(.text.delay_ms) for delay_ms
    keyboard.o(.text.Key) refers to keyboard.o(.bss.Key.key_flag) for [Anonymous Symbol]
    keyboard.o(.ARM.exidx.text.Key) refers to keyboard.o(.text.Key) for [Anonymous Symbol]
    oled.o(.ARM.exidx.text.oled_init) refers to oled.o(.text.oled_init) for [Anonymous Symbol]
    oled.o(.ARM.exidx.text.OLED_WR_Byte) refers to oled.o(.text.OLED_WR_Byte) for [Anonymous Symbol]
    oled.o(.text.OLED_Set_Pos) refers to oled.o(.text.OLED_WR_Byte) for OLED_WR_Byte
    oled.o(.ARM.exidx.text.OLED_Set_Pos) refers to oled.o(.text.OLED_Set_Pos) for [Anonymous Symbol]
    oled.o(.ARM.exidx.text.OLED_Display_On) refers to oled.o(.text.OLED_Display_On) for [Anonymous Symbol]
    oled.o(.ARM.exidx.text.OLED_Display_Off) refers to oled.o(.text.OLED_Display_Off) for [Anonymous Symbol]
    oled.o(.text.OLED_Clear) refers to oled.o(.text.OLED_WR_Byte) for OLED_WR_Byte
    oled.o(.ARM.exidx.text.OLED_Clear) refers to oled.o(.text.OLED_Clear) for [Anonymous Symbol]
    oled.o(.text.OLED_ShowChar) refers to oled.o(.text.OLED_WR_Byte) for OLED_WR_Byte
    oled.o(.text.OLED_ShowChar) refers to oled.o(.rodata.F8X16) for F8X16
    oled.o(.ARM.exidx.text.OLED_ShowChar) refers to oled.o(.text.OLED_ShowChar) for [Anonymous Symbol]
    oled.o(.ARM.exidx.text.oled_pow) refers to oled.o(.text.oled_pow) for [Anonymous Symbol]
    oled.o(.text.OLED_ShowNum) refers to oled.o(.text.OLED_ShowChar) for OLED_ShowChar
    oled.o(.text.OLED_ShowNum) refers to aeabi_sdivfast.o(.text_divfast) for __aeabi_uidiv
    oled.o(.text.OLED_ShowNum) refers to aeabi_sdivfast.o(.text) for __aeabi_uidivmod
    oled.o(.ARM.exidx.text.OLED_ShowNum) refers to oled.o(.text.OLED_ShowNum) for [Anonymous Symbol]
    oled.o(.text.OLED_ShowString) refers to oled.o(.text.OLED_ShowChar) for OLED_ShowChar
    oled.o(.ARM.exidx.text.OLED_ShowString) refers to oled.o(.text.OLED_ShowString) for [Anonymous Symbol]
    oled.o(.text.OLED_ShowCHinese) refers to oled.o(.text.OLED_WR_Byte) for OLED_WR_Byte
    oled.o(.text.OLED_ShowCHinese) refers to oled.o(.data.Hzk) for Hzk
    oled.o(.ARM.exidx.text.OLED_ShowCHinese) refers to oled.o(.text.OLED_ShowCHinese) for [Anonymous Symbol]
    oled.o(.text.OLED_DrawBMP) refers to oled.o(.text.OLED_WR_Byte) for OLED_WR_Byte
    oled.o(.ARM.exidx.text.OLED_DrawBMP) refers to oled.o(.text.OLED_DrawBMP) for [Anonymous Symbol]
    oled.o(.text.OLED_Init) refers to led.o(.text.delay_ms) for delay_ms
    oled.o(.text.OLED_Init) refers to oled.o(.text.OLED_Clear) for OLED_Clear
    oled.o(.ARM.exidx.text.OLED_Init) refers to oled.o(.text.OLED_Init) for [Anonymous Symbol]
    pwm.o(.text.pwm_init) refers to dl_timer.o(.text.DL_Timer_setClockConfig) for DL_Timer_setClockConfig
    pwm.o(.text.pwm_init) refers to dl_timer.o(.text.DL_Timer_initFourCCPWMMode) for DL_Timer_initFourCCPWMMode
    pwm.o(.text.pwm_init) refers to dl_timer.o(.text.DL_Timer_setCaptureCompareOutCtl) for DL_Timer_setCaptureCompareOutCtl
    pwm.o(.text.pwm_init) refers to dl_timer.o(.text.DL_Timer_setCaptCompUpdateMethod) for DL_Timer_setCaptCompUpdateMethod
    pwm.o(.text.pwm_init) refers to dl_timer.o(.text.DL_Timer_setCaptureCompareValue) for DL_Timer_setCaptureCompareValue
    pwm.o(.text.pwm_init) refers to pwm.o(.rodata.gPWM_0ClockConfig) for [Anonymous Symbol]
    pwm.o(.text.pwm_init) refers to pwm.o(.rodata.gPWM_1ClockConfig) for [Anonymous Symbol]
    pwm.o(.text.pwm_init) refers to pwm.o(.rodata.gPWM_2ClockConfig) for [Anonymous Symbol]
    pwm.o(.text.pwm_init) refers to pwm.o(.rodata.gPWM_0Config) for [Anonymous Symbol]
    pwm.o(.text.pwm_init) refers to pwm.o(.rodata.gPWM_1Config) for [Anonymous Symbol]
    pwm.o(.text.pwm_init) refers to pwm.o(.rodata.gPWM_2Config) for [Anonymous Symbol]
    pwm.o(.ARM.exidx.text.pwm_init) refers to pwm.o(.text.pwm_init) for [Anonymous Symbol]
    pwm.o(.text.AH_BL) refers to dl_timer.o(.text.DL_Timer_setCaptureCompareValue) for DL_Timer_setCaptureCompareValue
    pwm.o(.ARM.exidx.text.AH_BL) refers to pwm.o(.text.AH_BL) for [Anonymous Symbol]
    pwm.o(.text.AH_CL) refers to dl_timer.o(.text.DL_Timer_setCaptureCompareValue) for DL_Timer_setCaptureCompareValue
    pwm.o(.ARM.exidx.text.AH_CL) refers to pwm.o(.text.AH_CL) for [Anonymous Symbol]
    pwm.o(.text.BH_CL) refers to dl_timer.o(.text.DL_Timer_setCaptureCompareValue) for DL_Timer_setCaptureCompareValue
    pwm.o(.ARM.exidx.text.BH_CL) refers to pwm.o(.text.BH_CL) for [Anonymous Symbol]
    pwm.o(.text.BH_AL) refers to dl_timer.o(.text.DL_Timer_setCaptureCompareValue) for DL_Timer_setCaptureCompareValue
    pwm.o(.ARM.exidx.text.BH_AL) refers to pwm.o(.text.BH_AL) for [Anonymous Symbol]
    pwm.o(.text.CH_AL) refers to dl_timer.o(.text.DL_Timer_setCaptureCompareValue) for DL_Timer_setCaptureCompareValue
    pwm.o(.ARM.exidx.text.CH_AL) refers to pwm.o(.text.CH_AL) for [Anonymous Symbol]
    pwm.o(.text.CH_BL) refers to dl_timer.o(.text.DL_Timer_setCaptureCompareValue) for DL_Timer_setCaptureCompareValue
    pwm.o(.ARM.exidx.text.CH_BL) refers to pwm.o(.text.CH_BL) for [Anonymous Symbol]
    pwm.o(.text.motor) refers to led.o(.text.delay_us) for delay_us
    pwm.o(.text.motor) refers to dl_timer.o(.text.DL_Timer_setCaptureCompareValue) for DL_Timer_setCaptureCompareValue
    pwm.o(.text.motor) refers to aeabi_sdivfast.o(.text_divfast) for __aeabi_idiv
    pwm.o(.text.motor) refers to pwm.o(.bss.NUM) for NUM
    pwm.o(.text.motor) refers to pwm.o(.data.ms) for ms
    pwm.o(.text.motor) refers to empty.o(.bss.int_status) for int_status
    pwm.o(.ARM.exidx.text.motor) refers to pwm.o(.text.motor) for [Anonymous Symbol]
    opa.o(.ARM.exidx.text.SYSCFG_DL_GPAMP_0_init) refers to opa.o(.text.SYSCFG_DL_GPAMP_0_init) for [Anonymous Symbol]
    opa.o(.text.opa_init) refers to dl_common.o(.text.DL_Common_delayCycles) for DL_Common_delayCycles
    opa.o(.ARM.exidx.text.opa_init) refers to opa.o(.text.opa_init) for [Anonymous Symbol]
    exti.o(.ARM.exidx.text.EXTI_init) refers to exti.o(.text.EXTI_init) for [Anonymous Symbol]
    exti.o(.text.GROUP1_IRQHandler) refers to pwm.o(.text.AH_BL) for AH_BL
    exti.o(.text.GROUP1_IRQHandler) refers to pwm.o(.text.BH_AL) for BH_AL
    exti.o(.text.GROUP1_IRQHandler) refers to pwm.o(.text.CH_BL) for CH_BL
    exti.o(.text.GROUP1_IRQHandler) refers to pwm.o(.text.BH_CL) for BH_CL
    exti.o(.text.GROUP1_IRQHandler) refers to pwm.o(.text.CH_AL) for CH_AL
    exti.o(.text.GROUP1_IRQHandler) refers to pwm.o(.text.AH_CL) for AH_CL
    exti.o(.ARM.exidx.text.GROUP1_IRQHandler) refers to exti.o(.text.GROUP1_IRQHandler) for [Anonymous Symbol]
    uart0.o(.ARM.exidx.text._sys_exit) refers to uart0.o(.text._sys_exit) for [Anonymous Symbol]
    uart0.o(.ARM.exidx.text.fputc) refers to uart0.o(.text.fputc) for [Anonymous Symbol]
    uart0.o(.text.fputs) refers to strlen.o(.text) for strlen
    uart0.o(.ARM.exidx.text.fputs) refers to uart0.o(.text.fputs) for [Anonymous Symbol]
    uart0.o(.text.uart0_init) refers to dl_uart.o(.text.DL_UART_setClockConfig) for DL_UART_setClockConfig
    uart0.o(.text.uart0_init) refers to dl_uart.o(.text.DL_UART_init) for DL_UART_init
    uart0.o(.text.uart0_init) refers to uart0.o(.rodata.gUART_0ClockConfig) for [Anonymous Symbol]
    uart0.o(.text.uart0_init) refers to uart0.o(.rodata.gUART_0Config) for [Anonymous Symbol]
    uart0.o(.ARM.exidx.text.uart0_init) refers to uart0.o(.text.uart0_init) for [Anonymous Symbol]
    uart0.o(.ARM.exidx.text.uart0_send_char) refers to uart0.o(.text.uart0_send_char) for [Anonymous Symbol]
    uart0.o(.text.UART0_IRQHandler) refers to uart0.o(.bss.uart_data) for uart_data
    uart0.o(.ARM.exidx.text.UART0_IRQHandler) refers to uart0.o(.text.UART0_IRQHandler) for [Anonymous Symbol]
    empty.o(.text.main) refers to ti_msp_dl_config.o(.text.SYSCFG_DL_init) for SYSCFG_DL_init
    empty.o(.text.main) refers to oled.o(.text.OLED_Init) for OLED_Init
    empty.o(.text.main) refers to oled.o(.text.OLED_Clear) for OLED_Clear
    empty.o(.text.main) refers to oled.o(.text.OLED_ShowString) for OLED_ShowString
    empty.o(.text.main) refers to oled.o(.text.OLED_ShowCHinese) for OLED_ShowCHinese
    empty.o(.ARM.exidx.text.main) refers to empty.o(.text.main) for [Anonymous Symbol]
    ti_msp_dl_config.o(.text.SYSCFG_DL_init) refers to ti_msp_dl_config.o(.text.SYSCFG_DL_initPower) for SYSCFG_DL_initPower
    ti_msp_dl_config.o(.text.SYSCFG_DL_init) refers to ti_msp_dl_config.o(.text.SYSCFG_DL_GPIO_init) for SYSCFG_DL_GPIO_init
    ti_msp_dl_config.o(.text.SYSCFG_DL_init) refers to ti_msp_dl_config.o(.text.SYSCFG_DL_SYSCTL_init) for SYSCFG_DL_SYSCTL_init
    ti_msp_dl_config.o(.ARM.exidx.text.SYSCFG_DL_init) refers to ti_msp_dl_config.o(.text.SYSCFG_DL_init) for [Anonymous Symbol]
    ti_msp_dl_config.o(.text.SYSCFG_DL_initPower) refers to dl_common.o(.text.DL_Common_delayCycles) for DL_Common_delayCycles
    ti_msp_dl_config.o(.ARM.exidx.text.SYSCFG_DL_initPower) refers to ti_msp_dl_config.o(.text.SYSCFG_DL_initPower) for [Anonymous Symbol]
    ti_msp_dl_config.o(.ARM.exidx.text.SYSCFG_DL_GPIO_init) refers to ti_msp_dl_config.o(.text.SYSCFG_DL_GPIO_init) for [Anonymous Symbol]
    ti_msp_dl_config.o(.ARM.exidx.text.SYSCFG_DL_SYSCTL_init) refers to ti_msp_dl_config.o(.text.SYSCFG_DL_SYSCTL_init) for [Anonymous Symbol]
    dl_common.o(.ARM.exidx.text.DL_Common_delayCycles) refers to dl_common.o(.text.DL_Common_delayCycles) for [Anonymous Symbol]
    dl_timer.o(.ARM.exidx.text.DL_Timer_setClockConfig) refers to dl_timer.o(.text.DL_Timer_setClockConfig) for [Anonymous Symbol]
    dl_timer.o(.ARM.exidx.text.DL_Timer_getClockConfig) refers to dl_timer.o(.text.DL_Timer_getClockConfig) for [Anonymous Symbol]
    dl_timer.o(.ARM.exidx.text.DL_Timer_initTimerMode) refers to dl_timer.o(.text.DL_Timer_initTimerMode) for [Anonymous Symbol]
    dl_timer.o(.ARM.exidx.text.DL_Timer_setCaptureCompareValue) refers to dl_timer.o(.text.DL_Timer_setCaptureCompareValue) for [Anonymous Symbol]
    dl_timer.o(.ARM.exidx.text.DL_Timer_setCaptureCompareCtl) refers to dl_timer.o(.text.DL_Timer_setCaptureCompareCtl) for [Anonymous Symbol]
    dl_timer.o(.text.DL_Timer_initCaptureMode) refers to dl_timer.o(.rodata..Lswitch.table.DL_Timer_initCompareMode) for [Anonymous Symbol]
    dl_timer.o(.ARM.exidx.text.DL_Timer_initCaptureMode) refers to dl_timer.o(.text.DL_Timer_initCaptureMode) for [Anonymous Symbol]
    dl_timer.o(.ARM.exidx.text.DL_Timer_setCaptureCompareInput) refers to dl_timer.o(.text.DL_Timer_setCaptureCompareInput) for [Anonymous Symbol]
    dl_timer.o(.ARM.exidx.text.DL_Timer_initCaptureTriggerMode) refers to dl_timer.o(.text.DL_Timer_initCaptureTriggerMode) for [Anonymous Symbol]
    dl_timer.o(.text.DL_Timer_initCaptureCombinedMode) refers to dl_timer.o(.rodata..Lswitch.table.DL_Timer_initCompareMode) for [Anonymous Symbol]
    dl_timer.o(.ARM.exidx.text.DL_Timer_initCaptureCombinedMode) refers to dl_timer.o(.text.DL_Timer_initCaptureCombinedMode) for [Anonymous Symbol]
    dl_timer.o(.text.DL_Timer_initCompareMode) refers to dl_timer.o(.rodata..Lswitch.table.DL_Timer_initCompareMode) for [Anonymous Symbol]
    dl_timer.o(.ARM.exidx.text.DL_Timer_initCompareMode) refers to dl_timer.o(.text.DL_Timer_initCompareMode) for [Anonymous Symbol]
    dl_timer.o(.ARM.exidx.text.DL_Timer_initCompareTriggerMode) refers to dl_timer.o(.text.DL_Timer_initCompareTriggerMode) for [Anonymous Symbol]
    dl_timer.o(.ARM.exidx.text.DL_Timer_getCaptureCompareValue) refers to dl_timer.o(.text.DL_Timer_getCaptureCompareValue) for [Anonymous Symbol]
    dl_timer.o(.ARM.exidx.text.DL_Timer_getCaptureCompareCtl) refers to dl_timer.o(.text.DL_Timer_getCaptureCompareCtl) for [Anonymous Symbol]
    dl_timer.o(.ARM.exidx.text.DL_Timer_setSecondCompSrcDn) refers to dl_timer.o(.text.DL_Timer_setSecondCompSrcDn) for [Anonymous Symbol]
    dl_timer.o(.ARM.exidx.text.DL_Timer_getSecondCompSrcDn) refers to dl_timer.o(.text.DL_Timer_getSecondCompSrcDn) for [Anonymous Symbol]
    dl_timer.o(.ARM.exidx.text.DL_Timer_setSecondCompSrcUp) refers to dl_timer.o(.text.DL_Timer_setSecondCompSrcUp) for [Anonymous Symbol]
    dl_timer.o(.ARM.exidx.text.DL_Timer_getSecondCompSrcUp) refers to dl_timer.o(.text.DL_Timer_getSecondCompSrcUp) for [Anonymous Symbol]
    dl_timer.o(.ARM.exidx.text.DL_Timer_setSecondCompActionDn) refers to dl_timer.o(.text.DL_Timer_setSecondCompActionDn) for [Anonymous Symbol]
    dl_timer.o(.ARM.exidx.text.DL_Timer_getSecondCompActionDn) refers to dl_timer.o(.text.DL_Timer_getSecondCompActionDn) for [Anonymous Symbol]
    dl_timer.o(.ARM.exidx.text.DL_Timer_setSecondCompActionUp) refers to dl_timer.o(.text.DL_Timer_setSecondCompActionUp) for [Anonymous Symbol]
    dl_timer.o(.ARM.exidx.text.DL_Timer_getSecondCompActionUp) refers to dl_timer.o(.text.DL_Timer_getSecondCompActionUp) for [Anonymous Symbol]
    dl_timer.o(.ARM.exidx.text.DL_Timer_enableSuppressionOfCompEvent) refers to dl_timer.o(.text.DL_Timer_enableSuppressionOfCompEvent) for [Anonymous Symbol]
    dl_timer.o(.ARM.exidx.text.DL_Timer_disableSuppressionOfCompEvent) refers to dl_timer.o(.text.DL_Timer_disableSuppressionOfCompEvent) for [Anonymous Symbol]
    dl_timer.o(.ARM.exidx.text.DL_Timer_setCaptCompUpdateMethod) refers to dl_timer.o(.text.DL_Timer_setCaptCompUpdateMethod) for [Anonymous Symbol]
    dl_timer.o(.ARM.exidx.text.DL_Timer_getCaptCompUpdateMethod) refers to dl_timer.o(.text.DL_Timer_getCaptCompUpdateMethod) for [Anonymous Symbol]
    dl_timer.o(.ARM.exidx.text.DL_Timer_setCaptCompActUpdateMethod) refers to dl_timer.o(.text.DL_Timer_setCaptCompActUpdateMethod) for [Anonymous Symbol]
    dl_timer.o(.ARM.exidx.text.DL_Timer_getCaptCompActUpdateMethod) refers to dl_timer.o(.text.DL_Timer_getCaptCompActUpdateMethod) for [Anonymous Symbol]
    dl_timer.o(.ARM.exidx.text.DL_Timer_setCaptureCompareOutCtl) refers to dl_timer.o(.text.DL_Timer_setCaptureCompareOutCtl) for [Anonymous Symbol]
    dl_timer.o(.ARM.exidx.text.DL_Timer_getCaptureCompareOutCtl) refers to dl_timer.o(.text.DL_Timer_getCaptureCompareOutCtl) for [Anonymous Symbol]
    dl_timer.o(.ARM.exidx.text.DL_Timer_setCaptureCompareAction) refers to dl_timer.o(.text.DL_Timer_setCaptureCompareAction) for [Anonymous Symbol]
    dl_timer.o(.ARM.exidx.text.DL_Timer_getCaptureCompareAction) refers to dl_timer.o(.text.DL_Timer_getCaptureCompareAction) for [Anonymous Symbol]
    dl_timer.o(.ARM.exidx.text.DL_Timer_overrideCCPOut) refers to dl_timer.o(.text.DL_Timer_overrideCCPOut) for [Anonymous Symbol]
    dl_timer.o(.ARM.exidx.text.DL_Timer_getCaptureCompareInput) refers to dl_timer.o(.text.DL_Timer_getCaptureCompareInput) for [Anonymous Symbol]
    dl_timer.o(.ARM.exidx.text.DL_Timer_setCaptureCompareInputFilter) refers to dl_timer.o(.text.DL_Timer_setCaptureCompareInputFilter) for [Anonymous Symbol]
    dl_timer.o(.ARM.exidx.text.DL_Timer_getCaptureCompareInputFilter) refers to dl_timer.o(.text.DL_Timer_getCaptureCompareInputFilter) for [Anonymous Symbol]
    dl_timer.o(.ARM.exidx.text.DL_Timer_enableCaptureCompareInputFilter) refers to dl_timer.o(.text.DL_Timer_enableCaptureCompareInputFilter) for [Anonymous Symbol]
    dl_timer.o(.ARM.exidx.text.DL_Timer_disableCaptureCompareInputFilter) refers to dl_timer.o(.text.DL_Timer_disableCaptureCompareInputFilter) for [Anonymous Symbol]
    dl_timer.o(.ARM.exidx.text.DL_Timer_isCaptureCompareInputFilterEnabled) refers to dl_timer.o(.text.DL_Timer_isCaptureCompareInputFilterEnabled) for [Anonymous Symbol]
    dl_timer.o(.ARM.exidx.text.DL_Timer_saveConfiguration) refers to dl_timer.o(.text.DL_Timer_saveConfiguration) for [Anonymous Symbol]
    dl_timer.o(.ARM.exidx.text.DL_Timer_restoreConfiguration) refers to dl_timer.o(.text.DL_Timer_restoreConfiguration) for [Anonymous Symbol]
    dl_timer.o(.ARM.exidx.text.DL_Timer_initFourCCPWMMode) refers to dl_timer.o(.text.DL_Timer_initFourCCPWMMode) for [Anonymous Symbol]
    dl_timer.o(.ARM.exidx.text.DL_Timer_configQEIHallInputMode) refers to dl_timer.o(.text.DL_Timer_configQEIHallInputMode) for [Anonymous Symbol]
    dl_uart.o(.ARM.exidx.text.DL_UART_init) refers to dl_uart.o(.text.DL_UART_init) for [Anonymous Symbol]
    dl_uart.o(.ARM.exidx.text.DL_UART_setClockConfig) refers to dl_uart.o(.text.DL_UART_setClockConfig) for [Anonymous Symbol]
    dl_uart.o(.ARM.exidx.text.DL_UART_getClockConfig) refers to dl_uart.o(.text.DL_UART_getClockConfig) for [Anonymous Symbol]
    dl_uart.o(.text.DL_UART_configBaudRate) refers to aeabi_sdivfast.o(.text_divfast) for __aeabi_uidiv
    dl_uart.o(.ARM.exidx.text.DL_UART_configBaudRate) refers to dl_uart.o(.text.DL_UART_configBaudRate) for [Anonymous Symbol]
    dl_uart.o(.ARM.exidx.text.DL_UART_configIrDAMode) refers to dl_uart.o(.text.DL_UART_configIrDAMode) for [Anonymous Symbol]
    dl_uart.o(.ARM.exidx.text.DL_UART_setIrDAPulseLength) refers to dl_uart.o(.text.DL_UART_setIrDAPulseLength) for [Anonymous Symbol]
    dl_uart.o(.ARM.exidx.text.DL_UART_receiveDataBlocking) refers to dl_uart.o(.text.DL_UART_receiveDataBlocking) for [Anonymous Symbol]
    dl_uart.o(.ARM.exidx.text.DL_UART_transmitDataBlocking) refers to dl_uart.o(.text.DL_UART_transmitDataBlocking) for [Anonymous Symbol]
    dl_uart.o(.ARM.exidx.text.DL_UART_receiveDataCheck) refers to dl_uart.o(.text.DL_UART_receiveDataCheck) for [Anonymous Symbol]
    dl_uart.o(.ARM.exidx.text.DL_UART_transmitDataCheck) refers to dl_uart.o(.text.DL_UART_transmitDataCheck) for [Anonymous Symbol]
    dl_uart.o(.ARM.exidx.text.DL_UART_drainRXFIFO) refers to dl_uart.o(.text.DL_UART_drainRXFIFO) for [Anonymous Symbol]
    dl_uart.o(.ARM.exidx.text.DL_UART_fillTXFIFO) refers to dl_uart.o(.text.DL_UART_fillTXFIFO) for [Anonymous Symbol]
    dl_uart.o(.ARM.exidx.text.DL_UART_Main_saveConfiguration) refers to dl_uart.o(.text.DL_UART_Main_saveConfiguration) for [Anonymous Symbol]
    dl_uart.o(.ARM.exidx.text.DL_UART_Main_restoreConfiguration) refers to dl_uart.o(.text.DL_UART_Main_restoreConfiguration) for [Anonymous Symbol]
    dl_uart.o(.ARM.exidx.text.DL_UART_Extend_saveConfiguration) refers to dl_uart.o(.text.DL_UART_Extend_saveConfiguration) for [Anonymous Symbol]
    dl_uart.o(.ARM.exidx.text.DL_UART_Extend_restoreConfiguration) refers to dl_uart.o(.text.DL_UART_Extend_restoreConfiguration) for [Anonymous Symbol]
    __main.o(!!!main) refers to __rtentry.o(.ARM.Collect$$rtentry$$00000000) for __rt_entry
    __rtentry.o(.ARM.Collect$$rtentry$$00000000) refers (Special) to __rtentry2.o(.ARM.Collect$$rtentry$$0000000A) for __rt_entry_li
    __rtentry.o(.ARM.Collect$$rtentry$$00000000) refers (Special) to __rtentry2.o(.ARM.Collect$$rtentry$$0000000D) for __rt_entry_main
    __rtentry.o(.ARM.Collect$$rtentry$$00000000) refers (Special) to __rtentry2.o(.ARM.Collect$$rtentry$$0000000C) for __rt_entry_postli_1
    __rtentry.o(.ARM.Collect$$rtentry$$00000000) refers (Special) to __rtentry2.o(.ARM.Collect$$rtentry$$00000009) for __rt_entry_postsh_1
    __rtentry.o(.ARM.Collect$$rtentry$$00000000) refers (Special) to __rtentry2.o(.ARM.Collect$$rtentry$$00000002) for __rt_entry_presh_1
    __rtentry.o(.ARM.Collect$$rtentry$$00000000) refers (Special) to __rtentry4.o(.ARM.Collect$$rtentry$$00000004) for __rt_entry_sh
    aeabi_idiv0_sigfpe.o(.text) refers to rt_div0.o(.text) for __rt_div0
    __rtentry2.o(.ARM.Collect$$rtentry$$00000008) refers to boardinit2.o(.text) for _platform_post_stackheap_init
    __rtentry2.o(.ARM.Collect$$rtentry$$0000000A) refers to libinit.o(.ARM.Collect$$libinit$$00000000) for __rt_lib_init
    __rtentry2.o(.ARM.Collect$$rtentry$$0000000B) refers to boardinit3.o(.text) for _platform_post_lib_init
    __rtentry2.o(.ARM.Collect$$rtentry$$0000000D) refers to empty.o(.text.main) for main
    __rtentry2.o(.ARM.Collect$$rtentry$$0000000D) refers to exit.o(.text) for exit
    __rtentry2.o(.ARM.exidx) refers to __rtentry2.o(.ARM.Collect$$rtentry$$00000001) for .ARM.Collect$$rtentry$$00000001
    __rtentry2.o(.ARM.exidx) refers to __rtentry2.o(.ARM.Collect$$rtentry$$00000008) for .ARM.Collect$$rtentry$$00000008
    __rtentry2.o(.ARM.exidx) refers to __rtentry2.o(.ARM.Collect$$rtentry$$0000000A) for .ARM.Collect$$rtentry$$0000000A
    __rtentry2.o(.ARM.exidx) refers to __rtentry2.o(.ARM.Collect$$rtentry$$0000000B) for .ARM.Collect$$rtentry$$0000000B
    __rtentry2.o(.ARM.exidx) refers to __rtentry2.o(.ARM.Collect$$rtentry$$0000000D) for .ARM.Collect$$rtentry$$0000000D
    __rtentry4.o(.ARM.Collect$$rtentry$$00000004) refers to sys_stackheap_outer.o(.text) for __user_setup_stackheap
    __rtentry4.o(.ARM.exidx) refers to __rtentry4.o(.ARM.Collect$$rtentry$$00000004) for .ARM.Collect$$rtentry$$00000004
    rt_div0.o(.text) refers to defsig_fpe_outer.o(.text) for __rt_SIGFPE
    sys_stackheap_outer.o(.text) refers to libspace.o(.text) for __user_perproc_libspace
    sys_stackheap_outer.o(.text) refers to startup_mspm0l130x_uvision.o(.text) for __user_initial_stackheap
    sys_stackheap_outer.o(__vectab_stack_and_reset_area) refers to tempstk.o(.text) for __temporary_stack_top
    sys_stackheap_outer.o(__vectab_stack_and_reset_area) refers to __main.o(!!!main) for __main
    exit.o(.text) refers to rtexit.o(.ARM.Collect$$rtexit$$00000000) for __rt_exit
    defsig_fpe_outer.o(.text) refers to defsig_fpe_inner.o(.text) for __rt_SIGFPE_inner
    defsig_fpe_outer.o(.text) refers to defsig_exit.o(.text) for __sig_exit
    defsig_fpe_formal.o(.text) refers to rt_raise.o(.text) for __rt_raise
    libinit.o(.ARM.Collect$$libinit$$00000000) refers (Special) to libinit2.o(.ARM.Collect$$libinit$$00000030) for __rt_lib_init_alloca_1
    libinit.o(.ARM.Collect$$libinit$$00000000) refers (Special) to libinit2.o(.ARM.Collect$$libinit$$0000002E) for __rt_lib_init_argv_1
    libinit.o(.ARM.Collect$$libinit$$00000000) refers (Special) to libinit2.o(.ARM.Collect$$libinit$$0000001D) for __rt_lib_init_atexit_1
    libinit.o(.ARM.Collect$$libinit$$00000000) refers (Special) to libinit2.o(.ARM.Collect$$libinit$$00000023) for __rt_lib_init_clock_1
    libinit.o(.ARM.Collect$$libinit$$00000000) refers (Special) to libinit2.o(.ARM.Collect$$libinit$$00000034) for __rt_lib_init_cpp_1
    libinit.o(.ARM.Collect$$libinit$$00000000) refers (Special) to libinit2.o(.ARM.Collect$$libinit$$00000032) for __rt_lib_init_exceptions_1
    libinit.o(.ARM.Collect$$libinit$$00000000) refers (Special) to libinit2.o(.ARM.Collect$$libinit$$00000002) for __rt_lib_init_fp_1
    libinit.o(.ARM.Collect$$libinit$$00000000) refers (Special) to libinit2.o(.ARM.Collect$$libinit$$00000021) for __rt_lib_init_fp_trap_1
    libinit.o(.ARM.Collect$$libinit$$00000000) refers (Special) to libinit2.o(.ARM.Collect$$libinit$$00000025) for __rt_lib_init_getenv_1
    libinit.o(.ARM.Collect$$libinit$$00000000) refers (Special) to libinit2.o(.ARM.Collect$$libinit$$0000000C) for __rt_lib_init_heap_1
    libinit.o(.ARM.Collect$$libinit$$00000000) refers (Special) to libinit2.o(.ARM.Collect$$libinit$$00000013) for __rt_lib_init_lc_collate_1
    libinit.o(.ARM.Collect$$libinit$$00000000) refers (Special) to libinit2.o(.ARM.Collect$$libinit$$00000015) for __rt_lib_init_lc_ctype_1
    libinit.o(.ARM.Collect$$libinit$$00000000) refers (Special) to libinit2.o(.ARM.Collect$$libinit$$00000017) for __rt_lib_init_lc_monetary_1
    libinit.o(.ARM.Collect$$libinit$$00000000) refers (Special) to libinit2.o(.ARM.Collect$$libinit$$00000019) for __rt_lib_init_lc_numeric_1
    libinit.o(.ARM.Collect$$libinit$$00000000) refers (Special) to libinit2.o(.ARM.Collect$$libinit$$0000001B) for __rt_lib_init_lc_time_1
    libinit.o(.ARM.Collect$$libinit$$00000000) refers (Special) to libinit2.o(.ARM.Collect$$libinit$$00000006) for __rt_lib_init_preinit_1
    libinit.o(.ARM.Collect$$libinit$$00000000) refers (Special) to libinit2.o(.ARM.Collect$$libinit$$00000010) for __rt_lib_init_rand_1
    libinit.o(.ARM.Collect$$libinit$$00000000) refers (Special) to libinit2.o(.ARM.Collect$$libinit$$00000004) for __rt_lib_init_relocate_pie_1
    libinit.o(.ARM.Collect$$libinit$$00000000) refers (Special) to libinit2.o(.ARM.Collect$$libinit$$00000035) for __rt_lib_init_return
    libinit.o(.ARM.Collect$$libinit$$00000000) refers (Special) to libinit2.o(.ARM.Collect$$libinit$$0000001F) for __rt_lib_init_signal_1
    libinit.o(.ARM.Collect$$libinit$$00000000) refers (Special) to libinit2.o(.ARM.Collect$$libinit$$00000027) for __rt_lib_init_stdio_1
    libinit.o(.ARM.Collect$$libinit$$00000000) refers (Special) to libinit2.o(.ARM.Collect$$libinit$$0000000E) for __rt_lib_init_user_alloc_1
    libspace.o(.text) refers to libspace.o(.bss) for __libspace_start
    rtexit.o(.ARM.Collect$$rtexit$$00000000) refers (Special) to rtexit2.o(.ARM.Collect$$rtexit$$00000004) for __rt_exit_exit
    rtexit.o(.ARM.Collect$$rtexit$$00000000) refers (Special) to rtexit2.o(.ARM.Collect$$rtexit$$00000003) for __rt_exit_ls
    rtexit.o(.ARM.Collect$$rtexit$$00000000) refers (Special) to rtexit2.o(.ARM.Collect$$rtexit$$00000002) for __rt_exit_prels_1
    rtexit.o(.ARM.exidx) refers (Special) to rtexit2.o(.ARM.Collect$$rtexit$$00000004) for __rt_exit_exit
    rtexit.o(.ARM.exidx) refers (Special) to rtexit2.o(.ARM.Collect$$rtexit$$00000003) for __rt_exit_ls
    rtexit.o(.ARM.exidx) refers (Special) to rtexit2.o(.ARM.Collect$$rtexit$$00000002) for __rt_exit_prels_1
    rtexit.o(.ARM.exidx) refers to rtexit.o(.ARM.Collect$$rtexit$$00000000) for .ARM.Collect$$rtexit$$00000000
    rt_raise.o(.text) refers to __raise.o(.text) for __raise
    rt_raise.o(.text) refers to uart0.o(.text._sys_exit) for _sys_exit
    defsig_exit.o(.text) refers to uart0.o(.text._sys_exit) for _sys_exit
    defsig_fpe_inner.o(.text) refers to defsig_general.o(.text) for __default_signal_display
    libinit2.o(.ARM.Collect$$libinit$$00000012) refers to libinit2.o(.ARM.Collect$$libinit$$00000011) for .ARM.Collect$$libinit$$00000011
    libinit2.o(.ARM.Collect$$libinit$$00000014) refers to libinit2.o(.ARM.Collect$$libinit$$00000011) for .ARM.Collect$$libinit$$00000011
    libinit2.o(.ARM.Collect$$libinit$$00000016) refers to libinit2.o(.ARM.Collect$$libinit$$00000011) for .ARM.Collect$$libinit$$00000011
    libinit2.o(.ARM.Collect$$libinit$$00000018) refers to libinit2.o(.ARM.Collect$$libinit$$00000011) for .ARM.Collect$$libinit$$00000011
    libinit2.o(.ARM.Collect$$libinit$$0000001A) refers to libinit2.o(.ARM.Collect$$libinit$$00000011) for .ARM.Collect$$libinit$$00000011
    libinit2.o(.ARM.Collect$$libinit$$00000028) refers to argv_veneer.o(.text) for __ARM_argv_veneer
    libinit2.o(.ARM.Collect$$libinit$$00000029) refers to argv_veneer.o(.text) for __ARM_argv_veneer
    rtexit2.o(.ARM.Collect$$rtexit$$00000003) refers to libshutdown.o(.ARM.Collect$$libshutdown$$00000000) for __rt_lib_shutdown
    rtexit2.o(.ARM.Collect$$rtexit$$00000004) refers to uart0.o(.text._sys_exit) for _sys_exit
    rtexit2.o(.ARM.exidx) refers to rtexit2.o(.ARM.Collect$$rtexit$$00000001) for .ARM.Collect$$rtexit$$00000001
    rtexit2.o(.ARM.exidx) refers to rtexit2.o(.ARM.Collect$$rtexit$$00000003) for .ARM.Collect$$rtexit$$00000003
    rtexit2.o(.ARM.exidx) refers to rtexit2.o(.ARM.Collect$$rtexit$$00000004) for .ARM.Collect$$rtexit$$00000004
    __raise.o(.text) refers to defsig.o(CL$$defsig) for __default_signal_handler
    defsig_general.o(.text) refers to sys_wrch.o(.text) for _ttywrch
    sys_wrch.o(.text) refers (Special) to use_no_semi.o(.text) for __I$use$semihosting
    sys_wrch.o(.text) refers (Special) to indicate_semi.o(.text) for __semihosting_library_function
    sys_wrch_hlt.o(.text) refers (Special) to use_no_semi.o(.text) for __I$use$semihosting
    sys_wrch_hlt.o(.text) refers (Special) to indicate_semi.o(.text) for __semihosting_library_function
    defsig.o(CL$$defsig) refers to defsig_fpe_inner.o(.text) for __rt_SIGFPE_inner
    defsig.o(CL$$defsig) refers to defsig_rtmem_inner.o(.text) for __rt_SIGRTMEM_inner
    _get_argv_nomalloc.o(.text) refers (Special) to hrguard.o(.text) for __heap_region$guard
    _get_argv_nomalloc.o(.text) refers to defsig_rtmem_outer.o(.text) for __rt_SIGRTMEM
    _get_argv_nomalloc.o(.text) refers to sys_command.o(.text) for _sys_command_string
    libshutdown.o(.ARM.Collect$$libshutdown$$00000000) refers (Special) to libshutdown2.o(.ARM.Collect$$libshutdown$$00000002) for __rt_lib_shutdown_cpp_1
    libshutdown.o(.ARM.Collect$$libshutdown$$00000000) refers (Special) to libshutdown2.o(.ARM.Collect$$libshutdown$$00000007) for __rt_lib_shutdown_fp_trap_1
    libshutdown.o(.ARM.Collect$$libshutdown$$00000000) refers (Special) to libshutdown2.o(.ARM.Collect$$libshutdown$$0000000F) for __rt_lib_shutdown_heap_1
    libshutdown.o(.ARM.Collect$$libshutdown$$00000000) refers (Special) to libshutdown2.o(.ARM.Collect$$libshutdown$$00000010) for __rt_lib_shutdown_return
    libshutdown.o(.ARM.Collect$$libshutdown$$00000000) refers (Special) to libshutdown2.o(.ARM.Collect$$libshutdown$$0000000A) for __rt_lib_shutdown_signal_1
    libshutdown.o(.ARM.Collect$$libshutdown$$00000000) refers (Special) to libshutdown2.o(.ARM.Collect$$libshutdown$$00000004) for __rt_lib_shutdown_stdio_1
    libshutdown.o(.ARM.Collect$$libshutdown$$00000000) refers (Special) to libshutdown2.o(.ARM.Collect$$libshutdown$$0000000C) for __rt_lib_shutdown_user_alloc_1
    sys_command.o(.text) refers (Special) to use_no_semi.o(.text) for __I$use$semihosting
    sys_command.o(.text) refers (Special) to indicate_semi.o(.text) for __semihosting_library_function
    sys_command_hlt.o(.text) refers (Special) to use_no_semi.o(.text) for __I$use$semihosting
    sys_command_hlt.o(.text) refers (Special) to indicate_semi.o(.text) for __semihosting_library_function
    defsig_abrt_inner.o(.text) refers to defsig_general.o(.text) for __default_signal_display
    defsig_rtred_inner.o(.text) refers to defsig_general.o(.text) for __default_signal_display
    defsig_rtmem_inner.o(.text) refers to defsig_general.o(.text) for __default_signal_display
    defsig_rtmem_outer.o(.text) refers to defsig_rtmem_inner.o(.text) for __rt_SIGRTMEM_inner
    defsig_rtmem_outer.o(.text) refers to defsig_exit.o(.text) for __sig_exit
    defsig_rtmem_formal.o(.text) refers to rt_raise.o(.text) for __rt_raise
    defsig_stak_inner.o(.text) refers to defsig_general.o(.text) for __default_signal_display
    defsig_pvfn_inner.o(.text) refers to defsig_general.o(.text) for __default_signal_display
    defsig_cppl_inner.o(.text) refers to defsig_general.o(.text) for __default_signal_display
    defsig_segv_inner.o(.text) refers to defsig_general.o(.text) for __default_signal_display
    defsig_other.o(.text) refers to defsig_general.o(.text) for __default_signal_display


==============================================================================

Removing Unused input sections from the image.

    Removing led.o(.text), (0 bytes).
    Removing led.o(.text.LED_init), (44 bytes).
    Removing led.o(.ARM.exidx.text.LED_init), (8 bytes).
    Removing led.o(.text.controlLED), (204 bytes).
    Removing led.o(.ARM.exidx.text.controlLED), (8 bytes).
    Removing led.o(.ARM.exidx.text.delay_ms), (8 bytes).
    Removing led.o(.text.delay_us), (10 bytes).
    Removing led.o(.ARM.exidx.text.delay_us), (8 bytes).
    Removing keyboard.o(.text), (0 bytes).
    Removing keyboard.o(.text.keyboard_init), (48 bytes).
    Removing keyboard.o(.ARM.exidx.text.keyboard_init), (8 bytes).
    Removing keyboard.o(.text.Key), (320 bytes).
    Removing keyboard.o(.ARM.exidx.text.Key), (8 bytes).
    Removing keyboard.o(.bss.Key.key_flag), (1 bytes).
    Removing oled.o(.text), (0 bytes).
    Removing oled.o(.text.oled_init), (84 bytes).
    Removing oled.o(.ARM.exidx.text.oled_init), (8 bytes).
    Removing oled.o(.ARM.exidx.text.OLED_WR_Byte), (8 bytes).
    Removing oled.o(.text.OLED_Set_Pos), (40 bytes).
    Removing oled.o(.ARM.exidx.text.OLED_Set_Pos), (8 bytes).
    Removing oled.o(.text.OLED_Display_On), (188 bytes).
    Removing oled.o(.ARM.exidx.text.OLED_Display_On), (8 bytes).
    Removing oled.o(.text.OLED_Display_Off), (192 bytes).
    Removing oled.o(.ARM.exidx.text.OLED_Display_Off), (8 bytes).
    Removing oled.o(.ARM.exidx.text.OLED_Clear), (8 bytes).
    Removing oled.o(.ARM.exidx.text.OLED_ShowChar), (8 bytes).
    Removing oled.o(.text.oled_pow), (68 bytes).
    Removing oled.o(.ARM.exidx.text.oled_pow), (8 bytes).
    Removing oled.o(.text.OLED_ShowNum), (224 bytes).
    Removing oled.o(.ARM.exidx.text.OLED_ShowNum), (8 bytes).
    Removing oled.o(.ARM.exidx.text.OLED_ShowString), (8 bytes).
    Removing oled.o(.ARM.exidx.text.OLED_ShowCHinese), (8 bytes).
    Removing oled.o(.text.OLED_DrawBMP), (120 bytes).
    Removing oled.o(.ARM.exidx.text.OLED_DrawBMP), (8 bytes).
    Removing oled.o(.ARM.exidx.text.OLED_Init), (8 bytes).
    Removing oled.o(.rodata.F6x8), (552 bytes).
    Removing pwm.o(.text), (0 bytes).
    Removing pwm.o(.text.pwm_init), (432 bytes).
    Removing pwm.o(.ARM.exidx.text.pwm_init), (8 bytes).
    Removing pwm.o(.ARM.exidx.text.AH_BL), (8 bytes).
    Removing pwm.o(.ARM.exidx.text.AH_CL), (8 bytes).
    Removing pwm.o(.ARM.exidx.text.BH_CL), (8 bytes).
    Removing pwm.o(.ARM.exidx.text.BH_AL), (8 bytes).
    Removing pwm.o(.ARM.exidx.text.CH_AL), (8 bytes).
    Removing pwm.o(.ARM.exidx.text.CH_BL), (8 bytes).
    Removing pwm.o(.text.motor), (272 bytes).
    Removing pwm.o(.ARM.exidx.text.motor), (8 bytes).
    Removing pwm.o(.rodata.gPWM_0ClockConfig), (3 bytes).
    Removing pwm.o(.rodata.gPWM_1ClockConfig), (3 bytes).
    Removing pwm.o(.rodata.gPWM_2ClockConfig), (3 bytes).
    Removing pwm.o(.rodata.gPWM_0Config), (8 bytes).
    Removing pwm.o(.rodata.gPWM_1Config), (8 bytes).
    Removing pwm.o(.rodata.gPWM_2Config), (8 bytes).
    Removing pwm.o(.data.ms), (4 bytes).
    Removing pwm.o(.bss.NUM), (4 bytes).
    Removing opa.o(.text), (0 bytes).
    Removing opa.o(.text.SYSCFG_DL_GPAMP_0_init), (32 bytes).
    Removing opa.o(.ARM.exidx.text.SYSCFG_DL_GPAMP_0_init), (8 bytes).
    Removing opa.o(.text.opa_init), (200 bytes).
    Removing opa.o(.ARM.exidx.text.opa_init), (8 bytes).
    Removing exti.o(.text), (0 bytes).
    Removing exti.o(.text.EXTI_init), (96 bytes).
    Removing exti.o(.ARM.exidx.text.EXTI_init), (8 bytes).
    Removing exti.o(.ARM.exidx.text.GROUP1_IRQHandler), (8 bytes).
    Removing exti.o(.bss.num), (4 bytes).
    Removing uart0.o(.text), (0 bytes).
    Removing uart0.o(.ARM.exidx.text._sys_exit), (8 bytes).
    Removing uart0.o(.text.fputc), (36 bytes).
    Removing uart0.o(.ARM.exidx.text.fputc), (8 bytes).
    Removing uart0.o(.text.fputs), (276 bytes).
    Removing uart0.o(.ARM.exidx.text.fputs), (8 bytes).
    Removing uart0.o(.text.uart0_init), (168 bytes).
    Removing uart0.o(.ARM.exidx.text.uart0_init), (8 bytes).
    Removing uart0.o(.text.uart0_send_char), (36 bytes).
    Removing uart0.o(.ARM.exidx.text.uart0_send_char), (8 bytes).
    Removing uart0.o(.ARM.exidx.text.UART0_IRQHandler), (8 bytes).
    Removing uart0.o(.rodata.gUART_0ClockConfig), (2 bytes).
    Removing uart0.o(.rodata.gUART_0Config), (10 bytes).
    Removing uart0.o(.bss.delay_times), (4 bytes).
    Removing uart0.o(.bss.__stdout), (84 bytes).
    Removing empty.o(.text), (0 bytes).
    Removing empty.o(.ARM.exidx.text.main), (8 bytes).
    Removing empty.o(.bss.key_num), (1 bytes).
    Removing empty.o(.bss.sum), (4 bytes).
    Removing empty.o(.bss.int_status), (4 bytes).
    Removing empty.o(.ARM.use_no_argv), (4 bytes).
    Removing ti_msp_dl_config.o(.text), (0 bytes).
    Removing ti_msp_dl_config.o(.ARM.exidx.text.SYSCFG_DL_init), (8 bytes).
    Removing ti_msp_dl_config.o(.ARM.exidx.text.SYSCFG_DL_initPower), (8 bytes).
    Removing ti_msp_dl_config.o(.ARM.exidx.text.SYSCFG_DL_GPIO_init), (8 bytes).
    Removing ti_msp_dl_config.o(.ARM.exidx.text.SYSCFG_DL_SYSCTL_init), (8 bytes).
    Removing dl_common.o(.text), (0 bytes).
    Removing dl_common.o(.ARM.exidx.text.DL_Common_delayCycles), (8 bytes).
    Removing dl_timer.o(.text), (0 bytes).
    Removing dl_timer.o(.text.DL_Timer_setClockConfig), (28 bytes).
    Removing dl_timer.o(.ARM.exidx.text.DL_Timer_setClockConfig), (8 bytes).
    Removing dl_timer.o(.text.DL_Timer_getClockConfig), (28 bytes).
    Removing dl_timer.o(.ARM.exidx.text.DL_Timer_getClockConfig), (8 bytes).
    Removing dl_timer.o(.text.DL_Timer_initTimerMode), (240 bytes).
    Removing dl_timer.o(.ARM.exidx.text.DL_Timer_initTimerMode), (8 bytes).
    Removing dl_timer.o(.ARM.exidx.text.DL_Timer_setCaptureCompareValue), (8 bytes).
    Removing dl_timer.o(.text.DL_Timer_setCaptureCompareCtl), (40 bytes).
    Removing dl_timer.o(.ARM.exidx.text.DL_Timer_setCaptureCompareCtl), (8 bytes).
    Removing dl_timer.o(.text.DL_Timer_initCaptureMode), (300 bytes).
    Removing dl_timer.o(.ARM.exidx.text.DL_Timer_initCaptureMode), (8 bytes).
    Removing dl_timer.o(.text.DL_Timer_setCaptureCompareInput), (26 bytes).
    Removing dl_timer.o(.ARM.exidx.text.DL_Timer_setCaptureCompareInput), (8 bytes).
    Removing dl_timer.o(.text.DL_Timer_initCaptureTriggerMode), (124 bytes).
    Removing dl_timer.o(.ARM.exidx.text.DL_Timer_initCaptureTriggerMode), (8 bytes).
    Removing dl_timer.o(.text.DL_Timer_initCaptureCombinedMode), (232 bytes).
    Removing dl_timer.o(.ARM.exidx.text.DL_Timer_initCaptureCombinedMode), (8 bytes).
    Removing dl_timer.o(.text.DL_Timer_initCompareMode), (168 bytes).
    Removing dl_timer.o(.ARM.exidx.text.DL_Timer_initCompareMode), (8 bytes).
    Removing dl_timer.o(.text.DL_Timer_initCompareTriggerMode), (112 bytes).
    Removing dl_timer.o(.ARM.exidx.text.DL_Timer_initCompareTriggerMode), (8 bytes).
    Removing dl_timer.o(.text.DL_Timer_getCaptureCompareValue), (16 bytes).
    Removing dl_timer.o(.ARM.exidx.text.DL_Timer_getCaptureCompareValue), (8 bytes).
    Removing dl_timer.o(.text.DL_Timer_getCaptureCompareCtl), (24 bytes).
    Removing dl_timer.o(.ARM.exidx.text.DL_Timer_getCaptureCompareCtl), (8 bytes).
    Removing dl_timer.o(.text.DL_Timer_setSecondCompSrcDn), (28 bytes).
    Removing dl_timer.o(.ARM.exidx.text.DL_Timer_setSecondCompSrcDn), (8 bytes).
    Removing dl_timer.o(.text.DL_Timer_getSecondCompSrcDn), (20 bytes).
    Removing dl_timer.o(.ARM.exidx.text.DL_Timer_getSecondCompSrcDn), (8 bytes).
    Removing dl_timer.o(.text.DL_Timer_setSecondCompSrcUp), (28 bytes).
    Removing dl_timer.o(.ARM.exidx.text.DL_Timer_setSecondCompSrcUp), (8 bytes).
    Removing dl_timer.o(.text.DL_Timer_getSecondCompSrcUp), (20 bytes).
    Removing dl_timer.o(.ARM.exidx.text.DL_Timer_getSecondCompSrcUp), (8 bytes).
    Removing dl_timer.o(.text.DL_Timer_setSecondCompActionDn), (28 bytes).
    Removing dl_timer.o(.ARM.exidx.text.DL_Timer_setSecondCompActionDn), (8 bytes).
    Removing dl_timer.o(.text.DL_Timer_getSecondCompActionDn), (20 bytes).
    Removing dl_timer.o(.ARM.exidx.text.DL_Timer_getSecondCompActionDn), (8 bytes).
    Removing dl_timer.o(.text.DL_Timer_setSecondCompActionUp), (28 bytes).
    Removing dl_timer.o(.ARM.exidx.text.DL_Timer_setSecondCompActionUp), (8 bytes).
    Removing dl_timer.o(.text.DL_Timer_getSecondCompActionUp), (20 bytes).
    Removing dl_timer.o(.ARM.exidx.text.DL_Timer_getSecondCompActionUp), (8 bytes).
    Removing dl_timer.o(.text.DL_Timer_enableSuppressionOfCompEvent), (24 bytes).
    Removing dl_timer.o(.ARM.exidx.text.DL_Timer_enableSuppressionOfCompEvent), (8 bytes).
    Removing dl_timer.o(.text.DL_Timer_disableSuppressionOfCompEvent), (24 bytes).
    Removing dl_timer.o(.ARM.exidx.text.DL_Timer_disableSuppressionOfCompEvent), (8 bytes).
    Removing dl_timer.o(.text.DL_Timer_setCaptCompUpdateMethod), (28 bytes).
    Removing dl_timer.o(.ARM.exidx.text.DL_Timer_setCaptCompUpdateMethod), (8 bytes).
    Removing dl_timer.o(.text.DL_Timer_getCaptCompUpdateMethod), (20 bytes).
    Removing dl_timer.o(.ARM.exidx.text.DL_Timer_getCaptCompUpdateMethod), (8 bytes).
    Removing dl_timer.o(.text.DL_Timer_setCaptCompActUpdateMethod), (28 bytes).
    Removing dl_timer.o(.ARM.exidx.text.DL_Timer_setCaptCompActUpdateMethod), (8 bytes).
    Removing dl_timer.o(.text.DL_Timer_getCaptCompActUpdateMethod), (20 bytes).
    Removing dl_timer.o(.ARM.exidx.text.DL_Timer_getCaptCompActUpdateMethod), (8 bytes).
    Removing dl_timer.o(.text.DL_Timer_setCaptureCompareOutCtl), (24 bytes).
    Removing dl_timer.o(.ARM.exidx.text.DL_Timer_setCaptureCompareOutCtl), (8 bytes).
    Removing dl_timer.o(.text.DL_Timer_getCaptureCompareOutCtl), (16 bytes).
    Removing dl_timer.o(.ARM.exidx.text.DL_Timer_getCaptureCompareOutCtl), (8 bytes).
    Removing dl_timer.o(.text.DL_Timer_setCaptureCompareAction), (36 bytes).
    Removing dl_timer.o(.ARM.exidx.text.DL_Timer_setCaptureCompareAction), (8 bytes).
    Removing dl_timer.o(.text.DL_Timer_getCaptureCompareAction), (24 bytes).
    Removing dl_timer.o(.ARM.exidx.text.DL_Timer_getCaptureCompareAction), (8 bytes).
    Removing dl_timer.o(.text.DL_Timer_overrideCCPOut), (32 bytes).
    Removing dl_timer.o(.ARM.exidx.text.DL_Timer_overrideCCPOut), (8 bytes).
    Removing dl_timer.o(.text.DL_Timer_getCaptureCompareInput), (16 bytes).
    Removing dl_timer.o(.ARM.exidx.text.DL_Timer_getCaptureCompareInput), (8 bytes).
    Removing dl_timer.o(.text.DL_Timer_setCaptureCompareInputFilter), (28 bytes).
    Removing dl_timer.o(.ARM.exidx.text.DL_Timer_setCaptureCompareInputFilter), (8 bytes).
    Removing dl_timer.o(.text.DL_Timer_getCaptureCompareInputFilter), (18 bytes).
    Removing dl_timer.o(.ARM.exidx.text.DL_Timer_getCaptureCompareInputFilter), (8 bytes).
    Removing dl_timer.o(.text.DL_Timer_enableCaptureCompareInputFilter), (20 bytes).
    Removing dl_timer.o(.ARM.exidx.text.DL_Timer_enableCaptureCompareInputFilter), (8 bytes).
    Removing dl_timer.o(.text.DL_Timer_disableCaptureCompareInputFilter), (20 bytes).
    Removing dl_timer.o(.ARM.exidx.text.DL_Timer_disableCaptureCompareInputFilter), (8 bytes).
    Removing dl_timer.o(.text.DL_Timer_isCaptureCompareInputFilterEnabled), (20 bytes).
    Removing dl_timer.o(.ARM.exidx.text.DL_Timer_isCaptureCompareInputFilterEnabled), (8 bytes).
    Removing dl_timer.o(.text.DL_Timer_saveConfiguration), (236 bytes).
    Removing dl_timer.o(.ARM.exidx.text.DL_Timer_saveConfiguration), (8 bytes).
    Removing dl_timer.o(.text.DL_Timer_restoreConfiguration), (244 bytes).
    Removing dl_timer.o(.ARM.exidx.text.DL_Timer_restoreConfiguration), (8 bytes).
    Removing dl_timer.o(.text.DL_Timer_initFourCCPWMMode), (272 bytes).
    Removing dl_timer.o(.ARM.exidx.text.DL_Timer_initFourCCPWMMode), (8 bytes).
    Removing dl_timer.o(.text.DL_Timer_configQEIHallInputMode), (36 bytes).
    Removing dl_timer.o(.ARM.exidx.text.DL_Timer_configQEIHallInputMode), (8 bytes).
    Removing dl_timer.o(.rodata..Lswitch.table.DL_Timer_initCompareMode), (12 bytes).
    Removing dl_uart.o(.text), (0 bytes).
    Removing dl_uart.o(.text.DL_UART_init), (72 bytes).
    Removing dl_uart.o(.ARM.exidx.text.DL_UART_init), (8 bytes).
    Removing dl_uart.o(.text.DL_UART_setClockConfig), (18 bytes).
    Removing dl_uart.o(.ARM.exidx.text.DL_UART_setClockConfig), (8 bytes).
    Removing dl_uart.o(.text.DL_UART_getClockConfig), (16 bytes).
    Removing dl_uart.o(.ARM.exidx.text.DL_UART_getClockConfig), (8 bytes).
    Removing dl_uart.o(.text.DL_UART_configBaudRate), (140 bytes).
    Removing dl_uart.o(.ARM.exidx.text.DL_UART_configBaudRate), (8 bytes).
    Removing dl_uart.o(.text.DL_UART_configIrDAMode), (60 bytes).
    Removing dl_uart.o(.ARM.exidx.text.DL_UART_configIrDAMode), (8 bytes).
    Removing dl_uart.o(.text.DL_UART_setIrDAPulseLength), (42 bytes).
    Removing dl_uart.o(.ARM.exidx.text.DL_UART_setIrDAPulseLength), (8 bytes).
    Removing dl_uart.o(.text.DL_UART_receiveDataBlocking), (20 bytes).
    Removing dl_uart.o(.ARM.exidx.text.DL_UART_receiveDataBlocking), (8 bytes).
    Removing dl_uart.o(.text.DL_UART_transmitDataBlocking), (20 bytes).
    Removing dl_uart.o(.ARM.exidx.text.DL_UART_transmitDataBlocking), (8 bytes).
    Removing dl_uart.o(.text.DL_UART_receiveDataCheck), (28 bytes).
    Removing dl_uart.o(.ARM.exidx.text.DL_UART_receiveDataCheck), (8 bytes).
    Removing dl_uart.o(.text.DL_UART_transmitDataCheck), (24 bytes).
    Removing dl_uart.o(.ARM.exidx.text.DL_UART_transmitDataCheck), (8 bytes).
    Removing dl_uart.o(.text.DL_UART_drainRXFIFO), (40 bytes).
    Removing dl_uart.o(.ARM.exidx.text.DL_UART_drainRXFIFO), (8 bytes).
    Removing dl_uart.o(.text.DL_UART_fillTXFIFO), (40 bytes).
    Removing dl_uart.o(.ARM.exidx.text.DL_UART_fillTXFIFO), (8 bytes).
    Removing dl_uart.o(.text.DL_UART_Main_saveConfiguration), (88 bytes).
    Removing dl_uart.o(.ARM.exidx.text.DL_UART_Main_saveConfiguration), (8 bytes).
    Removing dl_uart.o(.text.DL_UART_Main_restoreConfiguration), (120 bytes).
    Removing dl_uart.o(.ARM.exidx.text.DL_UART_Main_restoreConfiguration), (8 bytes).
    Removing dl_uart.o(.text.DL_UART_Extend_saveConfiguration), (104 bytes).
    Removing dl_uart.o(.ARM.exidx.text.DL_UART_Extend_saveConfiguration), (8 bytes).
    Removing dl_uart.o(.text.DL_UART_Extend_restoreConfiguration), (132 bytes).
    Removing dl_uart.o(.ARM.exidx.text.DL_UART_Extend_restoreConfiguration), (8 bytes).

211 unused section(s) (total 8301 bytes) removed from the image.

==============================================================================

Image Symbol Table

    Local Symbols

    Symbol Name                              Value     Ov Type        Size  Object(Section)

    ../clib/../cmprslib/zerorunl.c           0x00000000   Number         0  __dczerorl.o ABSOLUTE
    ../clib/angel/boardlib.s                 0x00000000   Number         0  boardinit1.o ABSOLUTE
    ../clib/angel/boardlib.s                 0x00000000   Number         0  boardinit2.o ABSOLUTE
    ../clib/angel/boardlib.s                 0x00000000   Number         0  boardinit3.o ABSOLUTE
    ../clib/angel/boardlib.s                 0x00000000   Number         0  boardshut.o ABSOLUTE
    ../clib/angel/handlers.s                 0x00000000   Number         0  __scatter_zi.o ABSOLUTE
    ../clib/angel/kernel.s                   0x00000000   Number         0  __rtentry.o ABSOLUTE
    ../clib/angel/kernel.s                   0x00000000   Number         0  __rtentry2.o ABSOLUTE
    ../clib/angel/kernel.s                   0x00000000   Number         0  __rtentry4.o ABSOLUTE
    ../clib/angel/kernel.s                   0x00000000   Number         0  rtexit.o ABSOLUTE
    ../clib/angel/kernel.s                   0x00000000   Number         0  rtexit2.o ABSOLUTE
    ../clib/angel/rt.s                       0x00000000   Number         0  aeabi_idiv0.o ABSOLUTE
    ../clib/angel/rt.s                       0x00000000   Number         0  aeabi_idiv0_sigfpe.o ABSOLUTE
    ../clib/angel/rt.s                       0x00000000   Number         0  rt_div0.o ABSOLUTE
    ../clib/angel/rt.s                       0x00000000   Number         0  rt_raise.o ABSOLUTE
    ../clib/angel/scatterp.s                 0x00000000   Number         0  __scatter.o ABSOLUTE
    ../clib/angel/startup.s                  0x00000000   Number         0  __main.o ABSOLUTE
    ../clib/angel/sys.s                      0x00000000   Number         0  sys_stackheap_outer.o ABSOLUTE
    ../clib/angel/sys.s                      0x00000000   Number         0  libspace.o ABSOLUTE
    ../clib/angel/sys.s                      0x00000000   Number         0  tempstk.o ABSOLUTE
    ../clib/angel/sys.s                      0x00000000   Number         0  use_no_semi.o ABSOLUTE
    ../clib/angel/sys.s                      0x00000000   Number         0  indicate_semi.o ABSOLUTE
    ../clib/angel/sysapp.c                   0x00000000   Number         0  sys_wrch.o ABSOLUTE
    ../clib/angel/sysapp.c                   0x00000000   Number         0  sys_wrch_hlt.o ABSOLUTE
    ../clib/angel/sysapp.c                   0x00000000   Number         0  sys_command.o ABSOLUTE
    ../clib/angel/sysapp.c                   0x00000000   Number         0  sys_command_hlt.o ABSOLUTE
    ../clib/armsys.c                         0x00000000   Number         0  argv_veneer.o ABSOLUTE
    ../clib/armsys.c                         0x00000000   Number         0  _get_argv_nomalloc.o ABSOLUTE
    ../clib/armsys.c                         0x00000000   Number         0  no_argv.o ABSOLUTE
    ../clib/division.s                       0x00000000   Number         0  aeabi_sdivfast.o ABSOLUTE
    ../clib/division.s                       0x00000000   Number         0  aeabi_sdivfast_div0.o ABSOLUTE
    ../clib/heapalloc.c                      0x00000000   Number         0  hrguard.o ABSOLUTE
    ../clib/heapaux.c                        0x00000000   Number         0  heapauxi.o ABSOLUTE
    ../clib/libinit.s                        0x00000000   Number         0  libinit.o ABSOLUTE
    ../clib/libinit.s                        0x00000000   Number         0  libinit2.o ABSOLUTE
    ../clib/libinit.s                        0x00000000   Number         0  libshutdown.o ABSOLUTE
    ../clib/libinit.s                        0x00000000   Number         0  libshutdown2.o ABSOLUTE
    ../clib/signal.c                         0x00000000   Number         0  defsig_fpe_outer.o ABSOLUTE
    ../clib/signal.c                         0x00000000   Number         0  defsig_fpe_formal.o ABSOLUTE
    ../clib/signal.c                         0x00000000   Number         0  defsig_exit.o ABSOLUTE
    ../clib/signal.c                         0x00000000   Number         0  defsig_fpe_inner.o ABSOLUTE
    ../clib/signal.c                         0x00000000   Number         0  __raise.o ABSOLUTE
    ../clib/signal.c                         0x00000000   Number         0  defsig_general.o ABSOLUTE
    ../clib/signal.c                         0x00000000   Number         0  defsig_abrt_inner.o ABSOLUTE
    ../clib/signal.c                         0x00000000   Number         0  defsig_rtred_inner.o ABSOLUTE
    ../clib/signal.c                         0x00000000   Number         0  defsig_rtmem_inner.o ABSOLUTE
    ../clib/signal.c                         0x00000000   Number         0  defsig_rtmem_outer.o ABSOLUTE
    ../clib/signal.c                         0x00000000   Number         0  defsig_rtmem_formal.o ABSOLUTE
    ../clib/signal.c                         0x00000000   Number         0  defsig_stak_inner.o ABSOLUTE
    ../clib/signal.c                         0x00000000   Number         0  defsig_pvfn_inner.o ABSOLUTE
    ../clib/signal.c                         0x00000000   Number         0  defsig_cppl_inner.o ABSOLUTE
    ../clib/signal.c                         0x00000000   Number         0  defsig_segv_inner.o ABSOLUTE
    ../clib/signal.c                         0x00000000   Number         0  defsig_other.o ABSOLUTE
    ../clib/signal.s                         0x00000000   Number         0  defsig.o ABSOLUTE
    ../clib/stdlib.c                         0x00000000   Number         0  exit.o ABSOLUTE
    ../clib/string.c                         0x00000000   Number         0  strlen.o ABSOLUTE
    ../fplib/cfplib/fpinit.c                 0x00000000   Number         0  fpinit.o ABSOLUTE
    dc.s                                     0x00000000   Number         0  dc.o ABSOLUTE
    dl_common.c                              0x00000000   Number         0  dl_common.o ABSOLUTE
    dl_timer.c                               0x00000000   Number         0  dl_timer.o ABSOLUTE
    dl_uart.c                                0x00000000   Number         0  dl_uart.o ABSOLUTE
    empty.c                                  0x00000000   Number         0  empty.o ABSOLUTE
    exti.c                                   0x00000000   Number         0  exti.o ABSOLUTE
    keyboard.c                               0x00000000   Number         0  keyboard.o ABSOLUTE
    led.c                                    0x00000000   Number         0  led.o ABSOLUTE
    oled.c                                   0x00000000   Number         0  oled.o ABSOLUTE
    opa.c                                    0x00000000   Number         0  opa.o ABSOLUTE
    pwm.c                                    0x00000000   Number         0  pwm.o ABSOLUTE
    startup_mspm0l130x_uvision.s             0x00000000   Number         0  startup_mspm0l130x_uvision.o ABSOLUTE
    ti_msp_dl_config.c                       0x00000000   Number         0  ti_msp_dl_config.o ABSOLUTE
    uart0.c                                  0x00000000   Number         0  uart0.o ABSOLUTE
    RESET                                    0x00000000   Section      192  startup_mspm0l130x_uvision.o(RESET)
    !!!main                                  0x000000c0   Section        8  __main.o(!!!main)
    !!!scatter                               0x000000c8   Section       84  __scatter.o(!!!scatter)
    !!handler_null                           0x00000120   Section        2  __scatter.o(!!handler_null)
    !!handler_zi                             0x00000128   Section       28  __scatter_zi.o(!!handler_zi)
    .ARM.Collect$$libinit$$00000000          0x00000144   Section        2  libinit.o(.ARM.Collect$$libinit$$00000000)
    .ARM.Collect$$libinit$$00000002          0x00000146   Section        0  libinit2.o(.ARM.Collect$$libinit$$00000002)
    .ARM.Collect$$libinit$$00000004          0x00000146   Section        0  libinit2.o(.ARM.Collect$$libinit$$00000004)
    .ARM.Collect$$libinit$$00000006          0x00000146   Section        0  libinit2.o(.ARM.Collect$$libinit$$00000006)
    .ARM.Collect$$libinit$$0000000C          0x00000146   Section        0  libinit2.o(.ARM.Collect$$libinit$$0000000C)
    .ARM.Collect$$libinit$$0000000E          0x00000146   Section        0  libinit2.o(.ARM.Collect$$libinit$$0000000E)
    .ARM.Collect$$libinit$$00000010          0x00000146   Section        0  libinit2.o(.ARM.Collect$$libinit$$00000010)
    .ARM.Collect$$libinit$$00000013          0x00000146   Section        0  libinit2.o(.ARM.Collect$$libinit$$00000013)
    .ARM.Collect$$libinit$$00000015          0x00000146   Section        0  libinit2.o(.ARM.Collect$$libinit$$00000015)
    .ARM.Collect$$libinit$$00000017          0x00000146   Section        0  libinit2.o(.ARM.Collect$$libinit$$00000017)
    .ARM.Collect$$libinit$$00000019          0x00000146   Section        0  libinit2.o(.ARM.Collect$$libinit$$00000019)
    .ARM.Collect$$libinit$$0000001B          0x00000146   Section        0  libinit2.o(.ARM.Collect$$libinit$$0000001B)
    .ARM.Collect$$libinit$$0000001D          0x00000146   Section        0  libinit2.o(.ARM.Collect$$libinit$$0000001D)
    .ARM.Collect$$libinit$$0000001F          0x00000146   Section        0  libinit2.o(.ARM.Collect$$libinit$$0000001F)
    .ARM.Collect$$libinit$$00000021          0x00000146   Section        0  libinit2.o(.ARM.Collect$$libinit$$00000021)
    .ARM.Collect$$libinit$$00000023          0x00000146   Section        0  libinit2.o(.ARM.Collect$$libinit$$00000023)
    .ARM.Collect$$libinit$$00000025          0x00000146   Section        0  libinit2.o(.ARM.Collect$$libinit$$00000025)
    .ARM.Collect$$libinit$$00000027          0x00000146   Section        0  libinit2.o(.ARM.Collect$$libinit$$00000027)
    .ARM.Collect$$libinit$$0000002E          0x00000146   Section        0  libinit2.o(.ARM.Collect$$libinit$$0000002E)
    .ARM.Collect$$libinit$$00000030          0x00000146   Section        0  libinit2.o(.ARM.Collect$$libinit$$00000030)
    .ARM.Collect$$libinit$$00000032          0x00000146   Section        0  libinit2.o(.ARM.Collect$$libinit$$00000032)
    .ARM.Collect$$libinit$$00000034          0x00000146   Section        0  libinit2.o(.ARM.Collect$$libinit$$00000034)
    .ARM.Collect$$libinit$$00000035          0x00000146   Section        2  libinit2.o(.ARM.Collect$$libinit$$00000035)
    .ARM.Collect$$libshutdown$$00000000      0x00000148   Section        2  libshutdown.o(.ARM.Collect$$libshutdown$$00000000)
    .ARM.Collect$$libshutdown$$00000002      0x0000014a   Section        0  libshutdown2.o(.ARM.Collect$$libshutdown$$00000002)
    .ARM.Collect$$libshutdown$$00000004      0x0000014a   Section        0  libshutdown2.o(.ARM.Collect$$libshutdown$$00000004)
    .ARM.Collect$$libshutdown$$00000007      0x0000014a   Section        0  libshutdown2.o(.ARM.Collect$$libshutdown$$00000007)
    .ARM.Collect$$libshutdown$$0000000A      0x0000014a   Section        0  libshutdown2.o(.ARM.Collect$$libshutdown$$0000000A)
    .ARM.Collect$$libshutdown$$0000000C      0x0000014a   Section        0  libshutdown2.o(.ARM.Collect$$libshutdown$$0000000C)
    .ARM.Collect$$libshutdown$$0000000F      0x0000014a   Section        0  libshutdown2.o(.ARM.Collect$$libshutdown$$0000000F)
    .ARM.Collect$$libshutdown$$00000010      0x0000014a   Section        2  libshutdown2.o(.ARM.Collect$$libshutdown$$00000010)
    .ARM.Collect$$rtentry$$00000000          0x0000014c   Section        0  __rtentry.o(.ARM.Collect$$rtentry$$00000000)
    .ARM.Collect$$rtentry$$00000002          0x0000014c   Section        0  __rtentry2.o(.ARM.Collect$$rtentry$$00000002)
    .ARM.Collect$$rtentry$$00000004          0x0000014c   Section        6  __rtentry4.o(.ARM.Collect$$rtentry$$00000004)
    .ARM.Collect$$rtentry$$00000009          0x00000152   Section        0  __rtentry2.o(.ARM.Collect$$rtentry$$00000009)
    .ARM.Collect$$rtentry$$0000000A          0x00000152   Section        4  __rtentry2.o(.ARM.Collect$$rtentry$$0000000A)
    .ARM.Collect$$rtentry$$0000000C          0x00000156   Section        0  __rtentry2.o(.ARM.Collect$$rtentry$$0000000C)
    .ARM.Collect$$rtentry$$0000000D          0x00000156   Section        8  __rtentry2.o(.ARM.Collect$$rtentry$$0000000D)
    .ARM.Collect$$rtexit$$00000000           0x0000015e   Section        2  rtexit.o(.ARM.Collect$$rtexit$$00000000)
    .ARM.Collect$$rtexit$$00000002           0x00000160   Section        0  rtexit2.o(.ARM.Collect$$rtexit$$00000002)
    .ARM.Collect$$rtexit$$00000003           0x00000160   Section        4  rtexit2.o(.ARM.Collect$$rtexit$$00000003)
    .ARM.Collect$$rtexit$$00000004           0x00000164   Section        6  rtexit2.o(.ARM.Collect$$rtexit$$00000004)
    .text                                    0x0000016c   Section       44  startup_mspm0l130x_uvision.o(.text)
    .text                                    0x00000198   Section        0  heapauxi.o(.text)
    .text                                    0x0000019e   Section       62  sys_stackheap_outer.o(.text)
    .text                                    0x000001dc   Section        0  exit.o(.text)
    .text                                    0x000001ec   Section        8  libspace.o(.text)
    .text                                    0x000001f4   Section        0  __dczerorl.o(.text)
    [Anonymous Symbol]                       0x00000230   Section        0  pwm.o(.text.AH_BL)
    [Anonymous Symbol]                       0x00000280   Section        0  pwm.o(.text.AH_CL)
    [Anonymous Symbol]                       0x000002d0   Section        0  pwm.o(.text.BH_AL)
    [Anonymous Symbol]                       0x00000320   Section        0  pwm.o(.text.BH_CL)
    [Anonymous Symbol]                       0x00000370   Section        0  pwm.o(.text.CH_AL)
    [Anonymous Symbol]                       0x000003c0   Section        0  pwm.o(.text.CH_BL)
    __arm_cp.6_0                             0x00000410   Number         4  pwm.o(.text.CH_BL)
    __arm_cp.6_1                             0x00000414   Number         4  pwm.o(.text.CH_BL)
    __arm_cp.6_2                             0x00000418   Number         4  pwm.o(.text.CH_BL)
    [Anonymous Symbol]                       0x0000041c   Section        0  dl_common.o(.text.DL_Common_delayCycles)
    [Anonymous Symbol]                       0x00000428   Section        0  dl_timer.o(.text.DL_Timer_setCaptureCompareValue)
    __arm_cp.3_0                             0x00000434   Number         4  dl_timer.o(.text.DL_Timer_setCaptureCompareValue)
    [Anonymous Symbol]                       0x00000438   Section        0  exti.o(.text.GROUP1_IRQHandler)
    __arm_cp.1_0                             0x000004e8   Number         4  exti.o(.text.GROUP1_IRQHandler)
    __arm_cp.1_1                             0x000004ec   Number         4  exti.o(.text.GROUP1_IRQHandler)
    [Anonymous Symbol]                       0x000004f0   Section        0  oled.o(.text.OLED_Clear)
    __arm_cp.5_0                             0x0000067c   Number         4  oled.o(.text.OLED_Clear)
    [Anonymous Symbol]                       0x00000680   Section        0  oled.o(.text.OLED_Init)
    __arm_cp.12_5                            0x00000a78   Number         4  oled.o(.text.OLED_Init)
    __arm_cp.12_6                            0x00000a7c   Number         4  oled.o(.text.OLED_Init)
    __arm_cp.12_7                            0x00000a80   Number         4  oled.o(.text.OLED_Init)
    __arm_cp.12_8                            0x00000a84   Number         4  oled.o(.text.OLED_Init)
    __arm_cp.12_9                            0x00000a88   Number         4  oled.o(.text.OLED_Init)
    [Anonymous Symbol]                       0x00000e04   Section        0  oled.o(.text.OLED_ShowCHinese)
    __arm_cp.10_0                            0x00000f64   Number         4  oled.o(.text.OLED_ShowCHinese)
    [Anonymous Symbol]                       0x00000f68   Section        0  oled.o(.text.OLED_ShowChar)
    __arm_cp.6_0                             0x00001058   Number         4  oled.o(.text.OLED_ShowChar)
    [Anonymous Symbol]                       0x0000105c   Section        0  oled.o(.text.OLED_ShowString)
    [Anonymous Symbol]                       0x000010a4   Section        0  oled.o(.text.OLED_WR_Byte)
    __arm_cp.1_0                             0x00001158   Number         4  oled.o(.text.OLED_WR_Byte)
    [Anonymous Symbol]                       0x0000115c   Section        0  ti_msp_dl_config.o(.text.SYSCFG_DL_GPIO_init)
    [Anonymous Symbol]                       0x00001160   Section        0  ti_msp_dl_config.o(.text.SYSCFG_DL_SYSCTL_init)
    __arm_cp.3_0                             0x00001190   Number         4  ti_msp_dl_config.o(.text.SYSCFG_DL_SYSCTL_init)
    __arm_cp.3_1                             0x00001194   Number         4  ti_msp_dl_config.o(.text.SYSCFG_DL_SYSCTL_init)
    [Anonymous Symbol]                       0x00001198   Section        0  ti_msp_dl_config.o(.text.SYSCFG_DL_init)
    [Anonymous Symbol]                       0x000011a8   Section        0  ti_msp_dl_config.o(.text.SYSCFG_DL_initPower)
    __arm_cp.1_0                             0x000011bc   Number         4  ti_msp_dl_config.o(.text.SYSCFG_DL_initPower)
    __arm_cp.1_1                             0x000011c0   Number         4  ti_msp_dl_config.o(.text.SYSCFG_DL_initPower)
    __arm_cp.1_2                             0x000011c4   Number         4  ti_msp_dl_config.o(.text.SYSCFG_DL_initPower)
    [Anonymous Symbol]                       0x000011c8   Section        0  uart0.o(.text.UART0_IRQHandler)
    __arm_cp.5_0                             0x000011f8   Number         4  uart0.o(.text.UART0_IRQHandler)
    __arm_cp.5_1                             0x000011fc   Number         4  uart0.o(.text.UART0_IRQHandler)
    __arm_cp.5_2                             0x00001200   Number         4  uart0.o(.text.UART0_IRQHandler)
    [Anonymous Symbol]                       0x00001204   Section        0  uart0.o(.text._sys_exit)
    [Anonymous Symbol]                       0x00001206   Section        0  led.o(.text.delay_ms)
    [Anonymous Symbol]                       0x00001214   Section        0  empty.o(.text.main)
    .bss                                     0x20000280   Section       96  libspace.o(.bss)
    Heap_Mem                                 0x200002e8   Data           0  startup_mspm0l130x_uvision.o(HEAP)
    Stack_Mem                                0x200002e8   Data         256  startup_mspm0l130x_uvision.o(STACK)
    HEAP                                     0x200002e8   Section        0  startup_mspm0l130x_uvision.o(HEAP)
    STACK                                    0x200002e8   Section      256  startup_mspm0l130x_uvision.o(STACK)
    __initial_sp                             0x200003e8   Data           0  startup_mspm0l130x_uvision.o(STACK)

    Global Symbols

    Symbol Name                              Value     Ov Type        Size  Object(Section)

    BuildAttributes$$THM_ISAv3M$S$PE$A:L22$X:L11$S22$IEEE1$IW$~IW$USESV6$~STKCKD$USESV7$~SHL$OTIME$ROPI$EBA8$UX$STANDARDLIB$REQ8$PRES8$EABIv2 0x00000000   Number         0  anon$$obj.o ABSOLUTE
    __Vectors                                0x00000000   Data           4  startup_mspm0l130x_uvision.o(RESET)
    __ARM_exceptions_init                     - Undefined Weak Reference
    __alloca_initialize                       - Undefined Weak Reference
    __arm_preinit_                            - Undefined Weak Reference
    __arm_relocate_pie_                       - Undefined Weak Reference
    __cpp_initialize__aeabi_                  - Undefined Weak Reference
    __cxa_finalize                            - Undefined Weak Reference
    __rt_locale                               - Undefined Weak Reference
    __sigvec_lookup                           - Undefined Weak Reference
    _atexit_init                              - Undefined Weak Reference
    _call_atexit_fns                          - Undefined Weak Reference
    _clock_init                               - Undefined Weak Reference
    _fp_trap_init                             - Undefined Weak Reference
    _fp_trap_shutdown                         - Undefined Weak Reference
    _get_lc_collate                           - Undefined Weak Reference
    _get_lc_ctype                             - Undefined Weak Reference
    _get_lc_monetary                          - Undefined Weak Reference
    _get_lc_numeric                           - Undefined Weak Reference
    _get_lc_time                              - Undefined Weak Reference
    _getenv_init                              - Undefined Weak Reference
    _handle_redirection                       - Undefined Weak Reference
    _init_alloc                               - Undefined Weak Reference
    _init_user_alloc                          - Undefined Weak Reference
    _initio                                   - Undefined Weak Reference
    _rand_init                                - Undefined Weak Reference
    _signal_finish                            - Undefined Weak Reference
    _signal_init                              - Undefined Weak Reference
    _terminate_alloc                          - Undefined Weak Reference
    _terminate_user_alloc                     - Undefined Weak Reference
    _terminateio                              - Undefined Weak Reference
    __Vectors_End                            0x000000c0   Data           0  startup_mspm0l130x_uvision.o(RESET)
    __Vectors_Size                           0x000000c0   Number         0  startup_mspm0l130x_uvision.o ABSOLUTE
    __main                                   0x000000c1   Thumb Code     8  __main.o(!!!main)
    __scatterload                            0x000000c9   Thumb Code     0  __scatter.o(!!!scatter)
    __scatterload_rt2                        0x000000c9   Thumb Code    74  __scatter.o(!!!scatter)
    __scatterload_rt2_thumb_only             0x000000c9   Thumb Code     0  __scatter.o(!!!scatter)
    __scatterload_loop                       0x000000d3   Thumb Code     0  __scatter.o(!!!scatter)
    __scatterload_null                       0x00000121   Thumb Code     2  __scatter.o(!!handler_null)
    __scatterload_zeroinit                   0x00000129   Thumb Code    28  __scatter_zi.o(!!handler_zi)
    __rt_lib_init                            0x00000145   Thumb Code     0  libinit.o(.ARM.Collect$$libinit$$00000000)
    __rt_lib_init_alloca_1                   0x00000147   Thumb Code     0  libinit2.o(.ARM.Collect$$libinit$$00000030)
    __rt_lib_init_argv_1                     0x00000147   Thumb Code     0  libinit2.o(.ARM.Collect$$libinit$$0000002E)
    __rt_lib_init_atexit_1                   0x00000147   Thumb Code     0  libinit2.o(.ARM.Collect$$libinit$$0000001D)
    __rt_lib_init_clock_1                    0x00000147   Thumb Code     0  libinit2.o(.ARM.Collect$$libinit$$00000023)
    __rt_lib_init_cpp_1                      0x00000147   Thumb Code     0  libinit2.o(.ARM.Collect$$libinit$$00000034)
    __rt_lib_init_exceptions_1               0x00000147   Thumb Code     0  libinit2.o(.ARM.Collect$$libinit$$00000032)
    __rt_lib_init_fp_1                       0x00000147   Thumb Code     0  libinit2.o(.ARM.Collect$$libinit$$00000002)
    __rt_lib_init_fp_trap_1                  0x00000147   Thumb Code     0  libinit2.o(.ARM.Collect$$libinit$$00000021)
    __rt_lib_init_getenv_1                   0x00000147   Thumb Code     0  libinit2.o(.ARM.Collect$$libinit$$00000025)
    __rt_lib_init_heap_1                     0x00000147   Thumb Code     0  libinit2.o(.ARM.Collect$$libinit$$0000000C)
    __rt_lib_init_lc_collate_1               0x00000147   Thumb Code     0  libinit2.o(.ARM.Collect$$libinit$$00000013)
    __rt_lib_init_lc_ctype_1                 0x00000147   Thumb Code     0  libinit2.o(.ARM.Collect$$libinit$$00000015)
    __rt_lib_init_lc_monetary_1              0x00000147   Thumb Code     0  libinit2.o(.ARM.Collect$$libinit$$00000017)
    __rt_lib_init_lc_numeric_1               0x00000147   Thumb Code     0  libinit2.o(.ARM.Collect$$libinit$$00000019)
    __rt_lib_init_lc_time_1                  0x00000147   Thumb Code     0  libinit2.o(.ARM.Collect$$libinit$$0000001B)
    __rt_lib_init_preinit_1                  0x00000147   Thumb Code     0  libinit2.o(.ARM.Collect$$libinit$$00000006)
    __rt_lib_init_rand_1                     0x00000147   Thumb Code     0  libinit2.o(.ARM.Collect$$libinit$$00000010)
    __rt_lib_init_relocate_pie_1             0x00000147   Thumb Code     0  libinit2.o(.ARM.Collect$$libinit$$00000004)
    __rt_lib_init_return                     0x00000147   Thumb Code     0  libinit2.o(.ARM.Collect$$libinit$$00000035)
    __rt_lib_init_signal_1                   0x00000147   Thumb Code     0  libinit2.o(.ARM.Collect$$libinit$$0000001F)
    __rt_lib_init_stdio_1                    0x00000147   Thumb Code     0  libinit2.o(.ARM.Collect$$libinit$$00000027)
    __rt_lib_init_user_alloc_1               0x00000147   Thumb Code     0  libinit2.o(.ARM.Collect$$libinit$$0000000E)
    __rt_lib_shutdown                        0x00000149   Thumb Code     0  libshutdown.o(.ARM.Collect$$libshutdown$$00000000)
    __rt_lib_shutdown_cpp_1                  0x0000014b   Thumb Code     0  libshutdown2.o(.ARM.Collect$$libshutdown$$00000002)
    __rt_lib_shutdown_fp_trap_1              0x0000014b   Thumb Code     0  libshutdown2.o(.ARM.Collect$$libshutdown$$00000007)
    __rt_lib_shutdown_heap_1                 0x0000014b   Thumb Code     0  libshutdown2.o(.ARM.Collect$$libshutdown$$0000000F)
    __rt_lib_shutdown_return                 0x0000014b   Thumb Code     0  libshutdown2.o(.ARM.Collect$$libshutdown$$00000010)
    __rt_lib_shutdown_signal_1               0x0000014b   Thumb Code     0  libshutdown2.o(.ARM.Collect$$libshutdown$$0000000A)
    __rt_lib_shutdown_stdio_1                0x0000014b   Thumb Code     0  libshutdown2.o(.ARM.Collect$$libshutdown$$00000004)
    __rt_lib_shutdown_user_alloc_1           0x0000014b   Thumb Code     0  libshutdown2.o(.ARM.Collect$$libshutdown$$0000000C)
    __rt_entry                               0x0000014d   Thumb Code     0  __rtentry.o(.ARM.Collect$$rtentry$$00000000)
    __rt_entry_presh_1                       0x0000014d   Thumb Code     0  __rtentry2.o(.ARM.Collect$$rtentry$$00000002)
    __rt_entry_sh                            0x0000014d   Thumb Code     0  __rtentry4.o(.ARM.Collect$$rtentry$$00000004)
    __rt_entry_li                            0x00000153   Thumb Code     0  __rtentry2.o(.ARM.Collect$$rtentry$$0000000A)
    __rt_entry_postsh_1                      0x00000153   Thumb Code     0  __rtentry2.o(.ARM.Collect$$rtentry$$00000009)
    __rt_entry_main                          0x00000157   Thumb Code     0  __rtentry2.o(.ARM.Collect$$rtentry$$0000000D)
    __rt_entry_postli_1                      0x00000157   Thumb Code     0  __rtentry2.o(.ARM.Collect$$rtentry$$0000000C)
    __rt_exit                                0x0000015f   Thumb Code     0  rtexit.o(.ARM.Collect$$rtexit$$00000000)
    __rt_exit_ls                             0x00000161   Thumb Code     0  rtexit2.o(.ARM.Collect$$rtexit$$00000003)
    __rt_exit_prels_1                        0x00000161   Thumb Code     0  rtexit2.o(.ARM.Collect$$rtexit$$00000002)
    __rt_exit_exit                           0x00000165   Thumb Code     0  rtexit2.o(.ARM.Collect$$rtexit$$00000004)
    Reset_Handler                            0x0000016d   Thumb Code     4  startup_mspm0l130x_uvision.o(.text)
    NMI_Handler                              0x00000171   Thumb Code     2  startup_mspm0l130x_uvision.o(.text)
    HardFault_Handler                        0x00000173   Thumb Code     2  startup_mspm0l130x_uvision.o(.text)
    SVC_Handler                              0x00000175   Thumb Code     2  startup_mspm0l130x_uvision.o(.text)
    PendSV_Handler                           0x00000177   Thumb Code     2  startup_mspm0l130x_uvision.o(.text)
    SysTick_Handler                          0x00000179   Thumb Code     2  startup_mspm0l130x_uvision.o(.text)
    ADC0_IRQHandler                          0x0000017b   Thumb Code     0  startup_mspm0l130x_uvision.o(.text)
    DMA_IRQHandler                           0x0000017b   Thumb Code     0  startup_mspm0l130x_uvision.o(.text)
    Default_Handler                          0x0000017b   Thumb Code     2  startup_mspm0l130x_uvision.o(.text)
    GROUP0_IRQHandler                        0x0000017b   Thumb Code     0  startup_mspm0l130x_uvision.o(.text)
    I2C0_IRQHandler                          0x0000017b   Thumb Code     0  startup_mspm0l130x_uvision.o(.text)
    I2C1_IRQHandler                          0x0000017b   Thumb Code     0  startup_mspm0l130x_uvision.o(.text)
    SPI0_IRQHandler                          0x0000017b   Thumb Code     0  startup_mspm0l130x_uvision.o(.text)
    TIMG0_IRQHandler                         0x0000017b   Thumb Code     0  startup_mspm0l130x_uvision.o(.text)
    TIMG1_IRQHandler                         0x0000017b   Thumb Code     0  startup_mspm0l130x_uvision.o(.text)
    TIMG2_IRQHandler                         0x0000017b   Thumb Code     0  startup_mspm0l130x_uvision.o(.text)
    TIMG4_IRQHandler                         0x0000017b   Thumb Code     0  startup_mspm0l130x_uvision.o(.text)
    UART1_IRQHandler                         0x0000017b   Thumb Code     0  startup_mspm0l130x_uvision.o(.text)
    __user_initial_stackheap                 0x0000017d   Thumb Code    10  startup_mspm0l130x_uvision.o(.text)
    __use_two_region_memory                  0x00000199   Thumb Code     2  heapauxi.o(.text)
    __rt_heap_escrow$2region                 0x0000019b   Thumb Code     2  heapauxi.o(.text)
    __rt_heap_expand$2region                 0x0000019d   Thumb Code     2  heapauxi.o(.text)
    __user_setup_stackheap                   0x0000019f   Thumb Code    62  sys_stackheap_outer.o(.text)
    exit                                     0x000001dd   Thumb Code    16  exit.o(.text)
    __user_libspace                          0x000001ed   Thumb Code     8  libspace.o(.text)
    __user_perproc_libspace                  0x000001ed   Thumb Code     0  libspace.o(.text)
    __user_perthread_libspace                0x000001ed   Thumb Code     0  libspace.o(.text)
    __decompress                             0x000001f5   Thumb Code     0  __dczerorl.o(.text)
    __decompress0                            0x000001f5   Thumb Code    58  __dczerorl.o(.text)
    AH_BL                                    0x00000231   Thumb Code    80  pwm.o(.text.AH_BL)
    AH_CL                                    0x00000281   Thumb Code    80  pwm.o(.text.AH_CL)
    BH_AL                                    0x000002d1   Thumb Code    80  pwm.o(.text.BH_AL)
    BH_CL                                    0x00000321   Thumb Code    80  pwm.o(.text.BH_CL)
    CH_AL                                    0x00000371   Thumb Code    80  pwm.o(.text.CH_AL)
    CH_BL                                    0x000003c1   Thumb Code    80  pwm.o(.text.CH_BL)
    DL_Common_delayCycles                    0x0000041d   Thumb Code    10  dl_common.o(.text.DL_Common_delayCycles)
    DL_Timer_setCaptureCompareValue          0x00000429   Thumb Code    16  dl_timer.o(.text.DL_Timer_setCaptureCompareValue)
    GROUP1_IRQHandler                        0x00000439   Thumb Code   176  exti.o(.text.GROUP1_IRQHandler)
    OLED_Clear                               0x000004f1   Thumb Code   396  oled.o(.text.OLED_Clear)
    OLED_Init                                0x00000681   Thumb Code  1924  oled.o(.text.OLED_Init)
    OLED_ShowCHinese                         0x00000e05   Thumb Code   352  oled.o(.text.OLED_ShowCHinese)
    OLED_ShowChar                            0x00000f69   Thumb Code   240  oled.o(.text.OLED_ShowChar)
    OLED_ShowString                          0x0000105d   Thumb Code    70  oled.o(.text.OLED_ShowString)
    OLED_WR_Byte                             0x000010a5   Thumb Code   180  oled.o(.text.OLED_WR_Byte)
    SYSCFG_DL_GPIO_init                      0x0000115d   Thumb Code     2  ti_msp_dl_config.o(.text.SYSCFG_DL_GPIO_init)
    SYSCFG_DL_SYSCTL_init                    0x00001161   Thumb Code    48  ti_msp_dl_config.o(.text.SYSCFG_DL_SYSCTL_init)
    SYSCFG_DL_init                           0x00001199   Thumb Code    16  ti_msp_dl_config.o(.text.SYSCFG_DL_init)
    SYSCFG_DL_initPower                      0x000011a9   Thumb Code    20  ti_msp_dl_config.o(.text.SYSCFG_DL_initPower)
    UART0_IRQHandler                         0x000011c9   Thumb Code    48  uart0.o(.text.UART0_IRQHandler)
    _sys_exit                                0x00001205   Thumb Code     2  uart0.o(.text._sys_exit)
    delay_ms                                 0x00001207   Thumb Code    14  led.o(.text.delay_ms)
    main                                     0x00001215   Thumb Code    48  empty.o(.text.main)
    F8X16                                    0x0000125c   Data        1520  oled.o(.rodata.F8X16)
    Region$$Table$$Base                      0x00001850   Number         0  anon$$obj.o(Region$$Table)
    Region$$Table$$Limit                     0x00001870   Number         0  anon$$obj.o(Region$$Table)
    Hzk                                      0x20000000   Data         640  oled.o(.data.Hzk)
    __libspace_start                         0x20000280   Data          96  libspace.o(.bss)
    __temporary_stack_top$libspace           0x200002e0   Data           0  libspace.o(.bss)
    uart_data                                0x200002e0   Data           1  uart0.o(.bss.uart_data)



==============================================================================

Memory Map of the image

  Image Entry point : 0x000000c1

  Load Region LR_IROM1 (Base: 0x00000000, Size: 0x00001af0, Max: 0x0000fff8, ABSOLUTE, COMPRESSED[0x000019b0])

    Execution Region ER_IROM1 (Exec base: 0x00000000, Load base: 0x00000000, Size: 0x00001870, Max: 0x0000fff8, ABSOLUTE)

    Exec Addr    Load Addr    Size         Type   Attr      Idx    E Section Name        Object

    0x00000000   0x00000000   0x000000c0   Data   RO            3    RESET               startup_mspm0l130x_uvision.o
    0x000000c0   0x000000c0   0x00000008   Code   RO          342  * !!!main             c_p.l(__main.o)
    0x000000c8   0x000000c8   0x00000054   Code   RO          517    !!!scatter          c_p.l(__scatter.o)
    0x0000011c   0x0000011c   0x00000004   PAD
    0x00000120   0x00000120   0x00000002   Code   RO          518    !!handler_null      c_p.l(__scatter.o)
    0x00000122   0x00000122   0x00000006   PAD
    0x00000128   0x00000128   0x0000001c   Code   RO          521    !!handler_zi        c_p.l(__scatter_zi.o)
    0x00000144   0x00000144   0x00000002   Code   RO          380    .ARM.Collect$$libinit$$00000000  c_p.l(libinit.o)
    0x00000146   0x00000146   0x00000000   Code   RO          394    .ARM.Collect$$libinit$$00000002  c_p.l(libinit2.o)
    0x00000146   0x00000146   0x00000000   Code   RO          396    .ARM.Collect$$libinit$$00000004  c_p.l(libinit2.o)
    0x00000146   0x00000146   0x00000000   Code   RO          398    .ARM.Collect$$libinit$$00000006  c_p.l(libinit2.o)
    0x00000146   0x00000146   0x00000000   Code   RO          401    .ARM.Collect$$libinit$$0000000C  c_p.l(libinit2.o)
    0x00000146   0x00000146   0x00000000   Code   RO          403    .ARM.Collect$$libinit$$0000000E  c_p.l(libinit2.o)
    0x00000146   0x00000146   0x00000000   Code   RO          405    .ARM.Collect$$libinit$$00000010  c_p.l(libinit2.o)
    0x00000146   0x00000146   0x00000000   Code   RO          408    .ARM.Collect$$libinit$$00000013  c_p.l(libinit2.o)
    0x00000146   0x00000146   0x00000000   Code   RO          410    .ARM.Collect$$libinit$$00000015  c_p.l(libinit2.o)
    0x00000146   0x00000146   0x00000000   Code   RO          412    .ARM.Collect$$libinit$$00000017  c_p.l(libinit2.o)
    0x00000146   0x00000146   0x00000000   Code   RO          414    .ARM.Collect$$libinit$$00000019  c_p.l(libinit2.o)
    0x00000146   0x00000146   0x00000000   Code   RO          416    .ARM.Collect$$libinit$$0000001B  c_p.l(libinit2.o)
    0x00000146   0x00000146   0x00000000   Code   RO          418    .ARM.Collect$$libinit$$0000001D  c_p.l(libinit2.o)
    0x00000146   0x00000146   0x00000000   Code   RO          420    .ARM.Collect$$libinit$$0000001F  c_p.l(libinit2.o)
    0x00000146   0x00000146   0x00000000   Code   RO          422    .ARM.Collect$$libinit$$00000021  c_p.l(libinit2.o)
    0x00000146   0x00000146   0x00000000   Code   RO          424    .ARM.Collect$$libinit$$00000023  c_p.l(libinit2.o)
    0x00000146   0x00000146   0x00000000   Code   RO          426    .ARM.Collect$$libinit$$00000025  c_p.l(libinit2.o)
    0x00000146   0x00000146   0x00000000   Code   RO          428    .ARM.Collect$$libinit$$00000027  c_p.l(libinit2.o)
    0x00000146   0x00000146   0x00000000   Code   RO          432    .ARM.Collect$$libinit$$0000002E  c_p.l(libinit2.o)
    0x00000146   0x00000146   0x00000000   Code   RO          434    .ARM.Collect$$libinit$$00000030  c_p.l(libinit2.o)
    0x00000146   0x00000146   0x00000000   Code   RO          436    .ARM.Collect$$libinit$$00000032  c_p.l(libinit2.o)
    0x00000146   0x00000146   0x00000000   Code   RO          438    .ARM.Collect$$libinit$$00000034  c_p.l(libinit2.o)
    0x00000146   0x00000146   0x00000002   Code   RO          439    .ARM.Collect$$libinit$$00000035  c_p.l(libinit2.o)
    0x00000148   0x00000148   0x00000002   Code   RO          467    .ARM.Collect$$libshutdown$$00000000  c_p.l(libshutdown.o)
    0x0000014a   0x0000014a   0x00000000   Code   RO          498    .ARM.Collect$$libshutdown$$00000002  c_p.l(libshutdown2.o)
    0x0000014a   0x0000014a   0x00000000   Code   RO          500    .ARM.Collect$$libshutdown$$00000004  c_p.l(libshutdown2.o)
    0x0000014a   0x0000014a   0x00000000   Code   RO          503    .ARM.Collect$$libshutdown$$00000007  c_p.l(libshutdown2.o)
    0x0000014a   0x0000014a   0x00000000   Code   RO          506    .ARM.Collect$$libshutdown$$0000000A  c_p.l(libshutdown2.o)
    0x0000014a   0x0000014a   0x00000000   Code   RO          508    .ARM.Collect$$libshutdown$$0000000C  c_p.l(libshutdown2.o)
    0x0000014a   0x0000014a   0x00000000   Code   RO          511    .ARM.Collect$$libshutdown$$0000000F  c_p.l(libshutdown2.o)
    0x0000014a   0x0000014a   0x00000002   Code   RO          512    .ARM.Collect$$libshutdown$$00000010  c_p.l(libshutdown2.o)
    0x0000014c   0x0000014c   0x00000000   Code   RO          344    .ARM.Collect$$rtentry$$00000000  c_p.l(__rtentry.o)
    0x0000014c   0x0000014c   0x00000000   Code   RO          350    .ARM.Collect$$rtentry$$00000002  c_p.l(__rtentry2.o)
    0x0000014c   0x0000014c   0x00000006   Code   RO          362    .ARM.Collect$$rtentry$$00000004  c_p.l(__rtentry4.o)
    0x00000152   0x00000152   0x00000000   Code   RO          352    .ARM.Collect$$rtentry$$00000009  c_p.l(__rtentry2.o)
    0x00000152   0x00000152   0x00000004   Code   RO          353    .ARM.Collect$$rtentry$$0000000A  c_p.l(__rtentry2.o)
    0x00000156   0x00000156   0x00000000   Code   RO          355    .ARM.Collect$$rtentry$$0000000C  c_p.l(__rtentry2.o)
    0x00000156   0x00000156   0x00000008   Code   RO          356    .ARM.Collect$$rtentry$$0000000D  c_p.l(__rtentry2.o)
    0x0000015e   0x0000015e   0x00000002   Code   RO          385    .ARM.Collect$$rtexit$$00000000  c_p.l(rtexit.o)
    0x00000160   0x00000160   0x00000000   Code   RO          441    .ARM.Collect$$rtexit$$00000002  c_p.l(rtexit2.o)
    0x00000160   0x00000160   0x00000004   Code   RO          442    .ARM.Collect$$rtexit$$00000003  c_p.l(rtexit2.o)
    0x00000164   0x00000164   0x00000006   Code   RO          443    .ARM.Collect$$rtexit$$00000004  c_p.l(rtexit2.o)
    0x0000016a   0x0000016a   0x00000002   PAD
    0x0000016c   0x0000016c   0x0000002c   Code   RO            4    .text               startup_mspm0l130x_uvision.o
    0x00000198   0x00000198   0x00000006   Code   RO          340    .text               c_p.l(heapauxi.o)
    0x0000019e   0x0000019e   0x0000003e   Code   RO          366    .text               c_p.l(sys_stackheap_outer.o)
    0x000001dc   0x000001dc   0x00000010   Code   RO          369    .text               c_p.l(exit.o)
    0x000001ec   0x000001ec   0x00000008   Code   RO          381    .text               c_p.l(libspace.o)
    0x000001f4   0x000001f4   0x0000003a   Code   RO          515    .text               c_p.l(__dczerorl.o)
    0x0000022e   0x0000022e   0x00000002   PAD
    0x00000230   0x00000230   0x00000050   Code   RO           79    .text.AH_BL         pwm.o
    0x00000280   0x00000280   0x00000050   Code   RO           81    .text.AH_CL         pwm.o
    0x000002d0   0x000002d0   0x00000050   Code   RO           85    .text.BH_AL         pwm.o
    0x00000320   0x00000320   0x00000050   Code   RO           83    .text.BH_CL         pwm.o
    0x00000370   0x00000370   0x00000050   Code   RO           87    .text.CH_AL         pwm.o
    0x000003c0   0x000003c0   0x0000005c   Code   RO           89    .text.CH_BL         pwm.o
    0x0000041c   0x0000041c   0x0000000a   Code   RO          187    .text.DL_Common_delayCycles  driverlib.a(dl_common.o)
    0x00000426   0x00000426   0x00000002   PAD
    0x00000428   0x00000428   0x00000010   Code   RO          202    .text.DL_Timer_setCaptureCompareValue  driverlib.a(dl_timer.o)
    0x00000438   0x00000438   0x000000b8   Code   RO          123    .text.GROUP1_IRQHandler  exti.o
    0x000004f0   0x000004f0   0x00000190   Code   RO           50    .text.OLED_Clear    oled.o
    0x00000680   0x00000680   0x00000784   Code   RO           64    .text.OLED_Init     oled.o
    0x00000e04   0x00000e04   0x00000164   Code   RO           60    .text.OLED_ShowCHinese  oled.o
    0x00000f68   0x00000f68   0x000000f4   Code   RO           52    .text.OLED_ShowChar  oled.o
    0x0000105c   0x0000105c   0x00000046   Code   RO           58    .text.OLED_ShowString  oled.o
    0x000010a2   0x000010a2   0x00000002   PAD
    0x000010a4   0x000010a4   0x000000b8   Code   RO           42    .text.OLED_WR_Byte  oled.o
    0x0000115c   0x0000115c   0x00000002   Code   RO          175    .text.SYSCFG_DL_GPIO_init  ti_msp_dl_config.o
    0x0000115e   0x0000115e   0x00000002   PAD
    0x00001160   0x00001160   0x00000038   Code   RO          177    .text.SYSCFG_DL_SYSCTL_init  ti_msp_dl_config.o
    0x00001198   0x00001198   0x00000010   Code   RO          171    .text.SYSCFG_DL_init  ti_msp_dl_config.o
    0x000011a8   0x000011a8   0x00000020   Code   RO          173    .text.SYSCFG_DL_initPower  ti_msp_dl_config.o
    0x000011c8   0x000011c8   0x0000003c   Code   RO          144    .text.UART0_IRQHandler  uart0.o
    0x00001204   0x00001204   0x00000002   Code   RO          134    .text._sys_exit     uart0.o
    0x00001206   0x00001206   0x0000000e   Code   RO           15    .text.delay_ms      led.o
    0x00001214   0x00001214   0x00000048   Code   RO          159    .text.main          empty.o
    0x0000125c   0x0000125c   0x000005f0   Data   RO           67    .rodata.F8X16       oled.o
    0x0000184c   0x0000184c   0x00000004   PAD
    0x00001850   0x00001850   0x00000020   Data   RO          514    Region$$Table       anon$$obj.o


    Execution Region RW_IRAM2 (Exec base: 0x20000000, Load base: 0x00001870, Size: 0x000003e8, Max: 0x00001000, ABSOLUTE, COMPRESSED[0x00000140])

    Exec Addr    Load Addr    Size         Type   Attr      Idx    E Section Name        Object

    0x20000000   COMPRESSED   0x00000280   Data   RW           68    .data.Hzk           oled.o
    0x20000280        -       0x00000060   Zero   RW          382    .bss                c_p.l(libspace.o)
    0x200002e0        -       0x00000001   Zero   RW          149    .bss.uart_data      uart0.o
    0x200002e1   COMPRESSED   0x00000007   PAD
    0x200002e8        -       0x00000000   Zero   RW            2    HEAP                startup_mspm0l130x_uvision.o
    0x200002e8        -       0x00000100   Zero   RW            1    STACK               startup_mspm0l130x_uvision.o



  Load Region LR_BCR (Base: 0x41c00000, Size: 0x00000000, Max: 0x00000100, ABSOLUTE)

    Execution Region BCR_CONFIG (Exec base: 0x41c00000, Load base: 0x41c00000, Size: 0x00000000, Max: 0x000000ff, ABSOLUTE)

    **** No section assigned to this execution region ****



  Load Region LR_BSL (Base: 0x41c00100, Size: 0x00000000, Max: 0x00000100, ABSOLUTE)

    Execution Region BSL_CONFIG (Exec base: 0x41c00100, Load base: 0x41c00100, Size: 0x00000000, Max: 0x00000080, ABSOLUTE)

    **** No section assigned to this execution region ****


==============================================================================

Image component sizes


      Code (inc. data)   RO Data    RW Data    ZI Data      Debug   Object Name

        72         24          0          0          0        728   empty.o
       184          8          0          0          0       7338   exti.o
        14          0          0          0          0       5695   led.o
      3178         36       1520        640          0      52701   oled.o
       492         12          0          0          0      10770   pwm.o
        44         18        192          0        256        672   startup_mspm0l130x_uvision.o
       106         20          0          0          0       6951   ti_msp_dl_config.o
        62         12          0          0          1      11890   uart0.o

    ----------------------------------------------------------------------
      4156        130       1748        640        264      96745   Object Totals
         0          0         32          0          0          0   (incl. Generated)
         4          0          4          0          7          0   (incl. Padding)

    ----------------------------------------------------------------------

      Code (inc. data)   RO Data    RW Data    ZI Data      Debug   Library Member Name

        58          0          0          0          0          0   __dczerorl.o
         8          0          0          0          0         68   __main.o
         0          0          0          0          0          0   __rtentry.o
        12          0          0          0          0          0   __rtentry2.o
         6          0          0          0          0          0   __rtentry4.o
        86         10          0          0          0          0   __scatter.o
        28          0          0          0          0          0   __scatter_zi.o
        16          0          0          0          0         68   exit.o
         6          0          0          0          0        136   heapauxi.o
         2          0          0          0          0          0   libinit.o
         2          0          0          0          0          0   libinit2.o
         2          0          0          0          0          0   libshutdown.o
         2          0          0          0          0          0   libshutdown2.o
         8          4          0          0         96         68   libspace.o
         2          0          0          0          0          0   rtexit.o
        10          0          0          0          0          0   rtexit2.o
        62          0          0          0          0         80   sys_stackheap_outer.o
        10          0          0          0          0        803   dl_common.o
        16          4          0          0          0      38754   dl_timer.o

    ----------------------------------------------------------------------
       352         22          0          0         96      39977   Library Totals
        16          4          0          0          0          0   (incl. Padding)

    ----------------------------------------------------------------------

      Code (inc. data)   RO Data    RW Data    ZI Data      Debug   Library Name

       310         14          0          0         96        420   c_p.l
        26          4          0          0          0      39557   driverlib.a

    ----------------------------------------------------------------------
       352         22          0          0         96      39977   Library Totals

    ----------------------------------------------------------------------

==============================================================================


      Code (inc. data)   RO Data    RW Data    ZI Data      Debug   

      4508        152       1748        640        360     136638   Grand Totals
      4508        152       1748        320        360     136638   ELF Image Totals (compressed)
      4508        152       1748        320          0          0   ROM Totals

==============================================================================

    Total RO  Size (Code + RO Data)                 6256 (   6.11kB)
    Total RW  Size (RW Data + ZI Data)              1000 (   0.98kB)
    Total ROM Size (Code + RO Data + RW Data)       6576 (   6.42kB)

==============================================================================

