<html>
<body>
<pre>
<h1>礦ision Build Log</h1>
<h2>Tool Versions:</h2>
IDE-Version: μVision V5.39.0.0
Copyright (C) 2023 ARM Ltd and ARM Germany GmbH. All rights reserved.
License Information: 1 luka, 1, LIC=CRMW3-AR2P4-68MFC-7LUY6-SG49V-9M71D
 
Tool Versions:
Toolchain:       MDK-ARM Professional  Version: 5.39.0.0
Toolchain Path:  E:\Keil_v5\ARM\ARMCC\Bin
C Compiler:      Armcc.exe V5.06 update 4 (build 422)
Assembler:       Armasm.exe V5.06 update 4 (build 422)
Linker/Locator:  ArmLink.exe V5.06 update 4 (build 422)
Library Manager: ArmAr.exe V5.06 update 4 (build 422)
Hex Converter:   FromElf.exe V5.06 update 4 (build 422)
CPU DLL:         SARMCM3.DLL V5.39.0.0
Dialog DLL:      DCM.DLL V1.17.5.0
Target DLL:      CMSIS_AGDI.dll V1.33.16.0
Dialog DLL:      TCM.DLL V1.56.4.0
 
<h2>Project:</h2>
C:\Users\luka\Desktop\T123 - 主车 - 副本\TM4C123GH6PM\USER\TEST.uvprojx
Project File Date:  04/01/2025

<h2>Output:</h2>
*** Using Compiler 'V5.06 update 4 (build 422)', folder: 'E:\Keil_v5\ARM\ARMCC\Bin'
Build target 'Target 1'
compiling key.c...
..\PERIPHERAL\KEY\key.c(133): warning:  #223-D: function "printf" declared implicitly
  		printf("%d",itemFlag); 
..\PERIPHERAL\KEY\key.c(213): warning:  #223-D: function "printf" declared implicitly
  	printf("9");
..\PERIPHERAL\KEY\key.c(239): warning:  #223-D: function "printf" declared implicitly
  		printf("9");
..\PERIPHERAL\KEY\key.c(273): warning:  #223-D: function "printf" declared implicitly
  	printf("9");
..\PERIPHERAL\KEY\key.c(319): warning:  #223-D: function "printf" declared implicitly
  	printf("5");
..\PERIPHERAL\KEY\key.c: 5 warnings, 0 errors
linking...
Program Size: Code=11600 RO-data=1784 RW-data=1644 ZI-data=1564  
".\Objects\TEST.axf" - 0 Error(s), 5 Warning(s).

<h2>Software Packages used:</h2>

Package Vendor: Keil
                http://www.keil.com/pack/Keil.TM4C_DFP.1.1.0.pack
                Keil::TM4C_DFP@1.1.0
                Texas Instruments Tiva C Series Device Support and Examples

<h2>Collection of Component include folders:</h2>
  E:/Users/luka/AppData/Local/Arm/Packs/Keil/TM4C_DFP/1.1.0/Device/Include/TM4C123

<h2>Collection of Component Files used:</h2>
Build Time Elapsed:  00:00:02
</pre>
</body>
</html>
