<html>
<body>
<pre>
<h1>µVision Build Log</h1>
<h2>Tool Versions:</h2>
IDE-Version: ¦ÌVision V5.39.0.0
Copyright (C) 2023 ARM Ltd and ARM Germany GmbH. All rights reserved.
License Information: 1 luka, 1, LIC=CRMW3-AR2P4-68MFC-7LUY6-SG49V-9M71D
 
Tool Versions:
Toolchain:       MDK-ARM Professional  Version: 5.39.0.0
Toolchain Path:  E:\Keil_v5\ARM\ARMCC\Bin
C Compiler:      Armcc.exe V5.06 update 4 (build 422)
Assembler:       Armasm.exe V5.06 update 4 (build 422)
Linker/Locator:  ArmLink.exe V5.06 update 4 (build 422)
Library Manager: ArmAr.exe V5.06 update 4 (build 422)
Hex Converter:   FromElf.exe V5.06 update 4 (build 422)
CPU DLL:         SARMCM3.DLL V5.39.0.0
Dialog DLL:      DCM.DLL V1.17.5.0
Target DLL:      CMSIS_AGDI.dll V1.33.16.0
Dialog DLL:      TCM.DLL V1.56.4.0
 
<h2>Project:</h2>
C:\Users\luka\Desktop\TI 123-B\TM4C123GH6PM\USER\TEST.uvprojx
Project File Date:  05/11/2025

<h2>Output:</h2>
*** Using Compiler 'V5.06 update 4 (build 422)', folder: 'E:\Keil_v5\ARM\ARMCC\Bin'
Rebuild target 'Target 1'
assembling startup_rvmdk.S...
compiling timer.c...
compiling ustdlib.c...
compiling gpio.c...
compiling interrupt.c...
compiling sysexc.c...
compiling adc.c...
compiling lcd.c...
compiling udma.c...
compiling fpu.c...
compiling qei.c...
compiling systick.c...
compiling cpu_usage.c...
compiling uartstdio.c...
compiling uart.c...
compiling sysctl.c...
compiling cpu.c...
compiling pwm.c...
compiling mymath.c...
compiling uart2.c...
compiling rgb.c...
compiling my_timer.c...
compiling encoder.c...
compiling my_adc.c...
compiling TEST.c...
compiling motor.c...
compiling servo.c...
compiling pid.c...
compiling uart0.c...
compiling gyro_u5.c...
compiling ccd.c...
compiling distance.c...
compiling car_control.c...
compiling control.c...
compiling track.c...
compiling uart7.c...
compiling State_Machine.c...
compiling uart1.c...
compiling oled.c...
compiling keyboard.c...
compiling menu.c...
linking...
Program Size: Code=5432 RO-data=7368 RW-data=1644 ZI-data=2052  
".\Objects\TEST.axf" - 0 Error(s), 0 Warning(s).

<h2>Software Packages used:</h2>

Package Vendor: Keil
                http://www.keil.com/pack/Keil.TM4C_DFP.1.1.0.pack
                Keil::TM4C_DFP@1.1.0
                Texas Instruments Tiva C Series Device Support and Examples

<h2>Collection of Component include folders:</h2>
  E:/Users/luka/AppData/Local/Arm/Packs/Keil/TM4C_DFP/1.1.0/Device/Include/TM4C123

<h2>Collection of Component Files used:</h2>
Build Time Elapsed:  00:00:02
</pre>
</body>
</html>
