<html>
<body>
<pre>
<h1>礦ision Build Log</h1>
<h2>Tool Versions:</h2>
IDE-Version: μVision V5.39.0.0
Copyright (C) 2023 ARM Ltd and ARM Germany GmbH. All rights reserved.
License Information: 1 luka, 1, LIC=CRMW3-AR2P4-68MFC-7LUY6-SG49V-9M71D
 
Tool Versions:
Toolchain:       MDK-ARM Professional  Version: 5.39.0.0
Toolchain Path:  E:\Keil_v5\ARM\ARMCLANG\Bin
C Compiler:      ArmClang.exe V6.21
Assembler:       Armasm.exe V6.21
Linker/Locator:  ArmLink.exe V6.21
Library Manager: ArmAr.exe V6.21
Hex Converter:   FromElf.exe V6.21
CPU DLL:         SARMCM3.DLL V5.39.0.0
Dialog DLL:      DARMCM1.DLL V1.19.6.0
Target DLL:      CMSIS_AGDI.dll V1.33.16.0
Dialog DLL:      TARMCM1.DLL V1.14.6.0
 
<h2>Project:</h2>
C:\Users\luka\Desktop\git仓库\M0L1306\keil\empty_LP_MSPM0L1306_nortos_keil.uvprojx
Project File Date:  04/25/2025

<h2>Output:</h2>
*** Using Compiler 'V6.21', folder: 'E:\Keil_v5\ARM\ARMCLANG\Bin'
Rebuild target 'empty_LP_MSPM0L1306_nortos_keil'
Before Build - User command #1: cmd.exe /C "C:\Users\luka\Desktop\git仓库\M0L1306\keil\../../../../../../tools/keil/syscfg.bat 'C:\Users\luka\Desktop\git仓库\M0L1306\keil\' empty.syscfg"
系统找不到指定的路径。
assembling startup_mspm0l130x_uvision.s...
compiling ti_msp_dl_config.c...
compiling uart0.c...
compiling empty.c...
compiling opa.c...
compiling keyboard.c...
compiling oled.c...
compiling exti.c...
compiling led.c...
compiling pwm.c...
linking...
Program Size: Code=4508 RO-data=1748 RW-data=640 ZI-data=360  
FromELF: creating hex file...
".\Objects\empty_LP_MSPM0L1306_nortos_keil.axf" - 0 Error(s), 0 Warning(s).

<h2>Software Packages used:</h2>

Package Vendor: TexasInstruments
                https://software-dl.ti.com/msp430/esd/MSPM0-CMSIS/MSPM0L11XX_L13XX/latest/exports/TexasInstruments.MSPM0L11XX_L13XX_DFP.1.3.1.pack
                TexasInstruments::MSPM0L11XX_L13XX_DFP@1.3.1
                Device Family Pack for Texas Instruments MSPM0L11XX_L13XX Series

<h2>Collection of Component include folders:</h2>

<h2>Collection of Component Files used:</h2>
Build Time Elapsed:  00:00:01
</pre>
</body>
</html>
