<html>
<body>
<pre>
<h1>µVision Build Log</h1>
<h2>Tool Versions:</h2>
IDE-Version: ¦ÌVision V5.39.0.0
Copyright (C) 2023 ARM Ltd and ARM Germany GmbH. All rights reserved.
License Information: 1 luka, 1, LIC=CRMW3-AR2P4-68MFC-7LUY6-SG49V-9M71D
 
Tool Versions:
Toolchain:       MDK-ARM Professional  Version: 5.39.0.0
Toolchain Path:  E:\Keil_v5\ARM\ARMCC\Bin
C Compiler:      Armcc.exe V5.06 update 4 (build 422)
Assembler:       Armasm.exe V5.06 update 4 (build 422)
Linker/Locator:  ArmLink.exe V5.06 update 4 (build 422)
Library Manager: ArmAr.exe V5.06 update 4 (build 422)
Hex Converter:   FromElf.exe V5.06 update 4 (build 422)
CPU DLL:         SARMCM3.DLL V5.39.0.0
Dialog DLL:      DCM.DLL V1.17.5.0
Target DLL:      CMSIS_AGDI.dll V1.33.16.0
Dialog DLL:      TCM.DLL V1.56.4.0
 
<h2>Project:</h2>
C:\Users\luka\Desktop\T123 - ºó³µ\TM4C123GH6PM\USER\TEST.uvprojx
Project File Date:  04/01/2025

<h2>Output:</h2>
*** Using Compiler 'V5.06 update 4 (build 422)', folder: 'E:\Keil_v5\ARM\ARMCC\Bin'
Build target 'Target 1'
compiling distance.c...
..\PERIPHERAL\DISTANCE\distance.c(53): warning:  #1035-D: single-precision operand implicitly converted to double-precision
  	
..\PERIPHERAL\DISTANCE\distance.c(54): warning:  #1035-D: single-precision operand implicitly converted to double-precision
  	
..\PERIPHERAL\DISTANCE\distance.c(70): warning:  #1035-D: single-precision operand implicitly converted to double-precision
  	
..\PERIPHERAL\DISTANCE\distance.c(71): warning:  #1035-D: single-precision operand implicitly converted to double-precision
  	
..\PERIPHERAL\DISTANCE\distance.c(87): warning:  #1035-D: single-precision operand implicitly converted to double-precision
  	
..\PERIPHERAL\DISTANCE\distance.c(88): warning:  #1035-D: single-precision operand implicitly converted to double-precision
  	
..\PERIPHERAL\DISTANCE\distance.c(95): warning:  #223-D: function "Get_Grayscale_Offset1" declared implicitly
  	Get_Grayscale_Offset1();
..\PERIPHERAL\DISTANCE\distance.c(104): warning:  #1035-D: single-precision operand implicitly converted to double-precision
  	
..\PERIPHERAL\DISTANCE\distance.c(105): warning:  #1035-D: single-precision operand implicitly converted to double-precision
  	
..\PERIPHERAL\DISTANCE\distance.c(208): warning:  #1-D: last line of file ends without a newline
  }
..\PERIPHERAL\DISTANCE\distance.c: 10 warnings, 0 errors
linking...
Program Size: Code=11088 RO-data=1784 RW-data=1644 ZI-data=12796  
".\Objects\TEST.axf" - 0 Error(s), 10 Warning(s).

<h2>Software Packages used:</h2>

Package Vendor: Keil
                http://www.keil.com/pack/Keil.TM4C_DFP.1.1.0.pack
                Keil::TM4C_DFP@1.1.0
                Texas Instruments Tiva C Series Device Support and Examples

<h2>Collection of Component include folders:</h2>
  E:/Users/luka/AppData/Local/Arm/Packs/Keil/TM4C_DFP/1.1.0/Device/Include/TM4C123

<h2>Collection of Component Files used:</h2>
Build Time Elapsed:  00:00:01
</pre>
</body>
</html>
